#
# There is insufficient memory for the Java Runtime Environment to continue.
# Native memory allocation (malloc) failed to allocate 1331056 bytes for Chunk::new
# Possible reasons:
#   The system is out of physical RAM or swap space
#   The process is running with CompressedOops enabled, and the Java Heap may be blocking the growth of the native heap
# Possible solutions:
#   Reduce memory load on the system
#   Increase physical memory or swap space
#   Check if swap backing store is full
#   Decrease Java heap size (-Xmx/-Xms)
#   Decrease number of Java threads
#   Decrease Java thread stack sizes (-Xss)
#   Set larger code cache with -XX:ReservedCodeCacheSize=
#   JVM is running with Zero Based Compressed Oops mode in which the Java heap is
#     placed in the first 32GB address space. The Java Heap base address is the
#     maximum limit for the native heap growth. Please use -XX:HeapBaseMinAddress
#     to set the Java Heap base and to place the Java Heap above 32GB virtual address.
# This output file may be truncated or incomplete.
#
#  Out of Memory Error (arena.cpp:189), pid=21696, tid=16976
#
# JRE version: Java(TM) SE Runtime Environment (17.0.12+8) (build 17.0.12+8-LTS-286)
# Java VM: Java HotSpot(TM) 64-Bit Server VM (17.0.12+8-LTS-286, mixed mode, sharing, tiered, compressed oops, compressed class ptrs, g1 gc, windows-amd64)
# No core dump will be written. Minidumps are not enabled by default on client versions of Windows
#

---------------  S U M M A R Y ------------

Command Line: --add-opens=java.base/java.lang=ALL-UNNAMED --add-opens=java.base/java.lang.invoke=ALL-UNNAMED --add-opens=java.base/java.util=ALL-UNNAMED --add-opens=java.prefs/java.util.prefs=ALL-UNNAMED --add-exports=jdk.compiler/com.sun.tools.javac.api=ALL-UNNAMED --add-exports=jdk.compiler/com.sun.tools.javac.util=ALL-UNNAMED --add-opens=java.base/java.util=ALL-UNNAMED --add-opens=java.prefs/java.util.prefs=ALL-UNNAMED --add-opens=java.base/java.nio.charset=ALL-UNNAMED --add-opens=java.base/java.net=ALL-UNNAMED --add-opens=java.base/java.util.concurrent=ALL-UNNAMED --add-opens=java.base/java.util.concurrent.atomic=ALL-UNNAMED --add-opens=java.xml/javax.xml.namespace=ALL-UNNAMED --add-opens=java.base/java.time=ALL-UNNAMED -XX:MaxMetaspaceSize=4G -XX:ReservedCodeCacheSize=512m -XX:+HeapDumpOnOutOfMemoryError -Xmx8G -Dfile.encoding=UTF-8 -Duser.country=IN -Duser.language=en -Duser.variant -javaagent:C:\Users\Inurum_Four\.gradle\wrapper\dists\gradle-9.1.0-all\7wzd0jkjit61aq2p43wpjgij9\gradle-9.1.0\lib\agents\gradle-instrumentation-agent-9.1.0.jar org.gradle.launcher.daemon.bootstrap.GradleDaemon 9.1.0

Host: 12th Gen Intel(R) Core(TM) i3-12100F, 8 cores, 15G,  Windows 11 , 64 bit Build 26100 (10.0.26100.8246)
Time: Mon Aug 24 17:12:02 2026 India Standard Time elapsed time: 60.048178 seconds (0d 0h 1m 0s)

---------------  T H R E A D  ---------------

Current thread (0x0000025bfc94d120):  JavaThread "C2 CompilerThread0" daemon [_thread_in_native, id=16976, stack(0x00000078c4e00000,0x00000078c4f00000)]


Current CompileTask:
C2:  60048 16932   !   4       java.util.jar.JarFile::getManifestFromReference (197 bytes)

Stack: [0x00000078c4e00000,0x00000078c4f00000]
Native frames: (J=compiled Java code, j=interpreted, Vv=VM code, C=native code)
V  [jvm.dll+0x67a04a]
V  [jvm.dll+0x7da4ed]
V  [jvm.dll+0x7dbe33]
V  [jvm.dll+0x7dc4a3]
V  [jvm.dll+0x24508f]
V  [jvm.dll+0xab773]
V  [jvm.dll+0xabd3c]
V  [jvm.dll+0x361b9f]
V  [jvm.dll+0x32c431]
V  [jvm.dll+0x32b8ca]
V  [jvm.dll+0x21683f]
V  [jvm.dll+0x215c6f]
V  [jvm.dll+0x1a2960]
V  [jvm.dll+0x22610b]
V  [jvm.dll+0x2242ab]
V  [jvm.dll+0x79075c]
V  [jvm.dll+0x78abea]
V  [jvm.dll+0x678f35]
C  [ucrtbase.dll+0x37b0]
C  [KERNEL32.DLL+0x2e8d7]
C  [ntdll.dll+0x8c3fc]


---------------  P R O C E S S  ---------------

Threads class SMR info:
_java_thread_list=0x0000025c495f9640, length=146, elements={
0x0000025bef625790, 0x0000025bfc934db0, 0x0000025bfc9363f0, 0x0000025bfc94aab0,
0x0000025bfc94b380, 0x0000025bfc94bc50, 0x0000025bfc94c520, 0x0000025bfc94d120,
0x0000025bfc952cc0, 0x0000025bfc95e9e0, 0x0000025bfc920f00, 0x0000025c421af4f0,
0x0000025c43a2d090, 0x0000025c43c3ec40, 0x0000025c43afd9b0, 0x0000025c43d25330,
0x0000025c43b1d7f0, 0x0000025c43b84f40, 0x0000025c43b82bd0, 0x0000025c43b830e0,
0x0000025c43b83b00, 0x0000025c43b821b0, 0x0000025c43b826c0, 0x0000025c43b84010,
0x0000025c43b84520, 0x0000025c43b84a30, 0x0000025c4417c1e0, 0x0000025c4417d110,
0x0000025c4417c6f0, 0x0000025c4417d620, 0x0000025c4417cc00, 0x0000025c4417b2b0,
0x0000025c4417db30, 0x0000025c4417ea60, 0x0000025c4417b7c0, 0x0000025c4417bcd0,
0x0000025c4417fea0, 0x0000025c44181d00, 0x0000025c4417f990, 0x0000025c44182720,
0x0000025c441808c0, 0x0000025c441817f0, 0x0000025c4417ada0, 0x0000025c44180dd0,
0x0000025c441812e0, 0x0000025c47f63a80, 0x0000025c47f61710, 0x0000025c47f649b0,
0x0000025c47f63570, 0x0000025c47f63f90, 0x0000025c47f653d0, 0x0000025c47f63060,
0x0000025c47f644a0, 0x0000025c47f64ec0, 0x0000025c47f62130, 0x0000025c47f62640,
0x0000025c47f61c20, 0x0000025c47f66300, 0x0000025c47f658e0, 0x0000025c47f62b50,
0x0000025c47f65df0, 0x0000025c47f68670, 0x0000025c47f66810, 0x0000025c47f66d20,
0x0000025c47f68b80, 0x0000025c47f67230, 0x0000025c461d9120, 0x0000025c461d81f0,
0x0000025c461d77d0, 0x0000025c461d8700, 0x0000025c461da050, 0x0000025c461d9b40,
0x0000025c461da560, 0x0000025c461daa70, 0x0000025c461db490, 0x0000025c461d8c10,
0x0000025c461d7ce0, 0x0000025c461dd800, 0x0000025c461de730, 0x0000025c461dc8d0,
0x0000025c461dec40, 0x0000025c461dbeb0, 0x0000025c461db9a0, 0x0000025c461dc3c0,
0x0000025c461de220, 0x0000025c461dcde0, 0x0000025c461dd2f0, 0x0000025c461ddd10,
0x0000025c48175340, 0x0000025c48175850, 0x0000025c48173f00, 0x0000025c481739f0,
0x0000025c48172fd0, 0x0000025c48176780, 0x0000025c48176270, 0x0000025c481734e0,
0x0000025c48174e30, 0x0000025c48174920, 0x0000025c48176c90, 0x0000025c48177bc0,
0x0000025c48179510, 0x0000025c481780d0, 0x0000025c481785e0, 0x0000025c48179000,
0x0000025c48174410, 0x0000025c48179a20, 0x0000025c48179f30, 0x0000025c4817a440,
0x0000025c4817a950, 0x0000025c4417f480, 0x0000025c43b85450, 0x0000025c492deed0,
0x0000025c492df8f0, 0x0000025c492ddfa0, 0x0000025c492e0d30, 0x0000025c492dfe00,
0x0000025c492de4b0, 0x0000025c492de9c0, 0x0000025c492df3e0, 0x0000025c492e0310,
0x0000025c492e0820, 0x0000025c492e1240, 0x0000025c492e1750, 0x0000025c457b4b50,
0x0000025c457b3710, 0x0000025c457b5570, 0x0000025c457b5f90, 0x0000025c457b69b0,
0x0000025c457b8d20, 0x0000025c457b9230, 0x0000025c457b73d0, 0x0000025c457b9740,
0x0000025c457b8300, 0x0000025c457b9c50, 0x0000025c457ba160, 0x0000025c483dcfe0,
0x0000025c483de420, 0x0000025c483db180, 0x0000025c483db690, 0x0000025c483dda00,
0x0000025c483dc0b0, 0x0000025c483ddf10, 0x0000025c483dc5c0, 0x0000025c483dcad0,
0x0000025c4810a890, 0x0000025c483dac70
}

Java Threads: ( => current thread )
  0x0000025bef625790 JavaThread "main" [_thread_blocked, id=4380, stack(0x00000078c4100000,0x00000078c4200000)]
  0x0000025bfc934db0 JavaThread "Reference Handler" daemon [_thread_blocked, id=20616, stack(0x00000078c4800000,0x00000078c4900000)]
  0x0000025bfc9363f0 JavaThread "Finalizer" daemon [_thread_blocked, id=2744, stack(0x00000078c4900000,0x00000078c4a00000)]
  0x0000025bfc94aab0 JavaThread "Signal Dispatcher" daemon [_thread_blocked, id=22088, stack(0x00000078c4a00000,0x00000078c4b00000)]
  0x0000025bfc94b380 JavaThread "Attach Listener" daemon [_thread_blocked, id=13952, stack(0x00000078c4b00000,0x00000078c4c00000)]
  0x0000025bfc94bc50 JavaThread "Service Thread" daemon [_thread_blocked, id=3836, stack(0x00000078c4c00000,0x00000078c4d00000)]
  0x0000025bfc94c520 JavaThread "Monitor Deflation Thread" daemon [_thread_blocked, id=17740, stack(0x00000078c4d00000,0x00000078c4e00000)]
=>0x0000025bfc94d120 JavaThread "C2 CompilerThread0" daemon [_thread_in_native, id=16976, stack(0x00000078c4e00000,0x00000078c4f00000)]
  0x0000025bfc952cc0 JavaThread "C1 CompilerThread0" daemon [_thread_blocked, id=12116, stack(0x00000078c4f00000,0x00000078c5000000)]
  0x0000025bfc95e9e0 JavaThread "Sweeper thread" daemon [_thread_blocked, id=4932, stack(0x00000078c5000000,0x00000078c5100000)]
  0x0000025bfc920f00 JavaThread "Common-Cleaner" daemon [_thread_blocked, id=972, stack(0x00000078c5100000,0x00000078c5200000)]
  0x0000025c421af4f0 JavaThread "Notification Thread" daemon [_thread_blocked, id=2532, stack(0x00000078c5200000,0x00000078c5300000)]
  0x0000025c43a2d090 JavaThread "Daemon health stats" [_thread_blocked, id=10616, stack(0x00000078c5900000,0x00000078c5a00000)]
  0x0000025c43c3ec40 JavaThread "Incoming local TCP Connector on port 59023" [_thread_in_native, id=7680, stack(0x00000078c5a00000,0x00000078c5b00000)]
  0x0000025c43afd9b0 JavaThread "Daemon periodic checks" [_thread_blocked, id=6572, stack(0x00000078c5b00000,0x00000078c5c00000)]
  0x0000025c43d25330 JavaThread "Daemon" [_thread_blocked, id=19196, stack(0x00000078c5e00000,0x00000078c5f00000)]
  0x0000025c43b1d7f0 JavaThread "Handler for socket connection from /127.0.0.1:59023 to /127.0.0.1:59024" [_thread_in_native, id=23084, stack(0x00000078c5f00000,0x00000078c6000000)]
  0x0000025c43b84f40 JavaThread "Cancel handler" [_thread_blocked, id=21704, stack(0x00000078c6000000,0x00000078c6100000)]
  0x0000025c43b82bd0 JavaThread "Daemon worker" [_thread_in_vm, id=17844, stack(0x00000078c6100000,0x00000078c6200000)]
  0x0000025c43b830e0 JavaThread "Asynchronous log dispatcher for DefaultDaemonConnection: socket connection from /127.0.0.1:59023 to /127.0.0.1:59024" [_thread_blocked, id=21676, stack(0x00000078c6200000,0x00000078c6300000)]
  0x0000025c43b83b00 JavaThread "Stdin handler" [_thread_blocked, id=5148, stack(0x00000078c6300000,0x00000078c6400000)]
  0x0000025c43b821b0 JavaThread "Daemon client event forwarder" [_thread_blocked, id=21324, stack(0x00000078c6400000,0x00000078c6500000)]
  0x0000025c43b826c0 JavaThread "Cache worker for journal cache (C:\Users\Inurum_Four\.gradle\caches\journal-1)" [_thread_blocked, id=1968, stack(0x00000078c6500000,0x00000078c6600000)]
  0x0000025c43b84010 JavaThread "File lock request listener" [_thread_in_native, id=22876, stack(0x00000078c6600000,0x00000078c6700000)]
  0x0000025c43b84520 JavaThread "File lock release action executor" [_thread_blocked, id=15276, stack(0x00000078c6700000,0x00000078c6800000)]
  0x0000025c43b84a30 JavaThread "Cache worker for file hash cache (C:\Users\Inurum_Four\.gradle\caches\9.1.0\fileHashes)" [_thread_blocked, id=22172, stack(0x00000078c6800000,0x00000078c6900000)]
  0x0000025c4417c1e0 JavaThread "Cache worker for file hash cache (D:\InurumFlutter\mg\driver and customer\mahilasaarthi\driver\temp_mig_app\android\.gradle\9.1.0\fileHashes)" [_thread_blocked, id=21372, stack(0x00000078c6900000,0x00000078c6a00000)]
  0x0000025c4417d110 JavaThread "Cache worker for Build Output Cleanup Cache (D:\InurumFlutter\mg\driver and customer\mahilasaarthi\driver\temp_mig_app\android\.gradle\buildOutputCleanup)" [_thread_blocked, id=19088, stack(0x00000078c6b00000,0x00000078c6c00000)]
  0x0000025c4417c6f0 JavaThread "File watcher server" daemon [_thread_in_native, id=14924, stack(0x00000078c6d00000,0x00000078c6e00000)]
  0x0000025c4417d620 JavaThread "File watcher consumer" daemon [_thread_blocked, id=22548, stack(0x00000078c6e00000,0x00000078c6f00000)]
  0x0000025c4417cc00 JavaThread "jar transforms" [_thread_blocked, id=18524, stack(0x00000078c6f00000,0x00000078c7000000)]
  0x0000025c4417b2b0 JavaThread "jar transforms Thread 2" [_thread_blocked, id=14568, stack(0x00000078c7000000,0x00000078c7100000)]
  0x0000025c4417db30 JavaThread "jar transforms Thread 3" [_thread_blocked, id=14468, stack(0x00000078c7100000,0x00000078c7200000)]
  0x0000025c4417ea60 JavaThread "Cache worker for checksums cache (D:\InurumFlutter\mg\driver and customer\mahilasaarthi\driver\temp_mig_app\android\.gradle\9.1.0\checksums)" [_thread_blocked, id=7004, stack(0x00000078c6c00000,0x00000078c6d00000)]
  0x0000025c4417b7c0 JavaThread "Cache worker for file content cache (C:\Users\Inurum_Four\.gradle\caches\9.1.0\fileContent)" [_thread_blocked, id=16884, stack(0x00000078c7200000,0x00000078c7300000)]
  0x0000025c4417bcd0 JavaThread "Cache worker for cache directory md-supplier (C:\Users\Inurum_Four\.gradle\caches\9.1.0\md-supplier)" [_thread_blocked, id=4552, stack(0x00000078c7500000,0x00000078c7600000)]
  0x0000025c4417fea0 JavaThread "Cache worker for cache directory md-rule (C:\Users\Inurum_Four\.gradle\caches\9.1.0\md-rule)" [_thread_blocked, id=21292, stack(0x00000078c7600000,0x00000078c7700000)]
  0x0000025c44181d00 JavaThread "jar transforms Thread 4" [_thread_blocked, id=16832, stack(0x00000078c7700000,0x00000078c7800000)]
  0x0000025c4417f990 JavaThread "jar transforms Thread 5" [_thread_blocked, id=3268, stack(0x00000078c7800000,0x00000078c7900000)]
  0x0000025c44182720 JavaThread "jar transforms Thread 6" [_thread_blocked, id=15428, stack(0x00000078c7900000,0x00000078c7a00000)]
  0x0000025c441808c0 JavaThread "jar transforms Thread 7" [_thread_blocked, id=22148, stack(0x00000078c7a00000,0x00000078c7b00000)]
  0x0000025c441817f0 JavaThread "jar transforms Thread 8" [_thread_blocked, id=3416, stack(0x00000078c7400000,0x00000078c7500000)]
  0x0000025c4417ada0 JavaThread "Cache worker for Build Output Cleanup Cache (C:\src\flutter\packages\flutter_tools\gradle\.gradle\buildOutputCleanup)" [_thread_blocked, id=21316, stack(0x00000078c7d00000,0x00000078c7e00000)]
  0x0000025c44180dd0 JavaThread "Unconstrained build operations" [_thread_blocked, id=20352, stack(0x00000078c7e00000,0x00000078c7f00000)]
  0x0000025c441812e0 JavaThread "Unconstrained build operations Thread 2" [_thread_blocked, id=14432, stack(0x00000078c7f00000,0x00000078c8000000)]
  0x0000025c47f63a80 JavaThread "Unconstrained build operations Thread 3" [_thread_blocked, id=18452, stack(0x00000078c8000000,0x00000078c8100000)]
  0x0000025c47f61710 JavaThread "Unconstrained build operations Thread 4" [_thread_blocked, id=12272, stack(0x00000078c8100000,0x00000078c8200000)]
  0x0000025c47f649b0 JavaThread "Unconstrained build operations Thread 5" [_thread_blocked, id=4412, stack(0x00000078c8200000,0x00000078c8300000)]
  0x0000025c47f63570 JavaThread "Unconstrained build operations Thread 6" [_thread_blocked, id=7488, stack(0x00000078c8300000,0x00000078c8400000)]
  0x0000025c47f63f90 JavaThread "Unconstrained build operations Thread 7" [_thread_blocked, id=16972, stack(0x00000078c8400000,0x00000078c8500000)]
  0x0000025c47f653d0 JavaThread "Unconstrained build operations Thread 8" [_thread_blocked, id=8408, stack(0x00000078c8500000,0x00000078c8600000)]
  0x0000025c47f63060 JavaThread "Unconstrained build operations Thread 9" [_thread_blocked, id=17776, stack(0x00000078c8600000,0x00000078c8700000)]
  0x0000025c47f644a0 JavaThread "Unconstrained build operations Thread 10" [_thread_blocked, id=14680, stack(0x00000078c8700000,0x00000078c8800000)]
  0x0000025c47f64ec0 JavaThread "Unconstrained build operations Thread 11" [_thread_blocked, id=16964, stack(0x00000078c8800000,0x00000078c8900000)]
  0x0000025c47f62130 JavaThread "Unconstrained build operations Thread 12" [_thread_blocked, id=19836, stack(0x00000078c8900000,0x00000078c8a00000)]
  0x0000025c47f62640 JavaThread "Unconstrained build operations Thread 13" [_thread_blocked, id=20156, stack(0x00000078c8a00000,0x00000078c8b00000)]
  0x0000025c47f61c20 JavaThread "Unconstrained build operations Thread 14" [_thread_blocked, id=2168, stack(0x00000078c8b00000,0x00000078c8c00000)]
  0x0000025c47f66300 JavaThread "Unconstrained build operations Thread 15" [_thread_blocked, id=4432, stack(0x00000078c8c00000,0x00000078c8d00000)]
  0x0000025c47f658e0 JavaThread "Unconstrained build operations Thread 16" [_thread_blocked, id=21024, stack(0x00000078c8d00000,0x00000078c8e00000)]
  0x0000025c47f62b50 JavaThread "Unconstrained build operations Thread 17" [_thread_blocked, id=2280, stack(0x00000078c8e00000,0x00000078c8f00000)]
  0x0000025c47f65df0 JavaThread "Unconstrained build operations Thread 18" [_thread_blocked, id=16804, stack(0x00000078c8f00000,0x00000078c9000000)]
  0x0000025c47f68670 JavaThread "Unconstrained build operations Thread 19" [_thread_blocked, id=21776, stack(0x00000078c9000000,0x00000078c9100000)]
  0x0000025c47f66810 JavaThread "Unconstrained build operations Thread 20" [_thread_blocked, id=16684, stack(0x00000078c9100000,0x00000078c9200000)]
  0x0000025c47f66d20 JavaThread "Unconstrained build operations Thread 21" [_thread_blocked, id=16784, stack(0x00000078c9200000,0x00000078c9300000)]
  0x0000025c47f68b80 JavaThread "Memory manager" [_thread_blocked, id=13728, stack(0x00000078c9300000,0x00000078c9400000)]
  0x0000025c47f67230 JavaThread "build event listener" [_thread_blocked, id=3976, stack(0x00000078c7c00000,0x00000078c7d00000)]
  0x0000025c461d9120 JavaThread "included builds" [_thread_blocked, id=14960, stack(0x00000078c7b00000,0x00000078c7c00000)]
  0x0000025c461d81f0 JavaThread "Execution worker" [_thread_blocked, id=4132, stack(0x00000078c9400000,0x00000078c9500000)]
  0x0000025c461d77d0 JavaThread "Execution worker Thread 2" [_thread_blocked, id=22216, stack(0x00000078c9500000,0x00000078c9600000)]
  0x0000025c461d8700 JavaThread "Execution worker Thread 3" [_thread_blocked, id=22036, stack(0x00000078c9600000,0x00000078c9700000)]
  0x0000025c461da050 JavaThread "Execution worker Thread 4" [_thread_blocked, id=12676, stack(0x00000078c9700000,0x00000078c9800000)]
  0x0000025c461d9b40 JavaThread "Execution worker Thread 5" [_thread_blocked, id=8920, stack(0x00000078c9800000,0x00000078c9900000)]
  0x0000025c461da560 JavaThread "Execution worker Thread 6" [_thread_blocked, id=11160, stack(0x00000078c9900000,0x00000078c9a00000)]
  0x0000025c461daa70 JavaThread "Execution worker Thread 7" [_thread_blocked, id=8924, stack(0x00000078c9a00000,0x00000078c9b00000)]
  0x0000025c461db490 JavaThread "Cache worker for execution history cache (C:\src\flutter\packages\flutter_tools\gradle\.gradle\9.1.0\executionHistory)" [_thread_blocked, id=7220, stack(0x00000078c9b00000,0x00000078c9c00000)]
  0x0000025c461d8c10 JavaThread "Unconstrained build operations Thread 22" [_thread_blocked, id=19500, stack(0x00000078c9c00000,0x00000078c9d00000)]
  0x0000025c461d7ce0 JavaThread "Unconstrained build operations Thread 23" [_thread_blocked, id=16696, stack(0x00000078c9d00000,0x00000078c9e00000)]
  0x0000025c461dd800 JavaThread "Unconstrained build operations Thread 24" [_thread_blocked, id=17004, stack(0x00000078c9e00000,0x00000078c9f00000)]
  0x0000025c461de730 JavaThread "Unconstrained build operations Thread 25" [_thread_blocked, id=4368, stack(0x00000078c9f00000,0x00000078ca000000)]
  0x0000025c461dc8d0 JavaThread "Unconstrained build operations Thread 26" [_thread_blocked, id=16968, stack(0x00000078ca000000,0x00000078ca100000)]
  0x0000025c461dec40 JavaThread "Unconstrained build operations Thread 27" [_thread_blocked, id=17296, stack(0x00000078ca100000,0x00000078ca200000)]
  0x0000025c461dbeb0 JavaThread "Unconstrained build operations Thread 28" [_thread_blocked, id=17640, stack(0x00000078ca200000,0x00000078ca300000)]
  0x0000025c461db9a0 JavaThread "Unconstrained build operations Thread 29" [_thread_blocked, id=16904, stack(0x00000078ca300000,0x00000078ca400000)]
  0x0000025c461dc3c0 JavaThread "Unconstrained build operations Thread 30" [_thread_blocked, id=19716, stack(0x00000078ca400000,0x00000078ca500000)]
  0x0000025c461de220 JavaThread "Unconstrained build operations Thread 31" [_thread_blocked, id=7372, stack(0x00000078ca500000,0x00000078ca600000)]
  0x0000025c461dcde0 JavaThread "Unconstrained build operations Thread 32" [_thread_blocked, id=18380, stack(0x00000078ca600000,0x00000078ca700000)]
  0x0000025c461dd2f0 JavaThread "Unconstrained build operations Thread 33" [_thread_blocked, id=17480, stack(0x00000078ca700000,0x00000078ca800000)]
  0x0000025c461ddd10 JavaThread "Unconstrained build operations Thread 34" [_thread_blocked, id=20620, stack(0x00000078ca800000,0x00000078ca900000)]
  0x0000025c48175340 JavaThread "Unconstrained build operations Thread 35" [_thread_blocked, id=8332, stack(0x00000078ca900000,0x00000078caa00000)]
  0x0000025c48175850 JavaThread "Unconstrained build operations Thread 36" [_thread_blocked, id=20276, stack(0x00000078cab00000,0x00000078cac00000)]
  0x0000025c48173f00 JavaThread "Unconstrained build operations Thread 37" [_thread_blocked, id=3992, stack(0x00000078cac00000,0x00000078cad00000)]
  0x0000025c481739f0 JavaThread "Unconstrained build operations Thread 38" [_thread_blocked, id=11860, stack(0x00000078cad00000,0x00000078cae00000)]
  0x0000025c48172fd0 JavaThread "Unconstrained build operations Thread 39" [_thread_blocked, id=16864, stack(0x00000078cae00000,0x00000078caf00000)]
  0x0000025c48176780 JavaThread "Unconstrained build operations Thread 40" [_thread_blocked, id=7136, stack(0x00000078caf00000,0x00000078cb000000)]
  0x0000025c48176270 JavaThread "Unconstrained build operations Thread 41" [_thread_blocked, id=16728, stack(0x00000078cb000000,0x00000078cb100000)]
  0x0000025c481734e0 JavaThread "Unconstrained build operations Thread 42" [_thread_blocked, id=16724, stack(0x00000078cb100000,0x00000078cb200000)]
  0x0000025c48174e30 JavaThread "Unconstrained build operations Thread 43" [_thread_blocked, id=22756, stack(0x00000078cb200000,0x00000078cb300000)]
  0x0000025c48174920 JavaThread "Unconstrained build operations Thread 44" [_thread_blocked, id=21656, stack(0x00000078cb300000,0x00000078cb400000)]
  0x0000025c48176c90 JavaThread "WorkerExecutor Queue" [_thread_blocked, id=3736, stack(0x00000078cb400000,0x00000078cb500000)]
  0x0000025c48177bc0 JavaThread "RMI Scheduler(0)" daemon [_thread_blocked, id=4804, stack(0x00000078cb500000,0x00000078cb600000)]
  0x0000025c48179510 JavaThread "RMI GC Daemon" daemon [_thread_blocked, id=13152, stack(0x00000078cb700000,0x00000078cb800000)]
  0x0000025c481780d0 JavaThread "RMI TCP Accept-0" daemon [_thread_in_native, id=3960, stack(0x00000078cb800000,0x00000078cb900000)]
  0x0000025c481785e0 JavaThread "RMI Reaper" [_thread_blocked, id=4228, stack(0x00000078cb900000,0x00000078cba00000)]
  0x0000025c48179000 JavaThread "RMI TCP Connection(idle)" daemon [_thread_blocked, id=20704, stack(0x00000078cba00000,0x00000078cbb00000)]
  0x0000025c48174410 JavaThread "Unconstrained build operations Thread 45" [_thread_blocked, id=8128, stack(0x00000078cb600000,0x00000078cb700000)]
  0x0000025c48179a20 JavaThread "Unconstrained build operations Thread 46" [_thread_blocked, id=8092, stack(0x00000078cbc00000,0x00000078cbd00000)]
  0x0000025c48179f30 JavaThread "Unconstrained build operations Thread 47" [_thread_blocked, id=12416, stack(0x00000078cbd00000,0x00000078cbe00000)]
  0x0000025c4817a440 JavaThread "Unconstrained build operations Thread 48" [_thread_blocked, id=3060, stack(0x00000078cbe00000,0x00000078cbf00000)]
  0x0000025c4817a950 JavaThread "Unconstrained build operations Thread 49" [_thread_blocked, id=18608, stack(0x00000078cbf00000,0x00000078cc000000)]
  0x0000025c4417f480 JavaThread "Unconstrained build operations Thread 50" [_thread_blocked, id=21328, stack(0x00000078cc000000,0x00000078cc100000)]
  0x0000025c43b85450 JavaThread "Unconstrained build operations Thread 51" [_thread_blocked, id=22904, stack(0x00000078cc100000,0x00000078cc200000)]
  0x0000025c492deed0 JavaThread "Unconstrained build operations Thread 52" [_thread_blocked, id=21944, stack(0x00000078cc300000,0x00000078cc400000)]
  0x0000025c492df8f0 JavaThread "Unconstrained build operations Thread 53" [_thread_blocked, id=7316, stack(0x00000078cc400000,0x00000078cc500000)]
  0x0000025c492ddfa0 JavaThread "Unconstrained build operations Thread 54" [_thread_blocked, id=1052, stack(0x00000078cc500000,0x00000078cc600000)]
  0x0000025c492e0d30 JavaThread "Unconstrained build operations Thread 55" [_thread_blocked, id=14884, stack(0x00000078cc600000,0x00000078cc700000)]
  0x0000025c492dfe00 JavaThread "Unconstrained build operations Thread 56" [_thread_blocked, id=10092, stack(0x00000078cc700000,0x00000078cc800000)]
  0x0000025c492de4b0 JavaThread "Unconstrained build operations Thread 57" [_thread_blocked, id=4904, stack(0x00000078cc800000,0x00000078cc900000)]
  0x0000025c492de9c0 JavaThread "Unconstrained build operations Thread 58" [_thread_blocked, id=23052, stack(0x00000078cc900000,0x00000078cca00000)]
  0x0000025c492df3e0 JavaThread "Unconstrained build operations Thread 59" [_thread_blocked, id=13080, stack(0x00000078cca00000,0x00000078ccb00000)]
  0x0000025c492e0310 JavaThread "Unconstrained build operations Thread 60" [_thread_blocked, id=820, stack(0x00000078ccb00000,0x00000078ccc00000)]
  0x0000025c492e0820 JavaThread "Unconstrained build operations Thread 61" [_thread_blocked, id=1768, stack(0x00000078ccc00000,0x00000078ccd00000)]
  0x0000025c492e1240 JavaThread "Unconstrained build operations Thread 62" [_thread_blocked, id=1888, stack(0x00000078ccd00000,0x00000078cce00000)]
  0x0000025c492e1750 JavaThread "Unconstrained build operations Thread 63" [_thread_blocked, id=20116, stack(0x00000078cce00000,0x00000078ccf00000)]
  0x0000025c457b4b50 JavaThread "Unconstrained build operations Thread 64" [_thread_blocked, id=9484, stack(0x00000078ccf00000,0x00000078cd000000)]
  0x0000025c457b3710 JavaThread "Unconstrained build operations Thread 65" [_thread_blocked, id=14160, stack(0x00000078cd000000,0x00000078cd100000)]
  0x0000025c457b5570 JavaThread "Kotlin DSL Writer" [_thread_blocked, id=20224, stack(0x00000078cd100000,0x00000078cd200000)]
  0x0000025c457b5f90 JavaThread "build event listener" [_thread_blocked, id=2020, stack(0x00000078cd500000,0x00000078cd600000)]
  0x0000025c457b69b0 JavaThread "build event listener" [_thread_blocked, id=18736, stack(0x00000078cd600000,0x00000078cd700000)]
  0x0000025c457b8d20 JavaThread "Problems report writer" [_thread_blocked, id=22856, stack(0x00000078cd400000,0x00000078cd500000)]
  0x0000025c457b9230 JavaThread "Unconstrained build operations Thread 66" [_thread_blocked, id=7476, stack(0x00000078cd700000,0x00000078cd800000)]
  0x0000025c457b73d0 JavaThread "Unconstrained build operations Thread 67" [_thread_blocked, id=5716, stack(0x00000078cd800000,0x00000078cd900000)]
  0x0000025c457b9740 JavaThread "Unconstrained build operations Thread 68" [_thread_blocked, id=23032, stack(0x00000078cd900000,0x00000078cda00000)]
  0x0000025c457b8300 JavaThread "Unconstrained build operations Thread 69" [_thread_blocked, id=16576, stack(0x00000078cda00000,0x00000078cdb00000)]
  0x0000025c457b9c50 JavaThread "Unconstrained build operations Thread 70" [_thread_blocked, id=2648, stack(0x00000078cdb00000,0x00000078cdc00000)]
  0x0000025c457ba160 JavaThread "Unconstrained build operations Thread 71" [_thread_blocked, id=10404, stack(0x00000078cdc00000,0x00000078cdd00000)]
  0x0000025c483dcfe0 JavaThread "Unconstrained build operations Thread 72" [_thread_blocked, id=14696, stack(0x00000078cdd00000,0x00000078cde00000)]
  0x0000025c483de420 JavaThread "Unconstrained build operations Thread 73" [_thread_blocked, id=15296, stack(0x00000078cde00000,0x00000078cdf00000)]
  0x0000025c483db180 JavaThread "Unconstrained build operations Thread 74" [_thread_blocked, id=20304, stack(0x00000078cdf00000,0x00000078ce000000)]
  0x0000025c483db690 JavaThread "Unconstrained build operations Thread 75" [_thread_blocked, id=12936, stack(0x00000078ce000000,0x00000078ce100000)]
  0x0000025c483dda00 JavaThread "Unconstrained build operations Thread 76" [_thread_blocked, id=1848, stack(0x00000078ce100000,0x00000078ce200000)]
  0x0000025c483dc0b0 JavaThread "Unconstrained build operations Thread 77" [_thread_blocked, id=19032, stack(0x00000078ce200000,0x00000078ce300000)]
  0x0000025c483ddf10 JavaThread "Unconstrained build operations Thread 78" [_thread_blocked, id=21688, stack(0x00000078ce300000,0x00000078ce400000)]
  0x0000025c483dc5c0 JavaThread "Unconstrained build operations Thread 79" [_thread_blocked, id=7388, stack(0x00000078ce400000,0x00000078ce500000)]
  0x0000025c483dcad0 JavaThread "Unconstrained build operations Thread 80" [_thread_blocked, id=8340, stack(0x00000078ce500000,0x00000078ce600000)]
  0x0000025c4810a890 JavaThread "C2 CompilerThread1" daemon [_thread_blocked, id=14780, stack(0x00000078cc200000,0x00000078cc300000)]
  0x0000025c483dac70 JavaThread "Cache worker for execution history cache (D:\InurumFlutter\mg\driver and customer\mahilasaarthi\driver\temp_mig_app\android\.gradle\9.1.0\executionHistory)" [_thread_blocked, id=20236, stack(0x00000078ce700000,0x00000078ce800000)]

Other Threads:
  0x0000025bfc92c030 VMThread "VM Thread" [stack: 0x00000078c4700000,0x00000078c4800000] [id=12028]
  0x0000025bef626260 WatcherThread [stack: 0x00000078c5300000,0x00000078c5400000] [id=20768]
  0x0000025bef6d3300 GCTaskThread "GC Thread#0" [stack: 0x00000078c4200000,0x00000078c4300000] [id=2688]
  0x0000025c422f8ec0 GCTaskThread "GC Thread#1" [stack: 0x00000078c5400000,0x00000078c5500000] [id=18296]
  0x0000025c422f9180 GCTaskThread "GC Thread#2" [stack: 0x00000078c5500000,0x00000078c5600000] [id=19764]
  0x0000025c422f9440 GCTaskThread "GC Thread#3" [stack: 0x00000078c5600000,0x00000078c5700000] [id=8900]
  0x0000025c422dc4d0 GCTaskThread "GC Thread#4" [stack: 0x00000078c5700000,0x00000078c5800000] [id=10372]
  0x0000025c422dc790 GCTaskThread "GC Thread#5" [stack: 0x00000078c5800000,0x00000078c5900000] [id=18292]
  0x0000025c42df3b40 GCTaskThread "GC Thread#6" [stack: 0x00000078c5c00000,0x00000078c5d00000] [id=11564]
  0x0000025c43cacb70 GCTaskThread "GC Thread#7" [stack: 0x00000078c5d00000,0x00000078c5e00000] [id=6328]
  0x0000025bef6e4000 ConcurrentGCThread "G1 Main Marker" [stack: 0x00000078c4300000,0x00000078c4400000] [id=23040]
  0x0000025bef6e47c0 ConcurrentGCThread "G1 Conc#0" [stack: 0x00000078c4400000,0x00000078c4500000] [id=22360]
  0x0000025c42f2b330 ConcurrentGCThread "G1 Conc#1" [stack: 0x00000078c6a00000,0x00000078c6b00000] [id=11084]
  0x0000025bfc7e2f50 ConcurrentGCThread "G1 Refine#0" [stack: 0x00000078c4500000,0x00000078c4600000] [id=13840]
  0x0000025c45344ad0 ConcurrentGCThread "G1 Refine#1" [stack: 0x00000078c7300000,0x00000078c7400000] [id=19076]
  0x0000025c4557ff60 ConcurrentGCThread "G1 Refine#2" [stack: 0x00000078cd200000,0x00000078cd300000] [id=20308]
  0x0000025c45580e10 ConcurrentGCThread "G1 Refine#3" [stack: 0x00000078cd300000,0x00000078cd400000] [id=14728]
  0x0000025bfc7e3730 ConcurrentGCThread "G1 Service" [stack: 0x00000078c4600000,0x00000078c4700000] [id=22908]

Threads with active compile tasks:
C2 CompilerThread0    60077 16932   !   4       java.util.jar.JarFile::getManifestFromReference (197 bytes)

VM state: not at safepoint (normal execution)

VM Mutex/Monitor currently owned by a thread: None

Heap address: 0x0000000600000000, size: 8192 MB, Compressed Oops mode: Zero based, Oop shift amount: 3

CDS archive(s) mapped at: [0x0000025bfd000000-0x0000025bfdbd0000-0x0000025bfdbd0000), size 12386304, SharedBaseAddress: 0x0000025bfd000000, ArchiveRelocationMode: 1.
Compressed class space mapped at: 0x0000025bfe000000-0x0000025c3e000000, reserved size: 1073741824
Narrow klass base: 0x0000025bfd000000, Narrow klass shift: 0, Narrow klass range: 0x100000000

GC Precious Log:
 CPUs: 8 total, 8 available
 Memory: 16197M
 Large Page Support: Disabled
 NUMA Support: Disabled
 Compressed Oops: Enabled (Zero based)
 Heap Region Size: 4M
 Heap Min Capacity: 8M
 Heap Initial Capacity: 256M
 Heap Max Capacity: 8G
 Pre-touch: Disabled
 Parallel Workers: 8
 Concurrent Workers: 2
 Concurrent Refinement Workers: 8
 Periodic GC: Disabled

Heap:
 garbage-first heap   total 278528K, used 228366K [0x0000000600000000, 0x0000000800000000)
  region size 4096K, 11 young (45056K), 1 survivors (4096K)
 Metaspace       used 119383K, committed 120704K, reserved 1179648K
  class space    used 16951K, committed 17600K, reserved 1048576K

Heap Regions: E=young(eden), S=young(survivor), O=old, HS=humongous(starts), HC=humongous(continues), CS=collection set, F=free, OA=open archive, CA=closed archive, TAMS=top-at-mark-start (previous, next)
|   0|0x0000000600000000, 0x0000000600400000, 0x0000000600400000|100%|HS|  |TAMS 0x0000000600400000, 0x0000000600000000| Complete 
|   1|0x0000000600400000, 0x0000000600800000, 0x0000000600800000|100%| O|  |TAMS 0x0000000600800000, 0x0000000600400000| Untracked 
|   2|0x0000000600800000, 0x0000000600c00000, 0x0000000600c00000|100%| O|  |TAMS 0x0000000600c00000, 0x0000000600800000| Untracked 
|   3|0x0000000600c00000, 0x0000000601000000, 0x0000000601000000|100%| O|  |TAMS 0x0000000601000000, 0x0000000600c00000| Untracked 
|   4|0x0000000601000000, 0x0000000601400000, 0x0000000601400000|100%| O|  |TAMS 0x0000000601400000, 0x0000000601000000| Untracked 
|   5|0x0000000601400000, 0x0000000601800000, 0x0000000601800000|100%| O|  |TAMS 0x0000000601800000, 0x0000000601400000| Untracked 
|   6|0x0000000601800000, 0x0000000601c00000, 0x0000000601c00000|100%| O|  |TAMS 0x0000000601c00000, 0x0000000601800000| Untracked 
|   7|0x0000000601c00000, 0x0000000602000000, 0x0000000602000000|100%| O|  |TAMS 0x0000000602000000, 0x0000000601c00000| Untracked 
|   8|0x0000000602000000, 0x0000000602400000, 0x0000000602400000|100%| O|  |TAMS 0x0000000602400000, 0x0000000602000000| Untracked 
|   9|0x0000000602400000, 0x0000000602800000, 0x0000000602800000|100%| O|  |TAMS 0x0000000602800000, 0x0000000602400000| Untracked 
|  10|0x0000000602800000, 0x0000000602c00000, 0x0000000602c00000|100%| O|  |TAMS 0x0000000602c00000, 0x0000000602800000| Untracked 
|  11|0x0000000602c00000, 0x0000000603000000, 0x0000000603000000|100%| O|  |TAMS 0x0000000603000000, 0x0000000602c00000| Untracked 
|  12|0x0000000603000000, 0x0000000603400000, 0x0000000603400000|100%| O|  |TAMS 0x0000000603400000, 0x0000000603000000| Untracked 
|  13|0x0000000603400000, 0x0000000603800000, 0x0000000603800000|100%| O|  |TAMS 0x0000000603800000, 0x0000000603400000| Untracked 
|  14|0x0000000603800000, 0x0000000603c00000, 0x0000000603c00000|100%| O|  |TAMS 0x0000000603c00000, 0x0000000603800000| Untracked 
|  15|0x0000000603c00000, 0x0000000604000000, 0x0000000604000000|100%| O|  |TAMS 0x0000000604000000, 0x0000000603c00000| Untracked 
|  16|0x0000000604000000, 0x0000000604400000, 0x0000000604400000|100%| O|  |TAMS 0x0000000604400000, 0x0000000604000000| Untracked 
|  17|0x0000000604400000, 0x0000000604800000, 0x0000000604800000|100%| O|  |TAMS 0x0000000604400000, 0x0000000604400000| Untracked 
|  18|0x0000000604800000, 0x0000000604c00000, 0x0000000604c00000|100%| O|  |TAMS 0x0000000604c00000, 0x0000000604800000| Untracked 
|  19|0x0000000604c00000, 0x0000000605000000, 0x0000000605000000|100%| O|  |TAMS 0x0000000605000000, 0x0000000604c00000| Untracked 
|  20|0x0000000605000000, 0x0000000605400000, 0x0000000605400000|100%| O|  |TAMS 0x0000000605400000, 0x0000000605000000| Untracked 
|  21|0x0000000605400000, 0x0000000605800000, 0x0000000605800000|100%| O|  |TAMS 0x0000000605800000, 0x0000000605400000| Untracked 
|  22|0x0000000605800000, 0x0000000605c00000, 0x0000000605c00000|100%| O|  |TAMS 0x0000000605c00000, 0x0000000605800000| Untracked 
|  23|0x0000000605c00000, 0x0000000606000000, 0x0000000606000000|100%| O|  |TAMS 0x0000000606000000, 0x0000000605c00000| Untracked 
|  24|0x0000000606000000, 0x0000000606400000, 0x0000000606400000|100%| O|  |TAMS 0x0000000606400000, 0x0000000606000000| Untracked 
|  25|0x0000000606400000, 0x0000000606800000, 0x0000000606800000|100%| O|  |TAMS 0x0000000606800000, 0x0000000606400000| Untracked 
|  26|0x0000000606800000, 0x0000000606c00000, 0x0000000606c00000|100%| O|  |TAMS 0x0000000606800000, 0x0000000606800000| Untracked 
|  27|0x0000000606c00000, 0x0000000607000000, 0x0000000607000000|100%| O|  |TAMS 0x0000000606c00000, 0x0000000606c00000| Untracked 
|  28|0x0000000607000000, 0x0000000607400000, 0x0000000607400000|100%| O|  |TAMS 0x0000000607000000, 0x0000000607000000| Untracked 
|  29|0x0000000607400000, 0x0000000607800000, 0x0000000607800000|100%| O|  |TAMS 0x0000000607400000, 0x0000000607400000| Untracked 
|  30|0x0000000607800000, 0x0000000607c00000, 0x0000000607c00000|100%| O|  |TAMS 0x0000000607800000, 0x0000000607800000| Untracked 
|  31|0x0000000607c00000, 0x0000000608000000, 0x0000000608000000|100%| O|  |TAMS 0x0000000607c00000, 0x0000000607c00000| Untracked 
|  32|0x0000000608000000, 0x0000000608400000, 0x0000000608400000|100%| O|  |TAMS 0x0000000608000000, 0x0000000608000000| Untracked 
|  33|0x0000000608400000, 0x0000000608800000, 0x0000000608800000|100%| O|  |TAMS 0x0000000608400000, 0x0000000608400000| Untracked 
|  34|0x0000000608800000, 0x0000000608c00000, 0x0000000608c00000|100%| O|  |TAMS 0x0000000608800000, 0x0000000608800000| Untracked 
|  35|0x0000000608c00000, 0x0000000609000000, 0x0000000609000000|100%| O|  |TAMS 0x0000000608c00000, 0x0000000608c00000| Untracked 
|  36|0x0000000609000000, 0x0000000609400000, 0x0000000609400000|100%| O|  |TAMS 0x0000000609000000, 0x0000000609000000| Untracked 
|  37|0x0000000609400000, 0x0000000609800000, 0x0000000609800000|100%| O|  |TAMS 0x0000000609400000, 0x0000000609400000| Untracked 
|  38|0x0000000609800000, 0x0000000609c00000, 0x0000000609c00000|100%| O|  |TAMS 0x0000000609800000, 0x0000000609800000| Untracked 
|  39|0x0000000609c00000, 0x000000060a000000, 0x000000060a000000|100%| O|  |TAMS 0x0000000609c00000, 0x0000000609c00000| Untracked 
|  40|0x000000060a000000, 0x000000060a400000, 0x000000060a400000|100%| O|  |TAMS 0x000000060a000000, 0x000000060a000000| Untracked 
|  41|0x000000060a400000, 0x000000060a800000, 0x000000060a800000|100%| O|  |TAMS 0x000000060a400000, 0x000000060a400000| Untracked 
|  42|0x000000060a800000, 0x000000060ac00000, 0x000000060ac00000|100%| O|  |TAMS 0x000000060a800000, 0x000000060a800000| Untracked 
|  43|0x000000060ac00000, 0x000000060b000000, 0x000000060b000000|100%| O|  |TAMS 0x000000060ac00000, 0x000000060ac00000| Untracked 
|  44|0x000000060b000000, 0x000000060b400000, 0x000000060b400000|100%| O|  |TAMS 0x000000060b000000, 0x000000060b000000| Untracked 
|  45|0x000000060b400000, 0x000000060b7c9000, 0x000000060b800000| 94%| O|  |TAMS 0x000000060b400000, 0x000000060b400000| Untracked 
|  46|0x000000060b800000, 0x000000060b800000, 0x000000060bc00000|  0%| F|  |TAMS 0x000000060b800000, 0x000000060b800000| Untracked 
|  47|0x000000060bc00000, 0x000000060bc00000, 0x000000060c000000|  0%| F|  |TAMS 0x000000060bc00000, 0x000000060bc00000| Untracked 
|  48|0x000000060c000000, 0x000000060c000000, 0x000000060c400000|  0%| F|  |TAMS 0x000000060c000000, 0x000000060c000000| Untracked 
|  49|0x000000060c400000, 0x000000060c400000, 0x000000060c800000|  0%| F|  |TAMS 0x000000060c400000, 0x000000060c400000| Untracked 
|  50|0x000000060c800000, 0x000000060c800000, 0x000000060cc00000|  0%| F|  |TAMS 0x000000060c800000, 0x000000060c800000| Untracked 
|  51|0x000000060cc00000, 0x000000060cc00000, 0x000000060d000000|  0%| F|  |TAMS 0x000000060cc00000, 0x000000060cc00000| Untracked 
|  52|0x000000060d000000, 0x000000060d000000, 0x000000060d400000|  0%| F|  |TAMS 0x000000060d000000, 0x000000060d000000| Untracked 
|  53|0x000000060d400000, 0x000000060d400000, 0x000000060d800000|  0%| F|  |TAMS 0x000000060d400000, 0x000000060d400000| Untracked 
|  54|0x000000060d800000, 0x000000060d800000, 0x000000060dc00000|  0%| F|  |TAMS 0x000000060d800000, 0x000000060d800000| Untracked 
|  55|0x000000060dc00000, 0x000000060dc00000, 0x000000060e000000|  0%| F|  |TAMS 0x000000060dc00000, 0x000000060dc00000| Untracked 
|  56|0x000000060e000000, 0x000000060e33aaa0, 0x000000060e400000| 80%| S|CS|TAMS 0x000000060e000000, 0x000000060e000000| Complete 
|  57|0x000000060e400000, 0x000000060e400000, 0x000000060e800000|  0%| F|  |TAMS 0x000000060e400000, 0x000000060e400000| Untracked 
|  58|0x000000060e800000, 0x000000060e9af958, 0x000000060ec00000| 42%| E|  |TAMS 0x000000060e800000, 0x000000060e800000| Complete 
|  59|0x000000060ec00000, 0x000000060f000000, 0x000000060f000000|100%| E|CS|TAMS 0x000000060ec00000, 0x000000060ec00000| Complete 
|  60|0x000000060f000000, 0x000000060f400000, 0x000000060f400000|100%| E|CS|TAMS 0x000000060f000000, 0x000000060f000000| Complete 
|  61|0x000000060f400000, 0x000000060f800000, 0x000000060f800000|100%| E|CS|TAMS 0x000000060f400000, 0x000000060f400000| Complete 
|  62|0x000000060f800000, 0x000000060fc00000, 0x000000060fc00000|100%| E|CS|TAMS 0x000000060f800000, 0x000000060f800000| Complete 
|  63|0x000000060fc00000, 0x0000000610000000, 0x0000000610000000|100%| E|CS|TAMS 0x000000060fc00000, 0x000000060fc00000| Complete 
|  64|0x0000000610000000, 0x0000000610400000, 0x0000000610400000|100%| E|CS|TAMS 0x0000000610000000, 0x0000000610000000| Complete 
|  65|0x0000000610400000, 0x0000000610800000, 0x0000000610800000|100%| E|CS|TAMS 0x0000000610400000, 0x0000000610400000| Complete 
|  66|0x0000000610800000, 0x0000000610c00000, 0x0000000610c00000|100%| E|CS|TAMS 0x0000000610800000, 0x0000000610800000| Complete 
|  67|0x0000000610c00000, 0x0000000611000000, 0x0000000611000000|100%| E|CS|TAMS 0x0000000610c00000, 0x0000000610c00000| Complete 

Card table byte_map: [0x0000025bf8430000,0x0000025bf9430000] _byte_map_base: 0x0000025bf5430000

Marking Bits (Prev, Next): (CMBitMap*) 0x0000025bef6d3710, (CMBitMap*) 0x0000025bef6d36d0
 Prev Bits: [0x0000025ba8000000, 0x0000025bb0000000)
 Next Bits: [0x0000025ba0000000, 0x0000025ba8000000)

Polling page: 0x0000025bed5c0000

Metaspace:

Usage:
  Non-class:    100.03 MB used.
      Class:     16.55 MB used.
       Both:    116.59 MB used.

Virtual space:
  Non-class space:      128.00 MB reserved,     100.69 MB ( 79%) committed,  2 nodes.
      Class space:        1.00 GB reserved,      17.19 MB (  2%) committed,  1 nodes.
             Both:        1.12 GB reserved,     117.88 MB ( 10%) committed. 

Chunk freelists:
   Non-Class:  11.28 MB
       Class:  14.86 MB
        Both:  26.14 MB

MaxMetaspaceSize: 4.00 GB
CompressedClassSpaceSize: 1.00 GB
Initial GC threshold: 21.00 MB
Current GC threshold: 125.56 MB
CDS: on
MetaspaceReclaimPolicy: balanced
 - commit_granule_bytes: 65536.
 - commit_granule_words: 8192.
 - virtual_space_node_default_size: 8388608.
 - enlarge_chunks_in_place: 1.
 - new_chunks_are_fully_committed: 0.
 - uncommit_free_chunks: 1.
 - use_allocation_guard: 0.
 - handle_deallocations: 1.


Internal statistics:

num_allocs_failed_limit: 6.
num_arena_births: 2048.
num_arena_deaths: 0.
num_vsnodes_births: 3.
num_vsnodes_deaths: 0.
num_space_committed: 1886.
num_space_uncommitted: 0.
num_chunks_returned_to_freelist: 6.
num_chunks_taken_from_freelist: 7523.
num_chunk_merges: 6.
num_chunk_splits: 4869.
num_chunks_enlarged: 3091.
num_inconsistent_stats: 0.

CodeHeap 'non-profiled nmethods': size=259264Kb used=10141Kb max_used=10264Kb free=249122Kb
 bounds [0x0000025b902d0000, 0x0000025b90ce0000, 0x0000025ba0000000]
CodeHeap 'profiled nmethods': size=259264Kb used=29254Kb max_used=30367Kb free=230009Kb
 bounds [0x0000025b80000000, 0x0000025b81db0000, 0x0000025b8fd30000]
CodeHeap 'non-nmethods': size=5760Kb used=1796Kb max_used=1849Kb free=3963Kb
 bounds [0x0000025b8fd30000, 0x0000025b8ffa0000, 0x0000025b902d0000]
 total_blobs=15118 nmethods=14208 adapters=822
 compilation: enabled
              stopped_count=0, restarted_count=0
 full_count=0

Compilation events (20 events):
Event: 59.997 Thread 0x0000025bfc952cc0 16929       3       org.gradle.api.internal.tasks.TaskInputsDeprecationSupport::<init> (5 bytes)
Event: 59.997 Thread 0x0000025bfc952cc0 nmethod 16929 0x0000025b80a54810 code [0x0000025b80a549a0, 0x0000025b80a54af8]
Event: 60.000 Thread 0x0000025bfc952cc0 16931       1       org.gradle.api.internal.provider.DefaultValueSourceProviderFactory::access$200 (5 bytes)
Event: 60.000 Thread 0x0000025bfc952cc0 nmethod 16931 0x0000025b90485290 code [0x0000025b90485420, 0x0000025b904854d8]
Event: 60.009 Thread 0x0000025bfc94d120 16932   !   4       java.util.jar.JarFile::getManifestFromReference (197 bytes)
Event: 60.028 Thread 0x0000025bfc952cc0 16933       3       com.android.build.gradle.internal.lint.VariantInputs_Decorated::$gradleFactory (13 bytes)
Event: 60.028 Thread 0x0000025bfc952cc0 nmethod 16933 0x0000025b808de290 code [0x0000025b808de440, 0x0000025b808de5e8]
Event: 60.029 Thread 0x0000025c4810a890 16934       4       kotlin.jvm.internal.Lambda::<init> (10 bytes)
Event: 60.029 Thread 0x0000025bfc952cc0 16935       1       com.android.build.api.variant.impl.DirectoryEntries::getDirectoryEntries (5 bytes)
Event: 60.029 Thread 0x0000025bfc952cc0 nmethod 16935 0x0000025b90484e90 code [0x0000025b90485020, 0x0000025b904850f8]
Event: 60.029 Thread 0x0000025c4810a890 nmethod 16934 0x0000025b908f0010 code [0x0000025b908f0180, 0x0000025b908f01f8]
Event: 60.039 Thread 0x0000025c4810a890 16936       4       org.objectweb.asm.Type::getArgumentsAndReturnSizes (140 bytes)
Event: 60.044 Thread 0x0000025bfc952cc0 16937       3       org.gradle.api.internal.project.DefaultProject::getPlugins (9 bytes)
Event: 60.045 Thread 0x0000025bfc952cc0 nmethod 16937 0x0000025b80588990 code [0x0000025b80588b80, 0x0000025b80589018]
Event: 60.045 Thread 0x0000025bfc952cc0 16938       3       org.gradle.api.internal.project.AbstractPluginAware::getPlugins (10 bytes)
Event: 60.045 Thread 0x0000025bfc952cc0 nmethod 16938 0x0000025b80ac5b10 code [0x0000025b80ac5cc0, 0x0000025b80ac5f68]
Event: 60.046 Thread 0x0000025c4810a890 nmethod 16936 0x0000025b908ef490 code [0x0000025b908ef620, 0x0000025b908efb38]
Event: 60.046 Thread 0x0000025bfc952cc0 16939       3       org.gradle.api.internal.tasks.DefaultTaskContainer$TaskCreatingProvider::onLazyDomainObjectRealized (15 bytes)
Event: 60.046 Thread 0x0000025bfc952cc0 nmethod 16939 0x0000025b80af2d10 code [0x0000025b80af2ec0, 0x0000025b80af3148]
Event: 60.046 Thread 0x0000025bfc952cc0 16940   !   3       org.gradle.api.internal.tasks.TaskStatistics::lazyTaskRealized (104 bytes)

GC Heap History (20 events):
Event: 50.515 GC heap before
{Heap before GC invocations=58 (full 0):
 garbage-first heap   total 278528K, used 217481K [0x0000000600000000, 0x0000000800000000)
  region size 4096K, 17 young (69632K), 2 survivors (8192K)
 Metaspace       used 92547K, committed 93760K, reserved 1179648K
  class space    used 13221K, committed 13824K, reserved 1048576K
}
Event: 50.520 GC heap after
{Heap after GC invocations=59 (full 0):
 garbage-first heap   total 278528K, used 161524K [0x0000000600000000, 0x0000000800000000)
  region size 4096K, 3 young (12288K), 3 survivors (12288K)
 Metaspace       used 92547K, committed 93760K, reserved 1179648K
  class space    used 13221K, committed 13824K, reserved 1048576K
}
Event: 51.977 GC heap before
{Heap before GC invocations=59 (full 0):
 garbage-first heap   total 278528K, used 218868K [0x0000000600000000, 0x0000000800000000)
  region size 4096K, 17 young (69632K), 3 survivors (12288K)
 Metaspace       used 96128K, committed 97280K, reserved 1179648K
  class space    used 13682K, committed 14272K, reserved 1048576K
}
Event: 51.983 GC heap after
{Heap after GC invocations=60 (full 0):
 garbage-first heap   total 278528K, used 167234K [0x0000000600000000, 0x0000000800000000)
  region size 4096K, 3 young (12288K), 3 survivors (12288K)
 Metaspace       used 96128K, committed 97280K, reserved 1179648K
  class space    used 13682K, committed 14272K, reserved 1048576K
}
Event: 52.873 GC heap before
{Heap before GC invocations=60 (full 0):
 garbage-first heap   total 278528K, used 224578K [0x0000000600000000, 0x0000000800000000)
  region size 4096K, 17 young (69632K), 3 survivors (12288K)
 Metaspace       used 99939K, committed 101184K, reserved 1179648K
  class space    used 14259K, committed 14848K, reserved 1048576K
}
Event: 52.881 GC heap after
{Heap after GC invocations=61 (full 0):
 garbage-first heap   total 278528K, used 170624K [0x0000000600000000, 0x0000000800000000)
  region size 4096K, 3 young (12288K), 3 survivors (12288K)
 Metaspace       used 99939K, committed 101184K, reserved 1179648K
  class space    used 14259K, committed 14848K, reserved 1048576K
}
Event: 53.818 GC heap before
{Heap before GC invocations=61 (full 0):
 garbage-first heap   total 278528K, used 232064K [0x0000000600000000, 0x0000000800000000)
  region size 4096K, 16 young (65536K), 3 survivors (12288K)
 Metaspace       used 101265K, committed 102464K, reserved 1179648K
  class space    used 14371K, committed 14976K, reserved 1048576K
}
Event: 53.824 GC heap after
{Heap after GC invocations=62 (full 0):
 garbage-first heap   total 278528K, used 174863K [0x0000000600000000, 0x0000000800000000)
  region size 4096K, 2 young (8192K), 2 survivors (8192K)
 Metaspace       used 101265K, committed 102464K, reserved 1179648K
  class space    used 14371K, committed 14976K, reserved 1048576K
}
Event: 54.838 GC heap before
{Heap before GC invocations=62 (full 0):
 garbage-first heap   total 278528K, used 228111K [0x0000000600000000, 0x0000000800000000)
  region size 4096K, 15 young (61440K), 2 survivors (8192K)
 Metaspace       used 103519K, committed 104768K, reserved 1179648K
  class space    used 14684K, committed 15296K, reserved 1048576K
}
Event: 54.841 GC heap after
{Heap after GC invocations=63 (full 0):
 garbage-first heap   total 278528K, used 175359K [0x0000000600000000, 0x0000000800000000)
  region size 4096K, 1 young (4096K), 1 survivors (4096K)
 Metaspace       used 103519K, committed 104768K, reserved 1179648K
  class space    used 14684K, committed 15296K, reserved 1048576K
}
Event: 55.710 GC heap before
{Heap before GC invocations=63 (full 0):
 garbage-first heap   total 278528K, used 228607K [0x0000000600000000, 0x0000000800000000)
  region size 4096K, 14 young (57344K), 1 survivors (4096K)
 Metaspace       used 107459K, committed 108736K, reserved 1179648K
  class space    used 15387K, committed 16000K, reserved 1048576K
}
Event: 55.713 GC heap after
{Heap after GC invocations=64 (full 0):
 garbage-first heap   total 278528K, used 176695K [0x0000000600000000, 0x0000000800000000)
  region size 4096K, 2 young (8192K), 2 survivors (8192K)
 Metaspace       used 107459K, committed 108736K, reserved 1179648K
  class space    used 15387K, committed 16000K, reserved 1048576K
}
Event: 56.593 GC heap before
{Heap before GC invocations=64 (full 0):
 garbage-first heap   total 278528K, used 229943K [0x0000000600000000, 0x0000000800000000)
  region size 4096K, 15 young (61440K), 2 survivors (8192K)
 Metaspace       used 110875K, committed 112128K, reserved 1179648K
  class space    used 15823K, committed 16448K, reserved 1048576K
}
Event: 56.599 GC heap after
{Heap after GC invocations=65 (full 0):
 garbage-first heap   total 278528K, used 178203K [0x0000000600000000, 0x0000000800000000)
  region size 4096K, 2 young (8192K), 2 survivors (8192K)
 Metaspace       used 110875K, committed 112128K, reserved 1179648K
  class space    used 15823K, committed 16448K, reserved 1048576K
}
Event: 57.439 GC heap before
{Heap before GC invocations=65 (full 0):
 garbage-first heap   total 278528K, used 231451K [0x0000000600000000, 0x0000000800000000)
  region size 4096K, 15 young (61440K), 2 survivors (8192K)
 Metaspace       used 114416K, committed 115712K, reserved 1179648K
  class space    used 16287K, committed 16896K, reserved 1048576K
}
Event: 57.444 GC heap after
{Heap after GC invocations=66 (full 0):
 garbage-first heap   total 278528K, used 181551K [0x0000000600000000, 0x0000000800000000)
  region size 4096K, 2 young (8192K), 2 survivors (8192K)
 Metaspace       used 114416K, committed 115712K, reserved 1179648K
  class space    used 16287K, committed 16896K, reserved 1048576K
}
Event: 58.741 GC heap before
{Heap before GC invocations=66 (full 0):
 garbage-first heap   total 278528K, used 234799K [0x0000000600000000, 0x0000000800000000)
  region size 4096K, 15 young (61440K), 2 survivors (8192K)
 Metaspace       used 115865K, committed 117184K, reserved 1179648K
  class space    used 16474K, committed 17088K, reserved 1048576K
}
Event: 58.749 GC heap after
{Heap after GC invocations=67 (full 0):
 garbage-first heap   total 278528K, used 188001K [0x0000000600000000, 0x0000000800000000)
  region size 4096K, 2 young (8192K), 2 survivors (8192K)
 Metaspace       used 115865K, committed 117184K, reserved 1179648K
  class space    used 16474K, committed 17088K, reserved 1048576K
}
Event: 59.453 GC heap before
{Heap before GC invocations=67 (full 0):
 garbage-first heap   total 278528K, used 233057K [0x0000000600000000, 0x0000000800000000)
  region size 4096K, 13 young (53248K), 2 survivors (8192K)
 Metaspace       used 117740K, committed 119040K, reserved 1179648K
  class space    used 16728K, committed 17344K, reserved 1048576K
}
Event: 59.460 GC heap after
{Heap after GC invocations=68 (full 0):
 garbage-first heap   total 278528K, used 191502K [0x0000000600000000, 0x0000000800000000)
  region size 4096K, 1 young (4096K), 1 survivors (4096K)
 Metaspace       used 117740K, committed 119040K, reserved 1179648K
  class space    used 16728K, committed 17344K, reserved 1048576K
}

Deoptimization events (20 events):
Event: 59.559 Thread 0x0000025c43b82bd0 DEOPT PACKING pc=0x0000025b904ed5f8 sp=0x00000078c61f9d60
Event: 59.559 Thread 0x0000025c43b82bd0 DEOPT UNPACKING pc=0x0000025b8fd823a3 sp=0x00000078c61f9c88 mode 2
Event: 59.689 Thread 0x0000025c43b82bd0 Uncommon trap: trap_request=0xffffff45 fr.pc=0x0000025b906ca254 relative=0x0000000000000234
Event: 59.689 Thread 0x0000025c43b82bd0 Uncommon trap: reason=unstable_if action=reinterpret pc=0x0000025b906ca254 method=org.gradle.internal.instantiation.generator.AbstractClassGenerator.isNameProperty(Lorg/gradle/internal/instantiation/generator/AbstractClassGenerator$PropertyMetadata;)Z @ 2
Event: 59.689 Thread 0x0000025c43b82bd0 DEOPT PACKING pc=0x0000025b906ca254 sp=0x00000078c61f9a00
Event: 59.689 Thread 0x0000025c43b82bd0 DEOPT UNPACKING pc=0x0000025b8fd823a3 sp=0x00000078c61f98d8 mode 2
Event: 59.689 Thread 0x0000025c43b82bd0 Uncommon trap: trap_request=0xffffff45 fr.pc=0x0000025b90a2ab58 relative=0x0000000000000238
Event: 59.689 Thread 0x0000025c43b82bd0 Uncommon trap: reason=unstable_if action=reinterpret pc=0x0000025b90a2ab58 method=org.gradle.internal.instantiation.generator.AbstractClassGenerator.isNameProperty(Lorg/gradle/internal/instantiation/generator/AbstractClassGenerator$PropertyMetadata;)Z @ 2
Event: 59.689 Thread 0x0000025c43b82bd0 DEOPT PACKING pc=0x0000025b90a2ab58 sp=0x00000078c61f9a00
Event: 59.689 Thread 0x0000025c43b82bd0 DEOPT UNPACKING pc=0x0000025b8fd823a3 sp=0x00000078c61f98d8 mode 2
Event: 59.857 Thread 0x0000025c43b82bd0 Uncommon trap: trap_request=0xffffff45 fr.pc=0x0000025b90be4ca4 relative=0x0000000000000284
Event: 59.857 Thread 0x0000025c43b82bd0 Uncommon trap: reason=unstable_if action=reinterpret pc=0x0000025b90be4ca4 method=java.io.WinNTFileSystem.normalize(Ljava/lang/String;)Ljava/lang/String; @ 74 c2
Event: 59.857 Thread 0x0000025c43b82bd0 DEOPT PACKING pc=0x0000025b90be4ca4 sp=0x00000078c61fa150
Event: 59.857 Thread 0x0000025c43b82bd0 DEOPT UNPACKING pc=0x0000025b8fd823a3 sp=0x00000078c61fa138 mode 2
Event: 59.876 Thread 0x0000025c43b82bd0 DEOPT PACKING pc=0x0000025b81a60f18 sp=0x00000078c61f99f0
Event: 59.876 Thread 0x0000025c43b82bd0 DEOPT UNPACKING pc=0x0000025b8fd82b43 sp=0x00000078c61f8ef8 mode 0
Event: 59.905 Thread 0x0000025c43b82bd0 DEOPT PACKING pc=0x0000025b81a60f18 sp=0x00000078c61fa000
Event: 59.905 Thread 0x0000025c43b82bd0 DEOPT UNPACKING pc=0x0000025b8fd82b43 sp=0x00000078c61f9508 mode 0
Event: 59.916 Thread 0x0000025c43b82bd0 DEOPT PACKING pc=0x0000025b81a60f18 sp=0x00000078c61f99f0
Event: 59.916 Thread 0x0000025c43b82bd0 DEOPT UNPACKING pc=0x0000025b8fd82b43 sp=0x00000078c61f8ef8 mode 0

Classes unloaded (0 events):
No events

Classes redefined (0 events):
No events

Internal exceptions (20 events):
Event: 58.590 Thread 0x0000025c43b82bd0 Exception <a 'java/lang/ClassNotFoundException'{0x000000060e307ca8}: org/gradle/plugins/ide/eclipse/model/AbstractClasspathEntryCustomizer> (0x000000060e307ca8) 
thrown [s\open\src\hotspot\share\classfile\systemDictionary.cpp, line 256]
Event: 58.593 Thread 0x0000025c43b82bd0 Exception <a 'java/lang/ClassNotFoundException'{0x000000060e3375c0}: org/gradle/plugins/ide/eclipse/model/AbstractLibraryCustomizer> (0x000000060e3375c0) 
thrown [s\open\src\hotspot\share\classfile\systemDictionary.cpp, line 256]
Event: 58.594 Thread 0x0000025c43b82bd0 Exception <a 'java/lang/ClassNotFoundException'{0x000000060e356ff0}: org/gradle/plugins/ide/eclipse/model/LibraryCustomizer> (0x000000060e356ff0) 
thrown [s\open\src\hotspot\share\classfile\systemDictionary.cpp, line 256]
Event: 58.615 Thread 0x0000025c43b82bd0 Exception <a 'java/lang/ClassNotFoundException'{0x000000060e3dd760}: java/util/LinkedHashMapBeanInfo> (0x000000060e3dd760) 
thrown [s\open\src\hotspot\share\classfile\systemDictionary.cpp, line 256]
Event: 58.619 Thread 0x0000025c43b82bd0 Exception <a 'java/lang/ClassNotFoundException'{0x000000060e3e2cd0}: java/util/HashMapBeanInfo> (0x000000060e3e2cd0) 
thrown [s\open\src\hotspot\share\classfile\systemDictionary.cpp, line 256]
Event: 58.619 Thread 0x0000025c43b82bd0 Exception <a 'java/lang/ClassNotFoundException'{0x000000060e3e8248}: java/util/AbstractMapBeanInfo> (0x000000060e3e8248) 
thrown [s\open\src\hotspot\share\classfile\systemDictionary.cpp, line 256]
Event: 58.620 Thread 0x0000025c43b82bd0 Exception <a 'java/lang/ClassNotFoundException'{0x000000060e3ed860}: java/util/AbstractMapCustomizer> (0x000000060e3ed860) 
thrown [s\open\src\hotspot\share\classfile\systemDictionary.cpp, line 256]
Event: 58.621 Thread 0x0000025c43b82bd0 Exception <a 'java/lang/ClassNotFoundException'{0x000000060e3fcfa0}: java/util/HashMapCustomizer> (0x000000060e3fcfa0) 
thrown [s\open\src\hotspot\share\classfile\systemDictionary.cpp, line 256]
Event: 58.622 Thread 0x0000025c43b82bd0 Exception <a 'java/lang/ClassNotFoundException'{0x000000060dc1aa68}: java/util/LinkedHashMapCustomizer> (0x000000060dc1aa68) 
thrown [s\open\src\hotspot\share\classfile\systemDictionary.cpp, line 256]
Event: 58.675 Thread 0x0000025c43b821b0 Exception <a 'java/lang/NoSuchMethodError'{0x000000060ddf1ac0}: static Lorg/gradle/tooling/internal/provider/PhasedBuildActionResult;.<clinit>()V> (0x000000060ddf1ac0) 
thrown [s\open\src\hotspot\share\prims\jni.cpp, line 1112]
Event: 58.675 Thread 0x0000025c43b821b0 Exception <a 'java/lang/NoSuchMethodError'{0x000000060ddf9ac0}: static Lorg/gradle/tooling/internal/provider/serialization/SerializedPayload;.<clinit>()V> (0x000000060ddf9ac0) 
thrown [s\open\src\hotspot\share\prims\jni.cpp, line 1112]
Event: 58.720 Thread 0x0000025c43b82bd0 Exception <a 'java/lang/NoSuchMethodError'{0x000000060ddc9a90}: 'java.lang.Object java.lang.invoke.DirectMethodHandle$Holder.invokeStatic(java.lang.Object, int, java.lang.Object)'> (0x000000060ddc9a90) 
thrown [s\open\src\hotspot\share\interpreter\linkResolver.cpp, line 759]
Event: 58.979 Thread 0x0000025c43b82bd0 Implicit null exception at 0x0000025b90771890 to 0x0000025b90771958
Event: 59.053 Thread 0x0000025c43b82bd0 Implicit null exception at 0x0000025b9073c80a to 0x0000025b9073c8ee
Event: 59.073 Thread 0x0000025c43b82bd0 Implicit null exception at 0x0000025b909524c3 to 0x0000025b9095257b
Event: 59.248 Thread 0x0000025c43b82bd0 Implicit null exception at 0x0000025b9095b00d to 0x0000025b9095b46c
Event: 59.248 Thread 0x0000025c43b82bd0 Implicit null exception at 0x0000025b9087e656 to 0x0000025b9087f00c
Event: 59.348 Thread 0x0000025c43b82bd0 Implicit null exception at 0x0000025b90945d50 to 0x0000025b90945d80
Event: 59.539 Thread 0x0000025c43b82bd0 Implicit null exception at 0x0000025b902dc28b to 0x0000025b902dc694
Event: 59.559 Thread 0x0000025c43b82bd0 Implicit null exception at 0x0000025b904ebc36 to 0x0000025b904ed5e4

VM Operations (20 events):
Event: 57.688 Executing VM operation: ICBufferFull done
Event: 57.737 Executing VM operation: HandshakeAllThreads
Event: 57.737 Executing VM operation: HandshakeAllThreads done
Event: 57.972 Executing VM operation: ICBufferFull
Event: 57.972 Executing VM operation: ICBufferFull done
Event: 58.372 Executing VM operation: HandshakeAllThreads
Event: 58.372 Executing VM operation: HandshakeAllThreads done
Event: 58.647 Executing VM operation: ICBufferFull
Event: 58.647 Executing VM operation: ICBufferFull done
Event: 58.741 Executing VM operation: G1CollectForAllocation
Event: 58.752 Executing VM operation: G1CollectForAllocation done
Event: 58.923 Executing VM operation: HandshakeAllThreads
Event: 58.923 Executing VM operation: HandshakeAllThreads done
Event: 59.266 Executing VM operation: HandshakeAllThreads
Event: 59.266 Executing VM operation: HandshakeAllThreads done
Event: 59.326 Executing VM operation: ICBufferFull
Event: 59.326 Executing VM operation: ICBufferFull done
Event: 59.453 Executing VM operation: G1CollectForAllocation
Event: 59.460 Executing VM operation: G1CollectForAllocation done
Event: 60.046 Executing VM operation: HandshakeAllThreads

Events (20 events):
Event: 59.289 Thread 0x0000025bfc95e9e0 flushing nmethod 0x0000025b817e2510
Event: 59.289 Thread 0x0000025bfc95e9e0 flushing nmethod 0x0000025b817e6810
Event: 59.289 Thread 0x0000025bfc95e9e0 flushing nmethod 0x0000025b817ee090
Event: 59.289 Thread 0x0000025bfc95e9e0 flushing nmethod 0x0000025b817f0190
Event: 59.289 Thread 0x0000025bfc95e9e0 flushing nmethod 0x0000025b817f2510
Event: 59.289 Thread 0x0000025bfc95e9e0 flushing nmethod 0x0000025b817faa10
Event: 59.289 Thread 0x0000025bfc95e9e0 flushing nmethod 0x0000025b8181b610
Event: 59.290 Thread 0x0000025bfc95e9e0 flushing nmethod 0x0000025b81827d10
Event: 59.290 Thread 0x0000025bfc95e9e0 flushing nmethod 0x0000025b81831510
Event: 59.290 Thread 0x0000025bfc95e9e0 flushing nmethod 0x0000025b81900510
Event: 59.290 Thread 0x0000025bfc95e9e0 flushing nmethod 0x0000025b81932b10
Event: 59.291 Thread 0x0000025bfc95e9e0 flushing nmethod 0x0000025b819ce590
Event: 59.291 Thread 0x0000025bfc95e9e0 flushing nmethod 0x0000025b81a60210
Event: 59.291 Thread 0x0000025bfc95e9e0 flushing nmethod 0x0000025b81a62490
Event: 59.291 Thread 0x0000025bfc95e9e0 flushing nmethod 0x0000025b81a62810
Event: 59.291 Thread 0x0000025bfc95e9e0 flushing nmethod 0x0000025b81a73a90
Event: 59.292 Thread 0x0000025bfc95e9e0 flushing nmethod 0x0000025b81bd5310
Event: 59.292 Thread 0x0000025bfc95e9e0 flushing nmethod 0x0000025b81be3c90
Event: 59.292 Thread 0x0000025bfc95e9e0 flushing nmethod 0x0000025b81c20910
Event: 60.028 Thread 0x0000025c4810b880 Thread exited: 0x0000025c4810b880


Dynamic libraries:
0x00007ff6a1f00000 - 0x00007ff6a1f10000 	C:\Program Files\Java\jdk-17\bin\java.exe
0x00007ffc9bcc0000 - 0x00007ffc9bf27000 	C:\WINDOWS\SYSTEM32\ntdll.dll
0x00007ffc9a440000 - 0x00007ffc9a509000 	C:\WINDOWS\System32\KERNEL32.DLL
0x00007ffc990c0000 - 0x00007ffc994b4000 	C:\WINDOWS\System32\KERNELBASE.dll
0x00007ffc994c0000 - 0x00007ffc9960b000 	C:\WINDOWS\System32\ucrtbase.dll
0x00007ffc83830000 - 0x00007ffc83849000 	C:\Program Files\Java\jdk-17\bin\jli.dll
0x00007ffc9a060000 - 0x00007ffc9a116000 	C:\WINDOWS\System32\ADVAPI32.dll
0x00007ffc99fb0000 - 0x00007ffc9a059000 	C:\WINDOWS\System32\msvcrt.dll
0x00007ffc9a390000 - 0x00007ffc9a437000 	C:\WINDOWS\System32\sechost.dll
0x00007ffc9b580000 - 0x00007ffc9b698000 	C:\WINDOWS\System32\RPCRT4.dll
0x00007ffc9a570000 - 0x00007ffc9a735000 	C:\WINDOWS\System32\USER32.dll
0x00007ffc98fe0000 - 0x00007ffc99007000 	C:\WINDOWS\System32\win32u.dll
0x00007ffc9b6b0000 - 0x00007ffc9b6db000 	C:\WINDOWS\System32\GDI32.dll
0x00007ffc98640000 - 0x00007ffc9876b000 	C:\WINDOWS\System32\gdi32full.dll
0x00007ffc99010000 - 0x00007ffc990b3000 	C:\WINDOWS\System32\msvcp_win.dll
0x00007ffc93f40000 - 0x00007ffc93f5b000 	C:\Program Files\Java\jdk-17\bin\VCRUNTIME140.dll
0x00007ffc89f20000 - 0x00007ffc8a1b3000 	C:\WINDOWS\WinSxS\amd64_microsoft.windows.common-controls_6595b64144ccf1df_6.0.26100.8115_none_3e075c82e3354f9c\COMCTL32.dll
0x00007ffc928a0000 - 0x00007ffc928ab000 	C:\WINDOWS\SYSTEM32\VERSION.dll
0x00007ffc99f70000 - 0x00007ffc99fa2000 	C:\WINDOWS\System32\IMM32.DLL
0x00007ffc93d50000 - 0x00007ffc93d5c000 	C:\Program Files\Java\jdk-17\bin\vcruntime140_1.dll
0x00007ffc76be0000 - 0x00007ffc76c6e000 	C:\Program Files\Java\jdk-17\bin\msvcp140.dll
0x00007ffc037f0000 - 0x00007ffc043d0000 	C:\Program Files\Java\jdk-17\bin\server\jvm.dll
0x00007ffc9bc70000 - 0x00007ffc9bc78000 	C:\WINDOWS\System32\PSAPI.DLL
0x00007ffc7b100000 - 0x00007ffc7b10a000 	C:\WINDOWS\SYSTEM32\WSOCK32.dll
0x00007ffc9b1a0000 - 0x00007ffc9b220000 	C:\WINDOWS\System32\WS2_32.dll
0x00007ffc8f3a0000 - 0x00007ffc8f3d6000 	C:\WINDOWS\SYSTEM32\WINMM.dll
0x00007ffc972e0000 - 0x00007ffc972fb000 	C:\WINDOWS\SYSTEM32\kernel.appcore.dll
0x00007ffc924f0000 - 0x00007ffc924fa000 	C:\Program Files\Java\jdk-17\bin\jimage.dll
0x00007ffc8a1c0000 - 0x00007ffc8a402000 	C:\WINDOWS\SYSTEM32\DBGHELP.DLL
0x00007ffc9b700000 - 0x00007ffc9ba82000 	C:\WINDOWS\System32\combase.dll
0x00007ffc9b230000 - 0x00007ffc9b308000 	C:\WINDOWS\System32\OLEAUT32.dll
0x00007ffc89ee0000 - 0x00007ffc89f1b000 	C:\WINDOWS\SYSTEM32\dbgcore.DLL
0x00007ffc98590000 - 0x00007ffc98635000 	C:\WINDOWS\System32\bcryptPrimitives.dll
0x00007ffc80ad0000 - 0x00007ffc80ade000 	C:\Program Files\Java\jdk-17\bin\instrument.dll
0x00007ffc80a40000 - 0x00007ffc80a65000 	C:\Program Files\Java\jdk-17\bin\java.dll
0x00007ffc733c0000 - 0x00007ffc73497000 	C:\Program Files\Java\jdk-17\bin\jsvml.dll
0x00007ffc9a8c0000 - 0x00007ffc9b027000 	C:\WINDOWS\System32\SHELL32.dll
0x00007ffc998e0000 - 0x00007ffc99a4a000 	C:\WINDOWS\System32\wintypes.dll
0x00007ffc98770000 - 0x00007ffc98fd8000 	C:\WINDOWS\System32\windows.storage.dll
0x00007ffc9a740000 - 0x00007ffc9a838000 	C:\WINDOWS\System32\SHCORE.dll
0x00007ffc9b130000 - 0x00007ffc9b196000 	C:\WINDOWS\System32\shlwapi.dll
0x00007ffc984b0000 - 0x00007ffc984d9000 	C:\WINDOWS\SYSTEM32\profapi.dll
0x00007ffc7f860000 - 0x00007ffc7f878000 	C:\Program Files\Java\jdk-17\bin\zip.dll
0x00007ffc80a80000 - 0x00007ffc80a99000 	C:\Program Files\Java\jdk-17\bin\net.dll
0x00007ffc92580000 - 0x00007ffc926ad000 	C:\WINDOWS\SYSTEM32\WINHTTP.dll
0x00007ffc97830000 - 0x00007ffc9789c000 	C:\WINDOWS\system32\mswsock.dll
0x00007ffc809e0000 - 0x00007ffc809f6000 	C:\Program Files\Java\jdk-17\bin\nio.dll
0x00007ffc92490000 - 0x00007ffc924a0000 	C:\Program Files\Java\jdk-17\bin\verify.dll
0x00007ffc6e980000 - 0x00007ffc6e9a7000 	C:\Users\Inurum_Four\.gradle\native\1def1411415f61bf3af743bc5b6707747c0891f09f0c88961ee8f79bc544acac\windows-amd64\native-platform.dll
0x00007ffc759e0000 - 0x00007ffc75a57000 	C:\Users\Inurum_Four\.gradle\native\0.2.8\x86_64-windows-gnu\gradle-fileevents.dll
0x00007ffc83960000 - 0x00007ffc8396a000 	C:\Program Files\Java\jdk-17\bin\management.dll
0x00007ffc81a00000 - 0x00007ffc81a0b000 	C:\Program Files\Java\jdk-17\bin\management_ext.dll
0x00007ffc96cc0000 - 0x00007ffc96cf2000 	C:\WINDOWS\SYSTEM32\IPHLPAPI.DLL
0x00007ffc9b6a0000 - 0x00007ffc9b6aa000 	C:\WINDOWS\System32\NSI.dll
0x00007ffc928b0000 - 0x00007ffc928cd000 	C:\WINDOWS\SYSTEM32\dhcpcsvc6.DLL
0x00007ffc92460000 - 0x00007ffc92485000 	C:\WINDOWS\SYSTEM32\dhcpcsvc.DLL
0x00007ffc96d50000 - 0x00007ffc96e82000 	C:\WINDOWS\SYSTEM32\DNSAPI.dll
0x00007ffc97c30000 - 0x00007ffc97c4b000 	C:\WINDOWS\SYSTEM32\CRYPTSP.dll
0x00007ffc97240000 - 0x00007ffc97279000 	C:\WINDOWS\system32\rsaenh.dll
0x00007ffc978e0000 - 0x00007ffc97913000 	C:\WINDOWS\SYSTEM32\USERENV.dll
0x00007ffc98480000 - 0x00007ffc984aa000 	C:\WINDOWS\SYSTEM32\bcrypt.dll
0x00007ffc97a90000 - 0x00007ffc97a9c000 	C:\WINDOWS\SYSTEM32\CRYPTBASE.dll
0x00007ffc809d0000 - 0x00007ffc809de000 	C:\Program Files\Java\jdk-17\bin\sunmscapi.dll
0x00007ffc996a0000 - 0x00007ffc99817000 	C:\WINDOWS\System32\CRYPT32.dll
0x00007ffc97d90000 - 0x00007ffc97dc0000 	C:\WINDOWS\SYSTEM32\ncrypt.dll
0x00007ffc97d40000 - 0x00007ffc97d7f000 	C:\WINDOWS\SYSTEM32\NTASN1.dll
0x00007ffc819f0000 - 0x00007ffc819f8000 	C:\WINDOWS\system32\wshunix.dll
0x00007ffc808d0000 - 0x00007ffc808d7000 	C:\Program Files\Java\jdk-17\bin\rmi.dll
0x00007ffc97400000 - 0x00007ffc97436000 	C:\WINDOWS\SYSTEM32\ntmarta.dll

dbghelp: loaded successfully - version: 4.0.5 - missing functions: none
symbol engine: initialized successfully - sym options: 0x614 - pdb path: .;C:\Program Files\Java\jdk-17\bin;C:\WINDOWS\SYSTEM32;C:\WINDOWS\WinSxS\amd64_microsoft.windows.common-controls_6595b64144ccf1df_6.0.26100.8115_none_3e075c82e3354f9c;C:\Program Files\Java\jdk-17\bin\server;C:\Users\Inurum_Four\.gradle\native\1def1411415f61bf3af743bc5b6707747c0891f09f0c88961ee8f79bc544acac\windows-amd64;C:\Users\Inurum_Four\.gradle\native\0.2.8\x86_64-windows-gnu

VM Arguments:
jvm_args: --add-opens=java.base/java.lang=ALL-UNNAMED --add-opens=java.base/java.lang.invoke=ALL-UNNAMED --add-opens=java.base/java.util=ALL-UNNAMED --add-opens=java.prefs/java.util.prefs=ALL-UNNAMED --add-exports=jdk.compiler/com.sun.tools.javac.api=ALL-UNNAMED --add-exports=jdk.compiler/com.sun.tools.javac.util=ALL-UNNAMED --add-opens=java.base/java.util=ALL-UNNAMED --add-opens=java.prefs/java.util.prefs=ALL-UNNAMED --add-opens=java.base/java.nio.charset=ALL-UNNAMED --add-opens=java.base/java.net=ALL-UNNAMED --add-opens=java.base/java.util.concurrent=ALL-UNNAMED --add-opens=java.base/java.util.concurrent.atomic=ALL-UNNAMED --add-opens=java.xml/javax.xml.namespace=ALL-UNNAMED --add-opens=java.base/java.time=ALL-UNNAMED -XX:MaxMetaspaceSize=4G -XX:ReservedCodeCacheSize=512m -XX:+HeapDumpOnOutOfMemoryError -Xmx8G -Dfile.encoding=UTF-8 -Duser.country=IN -Duser.language=en -Duser.variant -javaagent:C:\Users\Inurum_Four\.gradle\wrapper\dists\gradle-9.1.0-all\7wzd0jkjit61aq2p43wpjgij9\gradle-9.1.0\lib\agents\gradle-instrumentation-agent-9.1.0.jar 
java_command: org.gradle.launcher.daemon.bootstrap.GradleDaemon 9.1.0
java_class_path (initial): C:\Users\Inurum_Four\.gradle\wrapper\dists\gradle-9.1.0-all\7wzd0jkjit61aq2p43wpjgij9\gradle-9.1.0\lib\gradle-daemon-main-9.1.0.jar
Launcher Type: SUN_STANDARD

[Global flags]
     intx CICompilerCount                          = 4                                         {product} {ergonomic}
     uint ConcGCThreads                            = 2                                         {product} {ergonomic}
     uint G1ConcRefinementThreads                  = 8                                         {product} {ergonomic}
   size_t G1HeapRegionSize                         = 4194304                                   {product} {ergonomic}
    uintx GCDrainStackTargetSize                   = 64                                        {product} {ergonomic}
     bool HeapDumpOnOutOfMemoryError               = true                                   {manageable} {command line}
   size_t InitialHeapSize                          = 268435456                                 {product} {ergonomic}
   size_t MarkStackSize                            = 4194304                                   {product} {ergonomic}
   size_t MaxHeapSize                              = 8589934592                                {product} {command line}
   size_t MaxMetaspaceSize                         = 4294967296                                {product} {command line}
   size_t MaxNewSize                               = 5150605312                                {product} {ergonomic}
   size_t MinHeapDeltaBytes                        = 4194304                                   {product} {ergonomic}
   size_t MinHeapSize                              = 8388608                                   {product} {ergonomic}
    uintx NonNMethodCodeHeapSize                   = 5839372                                {pd product} {ergonomic}
    uintx NonProfiledCodeHeapSize                  = 265515770                              {pd product} {ergonomic}
    uintx ProfiledCodeHeapSize                     = 265515770                              {pd product} {ergonomic}
    uintx ReservedCodeCacheSize                    = 536870912                              {pd product} {command line}
     bool SegmentedCodeCache                       = true                                      {product} {ergonomic}
   size_t SoftMaxHeapSize                          = 8589934592                             {manageable} {ergonomic}
   double SweeperThreshold                         = 0.234375                                  {product} {ergonomic}
     bool UseCompressedClassPointers               = true                           {product lp64_product} {ergonomic}
     bool UseCompressedOops                        = true                           {product lp64_product} {ergonomic}
     bool UseG1GC                                  = true                                      {product} {ergonomic}
     bool UseLargePagesIndividualAllocation        = false                                  {pd product} {ergonomic}

Logging:
Log output configuration:
 #0: stdout all=warning uptime,level,tags
 #1: stderr all=off uptime,level,tags

Environment Variables:
JAVA_HOME=C:\Program Files\Java\jdk-17
PATH=C:\Program Files\Common Files\Oracle\Java\javapath;C:\WINDOWS\system32;C:\WINDOWS;C:\WINDOWS\System32\Wbem;C:\WINDOWS\System32\WindowsPowerShell\v1.0\;C:\WINDOWS\System32\OpenSSH\;C:\src\flutter\bin;C:\Program Files\Git\cmd;C:\Users\Inurum_Four\AppData\Roaming\npm;C:\Program Files\nodejs\;C:\Users\Inurum_Four\AppData\Local\Programs\Python\Python311\Scripts\;C:\Users\Inurum_Four\AppData\Local\Programs\Python\Python311\;C:\Users\Inurum_Four\AppData\Local\Programs\Python\Python314\Scripts\;C:\Users\Inurum_Four\AppData\Local\Programs\Python\Python314\;C:\Users\Inurum_Four\AppData\Local\Microsoft\WindowsApps;C:\src\flutter\bin;C:\Users\Inurum_Four\AppData\Local\Programs\Microsoft VS Code\bin;C:\Program Files\nodejs\;C:\Users\Inurum_Four\AppData\Local\Pub\Cache\bin;C:\Users\Inurum_Four\AppData\Roaming\npm;C:\Users\Inurum_Four\AppData\Local\Programs\Antigravity\bin;C:\Program Files\SDCC\bin;C:\Users\Inurum_Four\AppData\Local\Programs\Antigravity IDE\bin;C:\Users\Inurum_Four\AppData\Local\GitHubDesktop\bin
USERNAME=Inurum_Four
OS=Windows_NT
PROCESSOR_IDENTIFIER=Intel64 Family 6 Model 151 Stepping 5, GenuineIntel



---------------  S Y S T E M  ---------------

OS:
 Windows 11 , 64 bit Build 26100 (10.0.26100.8246)
OS uptime: 0 days 6:51 hours
Hyper-V role detected

CPU: total 8 (initial active 8) (4 cores per cpu, 2 threads per core) family 6 model 151 stepping 5 microcode 0x18, cx8, cmov, fxsr, ht, mmx, 3dnowpref, sse, sse2, sse3, ssse3, sse4.1, sse4.2, popcnt, lzcnt, tsc, tscinvbit, avx, avx2, aes, erms, clmul, bmi1, bmi2, adx, sha, fma, vzeroupper, clflush, clflushopt, clwb, hv

Memory: 4k page, system-wide physical 16197M (1514M free)
TotalPageFile size 32018M (AvailPageFile size 6M)
current process WorkingSet (physical memory assigned to process): 610M, peak: 613M
current process commit charge ("private bytes"): 658M, peak: 661M

vm_info: Java HotSpot(TM) 64-Bit Server VM (17.0.12+8-LTS-286) for windows-amd64 JRE (17.0.12+8-LTS-286), built on Jun  5 2024 06:46:59 by "mach5one" with MS VC++ 17.6 (VS2022)

END.
