#
# There is insufficient memory for the Java Runtime Environment to continue.
# Native memory allocation (mmap) failed to map 65536 bytes for Failed to commit metaspace.
# Possible reasons:
#   The system is out of physical RAM or swap space
#   The process is running with CompressedOops enabled, and the Java Heap may be blocking the growth of the native heap
# Possible solutions:
#   Reduce memory load on the system
#   Increase physical memory or swap space
#   Check if swap backing store is full
#   Decrease Java heap size (-Xmx/-Xms)
#   Decrease number of Java threads
#   Decrease Java thread stack sizes (-Xss)
#   Set larger code cache with -XX:ReservedCodeCacheSize=
#   JVM is running with Zero Based Compressed Oops mode in which the Java heap is
#     placed in the first 32GB address space. The Java Heap base address is the
#     maximum limit for the native heap growth. Please use -XX:HeapBaseMinAddress
#     to set the Java Heap base and to place the Java Heap above 32GB virtual address.
# This output file may be truncated or incomplete.
#
#  Out of Memory Error (virtualSpaceNode.cpp:110), pid=3400, tid=21072
#
# JRE version: Java(TM) SE Runtime Environment (17.0.12+8) (build 17.0.12+8-LTS-286)
# Java VM: Java HotSpot(TM) 64-Bit Server VM (17.0.12+8-LTS-286, mixed mode, sharing, tiered, compressed oops, compressed class ptrs, g1 gc, windows-amd64)
# No core dump will be written. Minidumps are not enabled by default on client versions of Windows
#

---------------  S U M M A R Y ------------

Command Line: org.jetbrains.kotlin.cli.jvm.K2JVMCompiler @C:\src\flutter\packages\flutter_tools\gradle\build\20260824_11981743591746244269.compiler.options

Host: 12th Gen Intel(R) Core(TM) i3-12100F, 8 cores, 15G,  Windows 11 , 64 bit Build 26100 (10.0.26100.8246)
Time: Mon Aug 24 13:16:23 2026 India Standard Time elapsed time: 0.503976 seconds (0d 0h 0m 0s)

---------------  T H R E A D  ---------------

Current thread (0x000001ea43710c40):  JavaThread "main" [_thread_in_vm, id=21072, stack(0x0000000393700000,0x0000000393800000)]

Stack: [0x0000000393700000,0x0000000393800000]
Native frames: (J=compiled Java code, j=interpreted, Vv=VM code, C=native code)
V  [jvm.dll+0x67a04a]
V  [jvm.dll+0x7da4ed]
V  [jvm.dll+0x7dbe33]
V  [jvm.dll+0x7dc4a3]
V  [jvm.dll+0x24508f]
V  [jvm.dll+0x7d60bb]
V  [jvm.dll+0x6206c6]
V  [jvm.dll+0x1bed07]
V  [jvm.dll+0x623022]
V  [jvm.dll+0x621086]
V  [jvm.dll+0x23a821]
V  [jvm.dll+0x1e8e87]
V  [jvm.dll+0x1dea41]
V  [jvm.dll+0x53f78c]
V  [jvm.dll+0x7553b8]
V  [jvm.dll+0x7554a4]
V  [jvm.dll+0x40d1af]
V  [jvm.dll+0x413c39]
C  [java.dll+0x17ec]

Java frames: (J=compiled Java code, j=interpreted, Vv=VM code)
J 592  java.lang.ClassLoader.defineClass1(Ljava/lang/ClassLoader;Ljava/lang/String;[BIILjava/security/ProtectionDomain;Ljava/lang/String;)Ljava/lang/Class; java.base@17.0.12 (0 bytes) @ 0x000001ea54468063 [0x000001ea54467fa0+0x00000000000000c3]
J 660 c1 java.lang.ClassLoader.defineClass(Ljava/lang/String;[BIILjava/security/ProtectionDomain;)Ljava/lang/Class; java.base@17.0.12 (43 bytes) @ 0x000001ea4ca9a35c [0x000001ea4ca9a000+0x000000000000035c]
J 653 c1 java.security.SecureClassLoader.defineClass(Ljava/lang/String;[BIILjava/security/CodeSource;)Ljava/lang/Class; java.base@17.0.12 (16 bytes) @ 0x000001ea4ca9360c [0x000001ea4ca93540+0x00000000000000cc]
J 644 c1 jdk.internal.loader.BuiltinClassLoader.defineClass(Ljava/lang/String;Ljdk/internal/loader/Resource;)Ljava/lang/Class; java.base@17.0.12 (121 bytes) @ 0x000001ea4ca8e284 [0x000001ea4ca8cf20+0x0000000000001364]
J 547 c1 jdk.internal.loader.BuiltinClassLoader.findClassOnClassPathOrNull(Ljava/lang/String;)Ljava/lang/Class; java.base@17.0.12 (64 bytes) @ 0x000001ea4ca4c4e4 [0x000001ea4ca4b460+0x0000000000001084]
J 219 c1 jdk.internal.loader.BuiltinClassLoader.loadClassOrNull(Ljava/lang/String;Z)Ljava/lang/Class; java.base@17.0.12 (143 bytes) @ 0x000001ea4c9b63d4 [0x000001ea4c9b54c0+0x0000000000000f14]
J 335 c1 jdk.internal.loader.ClassLoaders$AppClassLoader.loadClass(Ljava/lang/String;Z)Ljava/lang/Class; java.base@17.0.12 (40 bytes) @ 0x000001ea4c9e8b04 [0x000001ea4c9e84e0+0x0000000000000624]
J 334 c1 java.lang.ClassLoader.loadClass(Ljava/lang/String;)Ljava/lang/Class; java.base@17.0.12 (7 bytes) @ 0x000001ea4c9e814c [0x000001ea4c9e8040+0x000000000000010c]
v  ~StubRoutines::call_stub
J 592  java.lang.ClassLoader.defineClass1(Ljava/lang/ClassLoader;Ljava/lang/String;[BIILjava/security/ProtectionDomain;Ljava/lang/String;)Ljava/lang/Class; java.base@17.0.12 (0 bytes) @ 0x000001ea54468063 [0x000001ea54467fa0+0x00000000000000c3]
J 660 c1 java.lang.ClassLoader.defineClass(Ljava/lang/String;[BIILjava/security/ProtectionDomain;)Ljava/lang/Class; java.base@17.0.12 (43 bytes) @ 0x000001ea4ca9a35c [0x000001ea4ca9a000+0x000000000000035c]
J 653 c1 java.security.SecureClassLoader.defineClass(Ljava/lang/String;[BIILjava/security/CodeSource;)Ljava/lang/Class; java.base@17.0.12 (16 bytes) @ 0x000001ea4ca9360c [0x000001ea4ca93540+0x00000000000000cc]
J 644 c1 jdk.internal.loader.BuiltinClassLoader.defineClass(Ljava/lang/String;Ljdk/internal/loader/Resource;)Ljava/lang/Class; java.base@17.0.12 (121 bytes) @ 0x000001ea4ca8e284 [0x000001ea4ca8cf20+0x0000000000001364]
J 547 c1 jdk.internal.loader.BuiltinClassLoader.findClassOnClassPathOrNull(Ljava/lang/String;)Ljava/lang/Class; java.base@17.0.12 (64 bytes) @ 0x000001ea4ca4c4e4 [0x000001ea4ca4b460+0x0000000000001084]
J 219 c1 jdk.internal.loader.BuiltinClassLoader.loadClassOrNull(Ljava/lang/String;Z)Ljava/lang/Class; java.base@17.0.12 (143 bytes) @ 0x000001ea4c9b63d4 [0x000001ea4c9b54c0+0x0000000000000f14]
J 335 c1 jdk.internal.loader.ClassLoaders$AppClassLoader.loadClass(Ljava/lang/String;Z)Ljava/lang/Class; java.base@17.0.12 (40 bytes) @ 0x000001ea4c9e8b04 [0x000001ea4c9e84e0+0x0000000000000624]
J 334 c1 java.lang.ClassLoader.loadClass(Ljava/lang/String;)Ljava/lang/Class; java.base@17.0.12 (7 bytes) @ 0x000001ea4c9e814c [0x000001ea4c9e8040+0x000000000000010c]
v  ~StubRoutines::call_stub
j  kotlin.sequences.SequencesKt__SequencesKt.emptySequence()Lkotlin/sequences/Sequence;+0
j  kotlin.collections.ArraysKt___ArraysKt.asSequence([Ljava/lang/Object;)Lkotlin/sequences/Sequence;+19
j  kotlin.reflect.jvm.internal.impl.descriptors.runtime.structure.ReflectJavaClass.getMethods()Ljava/util/List;+18
j  kotlin.reflect.jvm.internal.impl.descriptors.runtime.structure.ReflectJavaClass.getMethods()Ljava/util/Collection;+1
j  kotlin.reflect.jvm.internal.impl.load.java.lazy.descriptors.ClassDeclaredMemberIndex.<init>(Lkotlin/reflect/jvm/internal/impl/load/java/structure/JavaClass;Lkotlin/jvm/functions/Function1;)V+46
j  kotlin.reflect.jvm.internal.impl.load.java.lazy.descriptors.LazyJavaClassMemberScope.computeMemberIndex()Lkotlin/reflect/jvm/internal/impl/load/java/lazy/descriptors/ClassDeclaredMemberIndex;+14
j  kotlin.reflect.jvm.internal.impl.load.java.lazy.descriptors.LazyJavaClassMemberScope.computeMemberIndex()Lkotlin/reflect/jvm/internal/impl/load/java/lazy/descriptors/DeclaredMemberIndex;+1
j  kotlin.reflect.jvm.internal.impl.load.java.lazy.descriptors.LazyJavaScope$declaredMemberIndex$1.invoke()Lkotlin/reflect/jvm/internal/impl/load/java/lazy/descriptors/DeclaredMemberIndex;+4
j  kotlin.reflect.jvm.internal.impl.load.java.lazy.descriptors.LazyJavaScope$declaredMemberIndex$1.invoke()Ljava/lang/Object;+1
j  kotlin.reflect.jvm.internal.impl.storage.LockBasedStorageManager$LockBasedLazyValue.invoke()Ljava/lang/Object;+156
j  kotlin.reflect.jvm.internal.impl.storage.LockBasedStorageManager$LockBasedNotNullLazyValue.invoke()Ljava/lang/Object;+1
j  kotlin.reflect.jvm.internal.impl.load.java.lazy.descriptors.LazyJavaClassMemberScope.computePropertyNames(Lkotlin/reflect/jvm/internal/impl/resolve/scopes/DescriptorKindFilter;Lkotlin/jvm/functions/Function1;)Ljava/util/Set;+31
j  kotlin.reflect.jvm.internal.impl.load.java.lazy.descriptors.LazyJavaScope$propertyNamesLazy$2.invoke()Ljava/util/Set;+8
j  kotlin.reflect.jvm.internal.impl.load.java.lazy.descriptors.LazyJavaScope$propertyNamesLazy$2.invoke()Ljava/lang/Object;+1
j  kotlin.reflect.jvm.internal.impl.storage.LockBasedStorageManager$LockBasedLazyValue.invoke()Ljava/lang/Object;+156
j  kotlin.reflect.jvm.internal.impl.storage.LockBasedStorageManager$LockBasedNotNullLazyValue.invoke()Ljava/lang/Object;+1
j  kotlin.reflect.jvm.internal.impl.storage.StorageKt.getValue(Lkotlin/reflect/jvm/internal/impl/storage/NotNullLazyValue;Ljava/lang/Object;Lkotlin/reflect/KProperty;)Ljava/lang/Object;+13
j  kotlin.reflect.jvm.internal.impl.load.java.lazy.descriptors.LazyJavaScope.getPropertyNamesLazy()Ljava/util/Set;+10
j  kotlin.reflect.jvm.internal.impl.load.java.lazy.descriptors.LazyJavaScope.getVariableNames()Ljava/util/Set;+1
j  kotlin.reflect.jvm.internal.impl.serialization.deserialization.descriptors.DeserializedClassDescriptor$DeserializedClassMemberScope.getNonDeclaredVariableNames()Ljava/util/Set;+69
j  kotlin.reflect.jvm.internal.impl.serialization.deserialization.descriptors.DeserializedMemberScope$OptimizedImplementation$variableNames$2.invoke()Ljava/util/Set;+16
j  kotlin.reflect.jvm.internal.impl.serialization.deserialization.descriptors.DeserializedMemberScope$OptimizedImplementation$variableNames$2.invoke()Ljava/lang/Object;+1
j  kotlin.reflect.jvm.internal.impl.storage.LockBasedStorageManager$LockBasedLazyValue.invoke()Ljava/lang/Object;+156
j  kotlin.reflect.jvm.internal.impl.storage.LockBasedStorageManager$LockBasedNotNullLazyValue.invoke()Ljava/lang/Object;+1
j  kotlin.reflect.jvm.internal.impl.storage.StorageKt.getValue(Lkotlin/reflect/jvm/internal/impl/storage/NotNullLazyValue;Ljava/lang/Object;Lkotlin/reflect/KProperty;)Ljava/lang/Object;+13
j  kotlin.reflect.jvm.internal.impl.serialization.deserialization.descriptors.DeserializedMemberScope$OptimizedImplementation.getVariableNames()Ljava/util/Set;+10
j  kotlin.reflect.jvm.internal.impl.serialization.deserialization.descriptors.DeserializedMemberScope.getVariableNames()Ljava/util/Set;+4
j  kotlin.reflect.jvm.internal.impl.serialization.deserialization.descriptors.DeserializedClassDescriptor$DeserializedClassMemberScope.getNonDeclaredVariableNames()Ljava/util/Set;+69
j  kotlin.reflect.jvm.internal.impl.serialization.deserialization.descriptors.DeserializedMemberScope$OptimizedImplementation$variableNames$2.invoke()Ljava/util/Set;+16
j  kotlin.reflect.jvm.internal.impl.serialization.deserialization.descriptors.DeserializedMemberScope$OptimizedImplementation$variableNames$2.invoke()Ljava/lang/Object;+1
j  kotlin.reflect.jvm.internal.impl.storage.LockBasedStorageManager$LockBasedLazyValue.invoke()Ljava/lang/Object;+156
j  kotlin.reflect.jvm.internal.impl.storage.LockBasedStorageManager$LockBasedNotNullLazyValue.invoke()Ljava/lang/Object;+1
j  kotlin.reflect.jvm.internal.impl.storage.StorageKt.getValue(Lkotlin/reflect/jvm/internal/impl/storage/NotNullLazyValue;Ljava/lang/Object;Lkotlin/reflect/KProperty;)Ljava/lang/Object;+13
j  kotlin.reflect.jvm.internal.impl.serialization.deserialization.descriptors.DeserializedMemberScope$OptimizedImplementation.getVariableNames()Ljava/util/Set;+10
j  kotlin.reflect.jvm.internal.impl.serialization.deserialization.descriptors.DeserializedMemberScope$OptimizedImplementation.getContributedVariables(Lkotlin/reflect/jvm/internal/impl/name/Name;Lkotlin/reflect/jvm/internal/impl/incremental/components/LookupLocation;)Ljava/util/Collection;+13
j  kotlin.reflect.jvm.internal.impl.serialization.deserialization.descriptors.DeserializedMemberScope.getContributedVariables(Lkotlin/reflect/jvm/internal/impl/name/Name;Lkotlin/reflect/jvm/internal/impl/incremental/components/LookupLocation;)Ljava/util/Collection;+18
j  kotlin.reflect.jvm.internal.impl.serialization.deserialization.descriptors.DeserializedClassDescriptor$DeserializedClassMemberScope.getContributedVariables(Lkotlin/reflect/jvm/internal/impl/name/Name;Lkotlin/reflect/jvm/internal/impl/incremental/components/LookupLocation;)Ljava/util/Collection;+21
j  kotlin.reflect.jvm.internal.KClassImpl.getProperties(Lkotlin/reflect/jvm/internal/impl/name/Name;)Ljava/util/Collection;+17
j  kotlin.reflect.jvm.internal.KDeclarationContainerImpl.findPropertyDescriptor(Ljava/lang/String;Ljava/lang/String;)Lkotlin/reflect/jvm/internal/impl/descriptors/PropertyDescriptor;+131
j  kotlin.reflect.jvm.internal.KPropertyImpl$_descriptor$1.invoke()Lkotlin/reflect/jvm/internal/impl/descriptors/PropertyDescriptor;+21
j  kotlin.reflect.jvm.internal.KPropertyImpl$_descriptor$1.invoke()Ljava/lang/Object;+1
j  kotlin.reflect.jvm.internal.ReflectProperties$LazySoftVal.invoke()Ljava/lang/Object;+28
j  kotlin.reflect.jvm.internal.KPropertyImpl.getDescriptor()Lkotlin/reflect/jvm/internal/impl/descriptors/PropertyDescriptor;+4
j  kotlin.reflect.jvm.internal.KPropertyImpl$_javaField$1.invoke()Ljava/lang/reflect/Field;+7
j  kotlin.reflect.jvm.internal.KPropertyImpl$_javaField$1.invoke()Ljava/lang/Object;+1
j  kotlin.reflect.jvm.internal.ReflectProperties$LazyVal.invoke()Ljava/lang/Object;+19
j  kotlin.reflect.jvm.internal.KPropertyImpl.getJavaField()Ljava/lang/reflect/Field;+4
j  kotlin.reflect.jvm.ReflectJvmMapping.getJavaField(Lkotlin/reflect/KProperty;)Ljava/lang/reflect/Field;+20
j  org.jetbrains.kotlin.cli.common.arguments.ArgumentUtilsKt.getArgumentAnnotation(Lkotlin/reflect/KProperty1;)Lorg/jetbrains/kotlin/cli/common/arguments/Argument;+11
j  org.jetbrains.kotlin.cli.common.arguments.ArgumentUtilsKt.getCliArgument(Lkotlin/reflect/KProperty1;)Ljava/lang/String;+8
j  org.jetbrains.kotlin.cli.common.ArgumentsKt.<clinit>()V+6
v  ~StubRoutines::call_stub
j  org.jetbrains.kotlin.cli.common.CLICompiler.exec(Lorg/jetbrains/kotlin/cli/common/messages/MessageCollector;Lorg/jetbrains/kotlin/config/Services;Lorg/jetbrains/kotlin/cli/common/arguments/CommonCompilerArguments;)Lorg/jetbrains/kotlin/cli/common/ExitCode;+80
j  org.jetbrains.kotlin.cli.common.CLICompiler.exec(Ljava/io/PrintStream;Lorg/jetbrains/kotlin/config/Services;Lorg/jetbrains/kotlin/cli/common/messages/MessageRenderer;[Ljava/lang/String;)Lorg/jetbrains/kotlin/cli/common/ExitCode;+259
j  org.jetbrains.kotlin.cli.common.CLICompiler.exec(Ljava/io/PrintStream;Lorg/jetbrains/kotlin/cli/common/messages/MessageRenderer;[Ljava/lang/String;)Lorg/jetbrains/kotlin/cli/common/ExitCode;+26
j  org.jetbrains.kotlin.cli.common.CLICompiler$Companion.doMainNoExit(Lorg/jetbrains/kotlin/cli/common/CLICompiler;[Ljava/lang/String;Lorg/jetbrains/kotlin/cli/common/messages/MessageRenderer;)Lorg/jetbrains/kotlin/cli/common/ExitCode;+39
j  org.jetbrains.kotlin.cli.common.CLICompiler$Companion.doMainNoExit$default(Lorg/jetbrains/kotlin/cli/common/CLICompiler$Companion;Lorg/jetbrains/kotlin/cli/common/CLICompiler;[Ljava/lang/String;Lorg/jetbrains/kotlin/cli/common/messages/MessageRenderer;ILjava/lang/Object;)Lorg/jetbrains/kotlin/cli/common/ExitCode;+16
j  org.jetbrains.kotlin.cli.common.CLICompiler$Companion.doMain(Lorg/jetbrains/kotlin/cli/common/CLICompiler;[Ljava/lang/String;)V+54
j  org.jetbrains.kotlin.cli.jvm.K2JVMCompiler$Companion.main([Ljava/lang/String;)V+20
j  org.jetbrains.kotlin.cli.jvm.K2JVMCompiler.main([Ljava/lang/String;)V+4
v  ~StubRoutines::call_stub

---------------  P R O C E S S  ---------------

Threads class SMR info:
_java_thread_list=0x000001ea68638180, length=13, elements={
0x000001ea43710c40, 0x000001ea683b11a0, 0x000001ea683b1770, 0x000001ea683ccdb0,
0x000001ea683cd380, 0x000001ea683cd950, 0x000001ea683cdf20, 0x000001ea683ce8d0,
0x000001ea684ef0c0, 0x000001ea68500600, 0x000001ea68630550, 0x000001ea6863ae50,
0x000001ea68679b80
}

Java Threads: ( => current thread )
=>0x000001ea43710c40 JavaThread "main" [_thread_in_vm, id=21072, stack(0x0000000393700000,0x0000000393800000)]
  0x000001ea683b11a0 JavaThread "Reference Handler" daemon [_thread_blocked, id=18140, stack(0x0000000393e00000,0x0000000393f00000)]
  0x000001ea683b1770 JavaThread "Finalizer" daemon [_thread_blocked, id=20204, stack(0x0000000393f00000,0x0000000394000000)]
  0x000001ea683ccdb0 JavaThread "Signal Dispatcher" daemon [_thread_blocked, id=19188, stack(0x0000000394000000,0x0000000394100000)]
  0x000001ea683cd380 JavaThread "Attach Listener" daemon [_thread_blocked, id=20460, stack(0x0000000394100000,0x0000000394200000)]
  0x000001ea683cd950 JavaThread "Service Thread" daemon [_thread_blocked, id=10764, stack(0x0000000394200000,0x0000000394300000)]
  0x000001ea683cdf20 JavaThread "Monitor Deflation Thread" daemon [_thread_blocked, id=18156, stack(0x0000000394300000,0x0000000394400000)]
  0x000001ea683ce8d0 JavaThread "C2 CompilerThread0" daemon [_thread_blocked, id=18276, stack(0x0000000394400000,0x0000000394500000)]
  0x000001ea684ef0c0 JavaThread "C1 CompilerThread0" daemon [_thread_blocked, id=18900, stack(0x0000000394500000,0x0000000394600000)]
  0x000001ea68500600 JavaThread "Sweeper thread" daemon [_thread_blocked, id=19924, stack(0x0000000394600000,0x0000000394700000)]
  0x000001ea68630550 JavaThread "Notification Thread" daemon [_thread_blocked, id=3576, stack(0x0000000394700000,0x0000000394800000)]
  0x000001ea6863ae50 JavaThread "Common-Cleaner" daemon [_thread_blocked, id=6940, stack(0x0000000394900000,0x0000000394a00000)]
  0x000001ea68679b80 JavaThread "C2 CompilerThread1" daemon [_thread_in_native, id=3300, stack(0x0000000394a00000,0x0000000394b00000)]

Other Threads:
  0x000001ea683ad3c0 VMThread "VM Thread" [stack: 0x0000000393d00000,0x0000000393e00000] [id=19376]
  0x000001ea437a2c20 WatcherThread [stack: 0x0000000394800000,0x0000000394900000] [id=5928]
  0x000001ea4377e220 GCTaskThread "GC Thread#0" [stack: 0x0000000393800000,0x0000000393900000] [id=7256]
  0x000001ea6d28f800 GCTaskThread "GC Thread#1" [stack: 0x0000000394b00000,0x0000000394c00000] [id=5232]
  0x000001ea6d28fed0 GCTaskThread "GC Thread#2" [stack: 0x0000000394c00000,0x0000000394d00000] [id=10656]
  0x000001ea6d219ce0 GCTaskThread "GC Thread#3" [stack: 0x0000000394d00000,0x0000000394e00000] [id=2260]
  0x000001ea6d219fa0 GCTaskThread "GC Thread#4" [stack: 0x0000000394e00000,0x0000000394f00000] [id=7160]
  0x000001ea6d21aa70 GCTaskThread "GC Thread#5" [stack: 0x0000000394f00000,0x0000000395000000] [id=4840]
  0x000001ea4378ee80 ConcurrentGCThread "G1 Main Marker" [stack: 0x0000000393900000,0x0000000393a00000] [id=19004]
  0x000001ea43790560 ConcurrentGCThread "G1 Conc#0" [stack: 0x0000000393a00000,0x0000000393b00000] [id=12104]
  0x000001ea6826a520 ConcurrentGCThread "G1 Refine#0" [stack: 0x0000000393b00000,0x0000000393c00000] [id=4272]
  0x000001ea6826b820 ConcurrentGCThread "G1 Service" [stack: 0x0000000393c00000,0x0000000393d00000] [id=2600]

Threads with active compile tasks:
C2 CompilerThread1      517  805   !   4       java.util.zip.ZipFile::getEntry (59 bytes)

VM state: not at safepoint (normal execution)

VM Mutex/Monitor currently owned by a thread:  ([mutex/lock_event])
[0x000001ea43409fc0] Metaspace_lock - owner thread: 0x000001ea43710c40

Heap address: 0x0000000702e00000, size: 4050 MB, Compressed Oops mode: Zero based, Oop shift amount: 3

CDS archive(s) mapped at: [0x000001ea00000000-0x000001ea00bd0000-0x000001ea00bd0000), size 12386304, SharedBaseAddress: 0x000001ea00000000, ArchiveRelocationMode: 1.
Compressed class space mapped at: 0x000001ea01000000-0x000001ea41000000, reserved size: 1073741824
Narrow klass base: 0x000001ea00000000, Narrow klass shift: 0, Narrow klass range: 0x100000000

GC Precious Log:
 CPUs: 8 total, 8 available
 Memory: 16197M
 Large Page Support: Disabled
 NUMA Support: Disabled
 Compressed Oops: Enabled (Zero based)
 Heap Region Size: 2M
 Heap Min Capacity: 8M
 Heap Initial Capacity: 254M
 Heap Max Capacity: 4050M
 Pre-touch: Disabled
 Parallel Workers: 8
 Concurrent Workers: 2
 Concurrent Refinement Workers: 8
 Periodic GC: Disabled

Heap:
 garbage-first heap   total 260096K, used 15146K [0x0000000702e00000, 0x0000000800000000)
  region size 2048K, 7 young (14336K), 2 survivors (4096K)
 Metaspace       used 7953K, committed 8000K, reserved 1114112K
  class space    used 800K, committed 832K, reserved 1048576K

Heap Regions: E=young(eden), S=young(survivor), O=old, HS=humongous(starts), HC=humongous(continues), CS=collection set, F=free, OA=open archive, CA=closed archive, TAMS=top-at-mark-start (previous, next)
|   0|0x0000000702e00000, 0x0000000703000000, 0x0000000703000000|100%|HS|  |TAMS 0x0000000702e00000, 0x0000000702e00000| Complete 
|   1|0x0000000703000000, 0x0000000703200000, 0x0000000703200000|100%|HC|  |TAMS 0x0000000703000000, 0x0000000703000000| Complete 
|   2|0x0000000703200000, 0x0000000703200000, 0x0000000703400000|  0%| F|  |TAMS 0x0000000703200000, 0x0000000703200000| Untracked 
|   3|0x0000000703400000, 0x0000000703400000, 0x0000000703600000|  0%| F|  |TAMS 0x0000000703400000, 0x0000000703400000| Untracked 
|   4|0x0000000703600000, 0x0000000703600000, 0x0000000703800000|  0%| F|  |TAMS 0x0000000703600000, 0x0000000703600000| Untracked 
|   5|0x0000000703800000, 0x0000000703800000, 0x0000000703a00000|  0%| F|  |TAMS 0x0000000703800000, 0x0000000703800000| Untracked 
|   6|0x0000000703a00000, 0x0000000703a00000, 0x0000000703c00000|  0%| F|  |TAMS 0x0000000703a00000, 0x0000000703a00000| Untracked 
|   7|0x0000000703c00000, 0x0000000703c00000, 0x0000000703e00000|  0%| F|  |TAMS 0x0000000703c00000, 0x0000000703c00000| Untracked 
|   8|0x0000000703e00000, 0x0000000703e00000, 0x0000000704000000|  0%| F|  |TAMS 0x0000000703e00000, 0x0000000703e00000| Untracked 
|   9|0x0000000704000000, 0x0000000704000000, 0x0000000704200000|  0%| F|  |TAMS 0x0000000704000000, 0x0000000704000000| Untracked 
|  10|0x0000000704200000, 0x0000000704200000, 0x0000000704400000|  0%| F|  |TAMS 0x0000000704200000, 0x0000000704200000| Untracked 
|  11|0x0000000704400000, 0x0000000704400000, 0x0000000704600000|  0%| F|  |TAMS 0x0000000704400000, 0x0000000704400000| Untracked 
|  12|0x0000000704600000, 0x0000000704600000, 0x0000000704800000|  0%| F|  |TAMS 0x0000000704600000, 0x0000000704600000| Untracked 
|  13|0x0000000704800000, 0x0000000704800000, 0x0000000704a00000|  0%| F|  |TAMS 0x0000000704800000, 0x0000000704800000| Untracked 
|  14|0x0000000704a00000, 0x0000000704a00000, 0x0000000704c00000|  0%| F|  |TAMS 0x0000000704a00000, 0x0000000704a00000| Untracked 
|  15|0x0000000704c00000, 0x0000000704c00000, 0x0000000704e00000|  0%| F|  |TAMS 0x0000000704c00000, 0x0000000704c00000| Untracked 
|  16|0x0000000704e00000, 0x0000000704e00000, 0x0000000705000000|  0%| F|  |TAMS 0x0000000704e00000, 0x0000000704e00000| Untracked 
|  17|0x0000000705000000, 0x0000000705000000, 0x0000000705200000|  0%| F|  |TAMS 0x0000000705000000, 0x0000000705000000| Untracked 
|  18|0x0000000705200000, 0x0000000705200000, 0x0000000705400000|  0%| F|  |TAMS 0x0000000705200000, 0x0000000705200000| Untracked 
|  19|0x0000000705400000, 0x0000000705400000, 0x0000000705600000|  0%| F|  |TAMS 0x0000000705400000, 0x0000000705400000| Untracked 
|  20|0x0000000705600000, 0x0000000705600000, 0x0000000705800000|  0%| F|  |TAMS 0x0000000705600000, 0x0000000705600000| Untracked 
|  21|0x0000000705800000, 0x0000000705800000, 0x0000000705a00000|  0%| F|  |TAMS 0x0000000705800000, 0x0000000705800000| Untracked 
|  22|0x0000000705a00000, 0x0000000705a00000, 0x0000000705c00000|  0%| F|  |TAMS 0x0000000705a00000, 0x0000000705a00000| Untracked 
|  23|0x0000000705c00000, 0x0000000705c00000, 0x0000000705e00000|  0%| F|  |TAMS 0x0000000705c00000, 0x0000000705c00000| Untracked 
|  24|0x0000000705e00000, 0x0000000705e00000, 0x0000000706000000|  0%| F|  |TAMS 0x0000000705e00000, 0x0000000705e00000| Untracked 
|  25|0x0000000706000000, 0x0000000706000000, 0x0000000706200000|  0%| F|  |TAMS 0x0000000706000000, 0x0000000706000000| Untracked 
|  26|0x0000000706200000, 0x0000000706200000, 0x0000000706400000|  0%| F|  |TAMS 0x0000000706200000, 0x0000000706200000| Untracked 
|  27|0x0000000706400000, 0x0000000706400000, 0x0000000706600000|  0%| F|  |TAMS 0x0000000706400000, 0x0000000706400000| Untracked 
|  28|0x0000000706600000, 0x0000000706600000, 0x0000000706800000|  0%| F|  |TAMS 0x0000000706600000, 0x0000000706600000| Untracked 
|  29|0x0000000706800000, 0x0000000706800000, 0x0000000706a00000|  0%| F|  |TAMS 0x0000000706800000, 0x0000000706800000| Untracked 
|  30|0x0000000706a00000, 0x0000000706a00000, 0x0000000706c00000|  0%| F|  |TAMS 0x0000000706a00000, 0x0000000706a00000| Untracked 
|  31|0x0000000706c00000, 0x0000000706c00000, 0x0000000706e00000|  0%| F|  |TAMS 0x0000000706c00000, 0x0000000706c00000| Untracked 
|  32|0x0000000706e00000, 0x0000000706e00000, 0x0000000707000000|  0%| F|  |TAMS 0x0000000706e00000, 0x0000000706e00000| Untracked 
|  33|0x0000000707000000, 0x0000000707000000, 0x0000000707200000|  0%| F|  |TAMS 0x0000000707000000, 0x0000000707000000| Untracked 
|  34|0x0000000707200000, 0x0000000707200000, 0x0000000707400000|  0%| F|  |TAMS 0x0000000707200000, 0x0000000707200000| Untracked 
|  35|0x0000000707400000, 0x0000000707400000, 0x0000000707600000|  0%| F|  |TAMS 0x0000000707400000, 0x0000000707400000| Untracked 
|  36|0x0000000707600000, 0x0000000707600000, 0x0000000707800000|  0%| F|  |TAMS 0x0000000707600000, 0x0000000707600000| Untracked 
|  37|0x0000000707800000, 0x0000000707800000, 0x0000000707a00000|  0%| F|  |TAMS 0x0000000707800000, 0x0000000707800000| Untracked 
|  38|0x0000000707a00000, 0x0000000707a00000, 0x0000000707c00000|  0%| F|  |TAMS 0x0000000707a00000, 0x0000000707a00000| Untracked 
|  39|0x0000000707c00000, 0x0000000707c00000, 0x0000000707e00000|  0%| F|  |TAMS 0x0000000707c00000, 0x0000000707c00000| Untracked 
|  40|0x0000000707e00000, 0x0000000707e00000, 0x0000000708000000|  0%| F|  |TAMS 0x0000000707e00000, 0x0000000707e00000| Untracked 
|  41|0x0000000708000000, 0x0000000708000000, 0x0000000708200000|  0%| F|  |TAMS 0x0000000708000000, 0x0000000708000000| Untracked 
|  42|0x0000000708200000, 0x0000000708200000, 0x0000000708400000|  0%| F|  |TAMS 0x0000000708200000, 0x0000000708200000| Untracked 
|  43|0x0000000708400000, 0x0000000708400000, 0x0000000708600000|  0%| F|  |TAMS 0x0000000708400000, 0x0000000708400000| Untracked 
|  44|0x0000000708600000, 0x0000000708600000, 0x0000000708800000|  0%| F|  |TAMS 0x0000000708600000, 0x0000000708600000| Untracked 
|  45|0x0000000708800000, 0x0000000708800000, 0x0000000708a00000|  0%| F|  |TAMS 0x0000000708800000, 0x0000000708800000| Untracked 
|  46|0x0000000708a00000, 0x0000000708a00000, 0x0000000708c00000|  0%| F|  |TAMS 0x0000000708a00000, 0x0000000708a00000| Untracked 
|  47|0x0000000708c00000, 0x0000000708c00000, 0x0000000708e00000|  0%| F|  |TAMS 0x0000000708c00000, 0x0000000708c00000| Untracked 
|  48|0x0000000708e00000, 0x0000000708e00000, 0x0000000709000000|  0%| F|  |TAMS 0x0000000708e00000, 0x0000000708e00000| Untracked 
|  49|0x0000000709000000, 0x0000000709000000, 0x0000000709200000|  0%| F|  |TAMS 0x0000000709000000, 0x0000000709000000| Untracked 
|  50|0x0000000709200000, 0x0000000709200000, 0x0000000709400000|  0%| F|  |TAMS 0x0000000709200000, 0x0000000709200000| Untracked 
|  51|0x0000000709400000, 0x0000000709400000, 0x0000000709600000|  0%| F|  |TAMS 0x0000000709400000, 0x0000000709400000| Untracked 
|  52|0x0000000709600000, 0x0000000709600000, 0x0000000709800000|  0%| F|  |TAMS 0x0000000709600000, 0x0000000709600000| Untracked 
|  53|0x0000000709800000, 0x0000000709800000, 0x0000000709a00000|  0%| F|  |TAMS 0x0000000709800000, 0x0000000709800000| Untracked 
|  54|0x0000000709a00000, 0x0000000709a00000, 0x0000000709c00000|  0%| F|  |TAMS 0x0000000709a00000, 0x0000000709a00000| Untracked 
|  55|0x0000000709c00000, 0x0000000709c00000, 0x0000000709e00000|  0%| F|  |TAMS 0x0000000709c00000, 0x0000000709c00000| Untracked 
|  56|0x0000000709e00000, 0x0000000709e00000, 0x000000070a000000|  0%| F|  |TAMS 0x0000000709e00000, 0x0000000709e00000| Untracked 
|  57|0x000000070a000000, 0x000000070a000000, 0x000000070a200000|  0%| F|  |TAMS 0x000000070a000000, 0x000000070a000000| Untracked 
|  58|0x000000070a200000, 0x000000070a200000, 0x000000070a400000|  0%| F|  |TAMS 0x000000070a200000, 0x000000070a200000| Untracked 
|  59|0x000000070a400000, 0x000000070a400000, 0x000000070a600000|  0%| F|  |TAMS 0x000000070a400000, 0x000000070a400000| Untracked 
|  60|0x000000070a600000, 0x000000070a600000, 0x000000070a800000|  0%| F|  |TAMS 0x000000070a600000, 0x000000070a600000| Untracked 
|  61|0x000000070a800000, 0x000000070a800000, 0x000000070aa00000|  0%| F|  |TAMS 0x000000070a800000, 0x000000070a800000| Untracked 
|  62|0x000000070aa00000, 0x000000070aa00000, 0x000000070ac00000|  0%| F|  |TAMS 0x000000070aa00000, 0x000000070aa00000| Untracked 
|  63|0x000000070ac00000, 0x000000070ac00000, 0x000000070ae00000|  0%| F|  |TAMS 0x000000070ac00000, 0x000000070ac00000| Untracked 
|  64|0x000000070ae00000, 0x000000070ae00000, 0x000000070b000000|  0%| F|  |TAMS 0x000000070ae00000, 0x000000070ae00000| Untracked 
|  65|0x000000070b000000, 0x000000070b000000, 0x000000070b200000|  0%| F|  |TAMS 0x000000070b000000, 0x000000070b000000| Untracked 
|  66|0x000000070b200000, 0x000000070b200000, 0x000000070b400000|  0%| F|  |TAMS 0x000000070b200000, 0x000000070b200000| Untracked 
|  67|0x000000070b400000, 0x000000070b400000, 0x000000070b600000|  0%| F|  |TAMS 0x000000070b400000, 0x000000070b400000| Untracked 
|  68|0x000000070b600000, 0x000000070b600000, 0x000000070b800000|  0%| F|  |TAMS 0x000000070b600000, 0x000000070b600000| Untracked 
|  69|0x000000070b800000, 0x000000070b800000, 0x000000070ba00000|  0%| F|  |TAMS 0x000000070b800000, 0x000000070b800000| Untracked 
|  70|0x000000070ba00000, 0x000000070ba00000, 0x000000070bc00000|  0%| F|  |TAMS 0x000000070ba00000, 0x000000070ba00000| Untracked 
|  71|0x000000070bc00000, 0x000000070bc00000, 0x000000070be00000|  0%| F|  |TAMS 0x000000070bc00000, 0x000000070bc00000| Untracked 
|  72|0x000000070be00000, 0x000000070be00000, 0x000000070c000000|  0%| F|  |TAMS 0x000000070be00000, 0x000000070be00000| Untracked 
|  73|0x000000070c000000, 0x000000070c000000, 0x000000070c200000|  0%| F|  |TAMS 0x000000070c000000, 0x000000070c000000| Untracked 
|  74|0x000000070c200000, 0x000000070c200000, 0x000000070c400000|  0%| F|  |TAMS 0x000000070c200000, 0x000000070c200000| Untracked 
|  75|0x000000070c400000, 0x000000070c400000, 0x000000070c600000|  0%| F|  |TAMS 0x000000070c400000, 0x000000070c400000| Untracked 
|  76|0x000000070c600000, 0x000000070c600000, 0x000000070c800000|  0%| F|  |TAMS 0x000000070c600000, 0x000000070c600000| Untracked 
|  77|0x000000070c800000, 0x000000070c800000, 0x000000070ca00000|  0%| F|  |TAMS 0x000000070c800000, 0x000000070c800000| Untracked 
|  78|0x000000070ca00000, 0x000000070ca00000, 0x000000070cc00000|  0%| F|  |TAMS 0x000000070ca00000, 0x000000070ca00000| Untracked 
|  79|0x000000070cc00000, 0x000000070cc00000, 0x000000070ce00000|  0%| F|  |TAMS 0x000000070cc00000, 0x000000070cc00000| Untracked 
|  80|0x000000070ce00000, 0x000000070ce00000, 0x000000070d000000|  0%| F|  |TAMS 0x000000070ce00000, 0x000000070ce00000| Untracked 
|  81|0x000000070d000000, 0x000000070d000000, 0x000000070d200000|  0%| F|  |TAMS 0x000000070d000000, 0x000000070d000000| Untracked 
|  82|0x000000070d200000, 0x000000070d200000, 0x000000070d400000|  0%| F|  |TAMS 0x000000070d200000, 0x000000070d200000| Untracked 
|  83|0x000000070d400000, 0x000000070d400000, 0x000000070d600000|  0%| F|  |TAMS 0x000000070d400000, 0x000000070d400000| Untracked 
|  84|0x000000070d600000, 0x000000070d600000, 0x000000070d800000|  0%| F|  |TAMS 0x000000070d600000, 0x000000070d600000| Untracked 
|  85|0x000000070d800000, 0x000000070d800000, 0x000000070da00000|  0%| F|  |TAMS 0x000000070d800000, 0x000000070d800000| Untracked 
|  86|0x000000070da00000, 0x000000070da00000, 0x000000070dc00000|  0%| F|  |TAMS 0x000000070da00000, 0x000000070da00000| Untracked 
|  87|0x000000070dc00000, 0x000000070dc00000, 0x000000070de00000|  0%| F|  |TAMS 0x000000070dc00000, 0x000000070dc00000| Untracked 
|  88|0x000000070de00000, 0x000000070de00000, 0x000000070e000000|  0%| F|  |TAMS 0x000000070de00000, 0x000000070de00000| Untracked 
|  89|0x000000070e000000, 0x000000070e000000, 0x000000070e200000|  0%| F|  |TAMS 0x000000070e000000, 0x000000070e000000| Untracked 
|  90|0x000000070e200000, 0x000000070e200000, 0x000000070e400000|  0%| F|  |TAMS 0x000000070e200000, 0x000000070e200000| Untracked 
|  91|0x000000070e400000, 0x000000070e400000, 0x000000070e600000|  0%| F|  |TAMS 0x000000070e400000, 0x000000070e400000| Untracked 
|  92|0x000000070e600000, 0x000000070e600000, 0x000000070e800000|  0%| F|  |TAMS 0x000000070e600000, 0x000000070e600000| Untracked 
|  93|0x000000070e800000, 0x000000070e800000, 0x000000070ea00000|  0%| F|  |TAMS 0x000000070e800000, 0x000000070e800000| Untracked 
|  94|0x000000070ea00000, 0x000000070ea00000, 0x000000070ec00000|  0%| F|  |TAMS 0x000000070ea00000, 0x000000070ea00000| Untracked 
|  95|0x000000070ec00000, 0x000000070ec00000, 0x000000070ee00000|  0%| F|  |TAMS 0x000000070ec00000, 0x000000070ec00000| Untracked 
|  96|0x000000070ee00000, 0x000000070ee00000, 0x000000070f000000|  0%| F|  |TAMS 0x000000070ee00000, 0x000000070ee00000| Untracked 
|  97|0x000000070f000000, 0x000000070f000000, 0x000000070f200000|  0%| F|  |TAMS 0x000000070f000000, 0x000000070f000000| Untracked 
|  98|0x000000070f200000, 0x000000070f200000, 0x000000070f400000|  0%| F|  |TAMS 0x000000070f200000, 0x000000070f200000| Untracked 
|  99|0x000000070f400000, 0x000000070f400000, 0x000000070f600000|  0%| F|  |TAMS 0x000000070f400000, 0x000000070f400000| Untracked 
| 100|0x000000070f600000, 0x000000070f600000, 0x000000070f800000|  0%| F|  |TAMS 0x000000070f600000, 0x000000070f600000| Untracked 
| 101|0x000000070f800000, 0x000000070f800000, 0x000000070fa00000|  0%| F|  |TAMS 0x000000070f800000, 0x000000070f800000| Untracked 
| 102|0x000000070fa00000, 0x000000070fa00000, 0x000000070fc00000|  0%| F|  |TAMS 0x000000070fa00000, 0x000000070fa00000| Untracked 
| 103|0x000000070fc00000, 0x000000070fc00000, 0x000000070fe00000|  0%| F|  |TAMS 0x000000070fc00000, 0x000000070fc00000| Untracked 
| 104|0x000000070fe00000, 0x000000070fe00000, 0x0000000710000000|  0%| F|  |TAMS 0x000000070fe00000, 0x000000070fe00000| Untracked 
| 105|0x0000000710000000, 0x0000000710000000, 0x0000000710200000|  0%| F|  |TAMS 0x0000000710000000, 0x0000000710000000| Untracked 
| 106|0x0000000710200000, 0x0000000710200000, 0x0000000710400000|  0%| F|  |TAMS 0x0000000710200000, 0x0000000710200000| Untracked 
| 107|0x0000000710400000, 0x0000000710400000, 0x0000000710600000|  0%| F|  |TAMS 0x0000000710400000, 0x0000000710400000| Untracked 
| 108|0x0000000710600000, 0x0000000710600000, 0x0000000710800000|  0%| F|  |TAMS 0x0000000710600000, 0x0000000710600000| Untracked 
| 109|0x0000000710800000, 0x0000000710800000, 0x0000000710a00000|  0%| F|  |TAMS 0x0000000710800000, 0x0000000710800000| Untracked 
| 110|0x0000000710a00000, 0x0000000710a00000, 0x0000000710c00000|  0%| F|  |TAMS 0x0000000710a00000, 0x0000000710a00000| Untracked 
| 111|0x0000000710c00000, 0x0000000710c00000, 0x0000000710e00000|  0%| F|  |TAMS 0x0000000710c00000, 0x0000000710c00000| Untracked 
| 112|0x0000000710e00000, 0x0000000710e00000, 0x0000000711000000|  0%| F|  |TAMS 0x0000000710e00000, 0x0000000710e00000| Untracked 
| 113|0x0000000711000000, 0x0000000711000000, 0x0000000711200000|  0%| F|  |TAMS 0x0000000711000000, 0x0000000711000000| Untracked 
| 114|0x0000000711200000, 0x00000007112caa78, 0x0000000711400000| 39%| S|CS|TAMS 0x0000000711200000, 0x0000000711200000| Complete 
| 115|0x0000000711400000, 0x0000000711600000, 0x0000000711600000|100%| S|CS|TAMS 0x0000000711400000, 0x0000000711400000| Complete 
| 116|0x0000000711600000, 0x0000000711600000, 0x0000000711800000|  0%| F|  |TAMS 0x0000000711600000, 0x0000000711600000| Untracked 
| 117|0x0000000711800000, 0x0000000711800000, 0x0000000711a00000|  0%| F|  |TAMS 0x0000000711800000, 0x0000000711800000| Untracked 
| 118|0x0000000711a00000, 0x0000000711a00000, 0x0000000711c00000|  0%| F|  |TAMS 0x0000000711a00000, 0x0000000711a00000| Untracked 
| 119|0x0000000711c00000, 0x0000000711c00000, 0x0000000711e00000|  0%| F|  |TAMS 0x0000000711c00000, 0x0000000711c00000| Untracked 
| 120|0x0000000711e00000, 0x0000000711e00000, 0x0000000712000000|  0%| F|  |TAMS 0x0000000711e00000, 0x0000000711e00000| Untracked 
| 121|0x0000000712000000, 0x0000000712000000, 0x0000000712200000|  0%| F|  |TAMS 0x0000000712000000, 0x0000000712000000| Untracked 
| 122|0x0000000712200000, 0x0000000712400000, 0x0000000712400000|100%| E|  |TAMS 0x0000000712200000, 0x0000000712200000| Complete 
| 123|0x0000000712400000, 0x0000000712600000, 0x0000000712600000|100%| E|CS|TAMS 0x0000000712400000, 0x0000000712400000| Complete 
| 124|0x0000000712600000, 0x0000000712800000, 0x0000000712800000|100%| E|CS|TAMS 0x0000000712600000, 0x0000000712600000| Complete 
| 125|0x0000000712800000, 0x0000000712a00000, 0x0000000712a00000|100%| E|CS|TAMS 0x0000000712800000, 0x0000000712800000| Complete 
| 126|0x0000000712a00000, 0x0000000712c00000, 0x0000000712c00000|100%| E|CS|TAMS 0x0000000712a00000, 0x0000000712a00000| Complete 

Card table byte_map: [0x000001ea5cad0000,0x000001ea5d2c0000] _byte_map_base: 0x000001ea592b9000

Marking Bits (Prev, Next): (CMBitMap*) 0x000001ea4377e840, (CMBitMap*) 0x000001ea4377e880
 Prev Bits: [0x000001ea5dab0000, 0x000001ea619f8000)
 Next Bits: [0x000001ea61a00000, 0x000001ea65948000)

Polling page: 0x000001ea437e0000

Metaspace:

Usage:
  Non-class:      6.99 MB used.
      Class:    800.27 KB used.
       Both:      7.77 MB used.

Virtual space:
  Non-class space:       64.00 MB reserved,       7.00 MB ( 11%) committed,  1 nodes.
      Class space:        1.00 GB reserved,     832.00 KB ( <1%) committed,  1 nodes.
             Both:        1.06 GB reserved,       7.81 MB ( <1%) committed. 

Chunk freelists:
   Non-Class:  6.23 MB
       Class:  15.06 MB
        Both:  21.30 MB

MaxMetaspaceSize: unlimited
CompressedClassSpaceSize: 1.00 GB
Initial GC threshold: 21.00 MB
Current GC threshold: 21.00 MB
CDS: on
MetaspaceReclaimPolicy: balanced
 - commit_granule_bytes: 65536.
 - commit_granule_words: 8192.
 - virtual_space_node_default_size: 8388608.
 - enlarge_chunks_in_place: 1.
 - new_chunks_are_fully_committed: 0.
 - uncommit_free_chunks: 1.
 - use_allocation_guard: 0.
 - handle_deallocations: 1.


Internal statistics:

num_allocs_failed_limit: 0.
num_arena_births: 10.
num_arena_deaths: 0.
num_vsnodes_births: 2.
num_vsnodes_deaths: 0.
num_space_committed: 125.
num_space_uncommitted: 0.
num_chunks_returned_to_freelist: 0.
num_chunks_taken_from_freelist: 239.
num_chunk_merges: 0.
num_chunk_splits: 214.
num_chunks_enlarged: 201.
num_inconsistent_stats: 0.

CodeHeap 'non-profiled nmethods': size=120000Kb used=244Kb max_used=244Kb free=119755Kb
 bounds [0x000001ea54440000, 0x000001ea546b0000, 0x000001ea5b970000]
CodeHeap 'profiled nmethods': size=120000Kb used=1621Kb max_used=1621Kb free=118378Kb
 bounds [0x000001ea4c970000, 0x000001ea4cbe0000, 0x000001ea53ea0000]
CodeHeap 'non-nmethods': size=5760Kb used=1148Kb max_used=1170Kb free=4611Kb
 bounds [0x000001ea53ea0000, 0x000001ea54110000, 0x000001ea54440000]
 total_blobs=1346 nmethods=911 adapters=348
 compilation: enabled
              stopped_count=0, restarted_count=0
 full_count=0

Compilation events (20 events):
Event: 0.499 Thread 0x000001ea684ef0c0 nmethod 906 0x000001ea4cb03710 code [0x000001ea4cb038a0, 0x000001ea4cb039e8]
Event: 0.499 Thread 0x000001ea684ef0c0  907       3       java.lang.AbstractStringBuilder::append (54 bytes)
Event: 0.499 Thread 0x000001ea684ef0c0 nmethod 907 0x000001ea4cb03a90 code [0x000001ea4cb03cc0, 0x000001ea4cb046c8]
Event: 0.499 Thread 0x000001ea684ef0c0  904       3       java.util.LinkedList::addFirst (6 bytes)
Event: 0.499 Thread 0x000001ea684ef0c0 nmethod 904 0x000001ea4cb04910 code [0x000001ea4cb04aa0, 0x000001ea4cb04be8]
Event: 0.499 Thread 0x000001ea684ef0c0  903       3       kotlin.reflect.jvm.internal.impl.name.FqName::hashCode (8 bytes)
Event: 0.499 Thread 0x000001ea684ef0c0 nmethod 903 0x000001ea4cb04c90 code [0x000001ea4cb04e40, 0x000001ea4cb04fe8]
Event: 0.499 Thread 0x000001ea684ef0c0  908       1       java.lang.Boolean::booleanValue (5 bytes)
Event: 0.500 Thread 0x000001ea684ef0c0 nmethod 908 0x000001ea5447bd90 code [0x000001ea5447bf20, 0x000001ea5447bff8]
Event: 0.500 Thread 0x000001ea684ef0c0  909       1       java.util.concurrent.locks.AbstractQueuedSynchronizer::getState (5 bytes)
Event: 0.500 Thread 0x000001ea684ef0c0 nmethod 909 0x000001ea5447c090 code [0x000001ea5447c220, 0x000001ea5447c2f8]
Event: 0.500 Thread 0x000001ea684ef0c0  910       1       java.util.concurrent.locks.AbstractOwnableSynchronizer::getExclusiveOwnerThread (5 bytes)
Event: 0.500 Thread 0x000001ea684ef0c0 nmethod 910 0x000001ea5447c390 code [0x000001ea5447c520, 0x000001ea5447c5f8]
Event: 0.500 Thread 0x000001ea684ef0c0  911       1       java.util.concurrent.locks.AbstractQueuedSynchronizer::setState (6 bytes)
Event: 0.500 Thread 0x000001ea684ef0c0 nmethod 911 0x000001ea5447c690 code [0x000001ea5447c820, 0x000001ea5447c8f8]
Event: 0.501 Thread 0x000001ea683ce8d0 nmethod 870 0x000001ea5447c990 code [0x000001ea5447cb20, 0x000001ea5447ce88]
Event: 0.501 Thread 0x000001ea683ce8d0  845       4       kotlin.reflect.jvm.internal.impl.protobuf.GeneratedMessageLite::makeExtensionsImmutable (1 bytes)
Event: 0.501 Thread 0x000001ea684ef0c0  912       3       java.lang.reflect.Modifier::isStatic (13 bytes)
Event: 0.501 Thread 0x000001ea683ce8d0 nmethod 845 0x000001ea5447d090 code [0x000001ea5447d200, 0x000001ea5447d278]
Event: 0.501 Thread 0x000001ea684ef0c0 nmethod 912 0x000001ea4cb05110 code [0x000001ea4cb052a0, 0x000001ea4cb053f8]

GC Heap History (2 events):
Event: 0.385 GC heap before
{Heap before GC invocations=0 (full 0):
 garbage-first heap   total 260096K, used 24576K [0x0000000702e00000, 0x0000000800000000)
  region size 2048K, 11 young (22528K), 0 survivors (0K)
 Metaspace       used 6237K, committed 6336K, reserved 1114112K
  class space    used 588K, committed 640K, reserved 1048576K
}
Event: 0.389 GC heap after
{Heap after GC invocations=1 (full 0):
 garbage-first heap   total 260096K, used 6954K [0x0000000702e00000, 0x0000000800000000)
  region size 2048K, 2 young (4096K), 2 survivors (4096K)
 Metaspace       used 6237K, committed 6336K, reserved 1114112K
  class space    used 588K, committed 640K, reserved 1048576K
}

Deoptimization events (20 events):
Event: 0.199 Thread 0x000001ea43710c40 Uncommon trap: trap_request=0xffffff6e fr.pc=0x000001ea5444db60 relative=0x0000000000000160
Event: 0.199 Thread 0x000001ea43710c40 Uncommon trap: reason=loop_limit_check action=maybe_recompile pc=0x000001ea5444db60 method=java.lang.StringLatin1.lastIndexOf([BII)I @ 19 c2
Event: 0.199 Thread 0x000001ea43710c40 DEOPT PACKING pc=0x000001ea5444db60 sp=0x00000003937fc500
Event: 0.199 Thread 0x000001ea43710c40 DEOPT UNPACKING pc=0x000001ea53ef23a3 sp=0x00000003937fc480 mode 2
Event: 0.335 Thread 0x000001ea43710c40 DEOPT PACKING pc=0x000001ea4ca225eb sp=0x00000003937fb470
Event: 0.335 Thread 0x000001ea43710c40 DEOPT UNPACKING pc=0x000001ea53ef2b43 sp=0x00000003937fa8d0 mode 0
Event: 0.358 Thread 0x000001ea43710c40 DEOPT PACKING pc=0x000001ea4c9a3456 sp=0x00000003937fc6c0
Event: 0.358 Thread 0x000001ea43710c40 DEOPT UNPACKING pc=0x000001ea53ef2b43 sp=0x00000003937fbb48 mode 0
Event: 0.390 Thread 0x000001ea43710c40 DEOPT PACKING pc=0x000001ea4c9b83e5 sp=0x00000003937fc630
Event: 0.390 Thread 0x000001ea43710c40 DEOPT UNPACKING pc=0x000001ea53ef2b43 sp=0x00000003937fba80 mode 0
Event: 0.396 Thread 0x000001ea43710c40 DEOPT PACKING pc=0x000001ea4c9c6b40 sp=0x00000003937fcad0
Event: 0.396 Thread 0x000001ea43710c40 DEOPT UNPACKING pc=0x000001ea53ef2b43 sp=0x00000003937fbfe8 mode 0
Event: 0.462 Thread 0x000001ea43710c40 Uncommon trap: trap_request=0xffffff45 fr.pc=0x000001ea5445e9b8 relative=0x0000000000000098
Event: 0.462 Thread 0x000001ea43710c40 Uncommon trap: reason=unstable_if action=reinterpret pc=0x000001ea5445e9b8 method=sun.reflect.generics.parser.SignatureParser.current()C @ 39 c2
Event: 0.462 Thread 0x000001ea43710c40 DEOPT PACKING pc=0x000001ea5445e9b8 sp=0x00000003937fb7d0
Event: 0.462 Thread 0x000001ea43710c40 DEOPT UNPACKING pc=0x000001ea53ef23a3 sp=0x00000003937fb768 mode 2
Event: 0.482 Thread 0x000001ea43710c40 Uncommon trap: trap_request=0xffffff45 fr.pc=0x000001ea544761e4 relative=0x0000000000000144
Event: 0.482 Thread 0x000001ea43710c40 Uncommon trap: reason=unstable_if action=reinterpret pc=0x000001ea544761e4 method=kotlin.reflect.jvm.internal.impl.protobuf.CodedInputStream.readRawVarint32()I @ 69 c2
Event: 0.482 Thread 0x000001ea43710c40 DEOPT PACKING pc=0x000001ea544761e4 sp=0x00000003937fba60
Event: 0.482 Thread 0x000001ea43710c40 DEOPT UNPACKING pc=0x000001ea53ef23a3 sp=0x00000003937fb9e8 mode 2

Classes unloaded (0 events):
No events

Classes redefined (0 events):
No events

Internal exceptions (0 events):
No events

VM Operations (10 events):
Event: 0.066 Executing VM operation: HandshakeAllThreads
Event: 0.066 Executing VM operation: HandshakeAllThreads done
Event: 0.198 Executing VM operation: HandshakeAllThreads
Event: 0.198 Executing VM operation: HandshakeAllThreads done
Event: 0.310 Executing VM operation: HandshakeAllThreads
Event: 0.310 Executing VM operation: HandshakeAllThreads done
Event: 0.385 Executing VM operation: G1CollectForAllocation
Event: 0.389 Executing VM operation: G1CollectForAllocation done
Event: 0.494 Executing VM operation: HandshakeAllThreads
Event: 0.494 Executing VM operation: HandshakeAllThreads done

Events (20 events):
Event: 0.462 loading class sun/reflect/generics/repository/GenericDeclRepository done
Event: 0.462 loading class sun/reflect/generics/repository/ClassRepository done
Event: 0.462 loading class sun/reflect/generics/tree/FormalTypeParameter
Event: 0.462 loading class sun/reflect/generics/tree/FormalTypeParameter done
Event: 0.462 loading class sun/reflect/generics/tree/ClassSignature
Event: 0.462 loading class sun/reflect/generics/tree/Signature
Event: 0.462 loading class sun/reflect/generics/tree/Signature done
Event: 0.462 loading class sun/reflect/generics/tree/ClassSignature done
Event: 0.462 loading class java/lang/reflect/TypeVariable
Event: 0.462 loading class java/lang/reflect/TypeVariable done
Event: 0.463 loading class java/lang/reflect/AnnotatedType
Event: 0.463 loading class java/lang/reflect/AnnotatedType done
Event: 0.495 loading class java/util/LinkedList$ListItr
Event: 0.495 loading class java/util/LinkedList$ListItr done
Event: 0.500 loading class jdk/internal/reflect/UnsafeFieldAccessorFactory
Event: 0.500 loading class jdk/internal/reflect/UnsafeFieldAccessorFactory done
Event: 0.500 loading class jdk/internal/reflect/UnsafeQualifiedStaticObjectFieldAccessorImpl
Event: 0.500 loading class jdk/internal/reflect/UnsafeQualifiedStaticFieldAccessorImpl
Event: 0.500 loading class jdk/internal/reflect/UnsafeQualifiedStaticFieldAccessorImpl done
Event: 0.500 loading class jdk/internal/reflect/UnsafeQualifiedStaticObjectFieldAccessorImpl done


Dynamic libraries:
0x00007ff6a1f00000 - 0x00007ff6a1f10000 	C:\Program Files\Java\jdk-17\bin\java.exe
0x00007ffc9bcc0000 - 0x00007ffc9bf27000 	C:\WINDOWS\SYSTEM32\ntdll.dll
0x00007ffc9a440000 - 0x00007ffc9a509000 	C:\WINDOWS\System32\KERNEL32.DLL
0x00007ffc990c0000 - 0x00007ffc994b4000 	C:\WINDOWS\System32\KERNELBASE.dll
0x00007ffc994c0000 - 0x00007ffc9960b000 	C:\WINDOWS\System32\ucrtbase.dll
0x00007ffc93f40000 - 0x00007ffc93f5b000 	C:\Program Files\Java\jdk-17\bin\VCRUNTIME140.dll
0x00007ffc83830000 - 0x00007ffc83849000 	C:\Program Files\Java\jdk-17\bin\jli.dll
0x00007ffc9a060000 - 0x00007ffc9a116000 	C:\WINDOWS\System32\ADVAPI32.dll
0x00007ffc99fb0000 - 0x00007ffc9a059000 	C:\WINDOWS\System32\msvcrt.dll
0x00007ffc9a390000 - 0x00007ffc9a437000 	C:\WINDOWS\System32\sechost.dll
0x00007ffc9b580000 - 0x00007ffc9b698000 	C:\WINDOWS\System32\RPCRT4.dll
0x00007ffc9a570000 - 0x00007ffc9a735000 	C:\WINDOWS\System32\USER32.dll
0x00007ffc98fe0000 - 0x00007ffc99007000 	C:\WINDOWS\System32\win32u.dll
0x00007ffc89f20000 - 0x00007ffc8a1b3000 	C:\WINDOWS\WinSxS\amd64_microsoft.windows.common-controls_6595b64144ccf1df_6.0.26100.8115_none_3e075c82e3354f9c\COMCTL32.dll
0x00007ffc9b6b0000 - 0x00007ffc9b6db000 	C:\WINDOWS\System32\GDI32.dll
0x00007ffc98640000 - 0x00007ffc9876b000 	C:\WINDOWS\System32\gdi32full.dll
0x00007ffc99010000 - 0x00007ffc990b3000 	C:\WINDOWS\System32\msvcp_win.dll
0x00007ffc928a0000 - 0x00007ffc928ab000 	C:\WINDOWS\SYSTEM32\VERSION.dll
0x00007ffc99f70000 - 0x00007ffc99fa2000 	C:\WINDOWS\System32\IMM32.DLL
0x00007ffc93d50000 - 0x00007ffc93d5c000 	C:\Program Files\Java\jdk-17\bin\vcruntime140_1.dll
0x00007ffc76be0000 - 0x00007ffc76c6e000 	C:\Program Files\Java\jdk-17\bin\msvcp140.dll
0x00007ffc037f0000 - 0x00007ffc043d0000 	C:\Program Files\Java\jdk-17\bin\server\jvm.dll
0x00007ffc9bc70000 - 0x00007ffc9bc78000 	C:\WINDOWS\System32\PSAPI.DLL
0x00007ffc7b100000 - 0x00007ffc7b10a000 	C:\WINDOWS\SYSTEM32\WSOCK32.dll
0x00007ffc8f3a0000 - 0x00007ffc8f3d6000 	C:\WINDOWS\SYSTEM32\WINMM.dll
0x00007ffc9b1a0000 - 0x00007ffc9b220000 	C:\WINDOWS\System32\WS2_32.dll
0x00007ffc972e0000 - 0x00007ffc972fb000 	C:\WINDOWS\SYSTEM32\kernel.appcore.dll
0x00007ffc924f0000 - 0x00007ffc924fa000 	C:\Program Files\Java\jdk-17\bin\jimage.dll
0x00007ffc8a1c0000 - 0x00007ffc8a402000 	C:\WINDOWS\SYSTEM32\DBGHELP.DLL
0x00007ffc9b700000 - 0x00007ffc9ba82000 	C:\WINDOWS\System32\combase.dll
0x00007ffc9b230000 - 0x00007ffc9b308000 	C:\WINDOWS\System32\OLEAUT32.dll
0x00007ffc89ee0000 - 0x00007ffc89f1b000 	C:\WINDOWS\SYSTEM32\dbgcore.DLL
0x00007ffc98590000 - 0x00007ffc98635000 	C:\WINDOWS\System32\bcryptPrimitives.dll
0x00007ffc80a40000 - 0x00007ffc80a65000 	C:\Program Files\Java\jdk-17\bin\java.dll
0x00007ffc733c0000 - 0x00007ffc73497000 	C:\Program Files\Java\jdk-17\bin\jsvml.dll
0x00007ffc9a8c0000 - 0x00007ffc9b027000 	C:\WINDOWS\System32\SHELL32.dll
0x00007ffc998e0000 - 0x00007ffc99a4a000 	C:\WINDOWS\System32\wintypes.dll
0x00007ffc98770000 - 0x00007ffc98fd8000 	C:\WINDOWS\System32\windows.storage.dll
0x00007ffc9a740000 - 0x00007ffc9a838000 	C:\WINDOWS\System32\SHCORE.dll
0x00007ffc9b130000 - 0x00007ffc9b196000 	C:\WINDOWS\System32\shlwapi.dll
0x00007ffc984b0000 - 0x00007ffc984d9000 	C:\WINDOWS\SYSTEM32\profapi.dll
0x00007ffc80a80000 - 0x00007ffc80a99000 	C:\Program Files\Java\jdk-17\bin\net.dll
0x00007ffc92580000 - 0x00007ffc926ad000 	C:\WINDOWS\SYSTEM32\WINHTTP.dll
0x00007ffc97830000 - 0x00007ffc9789c000 	C:\WINDOWS\system32\mswsock.dll
0x00007ffc809e0000 - 0x00007ffc809f6000 	C:\Program Files\Java\jdk-17\bin\nio.dll
0x00007ffc7f860000 - 0x00007ffc7f878000 	C:\Program Files\Java\jdk-17\bin\zip.dll

dbghelp: loaded successfully - version: 4.0.5 - missing functions: none
symbol engine: initialized successfully - sym options: 0x614 - pdb path: .;C:\Program Files\Java\jdk-17\bin;C:\WINDOWS\SYSTEM32;C:\WINDOWS\WinSxS\amd64_microsoft.windows.common-controls_6595b64144ccf1df_6.0.26100.8115_none_3e075c82e3354f9c;C:\Program Files\Java\jdk-17\bin\server

VM Arguments:
java_command: org.jetbrains.kotlin.cli.jvm.K2JVMCompiler @C:\src\flutter\packages\flutter_tools\gradle\build\20260824_11981743591746244269.compiler.options
java_class_path (initial): C:\Users\Inurum_Four\.gradle\caches\modules-2\files-2.1\org.jetbrains.kotlin\kotlin-compiler-embeddable\2.2.20\bb8331b7585e36ea311825b01a1c06860c055fd1\kotlin-compiler-embeddable-2.2.20.jar;C:\Users\Inurum_Four\.gradle\caches\modules-2\files-2.1\org.jetbrains.kotlin\kotlin-stdlib\2.2.20\5380b19fa1924399b62ce3a1faffebb2b4f82272\kotlin-stdlib-2.2.20.jar;C:\Users\Inurum_Four\.gradle\caches\modules-2\files-2.1\org.jetbrains.kotlin\kotlin-script-runtime\2.2.20\4c679cbeac0bb583b75c3a080013da8eaf240807\kotlin-script-runtime-2.2.20.jar;C:\Users\Inurum_Four\.gradle\caches\modules-2\files-2.1\org.jetbrains.kotlin\kotlin-reflect\1.6.10\1cbe9c92c12a94eea200d23c2bbaedaf3daf5132\kotlin-reflect-1.6.10.jar;C:\Users\Inurum_Four\.gradle\caches\modules-2\files-2.1\org.jetbrains.kotlin\kotlin-daemon-embeddable\2.2.20\feff12d48d7f1eb628742b0a721395e16f8755bf\kotlin-daemon-embeddable-2.2.20.jar;C:\Users\Inurum_Four\.gradle\caches\modules-2\files-2.1\org.jetbrains.kotlinx\kotlinx-coroutines-core-jvm\1.8.0\ac1dc37a30a93150b704022f8d895ee1bd3a36b3\kotlinx-coroutines-core-jvm-1.8.0.jar;C:\Users\Inurum_Four\.gradle\caches\modules-2\files-2.1\org.jetbrains\annotations\13.0\919f0dfe192fb4e063e7dacadee7f8bb9a2672a9\annotations-13.0.jar
Launcher Type: SUN_STANDARD

[Global flags]
     intx CICompilerCount                          = 4                                         {product} {ergonomic}
     uint ConcGCThreads                            = 2                                         {product} {ergonomic}
     uint G1ConcRefinementThreads                  = 8                                         {product} {ergonomic}
   size_t G1HeapRegionSize                         = 2097152                                   {product} {ergonomic}
    uintx GCDrainStackTargetSize                   = 64                                        {product} {ergonomic}
   size_t InitialHeapSize                          = 266338304                                 {product} {ergonomic}
   size_t MarkStackSize                            = 4194304                                   {product} {ergonomic}
   size_t MaxHeapSize                              = 4246732800                                {product} {ergonomic}
   size_t MaxNewSize                               = 2548039680                                {product} {ergonomic}
   size_t MinHeapDeltaBytes                        = 2097152                                   {product} {ergonomic}
   size_t MinHeapSize                              = 8388608                                   {product} {ergonomic}
    uintx NonNMethodCodeHeapSize                   = 5839372                                {pd product} {ergonomic}
    uintx NonProfiledCodeHeapSize                  = 122909434                              {pd product} {ergonomic}
    uintx ProfiledCodeHeapSize                     = 122909434                              {pd product} {ergonomic}
    uintx ReservedCodeCacheSize                    = 251658240                              {pd product} {ergonomic}
     bool SegmentedCodeCache                       = true                                      {product} {ergonomic}
   size_t SoftMaxHeapSize                          = 4246732800                             {manageable} {ergonomic}
     bool UseCompressedClassPointers               = true                           {product lp64_product} {ergonomic}
     bool UseCompressedOops                        = true                           {product lp64_product} {ergonomic}
     bool UseG1GC                                  = true                                      {product} {ergonomic}
     bool UseLargePagesIndividualAllocation        = false                                  {pd product} {ergonomic}

Logging:
Log output configuration:
 #0: stdout all=warning uptime,level,tags
 #1: stderr all=off uptime,level,tags

Environment Variables:
JAVA_HOME=C:\Program Files\Java\jdk-17
PATH=C:\Program Files\Common Files\Oracle\Java\javapath;C:\WINDOWS\system32;C:\WINDOWS;C:\WINDOWS\System32\Wbem;C:\WINDOWS\System32\WindowsPowerShell\v1.0\;C:\WINDOWS\System32\OpenSSH\;C:\src\flutter\bin;C:\Program Files\Git\cmd;C:\Users\Inurum_Four\AppData\Roaming\npm;C:\Program Files\nodejs\;C:\Users\Inurum_Four\AppData\Local\Programs\Python\Python311\Scripts\;C:\Users\Inurum_Four\AppData\Local\Programs\Python\Python311\;C:\Users\Inurum_Four\AppData\Local\Programs\Python\Python314\Scripts\;C:\Users\Inurum_Four\AppData\Local\Programs\Python\Python314\;C:\Users\Inurum_Four\AppData\Local\Microsoft\WindowsApps;C:\src\flutter\bin;C:\Users\Inurum_Four\AppData\Local\Programs\Microsoft VS Code\bin;C:\Program Files\nodejs\;C:\Users\Inurum_Four\AppData\Local\Pub\Cache\bin;C:\Users\Inurum_Four\AppData\Roaming\npm;C:\Users\Inurum_Four\AppData\Local\Programs\Antigravity\bin;C:\Program Files\SDCC\bin;C:\Users\Inurum_Four\AppData\Local\Programs\Antigravity IDE\bin;C:\Users\Inurum_Four\AppData\Local\GitHubDesktop\bin
USERNAME=Inurum_Four
OS=Windows_NT
PROCESSOR_IDENTIFIER=Intel64 Family 6 Model 151 Stepping 5, GenuineIntel



---------------  S Y S T E M  ---------------

OS:
 Windows 11 , 64 bit Build 26100 (10.0.26100.8246)
OS uptime: 0 days 2:55 hours
Hyper-V role detected

CPU: total 8 (initial active 8) (4 cores per cpu, 2 threads per core) family 6 model 151 stepping 5 microcode 0x18, cx8, cmov, fxsr, ht, mmx, 3dnowpref, sse, sse2, sse3, ssse3, sse4.1, sse4.2, popcnt, lzcnt, tsc, tscinvbit, avx, avx2, aes, erms, clmul, bmi1, bmi2, adx, sha, fma, vzeroupper, clflush, clflushopt, clwb, hv

Memory: 4k page, system-wide physical 16197M (1471M free)
TotalPageFile size 33157M (AvailPageFile size 19M)
current process WorkingSet (physical memory assigned to process): 84M, peak: 84M
current process commit charge ("private bytes"): 359M, peak: 359M

vm_info: Java HotSpot(TM) 64-Bit Server VM (17.0.12+8-LTS-286) for windows-amd64 JRE (17.0.12+8-LTS-286), built on Jun  5 2024 06:46:59 by "mach5one" with MS VC++ 17.6 (VS2022)

END.
