#
# There is insufficient memory for the Java Runtime Environment to continue.
# Native memory allocation (malloc) failed to allocate 1981936 bytes. Error detail: Chunk::new
# Possible reasons:
#   The system is out of physical RAM or swap space
#   This process is running with CompressedOops enabled, and the Java Heap may be blocking the growth of the native heap
# Possible solutions:
#   Reduce memory load on the system
#   Increase physical memory or swap space
#   Check if swap backing store is full
#   Decrease Java heap size (-Xmx/-Xms)
#   Decrease number of Java threads
#   Decrease Java thread stack sizes (-Xss)
#   Set larger code cache with -XX:ReservedCodeCacheSize=
#   JVM is running with Zero Based Compressed Oops mode in which the Java heap is
#     placed in the first 32GB address space. The Java Heap base address is the
#     maximum limit for the native heap growth. Please use -XX:HeapBaseMinAddress
#     to set the Java Heap base and to place the Java Heap above 32GB virtual address.
# This output file may be truncated or incomplete.
#
#  Out of Memory Error (arena.cpp:168), pid=21600, tid=21248
#
# JRE version: OpenJDK Runtime Environment Temurin-21.0.11+10 (21.0.11+10) (build 21.0.11+10-LTS)
# Java VM: OpenJDK 64-Bit Server VM Temurin-21.0.11+10 (21.0.11+10-LTS, mixed mode, sharing, tiered, compressed oops, compressed class ptrs, g1 gc, windows-amd64)
# No core dump will be written. Minidumps are not enabled by default on client versions of Windows
#

---------------  S U M M A R Y ------------

Command Line: --add-opens=java.base/java.lang=ALL-UNNAMED --add-opens=java.base/java.lang.invoke=ALL-UNNAMED --add-opens=java.base/java.util=ALL-UNNAMED --add-opens=java.prefs/java.util.prefs=ALL-UNNAMED --add-exports=jdk.compiler/com.sun.tools.javac.api=ALL-UNNAMED --add-exports=jdk.compiler/com.sun.tools.javac.util=ALL-UNNAMED --add-opens=java.base/java.util=ALL-UNNAMED --add-opens=java.prefs/java.util.prefs=ALL-UNNAMED --add-opens=java.base/java.nio.charset=ALL-UNNAMED --add-opens=java.base/java.net=ALL-UNNAMED --add-opens=java.base/java.util.concurrent.atomic=ALL-UNNAMED --add-opens=java.xml/javax.xml.namespace=ALL-UNNAMED -XX:MaxMetaspaceSize=1G -Xmx4G -Dfile.encoding=UTF-8 -Duser.country=IN -Duser.language=en -Duser.variant -javaagent:C:\Users\Inurum_Four\.gradle\wrapper\dists\gradle-8.14-all\c2qonpi39x1mddn7hk5gh9iqj\gradle-8.14\lib\agents\gradle-instrumentation-agent-8.14.jar org.gradle.launcher.daemon.bootstrap.GradleDaemon 8.14

Host: 12th Gen Intel(R) Core(TM) i3-12100F, 8 cores, 15G,  Windows 11 , 64 bit Build 26100 (10.0.26100.8246)
Time: Mon Aug 17 13:10:29 2026 India Standard Time elapsed time: 39.318583 seconds (0d 0h 0m 39s)

---------------  T H R E A D  ---------------

Current thread (0x0000027b44f54c10):  JavaThread "C2 CompilerThread0" daemon [_thread_in_native, id=21248, stack(0x000000dc37400000,0x000000dc37500000) (1024K)]


Current CompileTask:
C2:39318 16701   !   4       org.gradle.cache.internal.DefaultFileLockManager$DefaultFileLock::doWriteAction (66 bytes)

Stack: [0x000000dc37400000,0x000000dc37500000]
Native frames: (J=compiled Java code, j=interpreted, Vv=VM code, C=native code)
V  [jvm.dll+0x6d7e19]
V  [jvm.dll+0x8b5096]
V  [jvm.dll+0x8b764e]
V  [jvm.dll+0x8b7d33]
V  [jvm.dll+0x284596]
V  [jvm.dll+0xc685d]
V  [jvm.dll+0xc6da1]
V  [jvm.dll+0x3bed31]
V  [jvm.dll+0x38b2b2]
V  [jvm.dll+0x38a6fa]
V  [jvm.dll+0x24c700]
V  [jvm.dll+0x24bce0]
V  [jvm.dll+0x1cb4ae]
V  [jvm.dll+0x25baad]
V  [jvm.dll+0x25a03a]
V  [jvm.dll+0x3f868e]
V  [jvm.dll+0x85fb0d]
V  [jvm.dll+0x6d664d]
C  [ucrtbase.dll+0x37b0]
C  [KERNEL32.DLL+0x2e8d7]
C  [ntdll.dll+0x8c3fc]


---------------  P R O C E S S  ---------------

Threads class SMR info:
_java_thread_list=0x0000027b02d4efe0, length=134, elements={
0x0000027b28d38610, 0x0000027b44f423b0, 0x0000027b44f42e10, 0x0000027b44f43fb0,
0x0000027b44f44da0, 0x0000027b44f45ef0, 0x0000027b44f46bd0, 0x0000027b44f54c10,
0x0000027b7e020090, 0x0000027b7e1f6900, 0x0000027b7e311b20, 0x0000027b7fa9b960,
0x0000027b7fb2e2e0, 0x0000027b00186440, 0x0000027b7fb69f20, 0x0000027b7fb6a590,
0x0000027b7fb87dd0, 0x0000027b001fdb00, 0x0000027b00230ce0, 0x0000027b00234160,
0x0000027b00233ad0, 0x0000027b00232090, 0x0000027b00231370, 0x0000027b00231a00,
0x0000027b00232db0, 0x0000027b00233440, 0x0000027b00494530, 0x0000027b004958e0,
0x0000027b00494bc0, 0x0000027b00493810, 0x0000027b00492460, 0x0000027b00495250,
0x0000027b00495f70, 0x0000027b00492af0, 0x0000027b00498040, 0x0000027b00498d60,
0x0000027b004993f0, 0x0000027b004986d0, 0x0000027b00499a80, 0x0000027b00954b50,
0x0000027b009537a0, 0x0000027b00953e30, 0x0000027b009544c0, 0x0000027b00956590,
0x0000027b009551e0, 0x0000027b00953110, 0x0000027b00957940, 0x0000027b00956c20,
0x0000027b00958cf0, 0x0000027b00955870, 0x0000027b009572b0, 0x0000027b00958660,
0x0000027b00957fd0, 0x0000027b00959380, 0x0000027b00955f00, 0x0000027b0095a0a0,
0x0000027b03b44640, 0x0000027b03b43fb0, 0x0000027b03b41850, 0x0000027b03b47430,
0x0000027b03b46710, 0x0000027b03b46da0, 0x0000027b03b46080, 0x0000027b03b48150,
0x0000027b03b45360, 0x0000027b03b459f0, 0x0000027b01423080, 0x0000027b01423710,
0x0000027b01423da0, 0x0000027b01420920, 0x0000027b01424430, 0x0000027b014257e0,
0x0000027b01425e70, 0x0000027b01424ac0, 0x0000027b01425150, 0x0000027b01426500,
0x0000027b03d01410, 0x0000027b03d00d80, 0x0000027b03cff340, 0x0000027b03d00060,
0x0000027b03cfdf90, 0x0000027b03d01aa0, 0x0000027b03cfecb0, 0x0000027b03cfe620,
0x0000027b03d006f0, 0x0000027b03cff9d0, 0x0000027b03d04890, 0x0000027b03d04f20,
0x0000027b03d055b0, 0x0000027b03d027c0, 0x0000027b03d04200, 0x0000027b03d034e0,
0x0000027b03d03b70, 0x0000027b01421cd0, 0x0000027b0141f570, 0x0000027b01422360,
0x0000027b0141eee0, 0x0000027b01420fb0, 0x0000027b014229f0, 0x0000027b01420290,
0x0000027b0141fc00, 0x0000027b03b47ac0, 0x0000027b06031b30, 0x0000027b06032850,
0x0000027b060300f0, 0x0000027b06032ee0, 0x0000027b06033c00, 0x0000027b06033570,
0x0000027b06030780, 0x0000027b06034290, 0x0000027b7e956000, 0x0000027b7e956d20,
0x0000027b7e957a40, 0x0000027b7e9545c0, 0x0000027b7e9580d0, 0x0000027b7e955970,
0x0000027b7e954c50, 0x0000027b7e9552e0, 0x0000027b7e959b10, 0x0000027b7e959480,
0x0000027b7e95a1a0, 0x0000027b7e95b550, 0x0000027b7e958760, 0x0000027b7e958df0,
0x0000027b7e95a830, 0x0000027b7e95aec0, 0x0000027b7e95bbe0, 0x0000027b02710100,
0x0000027b027114b0, 0x0000027b02711b40, 0x0000027b06035640, 0x0000027b02984540,
0x0000027b01421640, 0x0000027b029858f0
}

Java Threads: ( => current thread )
  0x0000027b28d38610 JavaThread "main"                              [_thread_blocked, id=22456, stack(0x000000dc36600000,0x000000dc36700000) (1024K)]
  0x0000027b44f423b0 JavaThread "Reference Handler"          daemon [_thread_blocked, id=21512, stack(0x000000dc36e00000,0x000000dc36f00000) (1024K)]
  0x0000027b44f42e10 JavaThread "Finalizer"                  daemon [_thread_blocked, id=1492, stack(0x000000dc36f00000,0x000000dc37000000) (1024K)]
  0x0000027b44f43fb0 JavaThread "Signal Dispatcher"          daemon [_thread_blocked, id=21652, stack(0x000000dc37000000,0x000000dc37100000) (1024K)]
  0x0000027b44f44da0 JavaThread "Attach Listener"            daemon [_thread_blocked, id=16788, stack(0x000000dc37100000,0x000000dc37200000) (1024K)]
  0x0000027b44f45ef0 JavaThread "Service Thread"             daemon [_thread_blocked, id=21624, stack(0x000000dc37200000,0x000000dc37300000) (1024K)]
  0x0000027b44f46bd0 JavaThread "Monitor Deflation Thread"   daemon [_thread_blocked, id=18652, stack(0x000000dc37300000,0x000000dc37400000) (1024K)]
=>0x0000027b44f54c10 JavaThread "C2 CompilerThread0"         daemon [_thread_in_native, id=21248, stack(0x000000dc37400000,0x000000dc37500000) (1024K)]
  0x0000027b7e020090 JavaThread "C1 CompilerThread0"         daemon [_thread_blocked, id=18524, stack(0x000000dc37500000,0x000000dc37600000) (1024K)]
  0x0000027b7e1f6900 JavaThread "Common-Cleaner"             daemon [_thread_blocked, id=13800, stack(0x000000dc37600000,0x000000dc37700000) (1024K)]
  0x0000027b7e311b20 JavaThread "Notification Thread"        daemon [_thread_blocked, id=4660, stack(0x000000dc37700000,0x000000dc37800000) (1024K)]
  0x0000027b7fa9b960 JavaThread "Daemon health stats"               [_thread_blocked, id=21964, stack(0x000000dc37f00000,0x000000dc38000000) (1024K)]
  0x0000027b7fb2e2e0 JavaThread "Incoming local TCP Connector on port 64901"        [_thread_in_native, id=21792, stack(0x000000dc37e00000,0x000000dc37f00000) (1024K)]
  0x0000027b00186440 JavaThread "Daemon periodic checks"            [_thread_blocked, id=5360, stack(0x000000dc38000000,0x000000dc38100000) (1024K)]
  0x0000027b7fb69f20 JavaThread "Daemon"                            [_thread_blocked, id=21584, stack(0x000000dc38100000,0x000000dc38200000) (1024K)]
  0x0000027b7fb6a590 JavaThread "Handler for socket connection from /127.0.0.1:64901 to /127.0.0.1:64902"        [_thread_in_native, id=5328, stack(0x000000dc38200000,0x000000dc38300000) (1024K)]
  0x0000027b7fb87dd0 JavaThread "Cancel handler"                    [_thread_blocked, id=11740, stack(0x000000dc38300000,0x000000dc38400000) (1024K)]
  0x0000027b001fdb00 JavaThread "Daemon worker"                     [_thread_in_native, id=9296, stack(0x000000dc38400000,0x000000dc38500000) (1024K)]
  0x0000027b00230ce0 JavaThread "Asynchronous log dispatcher for DefaultDaemonConnection: socket connection from /127.0.0.1:64901 to /127.0.0.1:64902"        [_thread_blocked, id=22176, stack(0x000000dc38500000,0x000000dc38600000) (1024K)]
  0x0000027b00234160 JavaThread "Stdin handler"                     [_thread_blocked, id=22168, stack(0x000000dc38600000,0x000000dc38700000) (1024K)]
  0x0000027b00233ad0 JavaThread "Daemon client event forwarder"        [_thread_blocked, id=5532, stack(0x000000dc38700000,0x000000dc38800000) (1024K)]
  0x0000027b00232090 JavaThread "Cache worker for journal cache (C:\Users\Inurum_Four\.gradle\caches\journal-1)"        [_thread_blocked, id=6992, stack(0x000000dc38a00000,0x000000dc38b00000) (1024K)]
  0x0000027b00231370 JavaThread "File lock request listener"        [_thread_in_native, id=17520, stack(0x000000dc38b00000,0x000000dc38c00000) (1024K)]
  0x0000027b00231a00 JavaThread "Cache worker for file hash cache (C:\Users\Inurum_Four\.gradle\caches\8.14\fileHashes)"        [_thread_blocked, id=2592, stack(0x000000dc38c00000,0x000000dc38d00000) (1024K)]
  0x0000027b00232db0 JavaThread "Cache worker for file hash cache (D:\InurumFlutter\mg\driver and customer\mahilasaarthi\driver\android\.gradle\8.14\fileHashes)"        [_thread_blocked, id=17672, stack(0x000000dc38f00000,0x000000dc39000000) (1024K)]
  0x0000027b00233440 JavaThread "Cache worker for Build Output Cleanup Cache (D:\InurumFlutter\mg\driver and customer\mahilasaarthi\driver\android\.gradle\buildOutputCleanup)"        [_thread_blocked, id=13824, stack(0x000000dc39000000,0x000000dc39100000) (1024K)]
  0x0000027b00494530 JavaThread "File watcher server"        daemon [_thread_in_native, id=14208, stack(0x000000dc39100000,0x000000dc39200000) (1024K)]
  0x0000027b004958e0 JavaThread "File watcher consumer"      daemon [_thread_blocked, id=21592, stack(0x000000dc39200000,0x000000dc39300000) (1024K)]
  0x0000027b00494bc0 JavaThread "jar transforms"                    [_thread_blocked, id=19608, stack(0x000000dc39300000,0x000000dc39400000) (1024K)]
  0x0000027b00493810 JavaThread "Cache worker for checksums cache (D:\InurumFlutter\mg\driver and customer\mahilasaarthi\driver\android\.gradle\8.14\checksums)"        [_thread_blocked, id=21620, stack(0x000000dc39400000,0x000000dc39500000) (1024K)]
  0x0000027b00492460 JavaThread "Cache worker for file content cache (C:\Users\Inurum_Four\.gradle\caches\8.14\fileContent)"        [_thread_blocked, id=21740, stack(0x000000dc39500000,0x000000dc39600000) (1024K)]
  0x0000027b00495250 JavaThread "Cache worker for cache directory md-supplier (C:\Users\Inurum_Four\.gradle\caches\8.14\md-supplier)"        [_thread_blocked, id=19804, stack(0x000000dc39600000,0x000000dc39700000) (1024K)]
  0x0000027b00495f70 JavaThread "Cache worker for cache directory md-rule (C:\Users\Inurum_Four\.gradle\caches\8.14\md-rule)"        [_thread_blocked, id=22324, stack(0x000000dc39700000,0x000000dc39800000) (1024K)]
  0x0000027b00492af0 JavaThread "Cache worker for Build Output Cleanup Cache (C:\src\flutter\packages\flutter_tools\gradle\.gradle\buildOutputCleanup)"        [_thread_blocked, id=12124, stack(0x000000dc39800000,0x000000dc39900000) (1024K)]
  0x0000027b00498040 JavaThread "Unconstrained build operations"        [_thread_blocked, id=21260, stack(0x000000dc39900000,0x000000dc39a00000) (1024K)]
  0x0000027b00498d60 JavaThread "Unconstrained build operations Thread 2"        [_thread_blocked, id=22200, stack(0x000000dc39a00000,0x000000dc39b00000) (1024K)]
  0x0000027b004993f0 JavaThread "Unconstrained build operations Thread 3"        [_thread_blocked, id=22220, stack(0x000000dc39b00000,0x000000dc39c00000) (1024K)]
  0x0000027b004986d0 JavaThread "Unconstrained build operations Thread 4"        [_thread_blocked, id=22304, stack(0x000000dc39c00000,0x000000dc39d00000) (1024K)]
  0x0000027b00499a80 JavaThread "Unconstrained build operations Thread 5"        [_thread_blocked, id=22256, stack(0x000000dc39d00000,0x000000dc39e00000) (1024K)]
  0x0000027b00954b50 JavaThread "Unconstrained build operations Thread 6"        [_thread_blocked, id=16352, stack(0x000000dc39e00000,0x000000dc39f00000) (1024K)]
  0x0000027b009537a0 JavaThread "Unconstrained build operations Thread 7"        [_thread_blocked, id=18820, stack(0x000000dc39f00000,0x000000dc3a000000) (1024K)]
  0x0000027b00953e30 JavaThread "Unconstrained build operations Thread 8"        [_thread_blocked, id=8840, stack(0x000000dc3a000000,0x000000dc3a100000) (1024K)]
  0x0000027b009544c0 JavaThread "Unconstrained build operations Thread 9"        [_thread_blocked, id=7440, stack(0x000000dc3a100000,0x000000dc3a200000) (1024K)]
  0x0000027b00956590 JavaThread "Unconstrained build operations Thread 10"        [_thread_blocked, id=3916, stack(0x000000dc3a200000,0x000000dc3a300000) (1024K)]
  0x0000027b009551e0 JavaThread "Unconstrained build operations Thread 11"        [_thread_blocked, id=22108, stack(0x000000dc3a300000,0x000000dc3a400000) (1024K)]
  0x0000027b00953110 JavaThread "Unconstrained build operations Thread 12"        [_thread_blocked, id=22116, stack(0x000000dc3a400000,0x000000dc3a500000) (1024K)]
  0x0000027b00957940 JavaThread "Unconstrained build operations Thread 13"        [_thread_blocked, id=20340, stack(0x000000dc3a500000,0x000000dc3a600000) (1024K)]
  0x0000027b00956c20 JavaThread "Unconstrained build operations Thread 14"        [_thread_blocked, id=22436, stack(0x000000dc3a600000,0x000000dc3a700000) (1024K)]
  0x0000027b00958cf0 JavaThread "Unconstrained build operations Thread 15"        [_thread_blocked, id=6236, stack(0x000000dc3a700000,0x000000dc3a800000) (1024K)]
  0x0000027b00955870 JavaThread "Unconstrained build operations Thread 16"        [_thread_blocked, id=22424, stack(0x000000dc3a800000,0x000000dc3a900000) (1024K)]
  0x0000027b009572b0 JavaThread "Unconstrained build operations Thread 17"        [_thread_blocked, id=11884, stack(0x000000dc3a900000,0x000000dc3aa00000) (1024K)]
  0x0000027b00958660 JavaThread "Unconstrained build operations Thread 18"        [_thread_blocked, id=20652, stack(0x000000dc3aa00000,0x000000dc3ab00000) (1024K)]
  0x0000027b00957fd0 JavaThread "Unconstrained build operations Thread 19"        [_thread_blocked, id=16704, stack(0x000000dc3ab00000,0x000000dc3ac00000) (1024K)]
  0x0000027b00959380 JavaThread "Unconstrained build operations Thread 20"        [_thread_blocked, id=7696, stack(0x000000dc3ac00000,0x000000dc3ad00000) (1024K)]
  0x0000027b00955f00 JavaThread "Unconstrained build operations Thread 21"        [_thread_blocked, id=17448, stack(0x000000dc3ad00000,0x000000dc3ae00000) (1024K)]
  0x0000027b0095a0a0 JavaThread "Memory manager"                    [_thread_blocked, id=18084, stack(0x000000dc3ae00000,0x000000dc3af00000) (1024K)]
  0x0000027b03b44640 JavaThread "build event listener"              [_thread_blocked, id=21676, stack(0x000000dc38d00000,0x000000dc38e00000) (1024K)]
  0x0000027b03b43fb0 JavaThread "included builds"                   [_thread_blocked, id=22068, stack(0x000000dc3b000000,0x000000dc3b100000) (1024K)]
  0x0000027b03b41850 JavaThread "Execution worker"                  [_thread_blocked, id=7888, stack(0x000000dc3b100000,0x000000dc3b200000) (1024K)]
  0x0000027b03b47430 JavaThread "Execution worker Thread 2"         [_thread_blocked, id=15508, stack(0x000000dc3b200000,0x000000dc3b300000) (1024K)]
  0x0000027b03b46710 JavaThread "Execution worker Thread 3"         [_thread_blocked, id=22492, stack(0x000000dc3b300000,0x000000dc3b400000) (1024K)]
  0x0000027b03b46da0 JavaThread "Execution worker Thread 4"         [_thread_blocked, id=13592, stack(0x000000dc3b400000,0x000000dc3b500000) (1024K)]
  0x0000027b03b46080 JavaThread "Execution worker Thread 5"         [_thread_blocked, id=3992, stack(0x000000dc3b500000,0x000000dc3b600000) (1024K)]
  0x0000027b03b48150 JavaThread "Execution worker Thread 6"         [_thread_blocked, id=6452, stack(0x000000dc3b600000,0x000000dc3b700000) (1024K)]
  0x0000027b03b45360 JavaThread "Execution worker Thread 7"         [_thread_blocked, id=21840, stack(0x000000dc3b700000,0x000000dc3b800000) (1024K)]
  0x0000027b03b459f0 JavaThread "Cache worker for execution history cache (C:\src\flutter\packages\flutter_tools\gradle\.gradle\8.14\executionHistory)"        [_thread_blocked, id=8344, stack(0x000000dc3b800000,0x000000dc3b900000) (1024K)]
  0x0000027b01423080 JavaThread "Unconstrained build operations Thread 22"        [_thread_blocked, id=22232, stack(0x000000dc3b900000,0x000000dc3ba00000) (1024K)]
  0x0000027b01423710 JavaThread "Unconstrained build operations Thread 23"        [_thread_blocked, id=16036, stack(0x000000dc3ba00000,0x000000dc3bb00000) (1024K)]
  0x0000027b01423da0 JavaThread "Unconstrained build operations Thread 24"        [_thread_blocked, id=22088, stack(0x000000dc3bb00000,0x000000dc3bc00000) (1024K)]
  0x0000027b01420920 JavaThread "Unconstrained build operations Thread 25"        [_thread_blocked, id=21784, stack(0x000000dc3bc00000,0x000000dc3bd00000) (1024K)]
  0x0000027b01424430 JavaThread "Unconstrained build operations Thread 26"        [_thread_blocked, id=19300, stack(0x000000dc3bd00000,0x000000dc3be00000) (1024K)]
  0x0000027b014257e0 JavaThread "Unconstrained build operations Thread 27"        [_thread_blocked, id=17044, stack(0x000000dc3be00000,0x000000dc3bf00000) (1024K)]
  0x0000027b01425e70 JavaThread "Unconstrained build operations Thread 28"        [_thread_blocked, id=21960, stack(0x000000dc3bf00000,0x000000dc3c000000) (1024K)]
  0x0000027b01424ac0 JavaThread "Unconstrained build operations Thread 29"        [_thread_blocked, id=21736, stack(0x000000dc3c000000,0x000000dc3c100000) (1024K)]
  0x0000027b01425150 JavaThread "Unconstrained build operations Thread 30"        [_thread_blocked, id=13732, stack(0x000000dc3c100000,0x000000dc3c200000) (1024K)]
  0x0000027b01426500 JavaThread "Unconstrained build operations Thread 31"        [_thread_blocked, id=17348, stack(0x000000dc3c200000,0x000000dc3c300000) (1024K)]
  0x0000027b03d01410 JavaThread "Unconstrained build operations Thread 32"        [_thread_blocked, id=22212, stack(0x000000dc3c300000,0x000000dc3c400000) (1024K)]
  0x0000027b03d00d80 JavaThread "Unconstrained build operations Thread 33"        [_thread_blocked, id=7216, stack(0x000000dc3c400000,0x000000dc3c500000) (1024K)]
  0x0000027b03cff340 JavaThread "Unconstrained build operations Thread 34"        [_thread_blocked, id=7468, stack(0x000000dc3c500000,0x000000dc3c600000) (1024K)]
  0x0000027b03d00060 JavaThread "Unconstrained build operations Thread 35"        [_thread_blocked, id=7928, stack(0x000000dc3c600000,0x000000dc3c700000) (1024K)]
  0x0000027b03cfdf90 JavaThread "Unconstrained build operations Thread 36"        [_thread_blocked, id=3080, stack(0x000000dc3c700000,0x000000dc3c800000) (1024K)]
  0x0000027b03d01aa0 JavaThread "Unconstrained build operations Thread 37"        [_thread_blocked, id=3124, stack(0x000000dc3c800000,0x000000dc3c900000) (1024K)]
  0x0000027b03cfecb0 JavaThread "Unconstrained build operations Thread 38"        [_thread_blocked, id=21804, stack(0x000000dc3c900000,0x000000dc3ca00000) (1024K)]
  0x0000027b03cfe620 JavaThread "Unconstrained build operations Thread 39"        [_thread_blocked, id=21864, stack(0x000000dc3ca00000,0x000000dc3cb00000) (1024K)]
  0x0000027b03d006f0 JavaThread "Unconstrained build operations Thread 40"        [_thread_in_native, id=12840, stack(0x000000dc3cb00000,0x000000dc3cc00000) (1024K)]
  0x0000027b03cff9d0 JavaThread "Unconstrained build operations Thread 41"        [_thread_blocked, id=21628, stack(0x000000dc3cc00000,0x000000dc3cd00000) (1024K)]
  0x0000027b03d04890 JavaThread "Unconstrained build operations Thread 42"        [_thread_in_native, id=17560, stack(0x000000dc3cd00000,0x000000dc3ce00000) (1024K)]
  0x0000027b03d04f20 JavaThread "Unconstrained build operations Thread 43"        [_thread_in_native, id=17712, stack(0x000000dc3ce00000,0x000000dc3cf00000) (1024K)]
  0x0000027b03d055b0 JavaThread "Unconstrained build operations Thread 44"        [_thread_in_native, id=8780, stack(0x000000dc3cf00000,0x000000dc3d000000) (1024K)]
  0x0000027b03d027c0 JavaThread "Unconstrained build operations Thread 45"        [_thread_blocked, id=22064, stack(0x000000dc37800000,0x000000dc37900000) (1024K)]
  0x0000027b03d04200 JavaThread "Unconstrained build operations Thread 46"        [_thread_blocked, id=22012, stack(0x000000dc3af00000,0x000000dc3b000000) (1024K)]
  0x0000027b03d034e0 JavaThread "Unconstrained build operations Thread 47"        [_thread_in_native, id=10248, stack(0x000000dc3d000000,0x000000dc3d100000) (1024K)]
  0x0000027b03d03b70 JavaThread "Unconstrained build operations Thread 48"        [_thread_blocked, id=5864, stack(0x000000dc3d100000,0x000000dc3d200000) (1024K)]
  0x0000027b01421cd0 JavaThread "Unconstrained build operations Thread 49"        [_thread_blocked, id=8560, stack(0x000000dc3d200000,0x000000dc3d300000) (1024K)]
  0x0000027b0141f570 JavaThread "Unconstrained build operations Thread 50"        [_thread_in_native, id=18408, stack(0x000000dc3d300000,0x000000dc3d400000) (1024K)]
  0x0000027b01422360 JavaThread "Unconstrained build operations Thread 51"        [_thread_blocked, id=21976, stack(0x000000dc3d400000,0x000000dc3d500000) (1024K)]
  0x0000027b0141eee0 JavaThread "Unconstrained build operations Thread 52"        [_thread_blocked, id=21856, stack(0x000000dc3d500000,0x000000dc3d600000) (1024K)]
  0x0000027b01420fb0 JavaThread "Unconstrained build operations Thread 53"        [_thread_blocked, id=21916, stack(0x000000dc3d600000,0x000000dc3d700000) (1024K)]
  0x0000027b014229f0 JavaThread "Unconstrained build operations Thread 54"        [_thread_blocked, id=17972, stack(0x000000dc3d700000,0x000000dc3d800000) (1024K)]
  0x0000027b01420290 JavaThread "Unconstrained build operations Thread 55"        [_thread_blocked, id=21752, stack(0x000000dc3d800000,0x000000dc3d900000) (1024K)]
  0x0000027b0141fc00 JavaThread "Unconstrained build operations Thread 56"        [_thread_blocked, id=8056, stack(0x000000dc3d900000,0x000000dc3da00000) (1024K)]
  0x0000027b03b47ac0 JavaThread "Unconstrained build operations Thread 57"        [_thread_blocked, id=22316, stack(0x000000dc3da00000,0x000000dc3db00000) (1024K)]
  0x0000027b06031b30 JavaThread "Unconstrained build operations Thread 58"        [_thread_blocked, id=13656, stack(0x000000dc3db00000,0x000000dc3dc00000) (1024K)]
  0x0000027b06032850 JavaThread "Unconstrained build operations Thread 59"        [_thread_blocked, id=18268, stack(0x000000dc3de00000,0x000000dc3df00000) (1024K)]
  0x0000027b060300f0 JavaThread "Unconstrained build operations Thread 60"        [_thread_blocked, id=20928, stack(0x000000dc3df00000,0x000000dc3e000000) (1024K)]
  0x0000027b06032ee0 JavaThread "Unconstrained build operations Thread 61"        [_thread_blocked, id=1960, stack(0x000000dc3e000000,0x000000dc3e100000) (1024K)]
  0x0000027b06033c00 JavaThread "Unconstrained build operations Thread 62"        [_thread_blocked, id=17236, stack(0x000000dc3e100000,0x000000dc3e200000) (1024K)]
  0x0000027b06033570 JavaThread "Unconstrained build operations Thread 63"        [_thread_blocked, id=21544, stack(0x000000dc3e200000,0x000000dc3e300000) (1024K)]
  0x0000027b06030780 JavaThread "Unconstrained build operations Thread 64"        [_thread_blocked, id=19012, stack(0x000000dc3e300000,0x000000dc3e400000) (1024K)]
  0x0000027b06034290 JavaThread "Unconstrained build operations Thread 65"        [_thread_blocked, id=10060, stack(0x000000dc3e400000,0x000000dc3e500000) (1024K)]
  0x0000027b7e956000 JavaThread "jar transforms Thread 2"           [_thread_blocked, id=21984, stack(0x000000dc3e500000,0x000000dc3e600000) (1024K)]
  0x0000027b7e956d20 JavaThread "jar transforms Thread 3"           [_thread_blocked, id=21968, stack(0x000000dc3e600000,0x000000dc3e700000) (1024K)]
  0x0000027b7e957a40 JavaThread "Unconstrained build operations Thread 66"        [_thread_blocked, id=18344, stack(0x000000dc3e700000,0x000000dc3e800000) (1024K)]
  0x0000027b7e9545c0 JavaThread "Unconstrained build operations Thread 67"        [_thread_blocked, id=21992, stack(0x000000dc3e800000,0x000000dc3e900000) (1024K)]
  0x0000027b7e9580d0 JavaThread "Unconstrained build operations Thread 68"        [_thread_blocked, id=19204, stack(0x000000dc3e900000,0x000000dc3ea00000) (1024K)]
  0x0000027b7e955970 JavaThread "Unconstrained build operations Thread 69"        [_thread_blocked, id=18152, stack(0x000000dc3ea00000,0x000000dc3eb00000) (1024K)]
  0x0000027b7e954c50 JavaThread "Unconstrained build operations Thread 70"        [_thread_blocked, id=20596, stack(0x000000dc3eb00000,0x000000dc3ec00000) (1024K)]
  0x0000027b7e9552e0 JavaThread "Unconstrained build operations Thread 71"        [_thread_blocked, id=11568, stack(0x000000dc3ec00000,0x000000dc3ed00000) (1024K)]
  0x0000027b7e959b10 JavaThread "Unconstrained build operations Thread 72"        [_thread_blocked, id=21928, stack(0x000000dc3ed00000,0x000000dc3ee00000) (1024K)]
  0x0000027b7e959480 JavaThread "Unconstrained build operations Thread 73"        [_thread_blocked, id=21604, stack(0x000000dc3ee00000,0x000000dc3ef00000) (1024K)]
  0x0000027b7e95a1a0 JavaThread "Unconstrained build operations Thread 74"        [_thread_blocked, id=21896, stack(0x000000dc3ef00000,0x000000dc3f000000) (1024K)]
  0x0000027b7e95b550 JavaThread "Unconstrained build operations Thread 75"        [_thread_blocked, id=18496, stack(0x000000dc3f000000,0x000000dc3f100000) (1024K)]
  0x0000027b7e958760 JavaThread "Unconstrained build operations Thread 76"        [_thread_blocked, id=13108, stack(0x000000dc3f100000,0x000000dc3f200000) (1024K)]
  0x0000027b7e958df0 JavaThread "Unconstrained build operations Thread 77"        [_thread_blocked, id=152, stack(0x000000dc3f200000,0x000000dc3f300000) (1024K)]
  0x0000027b7e95a830 JavaThread "Unconstrained build operations Thread 78"        [_thread_blocked, id=16516, stack(0x000000dc3f300000,0x000000dc3f400000) (1024K)]
  0x0000027b7e95aec0 JavaThread "Unconstrained build operations Thread 79"        [_thread_blocked, id=21608, stack(0x000000dc3f400000,0x000000dc3f500000) (1024K)]
  0x0000027b7e95bbe0 JavaThread "Unconstrained build operations Thread 80"        [_thread_blocked, id=21912, stack(0x000000dc3f500000,0x000000dc3f600000) (1024K)]
  0x0000027b02710100 JavaThread "jar transforms Thread 4"           [_thread_blocked, id=13392, stack(0x000000dc3f600000,0x000000dc3f700000) (1024K)]
  0x0000027b027114b0 JavaThread "Problems report writer"            [_thread_blocked, id=21980, stack(0x000000dc3f700000,0x000000dc3f800000) (1024K)]
  0x0000027b02711b40 JavaThread "jar transforms Thread 5"           [_thread_blocked, id=14224, stack(0x000000dc3f800000,0x000000dc3f900000) (1024K)]
  0x0000027b06035640 JavaThread "build event listener"              [_thread_blocked, id=15740, stack(0x000000dc3dc00000,0x000000dc3dd00000) (1024K)]
  0x0000027b02984540 JavaThread "jar transforms Thread 6"           [_thread_blocked, id=11224, stack(0x000000dc3dd00000,0x000000dc3de00000) (1024K)]
  0x0000027b01421640 JavaThread "jar transforms Thread 7"           [_thread_blocked, id=1804, stack(0x000000dc3fa00000,0x000000dc3fb00000) (1024K)]
  0x0000027b029858f0 JavaThread "jar transforms Thread 8"           [_thread_blocked, id=11752, stack(0x000000dc3f900000,0x000000dc3fa00000) (1024K)]
Total: 134

Other Threads:
  0x0000027b44f1f230 VMThread "VM Thread"                           [id=19540, stack(0x000000dc36d00000,0x000000dc36e00000) (1024K)]
  0x0000027b44f0fc00 WatcherThread "VM Periodic Task Thread"        [id=16388, stack(0x000000dc36c00000,0x000000dc36d00000) (1024K)]
  0x0000027b2b036fd0 WorkerThread "GC Thread#0"                     [id=21648, stack(0x000000dc36700000,0x000000dc36800000) (1024K)]
  0x0000027b7e3ac4f0 WorkerThread "GC Thread#1"                     [id=20208, stack(0x000000dc37900000,0x000000dc37a00000) (1024K)]
  0x0000027b7e3ac8a0 WorkerThread "GC Thread#2"                     [id=14492, stack(0x000000dc37a00000,0x000000dc37b00000) (1024K)]
  0x0000027b7e3acc50 WorkerThread "GC Thread#3"                     [id=12796, stack(0x000000dc37b00000,0x000000dc37c00000) (1024K)]
  0x0000027b7e3ad000 WorkerThread "GC Thread#4"                     [id=12256, stack(0x000000dc37c00000,0x000000dc37d00000) (1024K)]
  0x0000027b7e3ad3b0 WorkerThread "GC Thread#5"                     [id=21068, stack(0x000000dc37d00000,0x000000dc37e00000) (1024K)]
  0x0000027b003079c0 WorkerThread "GC Thread#6"                     [id=22076, stack(0x000000dc38800000,0x000000dc38900000) (1024K)]
  0x0000027b002d13a0 WorkerThread "GC Thread#7"                     [id=21564, stack(0x000000dc38900000,0x000000dc38a00000) (1024K)]
  0x0000027b2b047ed0 ConcurrentGCThread "G1 Main Marker"            [id=18996, stack(0x000000dc36800000,0x000000dc36900000) (1024K)]
  0x0000027b2b04c530 WorkerThread "G1 Conc#0"                       [id=17952, stack(0x000000dc36900000,0x000000dc36a00000) (1024K)]
  0x0000027b034a5b70 WorkerThread "G1 Conc#1"                       [id=19612, stack(0x000000dc38e00000,0x000000dc38f00000) (1024K)]
  0x0000027b2b08e7e0 ConcurrentGCThread "G1 Refine#0"               [id=21520, stack(0x000000dc36a00000,0x000000dc36b00000) (1024K)]
  0x0000027b44de8610 ConcurrentGCThread "G1 Service"                [id=5176, stack(0x000000dc36b00000,0x000000dc36c00000) (1024K)]
Total: 15

Threads with active compile tasks:
C2 CompilerThread0  39336 16701   !   4       org.gradle.cache.internal.DefaultFileLockManager$DefaultFileLock::doWriteAction (66 bytes)
Total: 1

VM state: not at safepoint (normal execution)

VM Mutex/Monitor currently owned by a thread: None

Heap address: 0x0000000700000000, size: 4096 MB, Compressed Oops mode: Zero based, Oop shift amount: 3

CDS archive(s) mapped at: [0x0000027b45000000-0x0000027b45ba0000-0x0000027b45ba0000), size 12189696, SharedBaseAddress: 0x0000027b45000000, ArchiveRelocationMode: 1.
Compressed class space mapped at: 0x0000027b46000000-0x0000027b7a000000, reserved size: 872415232
Narrow klass base: 0x0000027b45000000, Narrow klass shift: 0, Narrow klass range: 0x100000000

GC Precious Log:
 CardTable entry size: 512
 Card Set container configuration: InlinePtr #cards 4 size 8 Array Of Cards #cards 16 size 48 Howl #buckets 8 coarsen threshold 3686 Howl Bitmap #cards 512 size 80 coarsen threshold 460 Card regions per heap region 1 cards per card region 4096
 CPUs: 8 total, 8 available
 Memory: 16197M
 Large Page Support: Disabled
 NUMA Support: Disabled
 Compressed Oops: Enabled (Zero based)
 Heap Region Size: 2M
 Heap Min Capacity: 8M
 Heap Initial Capacity: 254M
 Heap Max Capacity: 4G
 Pre-touch: Disabled
 Parallel Workers: 8
 Concurrent Workers: 2
 Concurrent Refinement Workers: 8
 Periodic GC: Disabled

Heap:
 garbage-first heap   total 346112K, used 263730K [0x0000000700000000, 0x0000000800000000)
  region size 2048K, 36 young (73728K), 5 survivors (10240K)
 Metaspace       used 112998K, committed 115712K, reserved 983040K
  class space    used 16080K, committed 17408K, reserved 851968K

Heap Regions: E=young(eden), S=young(survivor), O=old, HS=humongous(starts), HC=humongous(continues), CS=collection set, F=free, TAMS=top-at-mark-start, PB=parsable bottom
|   0|0x0000000700000000, 0x0000000700200000, 0x0000000700200000|100%|HS|  |TAMS 0x0000000700000000| PB 0x0000000700000000| Complete 
|   1|0x0000000700200000, 0x0000000700400000, 0x0000000700400000|100%|HC|  |TAMS 0x0000000700200000| PB 0x0000000700200000| Complete 
|   2|0x0000000700400000, 0x0000000700600000, 0x0000000700600000|100%| O|  |TAMS 0x0000000700400000| PB 0x0000000700400000| Untracked 
|   3|0x0000000700600000, 0x0000000700800000, 0x0000000700800000|100%| O|  |TAMS 0x0000000700600000| PB 0x0000000700600000| Untracked 
|   4|0x0000000700800000, 0x0000000700a00000, 0x0000000700a00000|100%| O|  |TAMS 0x0000000700800000| PB 0x0000000700800000| Untracked 
|   5|0x0000000700a00000, 0x0000000700c00000, 0x0000000700c00000|100%| O|  |TAMS 0x0000000700a00000| PB 0x0000000700a00000| Untracked 
|   6|0x0000000700c00000, 0x0000000700e00000, 0x0000000700e00000|100%| O|  |TAMS 0x0000000700c00000| PB 0x0000000700c00000| Untracked 
|   7|0x0000000700e00000, 0x0000000701000000, 0x0000000701000000|100%| O|  |TAMS 0x0000000700e00000| PB 0x0000000700e00000| Untracked 
|   8|0x0000000701000000, 0x0000000701200000, 0x0000000701200000|100%| O|  |TAMS 0x0000000701000000| PB 0x0000000701000000| Untracked 
|   9|0x0000000701200000, 0x0000000701400000, 0x0000000701400000|100%| O|  |TAMS 0x0000000701200000| PB 0x0000000701200000| Untracked 
|  10|0x0000000701400000, 0x0000000701600000, 0x0000000701600000|100%| O|  |TAMS 0x0000000701400000| PB 0x0000000701400000| Untracked 
|  11|0x0000000701600000, 0x0000000701800000, 0x0000000701800000|100%| O|  |TAMS 0x0000000701600000| PB 0x0000000701600000| Untracked 
|  12|0x0000000701800000, 0x0000000701a00000, 0x0000000701a00000|100%| O|  |TAMS 0x0000000701800000| PB 0x0000000701800000| Untracked 
|  13|0x0000000701a00000, 0x0000000701c00000, 0x0000000701c00000|100%| O|  |TAMS 0x0000000701a00000| PB 0x0000000701a00000| Untracked 
|  14|0x0000000701c00000, 0x0000000701e00000, 0x0000000701e00000|100%| O|  |TAMS 0x0000000701c00000| PB 0x0000000701c00000| Untracked 
|  15|0x0000000701e00000, 0x0000000702000000, 0x0000000702000000|100%| O|  |TAMS 0x0000000701e00000| PB 0x0000000701e00000| Untracked 
|  16|0x0000000702000000, 0x0000000702200000, 0x0000000702200000|100%| O|  |TAMS 0x0000000702000000| PB 0x0000000702000000| Untracked 
|  17|0x0000000702200000, 0x0000000702400000, 0x0000000702400000|100%| O|  |TAMS 0x0000000702200000| PB 0x0000000702200000| Untracked 
|  18|0x0000000702400000, 0x0000000702600000, 0x0000000702600000|100%| O|  |TAMS 0x0000000702400000| PB 0x0000000702400000| Untracked 
|  19|0x0000000702600000, 0x0000000702800000, 0x0000000702800000|100%| O|  |TAMS 0x0000000702600000| PB 0x0000000702600000| Untracked 
|  20|0x0000000702800000, 0x0000000702a00000, 0x0000000702a00000|100%| O|  |TAMS 0x0000000702800000| PB 0x0000000702800000| Untracked 
|  21|0x0000000702a00000, 0x0000000702c00000, 0x0000000702c00000|100%| O|  |TAMS 0x0000000702a00000| PB 0x0000000702a00000| Untracked 
|  22|0x0000000702c00000, 0x0000000702e00000, 0x0000000702e00000|100%| O|  |TAMS 0x0000000702c00000| PB 0x0000000702c00000| Untracked 
|  23|0x0000000702e00000, 0x0000000703000000, 0x0000000703000000|100%|HS|  |TAMS 0x0000000702e00000| PB 0x0000000702e00000| Complete 
|  24|0x0000000703000000, 0x0000000703200000, 0x0000000703200000|100%| O|  |TAMS 0x0000000703000000| PB 0x0000000703000000| Untracked 
|  25|0x0000000703200000, 0x0000000703400000, 0x0000000703400000|100%| O|  |TAMS 0x0000000703200000| PB 0x0000000703200000| Untracked 
|  26|0x0000000703400000, 0x0000000703600000, 0x0000000703600000|100%| O|  |TAMS 0x0000000703400000| PB 0x0000000703400000| Untracked 
|  27|0x0000000703600000, 0x0000000703800000, 0x0000000703800000|100%|HS|  |TAMS 0x0000000703600000| PB 0x0000000703600000| Complete 
|  28|0x0000000703800000, 0x0000000703a00000, 0x0000000703a00000|100%| O|  |TAMS 0x0000000703800000| PB 0x0000000703800000| Untracked 
|  29|0x0000000703a00000, 0x0000000703c00000, 0x0000000703c00000|100%| O|  |TAMS 0x0000000703a00000| PB 0x0000000703a00000| Untracked 
|  30|0x0000000703c00000, 0x0000000703e00000, 0x0000000703e00000|100%| O|  |TAMS 0x0000000703c00000| PB 0x0000000703c00000| Untracked 
|  31|0x0000000703e00000, 0x0000000704000000, 0x0000000704000000|100%| O|  |TAMS 0x0000000703e00000| PB 0x0000000703e00000| Untracked 
|  32|0x0000000704000000, 0x0000000704200000, 0x0000000704200000|100%| O|  |TAMS 0x0000000704000000| PB 0x0000000704000000| Untracked 
|  33|0x0000000704200000, 0x0000000704400000, 0x0000000704400000|100%| O|  |TAMS 0x0000000704200000| PB 0x0000000704200000| Untracked 
|  34|0x0000000704400000, 0x0000000704600000, 0x0000000704600000|100%|HS|  |TAMS 0x0000000704400000| PB 0x0000000704400000| Complete 
|  35|0x0000000704600000, 0x0000000704800000, 0x0000000704800000|100%| O|  |TAMS 0x0000000704600000| PB 0x0000000704600000| Untracked 
|  36|0x0000000704800000, 0x0000000704a00000, 0x0000000704a00000|100%| O|  |TAMS 0x0000000704800000| PB 0x0000000704800000| Untracked 
|  37|0x0000000704a00000, 0x0000000704c00000, 0x0000000704c00000|100%|HS|  |TAMS 0x0000000704a00000| PB 0x0000000704a00000| Complete 
|  38|0x0000000704c00000, 0x0000000704e00000, 0x0000000704e00000|100%| O|  |TAMS 0x0000000704c00000| PB 0x0000000704c00000| Untracked 
|  39|0x0000000704e00000, 0x0000000705000000, 0x0000000705000000|100%| O|  |TAMS 0x0000000704e00000| PB 0x0000000704e00000| Untracked 
|  40|0x0000000705000000, 0x0000000705200000, 0x0000000705200000|100%| O|  |TAMS 0x0000000705000000| PB 0x0000000705000000| Untracked 
|  41|0x0000000705200000, 0x0000000705400000, 0x0000000705400000|100%| O|  |TAMS 0x0000000705200000| PB 0x0000000705200000| Untracked 
|  42|0x0000000705400000, 0x0000000705600000, 0x0000000705600000|100%| O|  |TAMS 0x0000000705400000| PB 0x0000000705400000| Untracked 
|  43|0x0000000705600000, 0x0000000705800000, 0x0000000705800000|100%| O|  |TAMS 0x0000000705600000| PB 0x0000000705600000| Untracked 
|  44|0x0000000705800000, 0x0000000705a00000, 0x0000000705a00000|100%| O|  |TAMS 0x0000000705800000| PB 0x0000000705800000| Untracked 
|  45|0x0000000705a00000, 0x0000000705a00000, 0x0000000705c00000|  0%| F|  |TAMS 0x0000000705a00000| PB 0x0000000705a00000| Untracked 
|  46|0x0000000705c00000, 0x0000000705e00000, 0x0000000705e00000|100%| O|  |TAMS 0x0000000705c00000| PB 0x0000000705c00000| Untracked 
|  47|0x0000000705e00000, 0x0000000706000000, 0x0000000706000000|100%| O|  |TAMS 0x0000000705e00000| PB 0x0000000705e00000| Untracked 
|  48|0x0000000706000000, 0x0000000706200000, 0x0000000706200000|100%| O|Cm|TAMS 0x0000000706000000| PB 0x0000000706000000| Complete 
|  49|0x0000000706200000, 0x0000000706400000, 0x0000000706400000|100%| O|  |TAMS 0x0000000706200000| PB 0x0000000706200000| Untracked 
|  50|0x0000000706400000, 0x0000000706600000, 0x0000000706600000|100%| O|  |TAMS 0x0000000706400000| PB 0x0000000706400000| Untracked 
|  51|0x0000000706600000, 0x0000000706800000, 0x0000000706800000|100%| O|  |TAMS 0x0000000706600000| PB 0x0000000706600000| Untracked 
|  52|0x0000000706800000, 0x0000000706a00000, 0x0000000706a00000|100%| O|  |TAMS 0x0000000706800000| PB 0x0000000706800000| Untracked 
|  53|0x0000000706a00000, 0x0000000706c00000, 0x0000000706c00000|100%| O|  |TAMS 0x0000000706a00000| PB 0x0000000706a00000| Untracked 
|  54|0x0000000706c00000, 0x0000000706e00000, 0x0000000706e00000|100%| O|  |TAMS 0x0000000706c00000| PB 0x0000000706c00000| Untracked 
|  55|0x0000000706e00000, 0x0000000707000000, 0x0000000707000000|100%| O|  |TAMS 0x0000000706e00000| PB 0x0000000706e00000| Untracked 
|  56|0x0000000707000000, 0x0000000707200000, 0x0000000707200000|100%| O|  |TAMS 0x0000000707000000| PB 0x0000000707000000| Untracked 
|  57|0x0000000707200000, 0x0000000707400000, 0x0000000707400000|100%| O|  |TAMS 0x0000000707200000| PB 0x0000000707200000| Untracked 
|  58|0x0000000707400000, 0x0000000707600000, 0x0000000707600000|100%| O|  |TAMS 0x0000000707400000| PB 0x0000000707400000| Untracked 
|  59|0x0000000707600000, 0x0000000707800000, 0x0000000707800000|100%| O|  |TAMS 0x0000000707600000| PB 0x0000000707600000| Untracked 
|  60|0x0000000707800000, 0x0000000707a00000, 0x0000000707a00000|100%| O|  |TAMS 0x0000000707800000| PB 0x0000000707800000| Untracked 
|  61|0x0000000707a00000, 0x0000000707c00000, 0x0000000707c00000|100%| O|  |TAMS 0x0000000707a00000| PB 0x0000000707a00000| Untracked 
|  62|0x0000000707c00000, 0x0000000707e00000, 0x0000000707e00000|100%| O|  |TAMS 0x0000000707c00000| PB 0x0000000707c00000| Untracked 
|  63|0x0000000707e00000, 0x0000000708000000, 0x0000000708000000|100%|HS|  |TAMS 0x0000000707e00000| PB 0x0000000707e00000| Complete 
|  64|0x0000000708000000, 0x0000000708200000, 0x0000000708200000|100%|HC|  |TAMS 0x0000000708000000| PB 0x0000000708000000| Complete 
|  65|0x0000000708200000, 0x0000000708200000, 0x0000000708400000|  0%| F|  |TAMS 0x0000000708200000| PB 0x0000000708200000| Untracked 
|  66|0x0000000708400000, 0x0000000708600000, 0x0000000708600000|100%| O|  |TAMS 0x0000000708400000| PB 0x0000000708400000| Untracked 
|  67|0x0000000708600000, 0x0000000708800000, 0x0000000708800000|100%|HS|  |TAMS 0x0000000708600000| PB 0x0000000708600000| Complete 
|  68|0x0000000708800000, 0x0000000708a00000, 0x0000000708a00000|100%| O|  |TAMS 0x0000000708800000| PB 0x0000000708800000| Untracked 
|  69|0x0000000708a00000, 0x0000000708c00000, 0x0000000708c00000|100%| O|  |TAMS 0x0000000708a00000| PB 0x0000000708a00000| Untracked 
|  70|0x0000000708c00000, 0x0000000708e00000, 0x0000000708e00000|100%| O|  |TAMS 0x0000000708c00000| PB 0x0000000708c00000| Untracked 
|  71|0x0000000708e00000, 0x0000000709000000, 0x0000000709000000|100%| O|  |TAMS 0x0000000708e00000| PB 0x0000000708e00000| Untracked 
|  72|0x0000000709000000, 0x0000000709200000, 0x0000000709200000|100%| O|  |TAMS 0x0000000709000000| PB 0x0000000709000000| Untracked 
|  73|0x0000000709200000, 0x0000000709400000, 0x0000000709400000|100%| O|  |TAMS 0x0000000709200000| PB 0x0000000709200000| Untracked 
|  74|0x0000000709400000, 0x0000000709600000, 0x0000000709600000|100%| O|  |TAMS 0x0000000709400000| PB 0x0000000709400000| Untracked 
|  75|0x0000000709600000, 0x0000000709600000, 0x0000000709800000|  0%| F|  |TAMS 0x0000000709600000| PB 0x0000000709600000| Untracked 
|  76|0x0000000709800000, 0x0000000709a00000, 0x0000000709a00000|100%| O|  |TAMS 0x0000000709800000| PB 0x0000000709800000| Untracked 
|  77|0x0000000709a00000, 0x0000000709c00000, 0x0000000709c00000|100%| O|  |TAMS 0x0000000709a00000| PB 0x0000000709a00000| Untracked 
|  78|0x0000000709c00000, 0x0000000709e00000, 0x0000000709e00000|100%| O|  |TAMS 0x0000000709c00000| PB 0x0000000709c00000| Untracked 
|  79|0x0000000709e00000, 0x000000070a000000, 0x000000070a000000|100%| O|  |TAMS 0x0000000709e00000| PB 0x0000000709e00000| Untracked 
|  80|0x000000070a000000, 0x000000070a200000, 0x000000070a200000|100%| O|Cm|TAMS 0x000000070a000000| PB 0x000000070a000000| Complete 
|  81|0x000000070a200000, 0x000000070a400000, 0x000000070a400000|100%| O|  |TAMS 0x000000070a200000| PB 0x000000070a200000| Untracked 
|  82|0x000000070a400000, 0x000000070a600000, 0x000000070a600000|100%| O|  |TAMS 0x000000070a400000| PB 0x000000070a400000| Untracked 
|  83|0x000000070a600000, 0x000000070a800000, 0x000000070a800000|100%| O|  |TAMS 0x000000070a600000| PB 0x000000070a600000| Untracked 
|  84|0x000000070a800000, 0x000000070aa00000, 0x000000070aa00000|100%| O|  |TAMS 0x000000070a800000| PB 0x000000070a800000| Untracked 
|  85|0x000000070aa00000, 0x000000070ac00000, 0x000000070ac00000|100%| O|  |TAMS 0x000000070aa00000| PB 0x000000070aa00000| Untracked 
|  86|0x000000070ac00000, 0x000000070ae00000, 0x000000070ae00000|100%| O|  |TAMS 0x000000070ac00000| PB 0x000000070ac00000| Untracked 
|  87|0x000000070ae00000, 0x000000070b000000, 0x000000070b000000|100%| O|  |TAMS 0x000000070ae00000| PB 0x000000070ae00000| Untracked 
|  88|0x000000070b000000, 0x000000070b03b9d0, 0x000000070b200000| 11%| O|  |TAMS 0x000000070b000000| PB 0x000000070b000000| Untracked 
|  89|0x000000070b200000, 0x000000070b400000, 0x000000070b400000|100%|HS|  |TAMS 0x000000070b200000| PB 0x000000070b200000| Complete 
|  90|0x000000070b400000, 0x000000070b600000, 0x000000070b600000|100%|HC|  |TAMS 0x000000070b400000| PB 0x000000070b400000| Complete 
|  91|0x000000070b600000, 0x000000070b600000, 0x000000070b800000|  0%| F|  |TAMS 0x000000070b600000| PB 0x000000070b600000| Untracked 
|  92|0x000000070b800000, 0x000000070b800000, 0x000000070ba00000|  0%| F|  |TAMS 0x000000070b800000| PB 0x000000070b800000| Untracked 
|  93|0x000000070ba00000, 0x000000070ba00000, 0x000000070bc00000|  0%| F|  |TAMS 0x000000070ba00000| PB 0x000000070ba00000| Untracked 
|  94|0x000000070bc00000, 0x000000070bc00000, 0x000000070be00000|  0%| F|  |TAMS 0x000000070bc00000| PB 0x000000070bc00000| Untracked 
|  95|0x000000070be00000, 0x000000070be00000, 0x000000070c000000|  0%| F|  |TAMS 0x000000070be00000| PB 0x000000070be00000| Untracked 
|  96|0x000000070c000000, 0x000000070c000000, 0x000000070c200000|  0%| F|  |TAMS 0x000000070c000000| PB 0x000000070c000000| Untracked 
|  97|0x000000070c200000, 0x000000070c200000, 0x000000070c400000|  0%| F|  |TAMS 0x000000070c200000| PB 0x000000070c200000| Untracked 
|  98|0x000000070c400000, 0x000000070c400000, 0x000000070c600000|  0%| F|  |TAMS 0x000000070c400000| PB 0x000000070c400000| Untracked 
|  99|0x000000070c600000, 0x000000070c600000, 0x000000070c800000|  0%| F|  |TAMS 0x000000070c600000| PB 0x000000070c600000| Untracked 
| 100|0x000000070c800000, 0x000000070c800000, 0x000000070ca00000|  0%| F|  |TAMS 0x000000070c800000| PB 0x000000070c800000| Untracked 
| 101|0x000000070ca00000, 0x000000070ca00000, 0x000000070cc00000|  0%| F|  |TAMS 0x000000070ca00000| PB 0x000000070ca00000| Untracked 
| 102|0x000000070cc00000, 0x000000070cd50eb8, 0x000000070ce00000| 65%| S|CS|TAMS 0x000000070cc00000| PB 0x000000070cc00000| Complete 
| 103|0x000000070ce00000, 0x000000070d000000, 0x000000070d000000|100%| S|CS|TAMS 0x000000070ce00000| PB 0x000000070ce00000| Complete 
| 104|0x000000070d000000, 0x000000070d200000, 0x000000070d200000|100%| S|CS|TAMS 0x000000070d000000| PB 0x000000070d000000| Complete 
| 105|0x000000070d200000, 0x000000070d400000, 0x000000070d400000|100%| S|CS|TAMS 0x000000070d200000| PB 0x000000070d200000| Complete 
| 106|0x000000070d400000, 0x000000070d600000, 0x000000070d600000|100%| S|CS|TAMS 0x000000070d400000| PB 0x000000070d400000| Complete 
| 107|0x000000070d600000, 0x000000070d600000, 0x000000070d800000|  0%| F|  |TAMS 0x000000070d600000| PB 0x000000070d600000| Untracked 
| 108|0x000000070d800000, 0x000000070d800000, 0x000000070da00000|  0%| F|  |TAMS 0x000000070d800000| PB 0x000000070d800000| Untracked 
| 109|0x000000070da00000, 0x000000070da00000, 0x000000070dc00000|  0%| F|  |TAMS 0x000000070da00000| PB 0x000000070da00000| Untracked 
| 110|0x000000070dc00000, 0x000000070dc00000, 0x000000070de00000|  0%| F|  |TAMS 0x000000070dc00000| PB 0x000000070dc00000| Untracked 
| 111|0x000000070de00000, 0x000000070de00000, 0x000000070e000000|  0%| F|  |TAMS 0x000000070de00000| PB 0x000000070de00000| Untracked 
| 112|0x000000070e000000, 0x000000070e000000, 0x000000070e200000|  0%| F|  |TAMS 0x000000070e000000| PB 0x000000070e000000| Untracked 
| 113|0x000000070e200000, 0x000000070e200000, 0x000000070e400000|  0%| F|  |TAMS 0x000000070e200000| PB 0x000000070e200000| Untracked 
| 114|0x000000070e400000, 0x000000070e400000, 0x000000070e600000|  0%| F|  |TAMS 0x000000070e400000| PB 0x000000070e400000| Untracked 
| 115|0x000000070e600000, 0x000000070e600000, 0x000000070e800000|  0%| F|  |TAMS 0x000000070e600000| PB 0x000000070e600000| Untracked 
| 116|0x000000070e800000, 0x000000070e800000, 0x000000070ea00000|  0%| F|  |TAMS 0x000000070e800000| PB 0x000000070e800000| Untracked 
| 117|0x000000070ea00000, 0x000000070ea00000, 0x000000070ec00000|  0%| F|  |TAMS 0x000000070ea00000| PB 0x000000070ea00000| Untracked 
| 118|0x000000070ec00000, 0x000000070ec00000, 0x000000070ee00000|  0%| F|  |TAMS 0x000000070ec00000| PB 0x000000070ec00000| Untracked 
| 119|0x000000070ee00000, 0x000000070ee00000, 0x000000070f000000|  0%| F|  |TAMS 0x000000070ee00000| PB 0x000000070ee00000| Untracked 
| 120|0x000000070f000000, 0x000000070f000000, 0x000000070f200000|  0%| F|  |TAMS 0x000000070f000000| PB 0x000000070f000000| Untracked 
| 121|0x000000070f200000, 0x000000070f200000, 0x000000070f400000|  0%| F|  |TAMS 0x000000070f200000| PB 0x000000070f200000| Untracked 
| 122|0x000000070f400000, 0x000000070f400000, 0x000000070f600000|  0%| F|  |TAMS 0x000000070f400000| PB 0x000000070f400000| Untracked 
| 123|0x000000070f600000, 0x000000070f600000, 0x000000070f800000|  0%| F|  |TAMS 0x000000070f600000| PB 0x000000070f600000| Untracked 
| 124|0x000000070f800000, 0x000000070f800000, 0x000000070fa00000|  0%| F|  |TAMS 0x000000070f800000| PB 0x000000070f800000| Untracked 
| 125|0x000000070fa00000, 0x000000070fa00000, 0x000000070fc00000|  0%| F|  |TAMS 0x000000070fa00000| PB 0x000000070fa00000| Untracked 
| 126|0x000000070fc00000, 0x000000070fc00000, 0x000000070fe00000|  0%| F|  |TAMS 0x000000070fc00000| PB 0x000000070fc00000| Untracked 
| 127|0x000000070fe00000, 0x000000070fe00000, 0x0000000710000000|  0%| F|  |TAMS 0x000000070fe00000| PB 0x000000070fe00000| Untracked 
| 128|0x0000000710000000, 0x0000000710000000, 0x0000000710200000|  0%| F|  |TAMS 0x0000000710000000| PB 0x0000000710000000| Untracked 
| 129|0x0000000710200000, 0x0000000710200000, 0x0000000710400000|  0%| F|  |TAMS 0x0000000710200000| PB 0x0000000710200000| Untracked 
| 130|0x0000000710400000, 0x0000000710535bc8, 0x0000000710600000| 60%| E|  |TAMS 0x0000000710400000| PB 0x0000000710400000| Complete 
| 131|0x0000000710600000, 0x0000000710800000, 0x0000000710800000|100%| E|CS|TAMS 0x0000000710600000| PB 0x0000000710600000| Complete 
| 132|0x0000000710800000, 0x0000000710a00000, 0x0000000710a00000|100%| E|CS|TAMS 0x0000000710800000| PB 0x0000000710800000| Complete 
| 133|0x0000000710a00000, 0x0000000710c00000, 0x0000000710c00000|100%| E|CS|TAMS 0x0000000710a00000| PB 0x0000000710a00000| Complete 
| 134|0x0000000710c00000, 0x0000000710e00000, 0x0000000710e00000|100%| E|CS|TAMS 0x0000000710c00000| PB 0x0000000710c00000| Complete 
| 135|0x0000000710e00000, 0x0000000711000000, 0x0000000711000000|100%| E|CS|TAMS 0x0000000710e00000| PB 0x0000000710e00000| Complete 
| 136|0x0000000711000000, 0x0000000711200000, 0x0000000711200000|100%| E|  |TAMS 0x0000000711000000| PB 0x0000000711000000| Complete 
| 137|0x0000000711200000, 0x0000000711400000, 0x0000000711400000|100%| E|CS|TAMS 0x0000000711200000| PB 0x0000000711200000| Complete 
| 138|0x0000000711400000, 0x0000000711600000, 0x0000000711600000|100%| E|CS|TAMS 0x0000000711400000| PB 0x0000000711400000| Complete 
| 139|0x0000000711600000, 0x0000000711800000, 0x0000000711800000|100%| E|CS|TAMS 0x0000000711600000| PB 0x0000000711600000| Complete 
| 140|0x0000000711800000, 0x0000000711a00000, 0x0000000711a00000|100%| E|CS|TAMS 0x0000000711800000| PB 0x0000000711800000| Complete 
| 141|0x0000000711a00000, 0x0000000711c00000, 0x0000000711c00000|100%| E|CS|TAMS 0x0000000711a00000| PB 0x0000000711a00000| Complete 
| 142|0x0000000711c00000, 0x0000000711e00000, 0x0000000711e00000|100%| E|CS|TAMS 0x0000000711c00000| PB 0x0000000711c00000| Complete 
| 143|0x0000000711e00000, 0x0000000712000000, 0x0000000712000000|100%| E|CS|TAMS 0x0000000711e00000| PB 0x0000000711e00000| Complete 
| 144|0x0000000712000000, 0x0000000712200000, 0x0000000712200000|100%| E|CS|TAMS 0x0000000712000000| PB 0x0000000712000000| Complete 
| 145|0x0000000712200000, 0x0000000712400000, 0x0000000712400000|100%| E|CS|TAMS 0x0000000712200000| PB 0x0000000712200000| Complete 
| 146|0x0000000712400000, 0x0000000712600000, 0x0000000712600000|100%| E|CS|TAMS 0x0000000712400000| PB 0x0000000712400000| Complete 
| 147|0x0000000712600000, 0x0000000712800000, 0x0000000712800000|100%| E|CS|TAMS 0x0000000712600000| PB 0x0000000712600000| Complete 
| 148|0x0000000712800000, 0x0000000712a00000, 0x0000000712a00000|100%| E|CS|TAMS 0x0000000712800000| PB 0x0000000712800000| Complete 
| 149|0x0000000712a00000, 0x0000000712c00000, 0x0000000712c00000|100%| E|CS|TAMS 0x0000000712a00000| PB 0x0000000712a00000| Complete 
| 150|0x0000000712c00000, 0x0000000712e00000, 0x0000000712e00000|100%| E|CS|TAMS 0x0000000712c00000| PB 0x0000000712c00000| Complete 
| 151|0x0000000712e00000, 0x0000000713000000, 0x0000000713000000|100%| E|CS|TAMS 0x0000000712e00000| PB 0x0000000712e00000| Complete 
|2031|0x00000007fde00000, 0x00000007fe000000, 0x00000007fe000000|100%| E|CS|TAMS 0x00000007fde00000| PB 0x00000007fde00000| Complete 
|2032|0x00000007fe000000, 0x00000007fe200000, 0x00000007fe200000|100%| E|CS|TAMS 0x00000007fe000000| PB 0x00000007fe000000| Complete 
|2033|0x00000007fe200000, 0x00000007fe400000, 0x00000007fe400000|100%| E|CS|TAMS 0x00000007fe200000| PB 0x00000007fe200000| Complete 
|2034|0x00000007fe400000, 0x00000007fe600000, 0x00000007fe600000|100%| O|Cm|TAMS 0x00000007fe400000| PB 0x00000007fe400000| Complete 
|2035|0x00000007fe600000, 0x00000007fe800000, 0x00000007fe800000|100%| O|  |TAMS 0x00000007fe600000| PB 0x00000007fe600000| Untracked 
|2036|0x00000007fe800000, 0x00000007fea00000, 0x00000007fea00000|100%| O|  |TAMS 0x00000007fe800000| PB 0x00000007fe800000| Untracked 
|2037|0x00000007fea00000, 0x00000007fec00000, 0x00000007fec00000|100%| O|Cm|TAMS 0x00000007fea00000| PB 0x00000007fea00000| Complete 
|2038|0x00000007fec00000, 0x00000007fee00000, 0x00000007fee00000|100%| O|  |TAMS 0x00000007fec00000| PB 0x00000007fec00000| Untracked 
|2039|0x00000007fee00000, 0x00000007ff000000, 0x00000007ff000000|100%| E|CS|TAMS 0x00000007fee00000| PB 0x00000007fee00000| Complete 
|2040|0x00000007ff000000, 0x00000007ff200000, 0x00000007ff200000|100%| O|Cm|TAMS 0x00000007ff000000| PB 0x00000007ff000000| Complete 
|2041|0x00000007ff200000, 0x00000007ff400000, 0x00000007ff400000|100%| E|CS|TAMS 0x00000007ff200000| PB 0x00000007ff200000| Complete 
|2042|0x00000007ff400000, 0x00000007ff600000, 0x00000007ff600000|100%| O|  |TAMS 0x00000007ff400000| PB 0x00000007ff400000| Untracked 
|2043|0x00000007ff600000, 0x00000007ff800000, 0x00000007ff800000|100%| O|  |TAMS 0x00000007ff600000| PB 0x00000007ff600000| Untracked 
|2044|0x00000007ff800000, 0x00000007ffa00000, 0x00000007ffa00000|100%| E|CS|TAMS 0x00000007ff800000| PB 0x00000007ff800000| Complete 
|2045|0x00000007ffa00000, 0x00000007ffc00000, 0x00000007ffc00000|100%| E|CS|TAMS 0x00000007ffa00000| PB 0x00000007ffa00000| Complete 
|2046|0x00000007ffc00000, 0x00000007ffe00000, 0x00000007ffe00000|100%| E|CS|TAMS 0x00000007ffc00000| PB 0x00000007ffc00000| Complete 
|2047|0x00000007ffe00000, 0x0000000800000000, 0x0000000800000000|100%| E|CS|TAMS 0x00000007ffe00000| PB 0x00000007ffe00000| Complete 

Card table byte_map: [0x0000027b3dd00000,0x0000027b3e500000] _byte_map_base: 0x0000027b3a500000

Marking Bits: (CMBitMap*) 0x0000027b2b0375f0
 Bits: [0x0000027b3e500000, 0x0000027b42500000)

Polling page: 0x0000027b28e30000

Metaspace:

Usage:
  Non-class:     94.65 MB used.
      Class:     15.70 MB used.
       Both:    110.35 MB used.

Virtual space:
  Non-class space:      128.00 MB reserved,      96.00 MB ( 75%) committed,  2 nodes.
      Class space:      832.00 MB reserved,      17.00 MB (  2%) committed,  1 nodes.
             Both:      960.00 MB reserved,     113.00 MB ( 12%) committed. 

Chunk freelists:
   Non-Class:  15.57 MB
       Class:  14.91 MB
        Both:  30.48 MB

MaxMetaspaceSize: 1.00 GB
CompressedClassSpaceSize: 832.00 MB
Initial GC threshold: 21.00 MB
Current GC threshold: 188.25 MB
CDS: on
 - commit_granule_bytes: 65536.
 - commit_granule_words: 8192.
 - virtual_space_node_default_size: 8388608.
 - enlarge_chunks_in_place: 1.
 - use_allocation_guard: 0.


Internal statistics:

num_allocs_failed_limit: 9.
num_arena_births: 4656.
num_arena_deaths: 2.
num_vsnodes_births: 3.
num_vsnodes_deaths: 0.
num_space_committed: 1808.
num_space_uncommitted: 0.
num_chunks_returned_to_freelist: 12.
num_chunks_taken_from_freelist: 10078.
num_chunk_merges: 9.
num_chunk_splits: 6542.
num_chunks_enlarged: 4097.
num_inconsistent_stats: 0.

CodeHeap 'non-profiled nmethods': size=120000Kb used=10110Kb max_used=10246Kb free=109889Kb
 bounds [0x0000027b35ca0000, 0x0000027b366c0000, 0x0000027b3d1d0000]
CodeHeap 'profiled nmethods': size=120000Kb used=24300Kb max_used=25398Kb free=95699Kb
 bounds [0x0000027b2e1d0000, 0x0000027b2faa0000, 0x0000027b35700000]
CodeHeap 'non-nmethods': size=5760Kb used=2786Kb max_used=2851Kb free=2973Kb
 bounds [0x0000027b35700000, 0x0000027b359e0000, 0x0000027b35ca0000]
CodeCache: size=245760Kb, used=37196Kb, max_used=38495Kb, free=208561Kb
 total_blobs=13906, nmethods=12870, adapters=939, full_count=0
Compilation: enabled, stopped_count=0, restarted_count=0

Compilation events (20 events):
Event: 38.922 Thread 0x0000027b7e020090 16694       3       java.util.concurrent.atomic.AtomicInteger::getAndDecrement (12 bytes)
Event: 38.922 Thread 0x0000027b7e020090 nmethod 16694 0x0000027b2e1dee10 code [0x0000027b2e1defa0, 0x0000027b2e1df0b8]
Event: 38.922 Thread 0x0000027b7e020090 16693       3       java.util.concurrent.ThreadPoolExecutor::execute (132 bytes)
Event: 38.923 Thread 0x0000027b44f54c10 nmethod 16690 0x0000027b35d56410 code [0x0000027b35d565a0, 0x0000027b35d56700]
Event: 38.923 Thread 0x0000027b44f54c10 16689       4       sun.nio.fs.WindowsPath::resolve (393 bytes)
Event: 38.923 Thread 0x0000027b7e020090 nmethod 16693 0x0000027b2f115290 code [0x0000027b2f115540, 0x0000027b2f116198]
Event: 38.930 Thread 0x0000027b44f54c10 nmethod 16689 0x0000027b35de4e10 code [0x0000027b35de5020, 0x0000027b35de5838]
Event: 38.944 Thread 0x0000027b44f54c10 16695       4       org.gradle.api.internal.artifacts.ivyservice.resolveengine.artifact.ParallelResolveArtifactSet$VisitingSet$StartVisitAction::visitArtifacts (31 bytes)
Event: 38.947 Thread 0x0000027b44f54c10 nmethod 16695 0x0000027b35d65e10 code [0x0000027b35d65fe0, 0x0000027b35d66328]
Event: 39.030 Thread 0x0000027b7e020090 16696       3       java.util.AbstractSet::hashCode (39 bytes)
Event: 39.031 Thread 0x0000027b7e020090 nmethod 16696 0x0000027b2e508b10 code [0x0000027b2e508d00, 0x0000027b2e509210]
Event: 39.031 Thread 0x0000027b44f54c10 16697   !   4       org.gradle.internal.typeconversion.ErrorHandlingNotationParser::parseNotation (98 bytes)
Event: 39.032 Thread 0x0000027b44f54c10 nmethod 16697 0x0000027b35ca1310 code [0x0000027b35ca14a0, 0x0000027b35ca15b0]
Event: 39.033 Thread 0x0000027b44f54c10 16698       4       org.gradle.internal.Deferrable$1::getCompleted (23 bytes)
Event: 39.038 Thread 0x0000027b44f54c10 nmethod 16698 0x0000027b35d18590 code [0x0000027b35d18780, 0x0000027b35d18c08]
Event: 39.043 Thread 0x0000027b44f54c10 16699       4       sun.nio.fs.WindowsPath::resolve (6 bytes)
Event: 39.043 Thread 0x0000027b44f54c10 nmethod 16699 0x0000027b35d4e210 code [0x0000027b35d4e3a0, 0x0000027b35d4e450]
Event: 39.056 Thread 0x0000027b44f54c10 16700  s    4       java.io.DataOutputStream::write (16 bytes)
Event: 39.057 Thread 0x0000027b44f54c10 nmethod 16700 0x0000027b35cbbd10 code [0x0000027b35cbbec0, 0x0000027b35cbc220]
Event: 39.179 Thread 0x0000027b44f54c10 16701   !   4       org.gradle.cache.internal.DefaultFileLockManager$DefaultFileLock::doWriteAction (66 bytes)

GC Heap History (20 events):
Event: 24.368 GC heap before
{Heap before GC invocations=47 (full 0):
 garbage-first heap   total 233472K, used 209679K [0x0000000700000000, 0x0000000800000000)
  region size 2048K, 38 young (77824K), 5 survivors (10240K)
 Metaspace       used 110303K, committed 112896K, reserved 983040K
  class space    used 15699K, committed 16960K, reserved 851968K
}
Event: 24.375 GC heap after
{Heap after GC invocations=48 (full 0):
 garbage-first heap   total 233472K, used 149340K [0x0000000700000000, 0x0000000800000000)
  region size 2048K, 3 young (6144K), 3 survivors (6144K)
 Metaspace       used 110303K, committed 112896K, reserved 983040K
  class space    used 15699K, committed 16960K, reserved 851968K
}
Event: 25.248 GC heap before
{Heap before GC invocations=49 (full 0):
 garbage-first heap   total 249856K, used 212828K [0x0000000700000000, 0x0000000800000000)
  region size 2048K, 35 young (71680K), 3 survivors (6144K)
 Metaspace       used 110304K, committed 112896K, reserved 983040K
  class space    used 15699K, committed 16960K, reserved 851968K
}
Event: 25.252 GC heap after
{Heap after GC invocations=50 (full 0):
 garbage-first heap   total 249856K, used 150422K [0x0000000700000000, 0x0000000800000000)
  region size 2048K, 4 young (8192K), 4 survivors (8192K)
 Metaspace       used 110304K, committed 112896K, reserved 983040K
  class space    used 15699K, committed 16960K, reserved 851968K
}
Event: 27.537 GC heap before
{Heap before GC invocations=50 (full 0):
 garbage-first heap   total 249856K, used 234390K [0x0000000700000000, 0x0000000800000000)
  region size 2048K, 43 young (88064K), 4 survivors (8192K)
 Metaspace       used 111916K, committed 114560K, reserved 983040K
  class space    used 15964K, committed 17280K, reserved 851968K
}
Event: 27.552 GC heap after
{Heap after GC invocations=51 (full 0):
 garbage-first heap   total 268288K, used 166805K [0x0000000700000000, 0x0000000800000000)
  region size 2048K, 6 young (12288K), 6 survivors (12288K)
 Metaspace       used 111916K, committed 114560K, reserved 983040K
  class space    used 15964K, committed 17280K, reserved 851968K
}
Event: 28.951 GC heap before
{Heap before GC invocations=51 (full 0):
 garbage-first heap   total 268288K, used 238485K [0x0000000700000000, 0x0000000800000000)
  region size 2048K, 41 young (83968K), 6 survivors (12288K)
 Metaspace       used 111919K, committed 114560K, reserved 983040K
  class space    used 15964K, committed 17280K, reserved 851968K
}
Event: 28.957 GC heap after
{Heap after GC invocations=52 (full 0):
 garbage-first heap   total 268288K, used 173588K [0x0000000700000000, 0x0000000800000000)
  region size 2048K, 3 young (6144K), 3 survivors (6144K)
 Metaspace       used 111919K, committed 114560K, reserved 983040K
  class space    used 15964K, committed 17280K, reserved 851968K
}
Event: 30.597 GC heap before
{Heap before GC invocations=53 (full 0):
 garbage-first heap   total 294912K, used 241172K [0x0000000700000000, 0x0000000800000000)
  region size 2048K, 36 young (73728K), 3 survivors (6144K)
 Metaspace       used 112258K, committed 114944K, reserved 983040K
  class space    used 16008K, committed 17344K, reserved 851968K
}
Event: 30.604 GC heap after
{Heap after GC invocations=54 (full 0):
 garbage-first heap   total 294912K, used 179477K [0x0000000700000000, 0x0000000800000000)
  region size 2048K, 5 young (10240K), 5 survivors (10240K)
 Metaspace       used 112258K, committed 114944K, reserved 983040K
  class space    used 16008K, committed 17344K, reserved 851968K
}
Event: 32.013 GC heap before
{Heap before GC invocations=54 (full 0):
 garbage-first heap   total 294912K, used 263445K [0x0000000700000000, 0x0000000800000000)
  region size 2048K, 47 young (96256K), 5 survivors (10240K)
 Metaspace       used 112275K, committed 114944K, reserved 983040K
  class space    used 16008K, committed 17344K, reserved 851968K
}
Event: 32.024 GC heap after
{Heap after GC invocations=55 (full 0):
 garbage-first heap   total 294912K, used 177143K [0x0000000700000000, 0x0000000800000000)
  region size 2048K, 3 young (6144K), 3 survivors (6144K)
 Metaspace       used 112275K, committed 114944K, reserved 983040K
  class space    used 16008K, committed 17344K, reserved 851968K
}
Event: 34.575 GC heap before
{Heap before GC invocations=55 (full 0):
 garbage-first heap   total 294912K, used 265207K [0x0000000700000000, 0x0000000800000000)
  region size 2048K, 47 young (96256K), 3 survivors (6144K)
 Metaspace       used 112478K, committed 115200K, reserved 983040K
  class space    used 16023K, committed 17344K, reserved 851968K
}
Event: 34.582 GC heap after
{Heap after GC invocations=56 (full 0):
 garbage-first heap   total 294912K, used 183450K [0x0000000700000000, 0x0000000800000000)
  region size 2048K, 6 young (12288K), 6 survivors (12288K)
 Metaspace       used 112478K, committed 115200K, reserved 983040K
  class space    used 16023K, committed 17344K, reserved 851968K
}
Event: 36.462 GC heap before
{Heap before GC invocations=57 (full 0):
 garbage-first heap   total 307200K, used 265370K [0x0000000700000000, 0x0000000800000000)
  region size 2048K, 47 young (96256K), 6 survivors (12288K)
 Metaspace       used 112761K, committed 115520K, reserved 983040K
  class space    used 16061K, committed 17408K, reserved 851968K
}
Event: 36.470 GC heap after
{Heap after GC invocations=58 (full 0):
 garbage-first heap   total 307200K, used 194052K [0x0000000700000000, 0x0000000800000000)
  region size 2048K, 6 young (12288K), 6 survivors (12288K)
 Metaspace       used 112761K, committed 115520K, reserved 983040K
  class space    used 16061K, committed 17408K, reserved 851968K
}
Event: 37.218 GC heap before
{Heap before GC invocations=58 (full 0):
 garbage-first heap   total 307200K, used 273924K [0x0000000700000000, 0x0000000800000000)
  region size 2048K, 46 young (94208K), 6 survivors (12288K)
 Metaspace       used 112778K, committed 115520K, reserved 983040K
  class space    used 16061K, committed 17408K, reserved 851968K
}
Event: 37.226 GC heap after
{Heap after GC invocations=59 (full 0):
 garbage-first heap   total 307200K, used 194784K [0x0000000700000000, 0x0000000800000000)
  region size 2048K, 3 young (6144K), 3 survivors (6144K)
 Metaspace       used 112778K, committed 115520K, reserved 983040K
  class space    used 16061K, committed 17408K, reserved 851968K
}
Event: 38.122 GC heap before
{Heap before GC invocations=59 (full 0):
 garbage-first heap   total 307200K, used 262368K [0x0000000700000000, 0x0000000800000000)
  region size 2048K, 38 young (77824K), 3 survivors (6144K)
 Metaspace       used 112856K, committed 115648K, reserved 983040K
  class space    used 16069K, committed 17408K, reserved 851968K
}
Event: 38.127 GC heap after
{Heap after GC invocations=60 (full 0):
 garbage-first heap   total 307200K, used 198194K [0x0000000700000000, 0x0000000800000000)
  region size 2048K, 5 young (10240K), 5 survivors (10240K)
 Metaspace       used 112856K, committed 115648K, reserved 983040K
  class space    used 16069K, committed 17408K, reserved 851968K
}

Dll operation events (14 events):
Event: 0.006 Loaded shared library C:\Users\Inurum_Four\.antigravity\extensions\redhat.java-1.55.0-win32-x64\jre\21.0.11-win32-x86_64\bin\java.dll
Event: 0.043 Loaded shared library C:\Users\Inurum_Four\.antigravity\extensions\redhat.java-1.55.0-win32-x64\jre\21.0.11-win32-x86_64\bin\zip.dll
Event: 0.055 Loaded shared library C:\Users\Inurum_Four\.antigravity\extensions\redhat.java-1.55.0-win32-x64\jre\21.0.11-win32-x86_64\bin\instrument.dll
Event: 0.057 Loaded shared library C:\Users\Inurum_Four\.antigravity\extensions\redhat.java-1.55.0-win32-x64\jre\21.0.11-win32-x86_64\bin\net.dll
Event: 0.059 Loaded shared library C:\Users\Inurum_Four\.antigravity\extensions\redhat.java-1.55.0-win32-x64\jre\21.0.11-win32-x86_64\bin\nio.dll
Event: 0.061 Loaded shared library C:\Users\Inurum_Four\.antigravity\extensions\redhat.java-1.55.0-win32-x64\jre\21.0.11-win32-x86_64\bin\zip.dll
Event: 0.220 Loaded shared library C:\Users\Inurum_Four\.antigravity\extensions\redhat.java-1.55.0-win32-x64\jre\21.0.11-win32-x86_64\bin\jimage.dll
Event: 0.320 Loaded shared library C:\Users\Inurum_Four\.antigravity\extensions\redhat.java-1.55.0-win32-x64\jre\21.0.11-win32-x86_64\bin\verify.dll
Event: 0.387 Loaded shared library C:\Users\Inurum_Four\.gradle\native\1def1411415f61bf3af743bc5b6707747c0891f09f0c88961ee8f79bc544acac\windows-amd64\native-platform.dll
Event: 0.398 Loaded shared library C:\Users\Inurum_Four\.gradle\native\0.2.7\x86_64-windows-gnu\gradle-fileevents.dll
Event: 1.433 Loaded shared library C:\Users\Inurum_Four\.antigravity\extensions\redhat.java-1.55.0-win32-x64\jre\21.0.11-win32-x86_64\bin\management.dll
Event: 1.437 Loaded shared library C:\Users\Inurum_Four\.antigravity\extensions\redhat.java-1.55.0-win32-x64\jre\21.0.11-win32-x86_64\bin\management_ext.dll
Event: 1.633 Loaded shared library C:\Users\Inurum_Four\.antigravity\extensions\redhat.java-1.55.0-win32-x64\jre\21.0.11-win32-x86_64\bin\extnet.dll
Event: 2.004 Loaded shared library C:\Users\Inurum_Four\.antigravity\extensions\redhat.java-1.55.0-win32-x64\jre\21.0.11-win32-x86_64\bin\sunmscapi.dll

Deoptimization events (20 events):
Event: 35.577 Thread 0x0000027b001fdb00 Uncommon trap: trap_request=0xffffffde fr.pc=0x0000027b363c1638 relative=0x00000000000002b8
Event: 35.577 Thread 0x0000027b001fdb00 Uncommon trap: reason=class_check action=maybe_recompile pc=0x0000027b363c1638 method=java.util.regex.Pattern$Caret.match(Ljava/util/regex/Matcher;ILjava/lang/CharSequence;)Z @ 120 c2
Event: 35.577 Thread 0x0000027b001fdb00 DEOPT PACKING pc=0x0000027b363c1638 sp=0x000000dc384f8ff0
Event: 35.577 Thread 0x0000027b001fdb00 DEOPT UNPACKING pc=0x0000027b35754422 sp=0x000000dc384f8f60 mode 2
Event: 35.700 Thread 0x0000027b001fdb00 Uncommon trap: trap_request=0xffffffd6 fr.pc=0x0000027b3665d190 relative=0x0000000000001c50
Event: 35.700 Thread 0x0000027b001fdb00 Uncommon trap: reason=array_check action=maybe_recompile pc=0x0000027b3665d190 method=org.gradle.internal.service.DefaultServiceRegistry$FactoryService.bind()V @ 131 c2
Event: 35.700 Thread 0x0000027b001fdb00 DEOPT PACKING pc=0x0000027b3665d190 sp=0x000000dc384fa260
Event: 35.700 Thread 0x0000027b001fdb00 DEOPT UNPACKING pc=0x0000027b35754422 sp=0x000000dc384fa230 mode 2
Event: 35.703 Thread 0x0000027b001fdb00 Uncommon trap: trap_request=0xffffffd6 fr.pc=0x0000027b3665d190 relative=0x0000000000001c50
Event: 35.703 Thread 0x0000027b001fdb00 Uncommon trap: reason=array_check action=maybe_recompile pc=0x0000027b3665d190 method=org.gradle.internal.service.DefaultServiceRegistry$FactoryService.bind()V @ 131 c2
Event: 35.703 Thread 0x0000027b001fdb00 DEOPT PACKING pc=0x0000027b3665d190 sp=0x000000dc384fa3f0
Event: 35.703 Thread 0x0000027b001fdb00 DEOPT UNPACKING pc=0x0000027b35754422 sp=0x000000dc384fa3c0 mode 2
Event: 36.472 Thread 0x0000027b001fdb00 Uncommon trap: trap_request=0xffffff45 fr.pc=0x0000027b3668f75c relative=0x00000000000000bc
Event: 36.472 Thread 0x0000027b001fdb00 Uncommon trap: reason=unstable_if action=reinterpret pc=0x0000027b3668f75c method=com.esotericsoftware.kryo.io.Output.writeBoolean(Z)V @ 8 c2
Event: 36.472 Thread 0x0000027b001fdb00 DEOPT PACKING pc=0x0000027b3668f75c sp=0x000000dc384f8770
Event: 36.472 Thread 0x0000027b001fdb00 DEOPT UNPACKING pc=0x0000027b35754422 sp=0x000000dc384f8690 mode 2
Event: 36.639 Thread 0x0000027b00955870 Uncommon trap: trap_request=0xffffff45 fr.pc=0x0000027b3639b270 relative=0x00000000000016f0
Event: 36.639 Thread 0x0000027b00955870 Uncommon trap: reason=unstable_if action=reinterpret pc=0x0000027b3639b270 method=java.util.concurrent.ConcurrentHashMap.computeIfAbsent(Ljava/lang/Object;Ljava/util/function/Function;)Ljava/lang/Object; @ 104 c2
Event: 36.639 Thread 0x0000027b00955870 DEOPT PACKING pc=0x0000027b3639b270 sp=0x000000dc3a8fe730
Event: 36.639 Thread 0x0000027b00955870 DEOPT UNPACKING pc=0x0000027b35754422 sp=0x000000dc3a8fe6b8 mode 2

Classes loaded (20 events):
Event: 21.241 Loading class java/io/FileCustomizer
Event: 21.241 Loading class java/io/FileCustomizer done
Event: 35.564 Loading class java/io/LineNumberReader
Event: 35.565 Loading class java/io/LineNumberReader done
Event: 35.570 Loading class java/util/regex/PatternBeanInfo
Event: 35.570 Loading class java/util/regex/PatternBeanInfo done
Event: 35.571 Loading class java/util/regex/PatternBeanInfo
Event: 35.571 Loading class java/util/regex/PatternBeanInfo done
Event: 35.571 Loading class java/util/regex/PatternCustomizer
Event: 35.571 Loading class java/util/regex/PatternCustomizer done
Event: 35.571 Loading class java/util/regex/PatternCustomizer
Event: 35.571 Loading class java/util/regex/PatternCustomizer done
Event: 35.576 Loading class java/util/regex/MatcherBeanInfo
Event: 35.576 Loading class java/util/regex/MatcherBeanInfo done
Event: 35.576 Loading class java/util/regex/MatcherBeanInfo
Event: 35.576 Loading class java/util/regex/MatcherBeanInfo done
Event: 35.576 Loading class java/util/regex/MatcherCustomizer
Event: 35.576 Loading class java/util/regex/MatcherCustomizer done
Event: 35.576 Loading class java/util/regex/MatcherCustomizer
Event: 35.576 Loading class java/util/regex/MatcherCustomizer done

Classes unloaded (1 events):
Event: 7.235 Thread 0x0000027b44f1f230 Unloading class 0x0000027b46848400 'java/lang/invoke/LambdaForm$DMH+0x0000027b46848400'

Classes redefined (0 events):
No events

Internal exceptions (20 events):
Event: 33.151 Thread 0x0000027b001fdb00 Exception <a 'java/lang/ClassNotFoundException'{0x000000070f07ac98}: build_1flv4fu5qwfmsfdo64afls2s3Customizer> (0x000000070f07ac98) 
thrown [s\src\hotspot\share\classfile\systemDictionary.cpp, line 313]
Event: 35.278 Thread 0x0000027b001fdb00 Exception <a 'java/lang/ClassNotFoundException'{0x000000070e784228}: build_1flv4fu5qwfmsfdo64afls2s3BeanInfo> (0x000000070e784228) 
thrown [s\src\hotspot\share\classfile\systemDictionary.cpp, line 313]
Event: 35.279 Thread 0x0000027b001fdb00 Exception <a 'java/lang/ClassNotFoundException'{0x000000070e78b1f8}: build_1flv4fu5qwfmsfdo64afls2s3Customizer> (0x000000070e78b1f8) 
thrown [s\src\hotspot\share\classfile\systemDictionary.cpp, line 313]
Event: 35.505 Thread 0x0000027b001fdb00 Exception <a 'java/lang/ClassNotFoundException'{0x000000070da5e820}: build_1flv4fu5qwfmsfdo64afls2s3$_run_closure2BeanInfo> (0x000000070da5e820) 
thrown [s\src\hotspot\share\classfile\systemDictionary.cpp, line 313]
Event: 35.506 Thread 0x0000027b001fdb00 Exception <a 'java/lang/ClassNotFoundException'{0x000000070da6cb38}: build_1flv4fu5qwfmsfdo64afls2s3$_run_closure2Customizer> (0x000000070da6cb38) 
thrown [s\src\hotspot\share\classfile\systemDictionary.cpp, line 313]
Event: 35.562 Thread 0x0000027b001fdb00 Exception <a 'java/lang/ClassNotFoundException'{0x000000070d86d7f8}: user_agent_5l9p2fchlq1gedlnxyy0nu8quBeanInfo> (0x000000070d86d7f8) 
thrown [s\src\hotspot\share\classfile\systemDictionary.cpp, line 313]
Event: 35.562 Thread 0x0000027b001fdb00 Exception <a 'java/lang/ClassNotFoundException'{0x000000070d886ad0}: user_agent_5l9p2fchlq1gedlnxyy0nu8quCustomizer> (0x000000070d886ad0) 
thrown [s\src\hotspot\share\classfile\systemDictionary.cpp, line 313]
Event: 35.571 Thread 0x0000027b001fdb00 Exception <a 'java/lang/ClassNotFoundException'{0x000000070d8cbaa0}: java/util/regex/PatternBeanInfo> (0x000000070d8cbaa0) 
thrown [s\src\hotspot\share\classfile\systemDictionary.cpp, line 313]
Event: 35.571 Thread 0x0000027b001fdb00 Exception <a 'java/lang/ClassNotFoundException'{0x000000070d8d3060}: java/util/regex/PatternCustomizer> (0x000000070d8d3060) 
thrown [s\src\hotspot\share\classfile\systemDictionary.cpp, line 313]
Event: 35.572 Thread 0x0000027b001fdb00 Exception <a 'java/lang/NoSuchMethodError'{0x000000070d8e0da0}: 'int java.lang.invoke.Invokers$Holder.invokeExact_MT(java.lang.Object, java.lang.Object)'> (0x000000070d8e0da0) 
thrown [s\src\hotspot\share\interpreter\linkResolver.cpp, line 773]
Event: 35.576 Thread 0x0000027b001fdb00 Exception <a 'java/lang/ClassNotFoundException'{0x000000070d90e0b0}: java/util/regex/MatcherBeanInfo> (0x000000070d90e0b0) 
thrown [s\src\hotspot\share\classfile\systemDictionary.cpp, line 313]
Event: 35.576 Thread 0x0000027b001fdb00 Exception <a 'java/lang/ClassNotFoundException'{0x000000070d915918}: java/util/regex/MatcherCustomizer> (0x000000070d915918) 
thrown [s\src\hotspot\share\classfile\systemDictionary.cpp, line 313]
Event: 35.735 Thread 0x0000027b001fdb00 Exception <a 'java/lang/ClassNotFoundException'{0x000000070cf89f60}: build_b25nsy5e1y734blrc3mmuk7lgBeanInfo> (0x000000070cf89f60) 
thrown [s\src\hotspot\share\classfile\systemDictionary.cpp, line 313]
Event: 35.736 Thread 0x0000027b001fdb00 Exception <a 'java/lang/ClassNotFoundException'{0x000000070cf90d50}: build_b25nsy5e1y734blrc3mmuk7lgCustomizer> (0x000000070cf90d50) 
thrown [s\src\hotspot\share\classfile\systemDictionary.cpp, line 313]
Event: 37.995 Thread 0x0000027b001fdb00 Exception <a 'java/lang/ClassNotFoundException'{0x000000070da02af8}: build_b25nsy5e1y734blrc3mmuk7lgBeanInfo> (0x000000070da02af8) 
thrown [s\src\hotspot\share\classfile\systemDictionary.cpp, line 313]
Event: 37.995 Thread 0x0000027b001fdb00 Exception <a 'java/lang/ClassNotFoundException'{0x000000070da09878}: build_b25nsy5e1y734blrc3mmuk7lgCustomizer> (0x000000070da09878) 
thrown [s\src\hotspot\share\classfile\systemDictionary.cpp, line 313]
Event: 38.247 Thread 0x0000027b001fdb00 Exception <a 'java/lang/ClassNotFoundException'{0x00000007ff9ecb08}: org/jetbrains/kotlin/gradle/plugin/DeprecatedKotlinJvmOptionsBeanInfo> (0x00000007ff9ecb08) 
thrown [s\src\hotspot\share\classfile\systemDictionary.cpp, line 313]
Event: 38.248 Thread 0x0000027b001fdb00 Exception <a 'java/lang/ClassNotFoundException'{0x00000007ff9fd928}: org/jetbrains/kotlin/gradle/plugin/DeprecatedKotlinJvmOptionsCustomizer> (0x00000007ff9fd928) 
thrown [s\src\hotspot\share\classfile\systemDictionary.cpp, line 313]
Event: 38.432 Thread 0x0000027b001fdb00 Exception <a 'java/lang/ClassNotFoundException'{0x00000007fdfc20c0}: build_ccqbwexgt8yrxw791cz39sgy5BeanInfo> (0x00000007fdfc20c0) 
thrown [s\src\hotspot\share\classfile\systemDictionary.cpp, line 313]
Event: 38.432 Thread 0x0000027b001fdb00 Exception <a 'java/lang/ClassNotFoundException'{0x00000007fdfc8eb0}: build_ccqbwexgt8yrxw791cz39sgy5Customizer> (0x00000007fdfc8eb0) 
thrown [s\src\hotspot\share\classfile\systemDictionary.cpp, line 313]

ZGC Phase Switch (0 events):
No events

VM Operations (20 events):
Event: 34.048 Executing safepoint VM operation: Cleanup
Event: 34.048 Executing safepoint VM operation: Cleanup done
Event: 34.575 Executing safepoint VM operation: G1CollectForAllocation (G1 Evacuation Pause)
Event: 34.582 Executing safepoint VM operation: G1CollectForAllocation (G1 Evacuation Pause) done
Event: 34.700 Executing safepoint VM operation: G1PauseRemark
Event: 34.725 Executing safepoint VM operation: G1PauseRemark done
Event: 34.788 Executing safepoint VM operation: G1PauseCleanup
Event: 34.788 Executing safepoint VM operation: G1PauseCleanup done
Event: 35.567 Executing non-safepoint VM operation: HandshakeAllThreads (Deoptimize)
Event: 35.568 Executing non-safepoint VM operation: HandshakeAllThreads (Deoptimize) done
Event: 36.462 Executing safepoint VM operation: G1CollectForAllocation (G1 Evacuation Pause)
Event: 36.470 Executing safepoint VM operation: G1CollectForAllocation (G1 Evacuation Pause) done
Event: 37.217 Executing safepoint VM operation: G1CollectForAllocation (G1 Evacuation Pause)
Event: 37.226 Executing safepoint VM operation: G1CollectForAllocation (G1 Evacuation Pause) done
Event: 38.122 Executing safepoint VM operation: G1TryInitiateConcMark (G1 Humongous Allocation)
Event: 38.127 Executing safepoint VM operation: G1TryInitiateConcMark (G1 Humongous Allocation) done
Event: 38.257 Executing safepoint VM operation: G1PauseRemark
Event: 38.264 Executing safepoint VM operation: G1PauseRemark done
Event: 38.335 Executing safepoint VM operation: G1PauseCleanup
Event: 38.335 Executing safepoint VM operation: G1PauseCleanup done

Memory protections (0 events):
No events

Nmethod flushes (20 events):
Event: 38.263 Thread 0x0000027b44f1f230 flushing  nmethod 0x0000027b2eb58510
Event: 38.263 Thread 0x0000027b44f1f230 flushing  nmethod 0x0000027b2eb8b390
Event: 38.263 Thread 0x0000027b44f1f230 flushing  nmethod 0x0000027b2ed3d210
Event: 38.263 Thread 0x0000027b44f1f230 flushing  nmethod 0x0000027b2ed8d790
Event: 38.263 Thread 0x0000027b44f1f230 flushing  nmethod 0x0000027b2eded510
Event: 38.263 Thread 0x0000027b44f1f230 flushing  nmethod 0x0000027b2edee710
Event: 38.263 Thread 0x0000027b44f1f230 flushing  nmethod 0x0000027b2ee3ac10
Event: 38.263 Thread 0x0000027b44f1f230 flushing  nmethod 0x0000027b2ee3b890
Event: 38.263 Thread 0x0000027b44f1f230 flushing  nmethod 0x0000027b2ee3d790
Event: 38.263 Thread 0x0000027b44f1f230 flushing  nmethod 0x0000027b2ef51010
Event: 38.263 Thread 0x0000027b44f1f230 flushing  nmethod 0x0000027b2ef85710
Event: 38.263 Thread 0x0000027b44f1f230 flushing  nmethod 0x0000027b2f076610
Event: 38.263 Thread 0x0000027b44f1f230 flushing  nmethod 0x0000027b2f1d6390
Event: 38.263 Thread 0x0000027b44f1f230 flushing  nmethod 0x0000027b2f1e2990
Event: 38.263 Thread 0x0000027b44f1f230 flushing  nmethod 0x0000027b2f21fb90
Event: 38.263 Thread 0x0000027b44f1f230 flushing  nmethod 0x0000027b2f2d0810
Event: 38.263 Thread 0x0000027b44f1f230 flushing  nmethod 0x0000027b2f42e310
Event: 38.263 Thread 0x0000027b44f1f230 flushing  nmethod 0x0000027b2f79e810
Event: 38.263 Thread 0x0000027b44f1f230 flushing  nmethod 0x0000027b2f835510
Event: 38.263 Thread 0x0000027b44f1f230 flushing  nmethod 0x0000027b2f9e4b90

Events (20 events):
Event: 24.031 Thread 0x0000027b049ffb30 Thread exited: 0x0000027b049ffb30
Event: 25.439 Thread 0x0000027b001fdb00 Thread added: 0x0000027b029858f0
Event: 25.513 Thread 0x0000027b7e020090 Thread added: 0x0000027b04a008d0
Event: 25.796 Thread 0x0000027b04a008d0 Thread exited: 0x0000027b04a008d0
Event: 26.133 Thread 0x0000027b44f54c10 Thread added: 0x0000027b04a01670
Event: 27.182 Thread 0x0000027b04a01670 Thread exited: 0x0000027b04a01670
Event: 27.293 Thread 0x0000027b7e020090 Thread added: 0x0000027b04a008d0
Event: 27.553 Thread 0x0000027b04a008d0 Thread exited: 0x0000027b04a008d0
Event: 29.704 Thread 0x0000027b7e020090 Thread added: 0x0000027b04a008d0
Event: 30.480 Thread 0x0000027b04a008d0 Thread exited: 0x0000027b04a008d0
Event: 32.297 Thread 0x0000027b44f54c10 Thread added: 0x0000027b04a02410
Event: 32.734 Thread 0x0000027b04a02410 Thread exited: 0x0000027b04a02410
Event: 34.060 Thread 0x0000027b44f54c10 Thread added: 0x0000027b04a02410
Event: 34.355 Thread 0x0000027b04a02410 Thread exited: 0x0000027b04a02410
Event: 35.299 Thread 0x0000027b7e020090 Thread added: 0x0000027b04a008d0
Event: 35.506 Thread 0x0000027b04a008d0 Thread exited: 0x0000027b04a008d0
Event: 35.633 Thread 0x0000027b7e020090 Thread added: 0x0000027b04a02410
Event: 35.825 Thread 0x0000027b04a02410 Thread exited: 0x0000027b04a02410
Event: 38.393 Thread 0x0000027b7e020090 Thread added: 0x0000027b04a02410
Event: 38.908 Thread 0x0000027b04a02410 Thread exited: 0x0000027b04a02410


Dynamic libraries:
0x00007ff6f27e0000 - 0x00007ff6f27ee000 	C:\Users\Inurum_Four\.antigravity\extensions\redhat.java-1.55.0-win32-x64\jre\21.0.11-win32-x86_64\bin\java.exe
0x00007ffa2e960000 - 0x00007ffa2ebc7000 	C:\WINDOWS\SYSTEM32\ntdll.dll
0x00007ffa2d250000 - 0x00007ffa2d319000 	C:\WINDOWS\System32\KERNEL32.DLL
0x00007ffa2b840000 - 0x00007ffa2bc34000 	C:\WINDOWS\System32\KERNELBASE.dll
0x00007ffa2b500000 - 0x00007ffa2b64b000 	C:\WINDOWS\System32\ucrtbase.dll
0x00007ff9dea60000 - 0x00007ff9dea78000 	C:\Users\Inurum_Four\.antigravity\extensions\redhat.java-1.55.0-win32-x64\jre\21.0.11-win32-x86_64\bin\jli.dll
0x00007ff9dea80000 - 0x00007ff9dea9e000 	C:\Users\Inurum_Four\.antigravity\extensions\redhat.java-1.55.0-win32-x64\jre\21.0.11-win32-x86_64\bin\VCRUNTIME140.dll
0x00007ffa2da70000 - 0x00007ffa2dc35000 	C:\WINDOWS\System32\USER32.dll
0x00007ffa1ca10000 - 0x00007ffa1cca3000 	C:\WINDOWS\WinSxS\amd64_microsoft.windows.common-controls_6595b64144ccf1df_6.0.26100.8115_none_3e075c82e3354f9c\COMCTL32.dll
0x00007ffa2b810000 - 0x00007ffa2b837000 	C:\WINDOWS\System32\win32u.dll
0x00007ffa2df70000 - 0x00007ffa2e019000 	C:\WINDOWS\System32\msvcrt.dll
0x00007ffa2d020000 - 0x00007ffa2d04b000 	C:\WINDOWS\System32\GDI32.dll
0x00007ffa2b650000 - 0x00007ffa2b77b000 	C:\WINDOWS\System32\gdi32full.dll
0x00007ffa2b230000 - 0x00007ffa2b2d3000 	C:\WINDOWS\System32\msvcp_win.dll
0x00007ffa2e3c0000 - 0x00007ffa2e3f2000 	C:\WINDOWS\System32\IMM32.DLL
0x00007ffa25360000 - 0x00007ffa2536c000 	C:\Users\Inurum_Four\.antigravity\extensions\redhat.java-1.55.0-win32-x64\jre\21.0.11-win32-x86_64\bin\vcruntime140_1.dll
0x00007ff9d4060000 - 0x00007ff9d40ed000 	C:\Users\Inurum_Four\.antigravity\extensions\redhat.java-1.55.0-win32-x64\jre\21.0.11-win32-x86_64\bin\msvcp140.dll
0x00007ff9999a0000 - 0x00007ff99a742000 	C:\Users\Inurum_Four\.antigravity\extensions\redhat.java-1.55.0-win32-x64\jre\21.0.11-win32-x86_64\bin\server\jvm.dll
0x00007ffa2d5e0000 - 0x00007ffa2d696000 	C:\WINDOWS\System32\ADVAPI32.dll
0x00007ffa2ce70000 - 0x00007ffa2cf17000 	C:\WINDOWS\System32\sechost.dll
0x00007ffa2d4c0000 - 0x00007ffa2d5d8000 	C:\WINDOWS\System32\RPCRT4.dll
0x00007ffa2e400000 - 0x00007ffa2e480000 	C:\WINDOWS\System32\WS2_32.dll
0x00007ffa2b090000 - 0x00007ffa2b0ee000 	C:\WINDOWS\SYSTEM32\POWRPROF.dll
0x00007ffa25240000 - 0x00007ffa2524b000 	C:\WINDOWS\SYSTEM32\VERSION.dll
0x00007ffa221d0000 - 0x00007ffa22206000 	C:\WINDOWS\SYSTEM32\WINMM.dll
0x00007ffa2b070000 - 0x00007ffa2b084000 	C:\WINDOWS\SYSTEM32\UMPDC.dll
0x00007ffa29f80000 - 0x00007ffa29f9b000 	C:\WINDOWS\SYSTEM32\kernel.appcore.dll
0x00007ffa10cf0000 - 0x00007ffa10cfa000 	C:\Users\Inurum_Four\.antigravity\extensions\redhat.java-1.55.0-win32-x64\jre\21.0.11-win32-x86_64\bin\jimage.dll
0x00007ffa1cf30000 - 0x00007ffa1d172000 	C:\WINDOWS\SYSTEM32\DBGHELP.DLL
0x00007ffa2e030000 - 0x00007ffa2e3b2000 	C:\WINDOWS\System32\combase.dll
0x00007ffa2d760000 - 0x00007ffa2d838000 	C:\WINDOWS\System32\OLEAUT32.dll
0x00007ffa1ccb0000 - 0x00007ffa1cceb000 	C:\WINDOWS\SYSTEM32\dbgcore.DLL
0x00007ffa2b2e0000 - 0x00007ffa2b385000 	C:\WINDOWS\System32\bcryptPrimitives.dll
0x00007ffa0ed60000 - 0x00007ffa0ed6f000 	C:\Users\Inurum_Four\.antigravity\extensions\redhat.java-1.55.0-win32-x64\jre\21.0.11-win32-x86_64\bin\instrument.dll
0x00007ff9d4510000 - 0x00007ff9d4530000 	C:\Users\Inurum_Four\.antigravity\extensions\redhat.java-1.55.0-win32-x64\jre\21.0.11-win32-x86_64\bin\java.dll
0x00007ffa2c700000 - 0x00007ffa2ce67000 	C:\WINDOWS\System32\SHELL32.dll
0x00007ffa2b390000 - 0x00007ffa2b4fa000 	C:\WINDOWS\System32\wintypes.dll
0x00007ffa2be80000 - 0x00007ffa2c6e8000 	C:\WINDOWS\System32\windows.storage.dll
0x00007ffa2d050000 - 0x00007ffa2d148000 	C:\WINDOWS\System32\SHCORE.dll
0x00007ffa2de70000 - 0x00007ffa2ded6000 	C:\WINDOWS\System32\shlwapi.dll
0x00007ffa2b150000 - 0x00007ffa2b179000 	C:\WINDOWS\SYSTEM32\profapi.dll
0x00007ff9d44f0000 - 0x00007ff9d4508000 	C:\Users\Inurum_Four\.antigravity\extensions\redhat.java-1.55.0-win32-x64\jre\21.0.11-win32-x86_64\bin\zip.dll
0x00007ffa10a40000 - 0x00007ffa10a50000 	C:\Users\Inurum_Four\.antigravity\extensions\redhat.java-1.55.0-win32-x64\jre\21.0.11-win32-x86_64\bin\net.dll
0x00007ffa24ff0000 - 0x00007ffa2511d000 	C:\WINDOWS\SYSTEM32\WINHTTP.dll
0x00007ffa2a4d0000 - 0x00007ffa2a53c000 	C:\WINDOWS\system32\mswsock.dll
0x00007ff9d44d0000 - 0x00007ff9d44e6000 	C:\Users\Inurum_Four\.antigravity\extensions\redhat.java-1.55.0-win32-x64\jre\21.0.11-win32-x86_64\bin\nio.dll
0x00007ffa0d820000 - 0x00007ffa0d830000 	C:\Users\Inurum_Four\.antigravity\extensions\redhat.java-1.55.0-win32-x64\jre\21.0.11-win32-x86_64\bin\verify.dll
0x00007ff9fce40000 - 0x00007ff9fce67000 	C:\Users\Inurum_Four\.gradle\native\1def1411415f61bf3af743bc5b6707747c0891f09f0c88961ee8f79bc544acac\windows-amd64\native-platform.dll
0x00007ffa0cf90000 - 0x00007ffa0d008000 	C:\Users\Inurum_Four\.gradle\native\0.2.7\x86_64-windows-gnu\gradle-fileevents.dll
0x00007ff9fe8e0000 - 0x00007ff9fe8ea000 	C:\Users\Inurum_Four\.antigravity\extensions\redhat.java-1.55.0-win32-x64\jre\21.0.11-win32-x86_64\bin\management.dll
0x00007ff9fe8d0000 - 0x00007ff9fe8dc000 	C:\Users\Inurum_Four\.antigravity\extensions\redhat.java-1.55.0-win32-x64\jre\21.0.11-win32-x86_64\bin\management_ext.dll
0x00007ffa2c6f0000 - 0x00007ffa2c6f8000 	C:\WINDOWS\System32\PSAPI.DLL
0x00007ffa29960000 - 0x00007ffa29992000 	C:\WINDOWS\SYSTEM32\IPHLPAPI.DLL
0x00007ffa2e020000 - 0x00007ffa2e02a000 	C:\WINDOWS\System32\NSI.dll
0x00007ff9ff110000 - 0x00007ff9ff119000 	C:\Users\Inurum_Four\.antigravity\extensions\redhat.java-1.55.0-win32-x64\jre\21.0.11-win32-x86_64\bin\extnet.dll
0x00007ffa2a8d0000 - 0x00007ffa2a8eb000 	C:\WINDOWS\SYSTEM32\CRYPTSP.dll
0x00007ffa29ee0000 - 0x00007ffa29f19000 	C:\WINDOWS\system32\rsaenh.dll
0x00007ffa2a580000 - 0x00007ffa2a5b3000 	C:\WINDOWS\SYSTEM32\USERENV.dll
0x00007ffa2b120000 - 0x00007ffa2b14a000 	C:\WINDOWS\SYSTEM32\bcrypt.dll
0x00007ffa2a730000 - 0x00007ffa2a73c000 	C:\WINDOWS\SYSTEM32\CRYPTBASE.dll
0x00007ffa11bd0000 - 0x00007ffa11bde000 	C:\Users\Inurum_Four\.antigravity\extensions\redhat.java-1.55.0-win32-x64\jre\21.0.11-win32-x86_64\bin\sunmscapi.dll
0x00007ffa2bc40000 - 0x00007ffa2bdb7000 	C:\WINDOWS\System32\CRYPT32.dll
0x00007ffa2aa30000 - 0x00007ffa2aa60000 	C:\WINDOWS\SYSTEM32\ncrypt.dll
0x00007ffa2a9e0000 - 0x00007ffa2aa1f000 	C:\WINDOWS\SYSTEM32\NTASN1.dll
0x00007ffa11be0000 - 0x00007ffa11be8000 	C:\WINDOWS\system32\wshunix.dll

JVMTI agents:
C:\Users\Inurum_Four\.gradle\wrapper\dists\gradle-8.14-all\c2qonpi39x1mddn7hk5gh9iqj\gradle-8.14\lib\agents\gradle-instrumentation-agent-8.14.jar path:C:\Users\Inurum_Four\.antigravity\extensions\redhat.java-1.55.0-win32-x64\jre\21.0.11-win32-x86_64\bin\instrument.dll, loaded, initialized, instrumentlib options:none

dbghelp: loaded successfully - version: 4.0.5 - missing functions: none
symbol engine: initialized successfully - sym options: 0x614 - pdb path: .;C:\Users\Inurum_Four\.antigravity\extensions\redhat.java-1.55.0-win32-x64\jre\21.0.11-win32-x86_64\bin;C:\WINDOWS\SYSTEM32;C:\WINDOWS\WinSxS\amd64_microsoft.windows.common-controls_6595b64144ccf1df_6.0.26100.8115_none_3e075c82e3354f9c;C:\Users\Inurum_Four\.antigravity\extensions\redhat.java-1.55.0-win32-x64\jre\21.0.11-win32-x86_64\bin\server;C:\Users\Inurum_Four\.gradle\native\1def1411415f61bf3af743bc5b6707747c0891f09f0c88961ee8f79bc544acac\windows-amd64;C:\Users\Inurum_Four\.gradle\native\0.2.7\x86_64-windows-gnu

VM Arguments:
jvm_args: --add-opens=java.base/java.lang=ALL-UNNAMED --add-opens=java.base/java.lang.invoke=ALL-UNNAMED --add-opens=java.base/java.util=ALL-UNNAMED --add-opens=java.prefs/java.util.prefs=ALL-UNNAMED --add-exports=jdk.compiler/com.sun.tools.javac.api=ALL-UNNAMED --add-exports=jdk.compiler/com.sun.tools.javac.util=ALL-UNNAMED --add-opens=java.base/java.util=ALL-UNNAMED --add-opens=java.prefs/java.util.prefs=ALL-UNNAMED --add-opens=java.base/java.nio.charset=ALL-UNNAMED --add-opens=java.base/java.net=ALL-UNNAMED --add-opens=java.base/java.util.concurrent.atomic=ALL-UNNAMED --add-opens=java.xml/javax.xml.namespace=ALL-UNNAMED -XX:MaxMetaspaceSize=1G -Xmx4G -Dfile.encoding=UTF-8 -Duser.country=IN -Duser.language=en -Duser.variant -javaagent:C:\Users\Inurum_Four\.gradle\wrapper\dists\gradle-8.14-all\c2qonpi39x1mddn7hk5gh9iqj\gradle-8.14\lib\agents\gradle-instrumentation-agent-8.14.jar 
java_command: org.gradle.launcher.daemon.bootstrap.GradleDaemon 8.14
java_class_path (initial): C:\Users\Inurum_Four\.gradle\wrapper\dists\gradle-8.14-all\c2qonpi39x1mddn7hk5gh9iqj\gradle-8.14\lib\gradle-daemon-main-8.14.jar
Launcher Type: SUN_STANDARD

[Global flags]
     intx CICompilerCount                          = 4                                         {product} {ergonomic}
   size_t CompressedClassSpaceSize                 = 872415232                                 {product} {ergonomic}
     uint ConcGCThreads                            = 2                                         {product} {ergonomic}
     uint G1ConcRefinementThreads                  = 8                                         {product} {ergonomic}
   size_t G1HeapRegionSize                         = 2097152                                   {product} {ergonomic}
    uintx GCDrainStackTargetSize                   = 64                                        {product} {ergonomic}
   size_t InitialHeapSize                          = 266338304                                 {product} {ergonomic}
   size_t MarkStackSize                            = 4194304                                   {product} {ergonomic}
   size_t MaxHeapSize                              = 4294967296                                {product} {command line}
   size_t MaxMetaspaceSize                         = 1073741824                                {product} {command line}
   size_t MaxNewSize                               = 2575302656                                {product} {ergonomic}
   size_t MinHeapDeltaBytes                        = 2097152                                   {product} {ergonomic}
   size_t MinHeapSize                              = 8388608                                   {product} {ergonomic}
    uintx NonNMethodCodeHeapSize                   = 5839372                                {pd product} {ergonomic}
    uintx NonProfiledCodeHeapSize                  = 122909434                              {pd product} {ergonomic}
    uintx ProfiledCodeHeapSize                     = 122909434                              {pd product} {ergonomic}
    uintx ReservedCodeCacheSize                    = 251658240                              {pd product} {ergonomic}
     bool SegmentedCodeCache                       = true                                      {product} {ergonomic}
   size_t SoftMaxHeapSize                          = 4294967296                             {manageable} {ergonomic}
     bool UseCompressedOops                        = true                           {product lp64_product} {ergonomic}
     bool UseG1GC                                  = true                                      {product} {ergonomic}
     bool UseLargePagesIndividualAllocation        = false                                  {pd product} {ergonomic}

Logging:
Log output configuration:
 #0: stdout all=warning uptime,level,tags foldmultilines=false
 #1: stderr all=off uptime,level,tags foldmultilines=false

Release file:
JAVA_VERSION="21.0.11" 
MODULES="java.base java.compiler java.datatransfer java.xml java.prefs java.desktop java.instrument java.logging java.management java.security.sasl java.naming java.rmi java.management.rmi java.net.http java.scripting java.security.jgss java.transaction.xa java.sql java.sql.rowset java.xml.crypto java.se java.smartcardio jdk.accessibility jdk.internal.jvmstat jdk.attach jdk.charsets jdk.internal.opt jdk.zipfs jdk.compiler jdk.crypto.ec jdk.crypto.cryptoki jdk.crypto.mscapi jdk.dynalink jdk.internal.ed jdk.editpad jdk.hotspot.agent jdk.httpserver jdk.internal.le jdk.internal.vm.ci jdk.internal.vm.compiler jdk.internal.vm.compiler.management jdk.jartool jdk.javadoc jdk.jcmd jdk.management jdk.management.agent jdk.jconsole jdk.jdeps jdk.jdwp.agent jdk.jdi jdk.jfr jdk.jshell jdk.jsobject jdk.jstatd jdk.localedata jdk.management.jfr jdk.naming.dns jdk.naming.rmi jdk.net jdk.nio.mapmode jdk.random jdk.sctp jdk.security.auth jdk.security.jgss jdk.unsupported jdk.unsupported.desktop jdk.xml.dom" 

Environment Variables:
JAVA_HOME=C:\Program Files\Java\jdk-17
PATH=C:\Program Files\Common Files\Oracle\Java\javapath;C:\WINDOWS\system32;C:\WINDOWS;C:\WINDOWS\System32\Wbem;C:\WINDOWS\System32\WindowsPowerShell\v1.0\;C:\WINDOWS\System32\OpenSSH\;C:\src\flutter\bin;C:\Program Files\Git\cmd;C:\Users\Inurum_Four\AppData\Roaming\npm;C:\Program Files\nodejs\;C:\Users\Inurum_Four\AppData\Local\Programs\Python\Python311\Scripts\;C:\Users\Inurum_Four\AppData\Local\Programs\Python\Python311\;C:\Users\Inurum_Four\AppData\Local\Programs\Python\Python314\Scripts\;C:\Users\Inurum_Four\AppData\Local\Programs\Python\Python314\;C:\Users\Inurum_Four\AppData\Local\Microsoft\WindowsApps;C:\src\flutter\bin;C:\Users\Inurum_Four\AppData\Local\Programs\Microsoft VS Code\bin;C:\Program Files\nodejs\;C:\Users\Inurum_Four\AppData\Local\Pub\Cache\bin;C:\Users\Inurum_Four\AppData\Roaming\npm;C:\Users\Inurum_Four\AppData\Local\Programs\Antigravity\bin;C:\Program Files\SDCC\bin;C:\Users\Inurum_Four\AppData\Local\Programs\Antigravity IDE\bin;C:\Users\Inurum_Four\AppData\Local\GitHubDesktop\bin
USERNAME=Inurum_Four
OS=Windows_NT
PROCESSOR_IDENTIFIER=Intel64 Family 6 Model 151 Stepping 5, GenuineIntel
TMP=C:\Users\INURUM~1\AppData\Local\Temp
TEMP=C:\Users\INURUM~1\AppData\Local\Temp




Periodic native trim disabled

---------------  S Y S T E M  ---------------

OS:
 Windows 11 , 64 bit Build 26100 (10.0.26100.8246)
OS uptime: 0 days 2:56 hours
Hyper-V role detected

CPU: total 8 (initial active 8) (4 cores per cpu, 2 threads per core) family 6 model 151 stepping 5 microcode 0x18, cx8, cmov, fxsr, ht, mmx, 3dnowpref, sse, sse2, sse3, ssse3, sse4.1, sse4.2, popcnt, lzcnt, tsc, tscinvbit, avx, avx2, aes, erms, clmul, bmi1, bmi2, adx, sha, fma, vzeroupper, clflush, clflushopt, clwb, hv, serialize, rdtscp, rdpid, fsrm, f16c, cet_ibt, cet_ss
Processor Information for the first 8 processors :
  Max Mhz: 3300, Current Mhz: 3300, Mhz Limit: 3300

Memory: 4k page, system-wide physical 16197M (1377M free)
TotalPageFile size 32869M (AvailPageFile size 0M)
current process WorkingSet (physical memory assigned to process): 669M, peak: 669M
current process commit charge ("private bytes"): 714M, peak: 717M

vm_info: OpenJDK 64-Bit Server VM (21.0.11+10-LTS) for windows-amd64 JRE (21.0.11+10-LTS), built on 2026-04-21T00:00:00Z by "admin" with MS VC++ 17.12 (VS2022)

END.
