#
# There is insufficient memory for the Java Runtime Environment to continue.
# Native memory allocation (malloc) failed to allocate 1320416 bytes for Chunk::new
# Possible reasons:
#   The system is out of physical RAM or swap space
#   The process is running with CompressedOops enabled, and the Java Heap may be blocking the growth of the native heap
# Possible solutions:
#   Reduce memory load on the system
#   Increase physical memory or swap space
#   Check if swap backing store is full
#   Decrease Java heap size (-Xmx/-Xms)
#   Decrease number of Java threads
#   Decrease Java thread stack sizes (-Xss)
#   Set larger code cache with -XX:ReservedCodeCacheSize=
#   JVM is running with Unscaled Compressed Oops mode in which the Java heap is
#     placed in the first 4GB address space. The Java Heap base address is the
#     maximum limit for the native heap growth. Please use -XX:HeapBaseMinAddress
#     to set the Java Heap base and to place the Java Heap above 4GB virtual address.
# This output file may be truncated or incomplete.
#
#  Out of Memory Error (arena.cpp:189), pid=42596, tid=16072
#
# JRE version: Java(TM) SE Runtime Environment (17.0.12+8) (build 17.0.12+8-LTS-286)
# Java VM: Java HotSpot(TM) 64-Bit Server VM (17.0.12+8-LTS-286, mixed mode, sharing, tiered, compressed oops, compressed class ptrs, g1 gc, windows-amd64)
# No core dump will be written. Minidumps are not enabled by default on client versions of Windows
#

---------------  S U M M A R Y ------------

Command Line: --add-opens=java.base/java.lang=ALL-UNNAMED --add-opens=java.base/java.lang.invoke=ALL-UNNAMED --add-opens=java.base/java.util=ALL-UNNAMED --add-opens=java.prefs/java.util.prefs=ALL-UNNAMED --add-exports=jdk.compiler/com.sun.tools.javac.api=ALL-UNNAMED --add-exports=jdk.compiler/com.sun.tools.javac.util=ALL-UNNAMED --add-opens=java.base/java.util=ALL-UNNAMED --add-opens=java.prefs/java.util.prefs=ALL-UNNAMED --add-opens=java.base/java.nio.charset=ALL-UNNAMED --add-opens=java.base/java.net=ALL-UNNAMED --add-opens=java.base/java.util.concurrent.atomic=ALL-UNNAMED --add-opens=java.xml/javax.xml.namespace=ALL-UNNAMED -Xmx1536M -Dfile.encoding=UTF-8 -Duser.country=IN -Duser.language=en -Duser.variant -javaagent:C:\Users\Inurum_Four\.gradle\wrapper\dists\gradle-8.14-all\c2qonpi39x1mddn7hk5gh9iqj\gradle-8.14\lib\agents\gradle-instrumentation-agent-8.14.jar org.gradle.launcher.daemon.bootstrap.GradleDaemon 8.14

Host: 12th Gen Intel(R) Core(TM) i3-12100F, 8 cores, 15G,  Windows 11 , 64 bit Build 26100 (10.0.26100.8246)
Time: Fri Jun 26 15:57:14 2026 India Standard Time elapsed time: 61.629348 seconds (0d 0h 1m 1s)

---------------  T H R E A D  ---------------

Current thread (0x000001cc4a696f10):  JavaThread "C2 CompilerThread0" daemon [_thread_in_native, id=16072, stack(0x000000310a700000,0x000000310a800000)]


Current CompileTask:
C2:  61629 19384       4       java.beans.Introspector::addMethod (196 bytes)

Stack: [0x000000310a700000,0x000000310a800000]
Native frames: (J=compiled Java code, j=interpreted, Vv=VM code, C=native code)
V  [jvm.dll+0x67a04a]
V  [jvm.dll+0x7da4ed]
V  [jvm.dll+0x7dbe33]
V  [jvm.dll+0x7dc4a3]
V  [jvm.dll+0x24508f]
V  [jvm.dll+0xab773]
V  [jvm.dll+0xabd3c]
V  [jvm.dll+0x2aa52f]
V  [jvm.dll+0x581eb9]
V  [jvm.dll+0x21f422]
V  [jvm.dll+0x21f81f]
V  [jvm.dll+0x218aa0]
V  [jvm.dll+0x215b65]
V  [jvm.dll+0x1a2960]
V  [jvm.dll+0x22610b]
V  [jvm.dll+0x2242ab]
V  [jvm.dll+0x79075c]
V  [jvm.dll+0x78abea]
V  [jvm.dll+0x678f35]
C  [ucrtbase.dll+0x37b0]
C  [KERNEL32.DLL+0x2e8d7]
C  [ntdll.dll+0x8c3fc]


---------------  P R O C E S S  ---------------

Threads class SMR info:
_java_thread_list=0x000001cca2daad70, length=137, elements={
0x000001cc2b982c00, 0x000001cc4a67c2c0, 0x000001cc4a67ce80, 0x000001cc4a693cb0,
0x000001cc4a694780, 0x000001cc4a695050, 0x000001cc4a695a10, 0x000001cc4a696f10,
0x000001cc4a6998f0, 0x000001cc4a69ae30, 0x000001cc4a7c0190, 0x000001cc4a8cd8b0,
0x000001cc91ab64e0, 0x000001cc90972510, 0x000001cc91970600, 0x000001cc90d8a040,
0x000001cc91c12fa0, 0x000001cc91a46500, 0x000001cc91a44bb0, 0x000001cc91a46a10,
0x000001cc91a450c0, 0x000001cc91a455d0, 0x000001cc91a446a0, 0x000001cc91a45ae0,
0x000001cc91a47e50, 0x000001cc91a47940, 0x000001cc91a46f20, 0x000001cc91a47430,
0x000001cc92bea6c0, 0x000001cc92be7420, 0x000001cc92be8860, 0x000001cc92be9ca0,
0x000001cc92be7930, 0x000001cc92be9790, 0x000001cc92be7e40, 0x000001cc92be8350,
0x000001cc92cd5080, 0x000001cc92cd3730, 0x000001cc92cd4660, 0x000001cc92cd73f0,
0x000001cc92cd5590, 0x000001cc92cd5fb0, 0x000001cc92cd64c0, 0x000001cc92cd3c40,
0x000001cc92cd7900, 0x000001cc92cd4150, 0x000001cc92cd7e10, 0x000001cc92cd8320,
0x000001cc92cd4b70, 0x000001cc92cd9760, 0x000001cc92cdb0b0, 0x000001cc92cd8830,
0x000001cc92cd9c70, 0x000001cc92cda690, 0x000001cc92cd8d40, 0x000001cc92cdaba0,
0x000001cc92cda180, 0x000001cc92cd9250, 0x000001cc94a00ab0, 0x000001cc94a01ef0,
0x000001cc94a019e0, 0x000001cc94a014d0, 0x000001cc94a02400, 0x000001cc94a02910,
0x000001cc94a02e20, 0x000001cc94a03840, 0x000001cca470b400, 0x000001cca470a4d0,
0x000001cca470c330, 0x000001cca470be20, 0x000001cca470b910, 0x000001cca470c840,
0x000001cca4709090, 0x000001cca470a9e0, 0x000001cca4709ab0, 0x000001cca470d260,
0x000001cca470d770, 0x000001cca4709fc0, 0x000001cca470dc80, 0x000001cca470fff0,
0x000001cca470e6a0, 0x000001cca470e190, 0x000001cca470ebb0, 0x000001cca470f0c0,
0x000001cca470f5d0, 0x000001cca470fae0, 0x000001cca4710a10, 0x000001cca4710500,
0x000001cc90ee99f0, 0x000001cc90ee8fd0, 0x000001cc90eeae30, 0x000001cc90ee9f00,
0x000001cc94a05bb0, 0x000001cc9424ea20, 0x000001cc94250d90, 0x000001cc942512a0,
0x000001cc942517b0, 0x000001cc9424fe60, 0x000001cc94251cc0, 0x000001cc942521d0,
0x000001cc94250370, 0x000001cc942526e0, 0x000001cc9424f950, 0x000001cc9424ef30,
0x000001cc94252bf0, 0x000001cc962bef70, 0x000001cc9424f440, 0x000001cc94253100,
0x000001cc94253610, 0x000001cc94253b20, 0x000001cc94254030, 0x000001cc94250880,
0x000001cc94254f60, 0x000001cc94254540, 0x000001cc942563a0, 0x000001cc94254a50,
0x000001cc94255470, 0x000001cc94255980, 0x000001cc94255e90, 0x000001cc96745d20,
0x000001cc962be4d0, 0x000001cc967448e0, 0x000001cc96745300, 0x000001cc96744df0,
0x000001cc967439b0, 0x000001cc967443d0, 0x000001cc96745810, 0x000001cc96746230,
0x000001cc96742a80, 0x000001cc96746740, 0x000001cc96742f90, 0x000001cc96746c50,
0x000001cc967434a0, 0x000001cc96748fc0, 0x000001cc96748090, 0x000001cc9674a400,
0x000001cc96747160
}

Java Threads: ( => current thread )
  0x000001cc2b982c00 JavaThread "main" [_thread_blocked, id=39524, stack(0x0000003109a00000,0x0000003109b00000)]
  0x000001cc4a67c2c0 JavaThread "Reference Handler" daemon [_thread_blocked, id=32728, stack(0x000000310a100000,0x000000310a200000)]
  0x000001cc4a67ce80 JavaThread "Finalizer" daemon [_thread_blocked, id=40528, stack(0x000000310a200000,0x000000310a300000)]
  0x000001cc4a693cb0 JavaThread "Signal Dispatcher" daemon [_thread_blocked, id=13480, stack(0x000000310a300000,0x000000310a400000)]
  0x000001cc4a694780 JavaThread "Attach Listener" daemon [_thread_blocked, id=10284, stack(0x000000310a400000,0x000000310a500000)]
  0x000001cc4a695050 JavaThread "Service Thread" daemon [_thread_blocked, id=39756, stack(0x000000310a500000,0x000000310a600000)]
  0x000001cc4a695a10 JavaThread "Monitor Deflation Thread" daemon [_thread_blocked, id=20080, stack(0x000000310a600000,0x000000310a700000)]
=>0x000001cc4a696f10 JavaThread "C2 CompilerThread0" daemon [_thread_in_native, id=16072, stack(0x000000310a700000,0x000000310a800000)]
  0x000001cc4a6998f0 JavaThread "C1 CompilerThread0" daemon [_thread_blocked, id=37456, stack(0x000000310a800000,0x000000310a900000)]
  0x000001cc4a69ae30 JavaThread "Sweeper thread" daemon [_thread_blocked, id=13676, stack(0x000000310a900000,0x000000310aa00000)]
  0x000001cc4a7c0190 JavaThread "Common-Cleaner" daemon [_thread_blocked, id=37056, stack(0x000000310aa00000,0x000000310ab00000)]
  0x000001cc4a8cd8b0 JavaThread "Notification Thread" daemon [_thread_blocked, id=12268, stack(0x000000310ac00000,0x000000310ad00000)]
  0x000001cc91ab64e0 JavaThread "Daemon health stats" [_thread_blocked, id=26640, stack(0x000000310ae00000,0x000000310af00000)]
  0x000001cc90972510 JavaThread "Incoming local TCP Connector on port 49289" [_thread_in_native, id=41636, stack(0x000000310ab00000,0x000000310ac00000)]
  0x000001cc91970600 JavaThread "Daemon periodic checks" [_thread_blocked, id=35772, stack(0x000000310b500000,0x000000310b600000)]
  0x000001cc90d8a040 JavaThread "Daemon" [_thread_blocked, id=7992, stack(0x000000310b600000,0x000000310b700000)]
  0x000001cc91c12fa0 JavaThread "Handler for socket connection from /127.0.0.1:49289 to /127.0.0.1:49290" [_thread_in_native, id=40232, stack(0x000000310b700000,0x000000310b800000)]
  0x000001cc91a46500 JavaThread "Cancel handler" [_thread_blocked, id=47700, stack(0x000000310b800000,0x000000310b900000)]
  0x000001cc91a44bb0 JavaThread "Daemon worker" [_thread_in_vm, id=8296, stack(0x000000310b900000,0x000000310ba00000)]
  0x000001cc91a46a10 JavaThread "Asynchronous log dispatcher for DefaultDaemonConnection: socket connection from /127.0.0.1:49289 to /127.0.0.1:49290" [_thread_blocked, id=7228, stack(0x000000310ba00000,0x000000310bb00000)]
  0x000001cc91a450c0 JavaThread "Stdin handler" [_thread_blocked, id=26136, stack(0x000000310bb00000,0x000000310bc00000)]
  0x000001cc91a455d0 JavaThread "Daemon client event forwarder" [_thread_blocked, id=40424, stack(0x000000310bc00000,0x000000310bd00000)]
  0x000001cc91a446a0 JavaThread "Cache worker for journal cache (C:\Users\Inurum_Four\.gradle\caches\journal-1)" [_thread_blocked, id=8396, stack(0x000000310bd00000,0x000000310be00000)]
  0x000001cc91a45ae0 JavaThread "File lock request listener" [_thread_in_native, id=11984, stack(0x000000310be00000,0x000000310bf00000)]
  0x000001cc91a47e50 JavaThread "Cache worker for file hash cache (C:\Users\Inurum_Four\.gradle\caches\8.14\fileHashes)" [_thread_blocked, id=20504, stack(0x000000310bf00000,0x000000310c000000)]
  0x000001cc91a47940 JavaThread "Cache worker for file hash cache (D:\InurumFlutter\mg\driver and customer\mahilasaarthi\driver\android\.gradle\8.14\fileHashes)" [_thread_blocked, id=22136, stack(0x000000310c100000,0x000000310c200000)]
  0x000001cc91a46f20 JavaThread "Cache worker for Build Output Cleanup Cache (D:\InurumFlutter\mg\driver and customer\mahilasaarthi\driver\android\.gradle\buildOutputCleanup)" [_thread_blocked, id=16060, stack(0x000000310c200000,0x000000310c300000)]
  0x000001cc91a47430 JavaThread "File watcher server" daemon [_thread_in_native, id=22440, stack(0x000000310c700000,0x000000310c800000)]
  0x000001cc92bea6c0 JavaThread "File watcher consumer" daemon [_thread_blocked, id=19508, stack(0x000000310c800000,0x000000310c900000)]
  0x000001cc92be7420 JavaThread "jar transforms" [_thread_blocked, id=47608, stack(0x000000310c900000,0x000000310ca00000)]
  0x000001cc92be8860 JavaThread "jar transforms Thread 2" [_thread_blocked, id=48612, stack(0x000000310ca00000,0x000000310cb00000)]
  0x000001cc92be9ca0 JavaThread "jar transforms Thread 3" [_thread_blocked, id=37452, stack(0x000000310cb00000,0x000000310cc00000)]
  0x000001cc92be7930 JavaThread "jar transforms Thread 4" [_thread_blocked, id=20380, stack(0x000000310c000000,0x000000310c100000)]
  0x000001cc92be9790 JavaThread "jar transforms Thread 5" [_thread_blocked, id=48936, stack(0x000000310c600000,0x000000310c700000)]
  0x000001cc92be7e40 JavaThread "Cache worker for checksums cache (D:\InurumFlutter\mg\driver and customer\mahilasaarthi\driver\android\.gradle\8.14\checksums)" [_thread_blocked, id=42440, stack(0x000000310cc00000,0x000000310cd00000)]
  0x000001cc92be8350 JavaThread "Cache worker for file content cache (C:\Users\Inurum_Four\.gradle\caches\8.14\fileContent)" [_thread_blocked, id=2964, stack(0x000000310cd00000,0x000000310ce00000)]
  0x000001cc92cd5080 JavaThread "jar transforms Thread 6" [_thread_blocked, id=18672, stack(0x000000310d000000,0x000000310d100000)]
  0x000001cc92cd3730 JavaThread "jar transforms Thread 7" [_thread_blocked, id=28304, stack(0x000000310ce00000,0x000000310cf00000)]
  0x000001cc92cd4660 JavaThread "jar transforms Thread 8" [_thread_blocked, id=42944, stack(0x000000310d400000,0x000000310d500000)]
  0x000001cc92cd73f0 JavaThread "Cache worker for cache directory md-supplier (C:\Users\Inurum_Four\.gradle\caches\8.14\md-supplier)" [_thread_blocked, id=5100, stack(0x000000310cf00000,0x000000310d000000)]
  0x000001cc92cd5590 JavaThread "Cache worker for cache directory md-rule (C:\Users\Inurum_Four\.gradle\caches\8.14\md-rule)" [_thread_blocked, id=31892, stack(0x000000310d100000,0x000000310d200000)]
  0x000001cc92cd5fb0 JavaThread "Cache worker for Build Output Cleanup Cache (C:\src\flutter\packages\flutter_tools\gradle\.gradle\buildOutputCleanup)" [_thread_blocked, id=18708, stack(0x000000310d500000,0x000000310d600000)]
  0x000001cc92cd64c0 JavaThread "Unconstrained build operations" [_thread_blocked, id=34316, stack(0x000000310d800000,0x000000310d900000)]
  0x000001cc92cd3c40 JavaThread "Unconstrained build operations Thread 2" [_thread_blocked, id=27076, stack(0x000000310d900000,0x000000310da00000)]
  0x000001cc92cd7900 JavaThread "Unconstrained build operations Thread 3" [_thread_blocked, id=47548, stack(0x000000310da00000,0x000000310db00000)]
  0x000001cc92cd4150 JavaThread "Unconstrained build operations Thread 4" [_thread_blocked, id=48968, stack(0x000000310db00000,0x000000310dc00000)]
  0x000001cc92cd7e10 JavaThread "Unconstrained build operations Thread 5" [_thread_blocked, id=29920, stack(0x000000310dc00000,0x000000310dd00000)]
  0x000001cc92cd8320 JavaThread "Unconstrained build operations Thread 6" [_thread_blocked, id=39552, stack(0x000000310dd00000,0x000000310de00000)]
  0x000001cc92cd4b70 JavaThread "Unconstrained build operations Thread 7" [_thread_blocked, id=35492, stack(0x000000310de00000,0x000000310df00000)]
  0x000001cc92cd9760 JavaThread "Unconstrained build operations Thread 8" [_thread_blocked, id=27880, stack(0x000000310df00000,0x000000310e000000)]
  0x000001cc92cdb0b0 JavaThread "Unconstrained build operations Thread 9" [_thread_blocked, id=48676, stack(0x000000310e000000,0x000000310e100000)]
  0x000001cc92cd8830 JavaThread "Unconstrained build operations Thread 10" [_thread_blocked, id=33564, stack(0x000000310e100000,0x000000310e200000)]
  0x000001cc92cd9c70 JavaThread "Unconstrained build operations Thread 11" [_thread_blocked, id=31420, stack(0x000000310e200000,0x000000310e300000)]
  0x000001cc92cda690 JavaThread "Unconstrained build operations Thread 12" [_thread_blocked, id=44228, stack(0x000000310e300000,0x000000310e400000)]
  0x000001cc92cd8d40 JavaThread "Unconstrained build operations Thread 13" [_thread_blocked, id=27600, stack(0x000000310e400000,0x000000310e500000)]
  0x000001cc92cdaba0 JavaThread "Unconstrained build operations Thread 14" [_thread_blocked, id=12728, stack(0x000000310e500000,0x000000310e600000)]
  0x000001cc92cda180 JavaThread "Unconstrained build operations Thread 15" [_thread_blocked, id=22924, stack(0x000000310e600000,0x000000310e700000)]
  0x000001cc92cd9250 JavaThread "Unconstrained build operations Thread 16" [_thread_blocked, id=31352, stack(0x000000310e700000,0x000000310e800000)]
  0x000001cc94a00ab0 JavaThread "Unconstrained build operations Thread 17" [_thread_blocked, id=15380, stack(0x000000310e800000,0x000000310e900000)]
  0x000001cc94a01ef0 JavaThread "Unconstrained build operations Thread 18" [_thread_blocked, id=42988, stack(0x000000310e900000,0x000000310ea00000)]
  0x000001cc94a019e0 JavaThread "Unconstrained build operations Thread 19" [_thread_blocked, id=33836, stack(0x000000310ea00000,0x000000310eb00000)]
  0x000001cc94a014d0 JavaThread "Unconstrained build operations Thread 20" [_thread_blocked, id=16768, stack(0x000000310eb00000,0x000000310ec00000)]
  0x000001cc94a02400 JavaThread "Unconstrained build operations Thread 21" [_thread_blocked, id=37388, stack(0x000000310ec00000,0x000000310ed00000)]
  0x000001cc94a02910 JavaThread "Memory manager" [_thread_blocked, id=11160, stack(0x000000310ed00000,0x000000310ee00000)]
  0x000001cc94a02e20 JavaThread "build event listener" [_thread_blocked, id=22020, stack(0x0000003109800000,0x0000003109900000)]
  0x000001cc94a03840 JavaThread "Kotlin DSL Writer" [_thread_blocked, id=46048, stack(0x000000310ee00000,0x000000310ef00000)]
  0x000001cca470b400 JavaThread "included builds" [_thread_blocked, id=7748, stack(0x000000310f100000,0x000000310f200000)]
  0x000001cca470a4d0 JavaThread "Execution worker" [_thread_blocked, id=34648, stack(0x000000310f200000,0x000000310f300000)]
  0x000001cca470c330 JavaThread "Execution worker Thread 2" [_thread_blocked, id=26792, stack(0x000000310f300000,0x000000310f400000)]
  0x000001cca470be20 JavaThread "Execution worker Thread 3" [_thread_blocked, id=41032, stack(0x000000310f400000,0x000000310f500000)]
  0x000001cca470b910 JavaThread "Execution worker Thread 4" [_thread_blocked, id=41728, stack(0x000000310f500000,0x000000310f600000)]
  0x000001cca470c840 JavaThread "Execution worker Thread 5" [_thread_blocked, id=22364, stack(0x000000310f600000,0x000000310f700000)]
  0x000001cca4709090 JavaThread "Execution worker Thread 6" [_thread_blocked, id=26496, stack(0x000000310f700000,0x000000310f800000)]
  0x000001cca470a9e0 JavaThread "Execution worker Thread 7" [_thread_blocked, id=41540, stack(0x000000310f800000,0x000000310f900000)]
  0x000001cca4709ab0 JavaThread "Cache worker for execution history cache (C:\src\flutter\packages\flutter_tools\gradle\.gradle\8.14\executionHistory)" [_thread_blocked, id=30116, stack(0x000000310f900000,0x000000310fa00000)]
  0x000001cca470d260 JavaThread "Unconstrained build operations Thread 22" [_thread_blocked, id=22988, stack(0x000000310fb00000,0x000000310fc00000)]
  0x000001cca470d770 JavaThread "Unconstrained build operations Thread 23" [_thread_blocked, id=19676, stack(0x000000310fc00000,0x000000310fd00000)]
  0x000001cca4709fc0 JavaThread "Unconstrained build operations Thread 24" [_thread_blocked, id=17988, stack(0x000000310fd00000,0x000000310fe00000)]
  0x000001cca470dc80 JavaThread "Unconstrained build operations Thread 25" [_thread_blocked, id=22844, stack(0x000000310fe00000,0x000000310ff00000)]
  0x000001cca470fff0 JavaThread "Unconstrained build operations Thread 26" [_thread_blocked, id=39684, stack(0x000000310ff00000,0x0000003110000000)]
  0x000001cca470e6a0 JavaThread "Unconstrained build operations Thread 27" [_thread_blocked, id=27052, stack(0x0000003110000000,0x0000003110100000)]
  0x000001cca470e190 JavaThread "Unconstrained build operations Thread 28" [_thread_blocked, id=38292, stack(0x0000003110100000,0x0000003110200000)]
  0x000001cca470ebb0 JavaThread "Unconstrained build operations Thread 29" [_thread_blocked, id=20212, stack(0x0000003110200000,0x0000003110300000)]
  0x000001cca470f0c0 JavaThread "Unconstrained build operations Thread 30" [_thread_blocked, id=11556, stack(0x0000003110300000,0x0000003110400000)]
  0x000001cca470f5d0 JavaThread "Unconstrained build operations Thread 31" [_thread_blocked, id=46920, stack(0x0000003110400000,0x0000003110500000)]
  0x000001cca470fae0 JavaThread "Unconstrained build operations Thread 32" [_thread_blocked, id=26340, stack(0x0000003110500000,0x0000003110600000)]
  0x000001cca4710a10 JavaThread "Unconstrained build operations Thread 33" [_thread_blocked, id=47744, stack(0x0000003110600000,0x0000003110700000)]
  0x000001cca4710500 JavaThread "Unconstrained build operations Thread 34" [_thread_blocked, id=40336, stack(0x0000003110700000,0x0000003110800000)]
  0x000001cc90ee99f0 JavaThread "Unconstrained build operations Thread 35" [_thread_blocked, id=35060, stack(0x0000003110800000,0x0000003110900000)]
  0x000001cc90ee8fd0 JavaThread "Unconstrained build operations Thread 36" [_thread_blocked, id=35064, stack(0x0000003110900000,0x0000003110a00000)]
  0x000001cc90eeae30 JavaThread "Unconstrained build operations Thread 37" [_thread_blocked, id=35960, stack(0x0000003110a00000,0x0000003110b00000)]
  0x000001cc90ee9f00 JavaThread "Unconstrained build operations Thread 38" [_thread_blocked, id=42632, stack(0x0000003110b00000,0x0000003110c00000)]
  0x000001cc94a05bb0 JavaThread "Unconstrained build operations Thread 39" [_thread_blocked, id=25760, stack(0x0000003110c00000,0x0000003110d00000)]
  0x000001cc9424ea20 JavaThread "Unconstrained build operations Thread 40" [_thread_blocked, id=5784, stack(0x0000003110d00000,0x0000003110e00000)]
  0x000001cc94250d90 JavaThread "Unconstrained build operations Thread 41" [_thread_blocked, id=31556, stack(0x0000003110e00000,0x0000003110f00000)]
  0x000001cc942512a0 JavaThread "Unconstrained build operations Thread 42" [_thread_blocked, id=44560, stack(0x0000003110f00000,0x0000003111000000)]
  0x000001cc942517b0 JavaThread "Unconstrained build operations Thread 43" [_thread_blocked, id=37260, stack(0x0000003111000000,0x0000003111100000)]
  0x000001cc9424fe60 JavaThread "Unconstrained build operations Thread 44" [_thread_blocked, id=18640, stack(0x0000003111100000,0x0000003111200000)]
  0x000001cc94251cc0 JavaThread "Unconstrained build operations Thread 45" [_thread_blocked, id=15112, stack(0x000000310ef00000,0x000000310f000000)]
  0x000001cc942521d0 JavaThread "Unconstrained build operations Thread 46" [_thread_blocked, id=22928, stack(0x000000310fa00000,0x000000310fb00000)]
  0x000001cc94250370 JavaThread "Unconstrained build operations Thread 47" [_thread_blocked, id=30848, stack(0x0000003111200000,0x0000003111300000)]
  0x000001cc942526e0 JavaThread "Unconstrained build operations Thread 48" [_thread_blocked, id=34932, stack(0x0000003111300000,0x0000003111400000)]
  0x000001cc9424f950 JavaThread "Unconstrained build operations Thread 49" [_thread_blocked, id=36788, stack(0x0000003111400000,0x0000003111500000)]
  0x000001cc9424ef30 JavaThread "Unconstrained build operations Thread 50" [_thread_blocked, id=33360, stack(0x0000003111500000,0x0000003111600000)]
  0x000001cc94252bf0 JavaThread "Unconstrained build operations Thread 51" [_thread_blocked, id=16692, stack(0x0000003111600000,0x0000003111700000)]
  0x000001cc962bef70 JavaThread "C2 CompilerThread1" daemon [_thread_blocked, id=25580, stack(0x0000003111700000,0x0000003111800000)]
  0x000001cc9424f440 JavaThread "Unconstrained build operations Thread 52" [_thread_blocked, id=45264, stack(0x0000003111800000,0x0000003111900000)]
  0x000001cc94253100 JavaThread "Unconstrained build operations Thread 53" [_thread_blocked, id=20724, stack(0x0000003111900000,0x0000003111a00000)]
  0x000001cc94253610 JavaThread "Unconstrained build operations Thread 54" [_thread_blocked, id=7160, stack(0x0000003111a00000,0x0000003111b00000)]
  0x000001cc94253b20 JavaThread "Unconstrained build operations Thread 55" [_thread_blocked, id=31244, stack(0x0000003111b00000,0x0000003111c00000)]
  0x000001cc94254030 JavaThread "Unconstrained build operations Thread 56" [_thread_blocked, id=19188, stack(0x0000003111c00000,0x0000003111d00000)]
  0x000001cc94250880 JavaThread "Unconstrained build operations Thread 57" [_thread_blocked, id=38004, stack(0x0000003111d00000,0x0000003111e00000)]
  0x000001cc94254f60 JavaThread "Unconstrained build operations Thread 58" [_thread_blocked, id=11976, stack(0x0000003111e00000,0x0000003111f00000)]
  0x000001cc94254540 JavaThread "Unconstrained build operations Thread 59" [_thread_blocked, id=48840, stack(0x0000003111f00000,0x0000003112000000)]
  0x000001cc942563a0 JavaThread "Unconstrained build operations Thread 60" [_thread_blocked, id=24548, stack(0x0000003112000000,0x0000003112100000)]
  0x000001cc94254a50 JavaThread "Unconstrained build operations Thread 61" [_thread_blocked, id=5124, stack(0x0000003112100000,0x0000003112200000)]
  0x000001cc94255470 JavaThread "Unconstrained build operations Thread 62" [_thread_blocked, id=26404, stack(0x0000003112200000,0x0000003112300000)]
  0x000001cc94255980 JavaThread "Unconstrained build operations Thread 63" [_thread_blocked, id=28248, stack(0x0000003112300000,0x0000003112400000)]
  0x000001cc94255e90 JavaThread "Unconstrained build operations Thread 64" [_thread_blocked, id=37424, stack(0x0000003112400000,0x0000003112500000)]
  0x000001cc96745d20 JavaThread "Unconstrained build operations Thread 65" [_thread_blocked, id=16228, stack(0x0000003112500000,0x0000003112600000)]
  0x000001cc962be4d0 JavaThread "C2 CompilerThread2" daemon [_thread_blocked, id=34844, stack(0x0000003112600000,0x0000003112700000)]
  0x000001cc967448e0 JavaThread "Unconstrained build operations Thread 66" [_thread_blocked, id=31540, stack(0x0000003109700000,0x0000003109800000)]
  0x000001cc96745300 JavaThread "Unconstrained build operations Thread 67" [_thread_blocked, id=43056, stack(0x0000003109900000,0x0000003109a00000)]
  0x000001cc96744df0 JavaThread "Unconstrained build operations Thread 68" [_thread_blocked, id=1560, stack(0x0000003112700000,0x0000003112800000)]
  0x000001cc967439b0 JavaThread "Unconstrained build operations Thread 69" [_thread_blocked, id=39972, stack(0x0000003112800000,0x0000003112900000)]
  0x000001cc967443d0 JavaThread "Unconstrained build operations Thread 70" [_thread_blocked, id=28508, stack(0x0000003112900000,0x0000003112a00000)]
  0x000001cc96745810 JavaThread "Unconstrained build operations Thread 71" [_thread_blocked, id=14180, stack(0x0000003112a00000,0x0000003112b00000)]
  0x000001cc96746230 JavaThread "Unconstrained build operations Thread 72" [_thread_blocked, id=18940, stack(0x0000003112b00000,0x0000003112c00000)]
  0x000001cc96742a80 JavaThread "Unconstrained build operations Thread 73" [_thread_blocked, id=18808, stack(0x0000003112c00000,0x0000003112d00000)]
  0x000001cc96746740 JavaThread "Unconstrained build operations Thread 74" [_thread_blocked, id=3460, stack(0x0000003112d00000,0x0000003112e00000)]
  0x000001cc96742f90 JavaThread "Unconstrained build operations Thread 75" [_thread_blocked, id=35848, stack(0x0000003112e00000,0x0000003112f00000)]
  0x000001cc96746c50 JavaThread "Unconstrained build operations Thread 76" [_thread_blocked, id=31944, stack(0x0000003112f00000,0x0000003113000000)]
  0x000001cc967434a0 JavaThread "Unconstrained build operations Thread 77" [_thread_blocked, id=38684, stack(0x0000003113000000,0x0000003113100000)]
  0x000001cc96748fc0 JavaThread "Unconstrained build operations Thread 78" [_thread_blocked, id=39876, stack(0x0000003113100000,0x0000003113200000)]
  0x000001cc96748090 JavaThread "Unconstrained build operations Thread 79" [_thread_blocked, id=17300, stack(0x0000003113200000,0x0000003113300000)]
  0x000001cc9674a400 JavaThread "Unconstrained build operations Thread 80" [_thread_blocked, id=27412, stack(0x0000003113300000,0x0000003113400000)]
  0x000001cc96747160 JavaThread "Problems report writer" [_thread_in_vm, id=30368, stack(0x0000003113400000,0x0000003113500000)]

Other Threads:
  0x000001cc4a678b80 VMThread "VM Thread" [stack: 0x000000310a000000,0x000000310a100000] [id=8456]
  0x000001cc4a854120 WatcherThread [stack: 0x000000310ad00000,0x000000310ae00000] [id=43052]
  0x000001cc2b9d1aa0 GCTaskThread "GC Thread#0" [stack: 0x0000003109b00000,0x0000003109c00000] [id=30964]
  0x000001cc90137490 GCTaskThread "GC Thread#1" [stack: 0x000000310af00000,0x000000310b000000] [id=30548]
  0x000001cc90429260 GCTaskThread "GC Thread#2" [stack: 0x000000310b000000,0x000000310b100000] [id=47712]
  0x000001cc90429520 GCTaskThread "GC Thread#3" [stack: 0x000000310b100000,0x000000310b200000] [id=42868]
  0x000001cc9050f830 GCTaskThread "GC Thread#4" [stack: 0x000000310b200000,0x000000310b300000] [id=22124]
  0x000001cc9050faf0 GCTaskThread "GC Thread#5" [stack: 0x000000310b300000,0x000000310b400000] [id=6864]
  0x000001cc91dbe0f0 GCTaskThread "GC Thread#6" [stack: 0x000000310c300000,0x000000310c400000] [id=4924]
  0x000001cc91dbe3b0 GCTaskThread "GC Thread#7" [stack: 0x000000310c400000,0x000000310c500000] [id=48204]
  0x000001cc2b9de9f0 ConcurrentGCThread "G1 Main Marker" [stack: 0x0000003109c00000,0x0000003109d00000] [id=44520]
  0x000001cc2b9e10e0 ConcurrentGCThread "G1 Conc#0" [stack: 0x0000003109d00000,0x0000003109e00000] [id=29128]
  0x000001cc91dbe670 ConcurrentGCThread "G1 Conc#1" [stack: 0x000000310c500000,0x000000310c600000] [id=24064]
  0x000001cc4a52e670 ConcurrentGCThread "G1 Refine#0" [stack: 0x0000003109e00000,0x0000003109f00000] [id=44380]
  0x000001cc905943f0 ConcurrentGCThread "G1 Refine#1" [stack: 0x000000310b400000,0x000000310b500000] [id=8024]
  0x000001cc94faf110 ConcurrentGCThread "G1 Refine#2" [stack: 0x000000310d200000,0x000000310d300000] [id=25276]
  0x000001cc94faeb30 ConcurrentGCThread "G1 Refine#3" [stack: 0x000000310d300000,0x000000310d400000] [id=20528]
  0x000001cc900e67f0 ConcurrentGCThread "G1 Refine#4" [stack: 0x000000310f000000,0x000000310f100000] [id=29120]
  0x000001cc4a52ff50 ConcurrentGCThread "G1 Service" [stack: 0x0000003109f00000,0x000000310a000000] [id=33060]

Threads with active compile tasks:
C2 CompilerThread0    61655 19384       4       java.beans.Introspector::addMethod (196 bytes)

VM state: not at safepoint (normal execution)

VM Mutex/Monitor currently owned by a thread: None

Heap address: 0x00000000a0000000, size: 1536 MB, Compressed Oops mode: 32-bit

CDS archive(s) mapped at: [0x000001cc4b000000-0x000001cc4bbd0000-0x000001cc4bbd0000), size 12386304, SharedBaseAddress: 0x000001cc4b000000, ArchiveRelocationMode: 1.
Compressed class space mapped at: 0x000001cc4c000000-0x000001cc8c000000, reserved size: 1073741824
Narrow klass base: 0x000001cc4b000000, Narrow klass shift: 0, Narrow klass range: 0x100000000

GC Precious Log:
 CPUs: 8 total, 8 available
 Memory: 16197M
 Large Page Support: Disabled
 NUMA Support: Disabled
 Compressed Oops: Enabled (32-bit)
 Heap Region Size: 1M
 Heap Min Capacity: 8M
 Heap Initial Capacity: 254M
 Heap Max Capacity: 1536M
 Pre-touch: Disabled
 Parallel Workers: 8
 Concurrent Workers: 2
 Concurrent Refinement Workers: 8
 Periodic GC: Disabled

Heap:
 garbage-first heap   total 250880K, used 205533K [0x00000000a0000000, 0x0000000100000000)
  region size 1024K, 30 young (30720K), 4 survivors (4096K)
 Metaspace       used 144931K, committed 146048K, reserved 1179648K
  class space    used 18747K, committed 19264K, reserved 1048576K

Heap Regions: E=young(eden), S=young(survivor), O=old, HS=humongous(starts), HC=humongous(continues), CS=collection set, F=free, OA=open archive, CA=closed archive, TAMS=top-at-mark-start (previous, next)
|   0|0x00000000a0000000, 0x00000000a0100000, 0x00000000a0100000|100%|HS|  |TAMS 0x00000000a0100000, 0x00000000a0000000| Complete 
|   1|0x00000000a0100000, 0x00000000a0200000, 0x00000000a0200000|100%|HC|  |TAMS 0x00000000a0200000, 0x00000000a0100000| Complete 
|   2|0x00000000a0200000, 0x00000000a0300000, 0x00000000a0300000|100%|HC|  |TAMS 0x00000000a0300000, 0x00000000a0200000| Complete 
|   3|0x00000000a0300000, 0x00000000a0400000, 0x00000000a0400000|100%| O|  |TAMS 0x00000000a0400000, 0x00000000a0300000| Untracked 
|   4|0x00000000a0400000, 0x00000000a0500000, 0x00000000a0500000|100%| O|  |TAMS 0x00000000a0500000, 0x00000000a0400000| Untracked 
|   5|0x00000000a0500000, 0x00000000a0600000, 0x00000000a0600000|100%| O|  |TAMS 0x00000000a0600000, 0x00000000a0500000| Untracked 
|   6|0x00000000a0600000, 0x00000000a0700000, 0x00000000a0700000|100%|HS|  |TAMS 0x00000000a0700000, 0x00000000a0600000| Complete 
|   7|0x00000000a0700000, 0x00000000a0800000, 0x00000000a0800000|100%| O|  |TAMS 0x00000000a0800000, 0x00000000a0700000| Untracked 
|   8|0x00000000a0800000, 0x00000000a0900000, 0x00000000a0900000|100%| O|  |TAMS 0x00000000a0900000, 0x00000000a0800000| Untracked 
|   9|0x00000000a0900000, 0x00000000a0a00000, 0x00000000a0a00000|100%| O|  |TAMS 0x00000000a0a00000, 0x00000000a0900000| Untracked 
|  10|0x00000000a0a00000, 0x00000000a0b00000, 0x00000000a0b00000|100%| O|  |TAMS 0x00000000a0b00000, 0x00000000a0a00000| Untracked 
|  11|0x00000000a0b00000, 0x00000000a0c00000, 0x00000000a0c00000|100%| O|  |TAMS 0x00000000a0b00000, 0x00000000a0b00000| Untracked 
|  12|0x00000000a0c00000, 0x00000000a0d00000, 0x00000000a0d00000|100%| O|  |TAMS 0x00000000a0d00000, 0x00000000a0c00000| Untracked 
|  13|0x00000000a0d00000, 0x00000000a0e00000, 0x00000000a0e00000|100%| O|  |TAMS 0x00000000a0e00000, 0x00000000a0d00000| Untracked 
|  14|0x00000000a0e00000, 0x00000000a0f00000, 0x00000000a0f00000|100%| O|  |TAMS 0x00000000a0f00000, 0x00000000a0e00000| Untracked 
|  15|0x00000000a0f00000, 0x00000000a1000000, 0x00000000a1000000|100%| O|  |TAMS 0x00000000a1000000, 0x00000000a0f00000| Untracked 
|  16|0x00000000a1000000, 0x00000000a1100000, 0x00000000a1100000|100%| O|  |TAMS 0x00000000a1100000, 0x00000000a1000000| Untracked 
|  17|0x00000000a1100000, 0x00000000a1200000, 0x00000000a1200000|100%| O|  |TAMS 0x00000000a1200000, 0x00000000a1100000| Untracked 
|  18|0x00000000a1200000, 0x00000000a1300000, 0x00000000a1300000|100%| O|  |TAMS 0x00000000a1300000, 0x00000000a1200000| Untracked 
|  19|0x00000000a1300000, 0x00000000a1400000, 0x00000000a1400000|100%| O|  |TAMS 0x00000000a1400000, 0x00000000a1300000| Untracked 
|  20|0x00000000a1400000, 0x00000000a1500000, 0x00000000a1500000|100%| O|  |TAMS 0x00000000a1500000, 0x00000000a1400000| Untracked 
|  21|0x00000000a1500000, 0x00000000a1600000, 0x00000000a1600000|100%| O|  |TAMS 0x00000000a1600000, 0x00000000a1500000| Untracked 
|  22|0x00000000a1600000, 0x00000000a1700000, 0x00000000a1700000|100%| O|  |TAMS 0x00000000a1700000, 0x00000000a1600000| Untracked 
|  23|0x00000000a1700000, 0x00000000a1800000, 0x00000000a1800000|100%| O|  |TAMS 0x00000000a1800000, 0x00000000a1700000| Untracked 
|  24|0x00000000a1800000, 0x00000000a1900000, 0x00000000a1900000|100%| O|  |TAMS 0x00000000a1900000, 0x00000000a1800000| Untracked 
|  25|0x00000000a1900000, 0x00000000a1a00000, 0x00000000a1a00000|100%| O|  |TAMS 0x00000000a1a00000, 0x00000000a1900000| Untracked 
|  26|0x00000000a1a00000, 0x00000000a1b00000, 0x00000000a1b00000|100%| O|  |TAMS 0x00000000a1b00000, 0x00000000a1a00000| Untracked 
|  27|0x00000000a1b00000, 0x00000000a1c00000, 0x00000000a1c00000|100%| O|  |TAMS 0x00000000a1c00000, 0x00000000a1b00000| Untracked 
|  28|0x00000000a1c00000, 0x00000000a1d00000, 0x00000000a1d00000|100%| O|  |TAMS 0x00000000a1d00000, 0x00000000a1c00000| Untracked 
|  29|0x00000000a1d00000, 0x00000000a1e00000, 0x00000000a1e00000|100%| O|  |TAMS 0x00000000a1e00000, 0x00000000a1d00000| Untracked 
|  30|0x00000000a1e00000, 0x00000000a1f00000, 0x00000000a1f00000|100%| O|  |TAMS 0x00000000a1f00000, 0x00000000a1e00000| Untracked 
|  31|0x00000000a1f00000, 0x00000000a2000000, 0x00000000a2000000|100%| O|  |TAMS 0x00000000a2000000, 0x00000000a1f00000| Untracked 
|  32|0x00000000a2000000, 0x00000000a2100000, 0x00000000a2100000|100%| O|  |TAMS 0x00000000a2100000, 0x00000000a2000000| Untracked 
|  33|0x00000000a2100000, 0x00000000a2200000, 0x00000000a2200000|100%| O|  |TAMS 0x00000000a2200000, 0x00000000a2100000| Untracked 
|  34|0x00000000a2200000, 0x00000000a2300000, 0x00000000a2300000|100%| O|  |TAMS 0x00000000a2300000, 0x00000000a2200000| Untracked 
|  35|0x00000000a2300000, 0x00000000a2400000, 0x00000000a2400000|100%| O|  |TAMS 0x00000000a2400000, 0x00000000a2300000| Untracked 
|  36|0x00000000a2400000, 0x00000000a2500000, 0x00000000a2500000|100%| O|  |TAMS 0x00000000a2500000, 0x00000000a2400000| Untracked 
|  37|0x00000000a2500000, 0x00000000a2600000, 0x00000000a2600000|100%| O|  |TAMS 0x00000000a2600000, 0x00000000a2500000| Untracked 
|  38|0x00000000a2600000, 0x00000000a2700000, 0x00000000a2700000|100%| O|  |TAMS 0x00000000a2700000, 0x00000000a2600000| Untracked 
|  39|0x00000000a2700000, 0x00000000a2800000, 0x00000000a2800000|100%| O|  |TAMS 0x00000000a2800000, 0x00000000a2700000| Untracked 
|  40|0x00000000a2800000, 0x00000000a2900000, 0x00000000a2900000|100%| O|  |TAMS 0x00000000a2900000, 0x00000000a2800000| Untracked 
|  41|0x00000000a2900000, 0x00000000a2a00000, 0x00000000a2a00000|100%| O|  |TAMS 0x00000000a2a00000, 0x00000000a2900000| Untracked 
|  42|0x00000000a2a00000, 0x00000000a2b00000, 0x00000000a2b00000|100%| O|  |TAMS 0x00000000a2b00000, 0x00000000a2a00000| Untracked 
|  43|0x00000000a2b00000, 0x00000000a2c00000, 0x00000000a2c00000|100%| O|  |TAMS 0x00000000a2c00000, 0x00000000a2b00000| Untracked 
|  44|0x00000000a2c00000, 0x00000000a2d00000, 0x00000000a2d00000|100%|HS|  |TAMS 0x00000000a2d00000, 0x00000000a2c00000| Complete 
|  45|0x00000000a2d00000, 0x00000000a2e00000, 0x00000000a2e00000|100%| O|  |TAMS 0x00000000a2e00000, 0x00000000a2d00000| Untracked 
|  46|0x00000000a2e00000, 0x00000000a2f00000, 0x00000000a2f00000|100%| O|  |TAMS 0x00000000a2f00000, 0x00000000a2e00000| Untracked 
|  47|0x00000000a2f00000, 0x00000000a3000000, 0x00000000a3000000|100%| O|  |TAMS 0x00000000a3000000, 0x00000000a2f00000| Untracked 
|  48|0x00000000a3000000, 0x00000000a3100000, 0x00000000a3100000|100%| O|  |TAMS 0x00000000a3100000, 0x00000000a3000000| Untracked 
|  49|0x00000000a3100000, 0x00000000a3200000, 0x00000000a3200000|100%| O|  |TAMS 0x00000000a3200000, 0x00000000a3100000| Untracked 
|  50|0x00000000a3200000, 0x00000000a3300000, 0x00000000a3300000|100%| O|  |TAMS 0x00000000a3300000, 0x00000000a3200000| Untracked 
|  51|0x00000000a3300000, 0x00000000a3400000, 0x00000000a3400000|100%| O|  |TAMS 0x00000000a3400000, 0x00000000a3300000| Untracked 
|  52|0x00000000a3400000, 0x00000000a3500000, 0x00000000a3500000|100%| O|  |TAMS 0x00000000a3500000, 0x00000000a3400000| Untracked 
|  53|0x00000000a3500000, 0x00000000a3600000, 0x00000000a3600000|100%| O|  |TAMS 0x00000000a3600000, 0x00000000a3500000| Untracked 
|  54|0x00000000a3600000, 0x00000000a3700000, 0x00000000a3700000|100%| O|  |TAMS 0x00000000a3700000, 0x00000000a3600000| Untracked 
|  55|0x00000000a3700000, 0x00000000a3800000, 0x00000000a3800000|100%| O|  |TAMS 0x00000000a3800000, 0x00000000a3700000| Untracked 
|  56|0x00000000a3800000, 0x00000000a3900000, 0x00000000a3900000|100%| O|  |TAMS 0x00000000a3900000, 0x00000000a3800000| Untracked 
|  57|0x00000000a3900000, 0x00000000a3a00000, 0x00000000a3a00000|100%| O|  |TAMS 0x00000000a3a00000, 0x00000000a3900000| Untracked 
|  58|0x00000000a3a00000, 0x00000000a3b00000, 0x00000000a3b00000|100%| O|  |TAMS 0x00000000a3b00000, 0x00000000a3a00000| Untracked 
|  59|0x00000000a3b00000, 0x00000000a3c00000, 0x00000000a3c00000|100%| O|  |TAMS 0x00000000a3c00000, 0x00000000a3b00000| Untracked 
|  60|0x00000000a3c00000, 0x00000000a3d00000, 0x00000000a3d00000|100%| O|  |TAMS 0x00000000a3c00000, 0x00000000a3c00000| Untracked 
|  61|0x00000000a3d00000, 0x00000000a3e00000, 0x00000000a3e00000|100%|HS|  |TAMS 0x00000000a3e00000, 0x00000000a3d00000| Complete 
|  62|0x00000000a3e00000, 0x00000000a3f00000, 0x00000000a3f00000|100%|HC|  |TAMS 0x00000000a3f00000, 0x00000000a3e00000| Complete 
|  63|0x00000000a3f00000, 0x00000000a4000000, 0x00000000a4000000|100%|HS|  |TAMS 0x00000000a4000000, 0x00000000a3f00000| Complete 
|  64|0x00000000a4000000, 0x00000000a4100000, 0x00000000a4100000|100%|HC|  |TAMS 0x00000000a4100000, 0x00000000a4000000| Complete 
|  65|0x00000000a4100000, 0x00000000a4200000, 0x00000000a4200000|100%| O|  |TAMS 0x00000000a4200000, 0x00000000a4100000| Untracked 
|  66|0x00000000a4200000, 0x00000000a4300000, 0x00000000a4300000|100%| O|  |TAMS 0x00000000a4300000, 0x00000000a4200000| Untracked 
|  67|0x00000000a4300000, 0x00000000a4400000, 0x00000000a4400000|100%| O|  |TAMS 0x00000000a4400000, 0x00000000a4300000| Untracked 
|  68|0x00000000a4400000, 0x00000000a4500000, 0x00000000a4500000|100%| O|  |TAMS 0x00000000a4500000, 0x00000000a4400000| Untracked 
|  69|0x00000000a4500000, 0x00000000a4600000, 0x00000000a4600000|100%| O|  |TAMS 0x00000000a4600000, 0x00000000a4500000| Untracked 
|  70|0x00000000a4600000, 0x00000000a4700000, 0x00000000a4700000|100%| O|  |TAMS 0x00000000a4700000, 0x00000000a4600000| Untracked 
|  71|0x00000000a4700000, 0x00000000a4800000, 0x00000000a4800000|100%| O|  |TAMS 0x00000000a4700000, 0x00000000a4700000| Untracked 
|  72|0x00000000a4800000, 0x00000000a4900000, 0x00000000a4900000|100%| O|  |TAMS 0x00000000a4800000, 0x00000000a4800000| Untracked 
|  73|0x00000000a4900000, 0x00000000a4a00000, 0x00000000a4a00000|100%| O|  |TAMS 0x00000000a4a00000, 0x00000000a4900000| Untracked 
|  74|0x00000000a4a00000, 0x00000000a4b00000, 0x00000000a4b00000|100%| O|  |TAMS 0x00000000a4b00000, 0x00000000a4a00000| Untracked 
|  75|0x00000000a4b00000, 0x00000000a4c00000, 0x00000000a4c00000|100%| O|  |TAMS 0x00000000a4c00000, 0x00000000a4b00000| Untracked 
|  76|0x00000000a4c00000, 0x00000000a4d00000, 0x00000000a4d00000|100%| O|  |TAMS 0x00000000a4d00000, 0x00000000a4c00000| Untracked 
|  77|0x00000000a4d00000, 0x00000000a4e00000, 0x00000000a4e00000|100%| O|  |TAMS 0x00000000a4e00000, 0x00000000a4d00000| Untracked 
|  78|0x00000000a4e00000, 0x00000000a4f00000, 0x00000000a4f00000|100%| O|  |TAMS 0x00000000a4f00000, 0x00000000a4e00000| Untracked 
|  79|0x00000000a4f00000, 0x00000000a5000000, 0x00000000a5000000|100%| O|  |TAMS 0x00000000a5000000, 0x00000000a4f00000| Untracked 
|  80|0x00000000a5000000, 0x00000000a5100000, 0x00000000a5100000|100%| O|  |TAMS 0x00000000a5100000, 0x00000000a5000000| Untracked 
|  81|0x00000000a5100000, 0x00000000a5200000, 0x00000000a5200000|100%| O|  |TAMS 0x00000000a5200000, 0x00000000a5100000| Untracked 
|  82|0x00000000a5200000, 0x00000000a5300000, 0x00000000a5300000|100%| O|  |TAMS 0x00000000a5222600, 0x00000000a5200000| Untracked 
|  83|0x00000000a5300000, 0x00000000a5400000, 0x00000000a5400000|100%| O|  |TAMS 0x00000000a5300000, 0x00000000a5300000| Untracked 
|  84|0x00000000a5400000, 0x00000000a5500000, 0x00000000a5500000|100%| O|  |TAMS 0x00000000a5400000, 0x00000000a5400000| Untracked 
|  85|0x00000000a5500000, 0x00000000a5600000, 0x00000000a5600000|100%| O|  |TAMS 0x00000000a5500000, 0x00000000a5500000| Untracked 
|  86|0x00000000a5600000, 0x00000000a5700000, 0x00000000a5700000|100%| O|  |TAMS 0x00000000a5600000, 0x00000000a5600000| Untracked 
|  87|0x00000000a5700000, 0x00000000a5800000, 0x00000000a5800000|100%| O|  |TAMS 0x00000000a5700000, 0x00000000a5700000| Untracked 
|  88|0x00000000a5800000, 0x00000000a5900000, 0x00000000a5900000|100%| O|  |TAMS 0x00000000a5800000, 0x00000000a5800000| Untracked 
|  89|0x00000000a5900000, 0x00000000a5a00000, 0x00000000a5a00000|100%| O|  |TAMS 0x00000000a5900000, 0x00000000a5900000| Untracked 
|  90|0x00000000a5a00000, 0x00000000a5b00000, 0x00000000a5b00000|100%| O|  |TAMS 0x00000000a5a00000, 0x00000000a5a00000| Untracked 
|  91|0x00000000a5b00000, 0x00000000a5c00000, 0x00000000a5c00000|100%| O|  |TAMS 0x00000000a5b00000, 0x00000000a5b00000| Untracked 
|  92|0x00000000a5c00000, 0x00000000a5d00000, 0x00000000a5d00000|100%| O|  |TAMS 0x00000000a5c00000, 0x00000000a5c00000| Untracked 
|  93|0x00000000a5d00000, 0x00000000a5e00000, 0x00000000a5e00000|100%| O|  |TAMS 0x00000000a5d00000, 0x00000000a5d00000| Untracked 
|  94|0x00000000a5e00000, 0x00000000a5f00000, 0x00000000a5f00000|100%| O|  |TAMS 0x00000000a5e00000, 0x00000000a5e00000| Untracked 
|  95|0x00000000a5f00000, 0x00000000a6000000, 0x00000000a6000000|100%| O|  |TAMS 0x00000000a5f00000, 0x00000000a5f00000| Untracked 
|  96|0x00000000a6000000, 0x00000000a6100000, 0x00000000a6100000|100%| O|  |TAMS 0x00000000a6000000, 0x00000000a6000000| Untracked 
|  97|0x00000000a6100000, 0x00000000a6200000, 0x00000000a6200000|100%| O|  |TAMS 0x00000000a6100000, 0x00000000a6100000| Untracked 
|  98|0x00000000a6200000, 0x00000000a6300000, 0x00000000a6300000|100%| O|  |TAMS 0x00000000a6200000, 0x00000000a6200000| Untracked 
|  99|0x00000000a6300000, 0x00000000a6400000, 0x00000000a6400000|100%| O|  |TAMS 0x00000000a6300000, 0x00000000a6300000| Untracked 
| 100|0x00000000a6400000, 0x00000000a6500000, 0x00000000a6500000|100%| O|  |TAMS 0x00000000a6400000, 0x00000000a6400000| Untracked 
| 101|0x00000000a6500000, 0x00000000a6600000, 0x00000000a6600000|100%| O|  |TAMS 0x00000000a6500000, 0x00000000a6500000| Untracked 
| 102|0x00000000a6600000, 0x00000000a6700000, 0x00000000a6700000|100%| O|  |TAMS 0x00000000a6600000, 0x00000000a6600000| Untracked 
| 103|0x00000000a6700000, 0x00000000a6800000, 0x00000000a6800000|100%| O|  |TAMS 0x00000000a6700000, 0x00000000a6700000| Untracked 
| 104|0x00000000a6800000, 0x00000000a6900000, 0x00000000a6900000|100%| O|  |TAMS 0x00000000a6800000, 0x00000000a6800000| Untracked 
| 105|0x00000000a6900000, 0x00000000a6a00000, 0x00000000a6a00000|100%| O|  |TAMS 0x00000000a6900000, 0x00000000a6900000| Untracked 
| 106|0x00000000a6a00000, 0x00000000a6b00000, 0x00000000a6b00000|100%| O|  |TAMS 0x00000000a6a00000, 0x00000000a6a00000| Untracked 
| 107|0x00000000a6b00000, 0x00000000a6c00000, 0x00000000a6c00000|100%| O|  |TAMS 0x00000000a6b00000, 0x00000000a6b00000| Untracked 
| 108|0x00000000a6c00000, 0x00000000a6d00000, 0x00000000a6d00000|100%| O|  |TAMS 0x00000000a6c00000, 0x00000000a6c00000| Untracked 
| 109|0x00000000a6d00000, 0x00000000a6e00000, 0x00000000a6e00000|100%| O|  |TAMS 0x00000000a6d00000, 0x00000000a6d00000| Untracked 
| 110|0x00000000a6e00000, 0x00000000a6f00000, 0x00000000a6f00000|100%| O|  |TAMS 0x00000000a6e00000, 0x00000000a6e00000| Untracked 
| 111|0x00000000a6f00000, 0x00000000a7000000, 0x00000000a7000000|100%| O|  |TAMS 0x00000000a6f00000, 0x00000000a6f00000| Untracked 
| 112|0x00000000a7000000, 0x00000000a7100000, 0x00000000a7100000|100%| O|  |TAMS 0x00000000a7000000, 0x00000000a7000000| Untracked 
| 113|0x00000000a7100000, 0x00000000a7200000, 0x00000000a7200000|100%| O|  |TAMS 0x00000000a7100000, 0x00000000a7100000| Untracked 
| 114|0x00000000a7200000, 0x00000000a7300000, 0x00000000a7300000|100%| O|  |TAMS 0x00000000a7200000, 0x00000000a7200000| Untracked 
| 115|0x00000000a7300000, 0x00000000a7400000, 0x00000000a7400000|100%| O|  |TAMS 0x00000000a7300000, 0x00000000a7300000| Untracked 
| 116|0x00000000a7400000, 0x00000000a7500000, 0x00000000a7500000|100%| O|  |TAMS 0x00000000a7400000, 0x00000000a7400000| Untracked 
| 117|0x00000000a7500000, 0x00000000a7600000, 0x00000000a7600000|100%| O|  |TAMS 0x00000000a7500000, 0x00000000a7500000| Untracked 
| 118|0x00000000a7600000, 0x00000000a7700000, 0x00000000a7700000|100%| O|  |TAMS 0x00000000a7600000, 0x00000000a7600000| Untracked 
| 119|0x00000000a7700000, 0x00000000a7800000, 0x00000000a7800000|100%| O|  |TAMS 0x00000000a7700000, 0x00000000a7700000| Untracked 
| 120|0x00000000a7800000, 0x00000000a7900000, 0x00000000a7900000|100%| O|  |TAMS 0x00000000a7800000, 0x00000000a7800000| Untracked 
| 121|0x00000000a7900000, 0x00000000a7a00000, 0x00000000a7a00000|100%| O|  |TAMS 0x00000000a7900000, 0x00000000a7900000| Untracked 
| 122|0x00000000a7a00000, 0x00000000a7b00000, 0x00000000a7b00000|100%| O|  |TAMS 0x00000000a7a00000, 0x00000000a7a00000| Untracked 
| 123|0x00000000a7b00000, 0x00000000a7c00000, 0x00000000a7c00000|100%| O|  |TAMS 0x00000000a7b00000, 0x00000000a7b00000| Untracked 
| 124|0x00000000a7c00000, 0x00000000a7d00000, 0x00000000a7d00000|100%| O|  |TAMS 0x00000000a7c00000, 0x00000000a7c00000| Untracked 
| 125|0x00000000a7d00000, 0x00000000a7e00000, 0x00000000a7e00000|100%| O|  |TAMS 0x00000000a7d00000, 0x00000000a7d00000| Untracked 
| 126|0x00000000a7e00000, 0x00000000a7f00000, 0x00000000a7f00000|100%| O|  |TAMS 0x00000000a7e00000, 0x00000000a7e00000| Untracked 
| 127|0x00000000a7f00000, 0x00000000a8000000, 0x00000000a8000000|100%| O|  |TAMS 0x00000000a7f00000, 0x00000000a7f00000| Untracked 
| 128|0x00000000a8000000, 0x00000000a8100000, 0x00000000a8100000|100%| O|  |TAMS 0x00000000a8000000, 0x00000000a8000000| Untracked 
| 129|0x00000000a8100000, 0x00000000a8200000, 0x00000000a8200000|100%| O|  |TAMS 0x00000000a8100000, 0x00000000a8100000| Untracked 
| 130|0x00000000a8200000, 0x00000000a8300000, 0x00000000a8300000|100%| O|  |TAMS 0x00000000a8200000, 0x00000000a8200000| Untracked 
| 131|0x00000000a8300000, 0x00000000a8400000, 0x00000000a8400000|100%| O|  |TAMS 0x00000000a8300000, 0x00000000a8300000| Untracked 
| 132|0x00000000a8400000, 0x00000000a8500000, 0x00000000a8500000|100%| O|  |TAMS 0x00000000a8400000, 0x00000000a8400000| Untracked 
| 133|0x00000000a8500000, 0x00000000a8600000, 0x00000000a8600000|100%| O|  |TAMS 0x00000000a8500000, 0x00000000a8500000| Untracked 
| 134|0x00000000a8600000, 0x00000000a8700000, 0x00000000a8700000|100%| O|  |TAMS 0x00000000a8600000, 0x00000000a8600000| Untracked 
| 135|0x00000000a8700000, 0x00000000a8800000, 0x00000000a8800000|100%| O|  |TAMS 0x00000000a8700000, 0x00000000a8700000| Untracked 
| 136|0x00000000a8800000, 0x00000000a8900000, 0x00000000a8900000|100%| O|  |TAMS 0x00000000a8800000, 0x00000000a8800000| Untracked 
| 137|0x00000000a8900000, 0x00000000a8a00000, 0x00000000a8a00000|100%| O|  |TAMS 0x00000000a8900000, 0x00000000a8900000| Untracked 
| 138|0x00000000a8a00000, 0x00000000a8b00000, 0x00000000a8b00000|100%| O|  |TAMS 0x00000000a8a00000, 0x00000000a8a00000| Untracked 
| 139|0x00000000a8b00000, 0x00000000a8c00000, 0x00000000a8c00000|100%| O|  |TAMS 0x00000000a8b00000, 0x00000000a8b00000| Untracked 
| 140|0x00000000a8c00000, 0x00000000a8d00000, 0x00000000a8d00000|100%| O|  |TAMS 0x00000000a8c00000, 0x00000000a8c00000| Untracked 
| 141|0x00000000a8d00000, 0x00000000a8e00000, 0x00000000a8e00000|100%| O|  |TAMS 0x00000000a8d00000, 0x00000000a8d00000| Untracked 
| 142|0x00000000a8e00000, 0x00000000a8f00000, 0x00000000a8f00000|100%| O|  |TAMS 0x00000000a8e00000, 0x00000000a8e00000| Untracked 
| 143|0x00000000a8f00000, 0x00000000a9000000, 0x00000000a9000000|100%| O|  |TAMS 0x00000000a8f00000, 0x00000000a8f00000| Untracked 
| 144|0x00000000a9000000, 0x00000000a9100000, 0x00000000a9100000|100%| O|  |TAMS 0x00000000a9000000, 0x00000000a9000000| Untracked 
| 145|0x00000000a9100000, 0x00000000a9200000, 0x00000000a9200000|100%| O|  |TAMS 0x00000000a9100000, 0x00000000a9100000| Untracked 
| 146|0x00000000a9200000, 0x00000000a9300000, 0x00000000a9300000|100%| O|  |TAMS 0x00000000a9200000, 0x00000000a9200000| Untracked 
| 147|0x00000000a9300000, 0x00000000a9400000, 0x00000000a9400000|100%| O|  |TAMS 0x00000000a9300000, 0x00000000a9300000| Untracked 
| 148|0x00000000a9400000, 0x00000000a9500000, 0x00000000a9500000|100%| O|  |TAMS 0x00000000a9400000, 0x00000000a9400000| Untracked 
| 149|0x00000000a9500000, 0x00000000a9600000, 0x00000000a9600000|100%| O|  |TAMS 0x00000000a9500000, 0x00000000a9500000| Untracked 
| 150|0x00000000a9600000, 0x00000000a9700000, 0x00000000a9700000|100%| O|  |TAMS 0x00000000a9600000, 0x00000000a9600000| Untracked 
| 151|0x00000000a9700000, 0x00000000a9800000, 0x00000000a9800000|100%| O|  |TAMS 0x00000000a9700000, 0x00000000a9700000| Untracked 
| 152|0x00000000a9800000, 0x00000000a9900000, 0x00000000a9900000|100%| O|  |TAMS 0x00000000a9800000, 0x00000000a9800000| Untracked 
| 153|0x00000000a9900000, 0x00000000a9a00000, 0x00000000a9a00000|100%| O|  |TAMS 0x00000000a9900000, 0x00000000a9900000| Untracked 
| 154|0x00000000a9a00000, 0x00000000a9b00000, 0x00000000a9b00000|100%| O|  |TAMS 0x00000000a9a00000, 0x00000000a9a00000| Untracked 
| 155|0x00000000a9b00000, 0x00000000a9c00000, 0x00000000a9c00000|100%|HS|  |TAMS 0x00000000a9b00000, 0x00000000a9b00000| Complete 
| 156|0x00000000a9c00000, 0x00000000a9d00000, 0x00000000a9d00000|100%|HS|  |TAMS 0x00000000a9c00000, 0x00000000a9c00000| Complete 
| 157|0x00000000a9d00000, 0x00000000a9e00000, 0x00000000a9e00000|100%|HS|  |TAMS 0x00000000a9d00000, 0x00000000a9d00000| Complete 
| 158|0x00000000a9e00000, 0x00000000a9f00000, 0x00000000a9f00000|100%|HS|  |TAMS 0x00000000a9e00000, 0x00000000a9e00000| Complete 
| 159|0x00000000a9f00000, 0x00000000aa000000, 0x00000000aa000000|100%| O|  |TAMS 0x00000000a9f00000, 0x00000000a9f00000| Untracked 
| 160|0x00000000aa000000, 0x00000000aa100000, 0x00000000aa100000|100%| O|  |TAMS 0x00000000aa000000, 0x00000000aa000000| Untracked 
| 161|0x00000000aa100000, 0x00000000aa200000, 0x00000000aa200000|100%| O|  |TAMS 0x00000000aa100000, 0x00000000aa100000| Untracked 
| 162|0x00000000aa200000, 0x00000000aa300000, 0x00000000aa300000|100%| O|  |TAMS 0x00000000aa200000, 0x00000000aa200000| Untracked 
| 163|0x00000000aa300000, 0x00000000aa400000, 0x00000000aa400000|100%| O|  |TAMS 0x00000000aa300000, 0x00000000aa300000| Untracked 
| 164|0x00000000aa400000, 0x00000000aa500000, 0x00000000aa500000|100%| O|  |TAMS 0x00000000aa400000, 0x00000000aa400000| Untracked 
| 165|0x00000000aa500000, 0x00000000aa600000, 0x00000000aa600000|100%| O|  |TAMS 0x00000000aa500000, 0x00000000aa500000| Untracked 
| 166|0x00000000aa600000, 0x00000000aa700000, 0x00000000aa700000|100%| O|  |TAMS 0x00000000aa600000, 0x00000000aa600000| Untracked 
| 167|0x00000000aa700000, 0x00000000aa800000, 0x00000000aa800000|100%| O|  |TAMS 0x00000000aa700000, 0x00000000aa700000| Untracked 
| 168|0x00000000aa800000, 0x00000000aa900000, 0x00000000aa900000|100%| O|  |TAMS 0x00000000aa800000, 0x00000000aa800000| Untracked 
| 169|0x00000000aa900000, 0x00000000aaa00000, 0x00000000aaa00000|100%| O|  |TAMS 0x00000000aa900000, 0x00000000aa900000| Untracked 
| 170|0x00000000aaa00000, 0x00000000aab00000, 0x00000000aab00000|100%| O|  |TAMS 0x00000000aaa00000, 0x00000000aaa00000| Untracked 
| 171|0x00000000aab00000, 0x00000000aac00000, 0x00000000aac00000|100%| O|  |TAMS 0x00000000aab00000, 0x00000000aab00000| Untracked 
| 172|0x00000000aac00000, 0x00000000aacb7400, 0x00000000aad00000| 71%| O|  |TAMS 0x00000000aac00000, 0x00000000aac00000| Untracked 
| 173|0x00000000aad00000, 0x00000000aad00000, 0x00000000aae00000|  0%| F|  |TAMS 0x00000000aad00000, 0x00000000aad00000| Untracked 
| 174|0x00000000aae00000, 0x00000000aae00000, 0x00000000aaf00000|  0%| F|  |TAMS 0x00000000aae00000, 0x00000000aae00000| Untracked 
| 175|0x00000000aaf00000, 0x00000000aaf00000, 0x00000000ab000000|  0%| F|  |TAMS 0x00000000aaf00000, 0x00000000aaf00000| Untracked 
| 176|0x00000000ab000000, 0x00000000ab000000, 0x00000000ab100000|  0%| F|  |TAMS 0x00000000ab000000, 0x00000000ab000000| Untracked 
| 177|0x00000000ab100000, 0x00000000ab100000, 0x00000000ab200000|  0%| F|  |TAMS 0x00000000ab100000, 0x00000000ab100000| Untracked 
| 178|0x00000000ab200000, 0x00000000ab200000, 0x00000000ab300000|  0%| F|  |TAMS 0x00000000ab200000, 0x00000000ab200000| Untracked 
| 179|0x00000000ab300000, 0x00000000ab300000, 0x00000000ab400000|  0%| F|  |TAMS 0x00000000ab300000, 0x00000000ab300000| Untracked 
| 180|0x00000000ab400000, 0x00000000ab400000, 0x00000000ab500000|  0%| F|  |TAMS 0x00000000ab400000, 0x00000000ab400000| Untracked 
| 181|0x00000000ab500000, 0x00000000ab500000, 0x00000000ab600000|  0%| F|  |TAMS 0x00000000ab500000, 0x00000000ab500000| Untracked 
| 182|0x00000000ab600000, 0x00000000ab600000, 0x00000000ab700000|  0%| F|  |TAMS 0x00000000ab600000, 0x00000000ab600000| Untracked 
| 183|0x00000000ab700000, 0x00000000ab700000, 0x00000000ab800000|  0%| F|  |TAMS 0x00000000ab700000, 0x00000000ab700000| Untracked 
| 184|0x00000000ab800000, 0x00000000ab800000, 0x00000000ab900000|  0%| F|  |TAMS 0x00000000ab800000, 0x00000000ab800000| Untracked 
| 185|0x00000000ab900000, 0x00000000ab900000, 0x00000000aba00000|  0%| F|  |TAMS 0x00000000ab900000, 0x00000000ab900000| Untracked 
| 186|0x00000000aba00000, 0x00000000aba00000, 0x00000000abb00000|  0%| F|  |TAMS 0x00000000aba00000, 0x00000000aba00000| Untracked 
| 187|0x00000000abb00000, 0x00000000abb00000, 0x00000000abc00000|  0%| F|  |TAMS 0x00000000abb00000, 0x00000000abb00000| Untracked 
| 188|0x00000000abc00000, 0x00000000abc00000, 0x00000000abd00000|  0%| F|  |TAMS 0x00000000abc00000, 0x00000000abc00000| Untracked 
| 189|0x00000000abd00000, 0x00000000abd00000, 0x00000000abe00000|  0%| F|  |TAMS 0x00000000abd00000, 0x00000000abd00000| Untracked 
| 190|0x00000000abe00000, 0x00000000abe00000, 0x00000000abf00000|  0%| F|  |TAMS 0x00000000abe00000, 0x00000000abe00000| Untracked 
| 191|0x00000000abf00000, 0x00000000abf00000, 0x00000000ac000000|  0%| F|  |TAMS 0x00000000abf00000, 0x00000000abf00000| Untracked 
| 192|0x00000000ac000000, 0x00000000ac000000, 0x00000000ac100000|  0%| F|  |TAMS 0x00000000ac000000, 0x00000000ac000000| Untracked 
| 193|0x00000000ac100000, 0x00000000ac100000, 0x00000000ac200000|  0%| F|  |TAMS 0x00000000ac100000, 0x00000000ac100000| Untracked 
| 194|0x00000000ac200000, 0x00000000ac200000, 0x00000000ac300000|  0%| F|  |TAMS 0x00000000ac200000, 0x00000000ac200000| Untracked 
| 195|0x00000000ac300000, 0x00000000ac300000, 0x00000000ac400000|  0%| F|  |TAMS 0x00000000ac300000, 0x00000000ac300000| Untracked 
| 196|0x00000000ac400000, 0x00000000ac400000, 0x00000000ac500000|  0%| F|  |TAMS 0x00000000ac400000, 0x00000000ac400000| Untracked 
| 197|0x00000000ac500000, 0x00000000ac500000, 0x00000000ac600000|  0%| F|  |TAMS 0x00000000ac500000, 0x00000000ac500000| Untracked 
| 198|0x00000000ac600000, 0x00000000ac600000, 0x00000000ac700000|  0%| F|  |TAMS 0x00000000ac600000, 0x00000000ac600000| Untracked 
| 199|0x00000000ac700000, 0x00000000ac700000, 0x00000000ac800000|  0%| F|  |TAMS 0x00000000ac700000, 0x00000000ac700000| Untracked 
| 200|0x00000000ac800000, 0x00000000ac800000, 0x00000000ac900000|  0%| F|  |TAMS 0x00000000ac800000, 0x00000000ac800000| Untracked 
| 201|0x00000000ac900000, 0x00000000ac900000, 0x00000000aca00000|  0%| F|  |TAMS 0x00000000ac900000, 0x00000000ac900000| Untracked 
| 202|0x00000000aca00000, 0x00000000aca00000, 0x00000000acb00000|  0%| F|  |TAMS 0x00000000aca00000, 0x00000000aca00000| Untracked 
| 203|0x00000000acb00000, 0x00000000acb00000, 0x00000000acc00000|  0%| F|  |TAMS 0x00000000acb00000, 0x00000000acb00000| Untracked 
| 204|0x00000000acc00000, 0x00000000acc00000, 0x00000000acd00000|  0%| F|  |TAMS 0x00000000acc00000, 0x00000000acc00000| Untracked 
| 205|0x00000000acd00000, 0x00000000acd00000, 0x00000000ace00000|  0%| F|  |TAMS 0x00000000acd00000, 0x00000000acd00000| Untracked 
| 206|0x00000000ace00000, 0x00000000ace00000, 0x00000000acf00000|  0%| F|  |TAMS 0x00000000ace00000, 0x00000000ace00000| Untracked 
| 207|0x00000000acf00000, 0x00000000ad000000, 0x00000000ad000000|100%| S|CS|TAMS 0x00000000acf00000, 0x00000000acf00000| Complete 
| 208|0x00000000ad000000, 0x00000000ad100000, 0x00000000ad100000|100%| S|CS|TAMS 0x00000000ad000000, 0x00000000ad000000| Complete 
| 209|0x00000000ad100000, 0x00000000ad200000, 0x00000000ad200000|100%| S|CS|TAMS 0x00000000ad100000, 0x00000000ad100000| Complete 
| 210|0x00000000ad200000, 0x00000000ad300000, 0x00000000ad300000|100%| S|CS|TAMS 0x00000000ad200000, 0x00000000ad200000| Complete 
| 211|0x00000000ad300000, 0x00000000ad300000, 0x00000000ad400000|  0%| F|  |TAMS 0x00000000ad300000, 0x00000000ad300000| Untracked 
| 212|0x00000000ad400000, 0x00000000ad400000, 0x00000000ad500000|  0%| F|  |TAMS 0x00000000ad400000, 0x00000000ad400000| Untracked 
| 213|0x00000000ad500000, 0x00000000ad500000, 0x00000000ad600000|  0%| F|  |TAMS 0x00000000ad500000, 0x00000000ad500000| Untracked 
| 214|0x00000000ad600000, 0x00000000ad600000, 0x00000000ad700000|  0%| F|  |TAMS 0x00000000ad600000, 0x00000000ad600000| Untracked 
| 215|0x00000000ad700000, 0x00000000ad700000, 0x00000000ad800000|  0%| F|  |TAMS 0x00000000ad700000, 0x00000000ad700000| Untracked 
| 216|0x00000000ad800000, 0x00000000ad800000, 0x00000000ad900000|  0%| F|  |TAMS 0x00000000ad800000, 0x00000000ad800000| Untracked 
| 217|0x00000000ad900000, 0x00000000ad900000, 0x00000000ada00000|  0%| F|  |TAMS 0x00000000ad900000, 0x00000000ad900000| Untracked 
| 218|0x00000000ada00000, 0x00000000ada3db98, 0x00000000adb00000| 24%| E|  |TAMS 0x00000000ada00000, 0x00000000ada00000| Complete 
| 219|0x00000000adb00000, 0x00000000adc00000, 0x00000000adc00000|100%| E|CS|TAMS 0x00000000adb00000, 0x00000000adb00000| Complete 
| 220|0x00000000adc00000, 0x00000000add00000, 0x00000000add00000|100%| E|CS|TAMS 0x00000000adc00000, 0x00000000adc00000| Complete 
| 221|0x00000000add00000, 0x00000000ade00000, 0x00000000ade00000|100%| E|CS|TAMS 0x00000000add00000, 0x00000000add00000| Complete 
| 222|0x00000000ade00000, 0x00000000adf00000, 0x00000000adf00000|100%| E|  |TAMS 0x00000000ade00000, 0x00000000ade00000| Complete 
| 223|0x00000000adf00000, 0x00000000ae000000, 0x00000000ae000000|100%| E|CS|TAMS 0x00000000adf00000, 0x00000000adf00000| Complete 
| 224|0x00000000ae000000, 0x00000000ae100000, 0x00000000ae100000|100%| E|CS|TAMS 0x00000000ae000000, 0x00000000ae000000| Complete 
| 225|0x00000000ae100000, 0x00000000ae200000, 0x00000000ae200000|100%| E|CS|TAMS 0x00000000ae100000, 0x00000000ae100000| Complete 
| 226|0x00000000ae200000, 0x00000000ae300000, 0x00000000ae300000|100%| E|CS|TAMS 0x00000000ae200000, 0x00000000ae200000| Complete 
| 227|0x00000000ae300000, 0x00000000ae400000, 0x00000000ae400000|100%| E|CS|TAMS 0x00000000ae300000, 0x00000000ae300000| Complete 
| 228|0x00000000ae400000, 0x00000000ae500000, 0x00000000ae500000|100%| E|CS|TAMS 0x00000000ae400000, 0x00000000ae400000| Complete 
| 229|0x00000000ae500000, 0x00000000ae600000, 0x00000000ae600000|100%| E|CS|TAMS 0x00000000ae500000, 0x00000000ae500000| Complete 
| 230|0x00000000ae600000, 0x00000000ae700000, 0x00000000ae700000|100%| E|CS|TAMS 0x00000000ae600000, 0x00000000ae600000| Complete 
| 231|0x00000000ae700000, 0x00000000ae800000, 0x00000000ae800000|100%| E|CS|TAMS 0x00000000ae700000, 0x00000000ae700000| Complete 
| 232|0x00000000ae800000, 0x00000000ae900000, 0x00000000ae900000|100%| E|CS|TAMS 0x00000000ae800000, 0x00000000ae800000| Complete 
| 233|0x00000000ae900000, 0x00000000aea00000, 0x00000000aea00000|100%| E|CS|TAMS 0x00000000ae900000, 0x00000000ae900000| Complete 
| 234|0x00000000aea00000, 0x00000000aeb00000, 0x00000000aeb00000|100%| E|CS|TAMS 0x00000000aea00000, 0x00000000aea00000| Complete 
| 235|0x00000000aeb00000, 0x00000000aec00000, 0x00000000aec00000|100%| E|CS|TAMS 0x00000000aeb00000, 0x00000000aeb00000| Complete 
| 236|0x00000000aec00000, 0x00000000aed00000, 0x00000000aed00000|100%| E|CS|TAMS 0x00000000aec00000, 0x00000000aec00000| Complete 
| 237|0x00000000aed00000, 0x00000000aee00000, 0x00000000aee00000|100%| E|CS|TAMS 0x00000000aed00000, 0x00000000aed00000| Complete 
| 238|0x00000000aee00000, 0x00000000aef00000, 0x00000000aef00000|100%| E|CS|TAMS 0x00000000aee00000, 0x00000000aee00000| Complete 
| 239|0x00000000aef00000, 0x00000000af000000, 0x00000000af000000|100%| E|CS|TAMS 0x00000000aef00000, 0x00000000aef00000| Complete 
| 240|0x00000000af000000, 0x00000000af100000, 0x00000000af100000|100%| E|CS|TAMS 0x00000000af000000, 0x00000000af000000| Complete 
| 241|0x00000000af100000, 0x00000000af200000, 0x00000000af200000|100%| E|CS|TAMS 0x00000000af100000, 0x00000000af100000| Complete 
| 242|0x00000000af200000, 0x00000000af300000, 0x00000000af300000|100%| E|CS|TAMS 0x00000000af200000, 0x00000000af200000| Complete 
| 243|0x00000000af300000, 0x00000000af400000, 0x00000000af400000|100%| E|CS|TAMS 0x00000000af300000, 0x00000000af300000| Complete 
| 253|0x00000000afd00000, 0x00000000afe00000, 0x00000000afe00000|100%| E|CS|TAMS 0x00000000afd00000, 0x00000000afd00000| Complete 

Card table byte_map: [0x000001cc44580000,0x000001cc44880000] _byte_map_base: 0x000001cc44080000

Marking Bits (Prev, Next): (CMBitMap*) 0x000001cc2b9d2100, (CMBitMap*) 0x000001cc2b9d20c0
 Prev Bits: [0x000001cc46380000, 0x000001cc47b80000)
 Next Bits: [0x000001cc44b80000, 0x000001cc46380000)

Polling page: 0x000001cc347f0000

Metaspace:

Usage:
  Non-class:    123.23 MB used.
      Class:     18.31 MB used.
       Both:    141.54 MB used.

Virtual space:
  Non-class space:      128.00 MB reserved,     123.81 MB ( 97%) committed,  2 nodes.
      Class space:        1.00 GB reserved,      18.81 MB (  2%) committed,  1 nodes.
             Both:        1.12 GB reserved,     142.62 MB ( 12%) committed. 

Chunk freelists:
   Non-Class:  3.39 MB
       Class:  13.04 MB
        Both:  16.44 MB

MaxMetaspaceSize: unlimited
CompressedClassSpaceSize: 1.00 GB
Initial GC threshold: 21.00 MB
Current GC threshold: 157.94 MB
CDS: on
MetaspaceReclaimPolicy: balanced
 - commit_granule_bytes: 65536.
 - commit_granule_words: 8192.
 - virtual_space_node_default_size: 8388608.
 - enlarge_chunks_in_place: 1.
 - new_chunks_are_fully_committed: 0.
 - uncommit_free_chunks: 1.
 - use_allocation_guard: 0.
 - handle_deallocations: 1.


Internal statistics:

num_allocs_failed_limit: 6.
num_arena_births: 1436.
num_arena_deaths: 14.
num_vsnodes_births: 3.
num_vsnodes_deaths: 0.
num_space_committed: 2280.
num_space_uncommitted: 0.
num_chunks_returned_to_freelist: 37.
num_chunks_taken_from_freelist: 7217.
num_chunk_merges: 9.
num_chunk_splits: 5169.
num_chunks_enlarged: 3898.
num_inconsistent_stats: 0.

CodeHeap 'non-profiled nmethods': size=120000Kb used=10851Kb max_used=10851Kb free=109148Kb
 bounds [0x000001cc3c2e0000, 0x000001cc3cd80000, 0x000001cc43810000]
CodeHeap 'profiled nmethods': size=120000Kb used=34759Kb max_used=34759Kb free=85241Kb
 bounds [0x000001cc34810000, 0x000001cc36a10000, 0x000001cc3bd40000]
CodeHeap 'non-nmethods': size=5760Kb used=2590Kb max_used=2675Kb free=3169Kb
 bounds [0x000001cc3bd40000, 0x000001cc3bff0000, 0x000001cc3c2e0000]
 total_blobs=17692 nmethods=16533 adapters=1068
 compilation: enabled
              stopped_count=0, restarted_count=0
 full_count=0

Compilation events (20 events):
Event: 61.489 Thread 0x000001cc962bef70 nmethod 19385 0x000001cc3cd68a10 code [0x000001cc3cd68cc0, 0x000001cc3cd6b380]
Event: 61.492 Thread 0x000001cc4a6998f0 19398       3       org.gradle.internal.problems.failure.CompositeStackTraceClassifier::classify (51 bytes)
Event: 61.492 Thread 0x000001cc4a6998f0 nmethod 19398 0x000001cc369fde10 code [0x000001cc369fe000, 0x000001cc369fe658]
Event: 61.492 Thread 0x000001cc4a6998f0 19399       3       org.gradle.internal.problems.failure.InternalStackTraceClassifier::classify (18 bytes)
Event: 61.493 Thread 0x000001cc4a6998f0 nmethod 19399 0x000001cc369fe810 code [0x000001cc369fe9c0, 0x000001cc369feba8]
Event: 61.493 Thread 0x000001cc4a6998f0 19400       3       org.gradle.internal.problems.failure.InternalStackTraceClassifier::isInternal (67 bytes)
Event: 61.493 Thread 0x000001cc4a6998f0 nmethod 19400 0x000001cc369fec90 code [0x000001cc369fef00, 0x000001cc369ff818]
Event: 61.510 Thread 0x000001cc4a6998f0 19401       3       java.lang.StackTraceElement::hashCode (83 bytes)
Event: 61.511 Thread 0x000001cc4a6998f0 nmethod 19401 0x000001cc369ffb10 code [0x000001cc369ffd40, 0x000001cc36a002f8]
Event: 61.522 Thread 0x000001cc962bef70 19402       4       sun.security.provider.SHA2::implCompress0 (490 bytes)
Event: 61.532 Thread 0x000001cc4a6998f0 19403 %     3       java.lang.StringUTF16::inflate @ 10 (42 bytes)
Event: 61.533 Thread 0x000001cc4a6998f0 nmethod 19403% 0x000001cc36a00590 code [0x000001cc36a00760, 0x000001cc36a00b28]
Event: 61.534 Thread 0x000001cc4a6998f0 19404 %     3       java.lang.StringUTF16::putChars @ 0 (24 bytes)
Event: 61.534 Thread 0x000001cc4a6998f0 nmethod 19404% 0x000001cc36a00d10 code [0x000001cc36a00ec0, 0x000001cc36a01118]
Event: 61.535 Thread 0x000001cc4a6998f0 19405 %     3       java.lang.StringUTF16::compress @ 10 (59 bytes)
Event: 61.536 Thread 0x000001cc4a6998f0 nmethod 19405% 0x000001cc36a01290 code [0x000001cc36a01460, 0x000001cc36a01868]
Event: 61.536 Thread 0x000001cc4a6998f0 19406       3       java.lang.StringUTF16::compress (59 bytes)
Event: 61.537 Thread 0x000001cc4a6998f0 nmethod 19406 0x000001cc36a01a90 code [0x000001cc36a01c60, 0x000001cc36a01fa8]
Event: 61.543 Thread 0x000001cc962bef70 nmethod 19402 0x000001cc3cd6ce10 code [0x000001cc3cd6cfc0, 0x000001cc3cd6db18]
Event: 61.571 Thread 0x000001cc962be4d0 nmethod 19377 0x000001cc3cd6de90 code [0x000001cc3cd6e540, 0x000001cc3cd74bb0]

GC Heap History (20 events):
Event: 58.695 GC heap before
{Heap before GC invocations=57 (full 0):
 garbage-first heap   total 208896K, used 175160K [0x00000000a0000000, 0x0000000100000000)
  region size 1024K, 26 young (26624K), 4 survivors (4096K)
 Metaspace       used 142366K, committed 143424K, reserved 1179648K
  class space    used 18458K, committed 18944K, reserved 1048576K
}
Event: 58.698 GC heap after
{Heap after GC invocations=58 (full 0):
 garbage-first heap   total 208896K, used 155120K [0x00000000a0000000, 0x0000000100000000)
  region size 1024K, 4 young (4096K), 4 survivors (4096K)
 Metaspace       used 142366K, committed 143424K, reserved 1179648K
  class space    used 18458K, committed 18944K, reserved 1048576K
}
Event: 58.812 GC heap before
{Heap before GC invocations=58 (full 0):
 garbage-first heap   total 208896K, used 175600K [0x00000000a0000000, 0x0000000100000000)
  region size 1024K, 25 young (25600K), 4 survivors (4096K)
 Metaspace       used 142370K, committed 143424K, reserved 1179648K
  class space    used 18458K, committed 18944K, reserved 1048576K
}
Event: 58.814 GC heap after
{Heap after GC invocations=59 (full 0):
 garbage-first heap   total 208896K, used 156244K [0x00000000a0000000, 0x0000000100000000)
  region size 1024K, 4 young (4096K), 4 survivors (4096K)
 Metaspace       used 142370K, committed 143424K, reserved 1179648K
  class space    used 18458K, committed 18944K, reserved 1048576K
}
Event: 58.918 GC heap before
{Heap before GC invocations=59 (full 0):
 garbage-first heap   total 208896K, used 176724K [0x00000000a0000000, 0x0000000100000000)
  region size 1024K, 25 young (25600K), 4 survivors (4096K)
 Metaspace       used 142370K, committed 143424K, reserved 1179648K
  class space    used 18458K, committed 18944K, reserved 1048576K
}
Event: 58.921 GC heap after
{Heap after GC invocations=60 (full 0):
 garbage-first heap   total 208896K, used 157331K [0x00000000a0000000, 0x0000000100000000)
  region size 1024K, 4 young (4096K), 4 survivors (4096K)
 Metaspace       used 142370K, committed 143424K, reserved 1179648K
  class space    used 18458K, committed 18944K, reserved 1048576K
}
Event: 59.025 GC heap before
{Heap before GC invocations=60 (full 0):
 garbage-first heap   total 208896K, used 176787K [0x00000000a0000000, 0x0000000100000000)
  region size 1024K, 24 young (24576K), 4 survivors (4096K)
 Metaspace       used 142373K, committed 143424K, reserved 1179648K
  class space    used 18458K, committed 18944K, reserved 1048576K
}
Event: 59.028 GC heap after
{Heap after GC invocations=61 (full 0):
 garbage-first heap   total 208896K, used 158478K [0x00000000a0000000, 0x0000000100000000)
  region size 1024K, 3 young (3072K), 3 survivors (3072K)
 Metaspace       used 142373K, committed 143424K, reserved 1179648K
  class space    used 18458K, committed 18944K, reserved 1048576K
}
Event: 59.112 GC heap before
{Heap before GC invocations=61 (full 0):
 garbage-first heap   total 208896K, used 176910K [0x00000000a0000000, 0x0000000100000000)
  region size 1024K, 22 young (22528K), 3 survivors (3072K)
 Metaspace       used 142373K, committed 143424K, reserved 1179648K
  class space    used 18458K, committed 18944K, reserved 1048576K
}
Event: 59.115 GC heap after
{Heap after GC invocations=62 (full 0):
 garbage-first heap   total 208896K, used 160253K [0x00000000a0000000, 0x0000000100000000)
  region size 1024K, 3 young (3072K), 3 survivors (3072K)
 Metaspace       used 142373K, committed 143424K, reserved 1179648K
  class space    used 18458K, committed 18944K, reserved 1048576K
}
Event: 59.297 GC heap before
{Heap before GC invocations=62 (full 0):
 garbage-first heap   total 208896K, used 176637K [0x00000000a0000000, 0x0000000100000000)
  region size 1024K, 20 young (20480K), 3 survivors (3072K)
 Metaspace       used 142470K, committed 143488K, reserved 1179648K
  class space    used 18475K, committed 18944K, reserved 1048576K
}
Event: 59.301 GC heap after
{Heap after GC invocations=63 (full 0):
 garbage-first heap   total 250880K, used 161792K [0x00000000a0000000, 0x0000000100000000)
  region size 1024K, 3 young (3072K), 3 survivors (3072K)
 Metaspace       used 142470K, committed 143488K, reserved 1179648K
  class space    used 18475K, committed 18944K, reserved 1048576K
}
Event: 59.788 GC heap before
{Heap before GC invocations=63 (full 0):
 garbage-first heap   total 250880K, used 212992K [0x00000000a0000000, 0x0000000100000000)
  region size 1024K, 49 young (50176K), 3 survivors (3072K)
 Metaspace       used 143535K, committed 144576K, reserved 1179648K
  class space    used 18613K, committed 19072K, reserved 1048576K
}
Event: 59.794 GC heap after
{Heap after GC invocations=64 (full 0):
 garbage-first heap   total 250880K, used 173803K [0x00000000a0000000, 0x0000000100000000)
  region size 1024K, 7 young (7168K), 7 survivors (7168K)
 Metaspace       used 143535K, committed 144576K, reserved 1179648K
  class space    used 18613K, committed 19072K, reserved 1048576K
}
Event: 60.350 GC heap before
{Heap before GC invocations=64 (full 0):
 garbage-first heap   total 250880K, used 207595K [0x00000000a0000000, 0x0000000100000000)
  region size 1024K, 41 young (41984K), 7 survivors (7168K)
 Metaspace       used 143910K, committed 145024K, reserved 1179648K
  class space    used 18639K, committed 19136K, reserved 1048576K
}
Event: 60.355 GC heap after
{Heap after GC invocations=65 (full 0):
 garbage-first heap   total 250880K, used 178089K [0x00000000a0000000, 0x0000000100000000)
  region size 1024K, 6 young (6144K), 6 survivors (6144K)
 Metaspace       used 143910K, committed 145024K, reserved 1179648K
  class space    used 18639K, committed 19136K, reserved 1048576K
}
Event: 60.618 GC heap before
{Heap before GC invocations=65 (full 0):
 garbage-first heap   total 250880K, used 207785K [0x00000000a0000000, 0x0000000100000000)
  region size 1024K, 36 young (36864K), 6 survivors (6144K)
 Metaspace       used 143910K, committed 145024K, reserved 1179648K
  class space    used 18639K, committed 19136K, reserved 1048576K
}
Event: 60.622 GC heap after
{Heap after GC invocations=66 (full 0):
 garbage-first heap   total 250880K, used 179670K [0x00000000a0000000, 0x0000000100000000)
  region size 1024K, 4 young (4096K), 4 survivors (4096K)
 Metaspace       used 143910K, committed 145024K, reserved 1179648K
  class space    used 18639K, committed 19136K, reserved 1048576K
}
Event: 60.859 GC heap before
{Heap before GC invocations=66 (full 0):
 garbage-first heap   total 250880K, used 209366K [0x00000000a0000000, 0x0000000100000000)
  region size 1024K, 34 young (34816K), 4 survivors (4096K)
 Metaspace       used 143911K, committed 145024K, reserved 1179648K
  class space    used 18639K, committed 19136K, reserved 1048576K
}
Event: 60.862 GC heap after
{Heap after GC invocations=67 (full 0):
 garbage-first heap   total 250880K, used 180957K [0x00000000a0000000, 0x0000000100000000)
  region size 1024K, 4 young (4096K), 4 survivors (4096K)
 Metaspace       used 143911K, committed 145024K, reserved 1179648K
  class space    used 18639K, committed 19136K, reserved 1048576K
}

Deoptimization events (20 events):
Event: 60.187 Thread 0x000001cc91a44bb0 DEOPT PACKING pc=0x000001cc3ccd4874 sp=0x000000310b9f70a0
Event: 60.187 Thread 0x000001cc91a44bb0 DEOPT UNPACKING pc=0x000001cc3bd923a3 sp=0x000000310b9f7050 mode 2
Event: 60.280 Thread 0x000001cc96748090 Uncommon trap: trap_request=0xffffff45 fr.pc=0x000001cc3c5904b4 relative=0x00000000000008d4
Event: 60.280 Thread 0x000001cc96748090 Uncommon trap: reason=unstable_if action=reinterpret pc=0x000001cc3c5904b4 method=java.util.concurrent.ConcurrentHashMap.replaceNode(Ljava/lang/Object;Ljava/lang/Object;Ljava/lang/Object;)Ljava/lang/Object; @ 99 c2
Event: 60.280 Thread 0x000001cc96748090 DEOPT PACKING pc=0x000001cc3c5904b4 sp=0x00000031132fd610
Event: 60.280 Thread 0x000001cc96748090 DEOPT UNPACKING pc=0x000001cc3bd923a3 sp=0x00000031132fd598 mode 2
Event: 61.216 Thread 0x000001cc91a44bb0 DEOPT PACKING pc=0x000001cc3558be8b sp=0x000000310b9f8420
Event: 61.216 Thread 0x000001cc91a44bb0 DEOPT UNPACKING pc=0x000001cc3bd92b43 sp=0x000000310b9f7958 mode 0
Event: 61.219 Thread 0x000001cc91a44bb0 DEOPT PACKING pc=0x000001cc3558be8b sp=0x000000310b9f8420
Event: 61.220 Thread 0x000001cc91a44bb0 DEOPT UNPACKING pc=0x000001cc3bd92b43 sp=0x000000310b9f7958 mode 0
Event: 61.522 Thread 0x000001cc91a44bb0 DEOPT PACKING pc=0x000001cc34e3a57e sp=0x000000310b9f20b0
Event: 61.522 Thread 0x000001cc91a44bb0 DEOPT UNPACKING pc=0x000001cc3bd92b43 sp=0x000000310b9f1508 mode 0
Event: 61.531 Thread 0x000001cc91a44bb0 Uncommon trap: trap_request=0xffffff45 fr.pc=0x000001cc3c456a9c relative=0x000000000000029c
Event: 61.531 Thread 0x000001cc91a44bb0 Uncommon trap: reason=unstable_if action=reinterpret pc=0x000001cc3c456a9c method=java.lang.AbstractStringBuilder.appendChars([CII)V @ 43 c2
Event: 61.531 Thread 0x000001cc91a44bb0 DEOPT PACKING pc=0x000001cc3c456a9c sp=0x000000310b9f2450
Event: 61.531 Thread 0x000001cc91a44bb0 DEOPT UNPACKING pc=0x000001cc3bd923a3 sp=0x000000310b9f23c8 mode 2
Event: 61.536 Thread 0x000001cc91a44bb0 Uncommon trap: trap_request=0xffffff45 fr.pc=0x000001cc3c3a6f70 relative=0x0000000000000450
Event: 61.537 Thread 0x000001cc91a44bb0 Uncommon trap: reason=unstable_if action=reinterpret pc=0x000001cc3c3a6f70 method=java.lang.String.substring(II)Ljava/lang/String; @ 31 c2
Event: 61.537 Thread 0x000001cc91a44bb0 DEOPT PACKING pc=0x000001cc3c3a6f70 sp=0x000000310b9f27a0
Event: 61.537 Thread 0x000001cc91a44bb0 DEOPT UNPACKING pc=0x000001cc3bd923a3 sp=0x000000310b9f2700 mode 2

Classes unloaded (20 events):
Event: 23.677 Thread 0x000001cc4a678b80 Unloading class 0x000001cc4c62c000 '_BuildScript_'
Event: 23.677 Thread 0x000001cc4a678b80 Unloading class 0x000001cc4c616918 '_BuildScript_$_run_closure1$_closure2'
Event: 23.677 Thread 0x000001cc4a678b80 Unloading class 0x000001cc4c616530 '_BuildScript_$_run_closure1'
Event: 23.677 Thread 0x000001cc4a678b80 Unloading class 0x000001cc4c616000 '_BuildScript_'
Event: 23.677 Thread 0x000001cc4a678b80 Unloading class 0x000001cc4c6243e8 '_BuildScript_$_run_closure1$_closure2$_closure3$_closure4'
Event: 23.677 Thread 0x000001cc4a678b80 Unloading class 0x000001cc4c624000 '_BuildScript_$_run_closure1$_closure2$_closure3'
Event: 23.677 Thread 0x000001cc4a678b80 Unloading class 0x000001cc4c623918 '_BuildScript_$_run_closure1$_closure2'
Event: 23.677 Thread 0x000001cc4a678b80 Unloading class 0x000001cc4c623530 '_BuildScript_$_run_closure1'
Event: 23.677 Thread 0x000001cc4a678b80 Unloading class 0x000001cc4c623000 '_BuildScript_'
Event: 23.677 Thread 0x000001cc4a678b80 Unloading class 0x000001cc4c6217d0 '_BuildScript_$_run_closure1$_closure2$_closure4$_closure5'
Event: 23.677 Thread 0x000001cc4a678b80 Unloading class 0x000001cc4c6213e8 '_BuildScript_$_run_closure1$_closure2$_closure4'
Event: 23.677 Thread 0x000001cc4a678b80 Unloading class 0x000001cc4c621000 '_BuildScript_$_run_closure1$_closure2$_closure3'
Event: 23.677 Thread 0x000001cc4a678b80 Unloading class 0x000001cc4c620918 '_BuildScript_$_run_closure1$_closure2'
Event: 23.677 Thread 0x000001cc4a678b80 Unloading class 0x000001cc4c620530 '_BuildScript_$_run_closure1'
Event: 23.677 Thread 0x000001cc4a678b80 Unloading class 0x000001cc4c620000 '_BuildScript_'
Event: 23.677 Thread 0x000001cc4a678b80 Unloading class 0x000001cc4c61a3e8 '_BuildScript_$_run_closure1$_closure2$_closure3$_closure4'
Event: 23.677 Thread 0x000001cc4a678b80 Unloading class 0x000001cc4c61a000 '_BuildScript_$_run_closure1$_closure2$_closure3'
Event: 23.677 Thread 0x000001cc4a678b80 Unloading class 0x000001cc4c619918 '_BuildScript_$_run_closure1$_closure2'
Event: 23.677 Thread 0x000001cc4a678b80 Unloading class 0x000001cc4c619530 '_BuildScript_$_run_closure1'
Event: 23.677 Thread 0x000001cc4a678b80 Unloading class 0x000001cc4c619000 '_BuildScript_'

Classes redefined (0 events):
No events

Internal exceptions (20 events):
Event: 56.396 Thread 0x000001cca4709090 Exception <a 'sun/nio/fs/WindowsException'{0x00000000ac2ba678}> (0x00000000ac2ba678) 
thrown [s\open\src\hotspot\share\prims\jni.cpp, line 516]
Event: 56.412 Thread 0x000001cca4709090 Exception <a 'sun/nio/fs/WindowsException'{0x00000000ac131130}> (0x00000000ac131130) 
thrown [s\open\src\hotspot\share\prims\jni.cpp, line 516]
Event: 56.415 Thread 0x000001cca4709090 Exception <a 'sun/nio/fs/WindowsException'{0x00000000ac1330e8}> (0x00000000ac1330e8) 
thrown [s\open\src\hotspot\share\prims\jni.cpp, line 516]
Event: 56.415 Thread 0x000001cca4709090 Exception <a 'sun/nio/fs/WindowsException'{0x00000000ac134cf8}> (0x00000000ac134cf8) 
thrown [s\open\src\hotspot\share\prims\jni.cpp, line 516]
Event: 56.563 Thread 0x000001cc91a455d0 Exception <a 'java/lang/NoSuchMethodError'{0x00000000abe0a2b8}: static [Ljava/lang/Object;.<clinit>()V> (0x00000000abe0a2b8) 
thrown [s\open\src\hotspot\share\prims\jni.cpp, line 1112]
Event: 57.359 Thread 0x000001cc9424f440 Implicit null exception at 0x000001cc3cbd9d3d to 0x000001cc3cbdc5dc
Event: 57.360 Thread 0x000001cc94253100 Implicit null exception at 0x000001cc3cbd9d3d to 0x000001cc3cbdc5dc
Event: 59.455 Thread 0x000001cc91a44bb0 Exception <a 'java/lang/NoSuchMethodError'{0x00000000ad4101d0}: 'java.lang.Object java.lang.invoke.Invokers$Holder.invokeExact_MT(java.lang.Object, java.lang.Object, java.lang.Object, int, java.lang.Object, java.lang.Object)'> (0x00000000ad4101d0) 
thrown [s\open\src\hotspot\share\interpreter\linkResolver.cpp, line 759]
Event: 59.685 Thread 0x000001cc91a44bb0 Exception <a 'java/lang/ClassNotFoundException'{0x00000000accff488}: settings_cqmz9rjlu3pe173jrhv3azaf0BeanInfo> (0x00000000accff488) 
thrown [s\open\src\hotspot\share\classfile\systemDictionary.cpp, line 256]
Event: 59.685 Thread 0x000001cc91a44bb0 Exception <a 'java/lang/ClassNotFoundException'{0x00000000acb06f30}: settings_cqmz9rjlu3pe173jrhv3azaf0Customizer> (0x00000000acb06f30) 
thrown [s\open\src\hotspot\share\classfile\systemDictionary.cpp, line 256]
Event: 60.001 Thread 0x000001cc91a44bb0 Exception <a 'java/lang/ClassNotFoundException'{0x00000000aed1b528}: build_43mhj28dw8dtxxevo698tjnh2BeanInfo> (0x00000000aed1b528) 
thrown [s\open\src\hotspot\share\classfile\systemDictionary.cpp, line 256]
Event: 60.002 Thread 0x000001cc91a44bb0 Exception <a 'java/lang/ClassNotFoundException'{0x00000000aed27bb0}: org/gradle/api/internal/project/ProjectScriptBeanInfo> (0x00000000aed27bb0) 
thrown [s\open\src\hotspot\share\classfile\systemDictionary.cpp, line 256]
Event: 60.002 Thread 0x000001cc91a44bb0 Exception <a 'java/lang/ClassNotFoundException'{0x00000000aed34378}: org/gradle/api/internal/project/ProjectScriptCustomizer> (0x00000000aed34378) 
thrown [s\open\src\hotspot\share\classfile\systemDictionary.cpp, line 256]
Event: 60.003 Thread 0x000001cc91a44bb0 Exception <a 'java/lang/ClassNotFoundException'{0x00000000aed4d678}: build_43mhj28dw8dtxxevo698tjnh2Customizer> (0x00000000aed4d678) 
thrown [s\open\src\hotspot\share\classfile\systemDictionary.cpp, line 256]
Event: 60.031 Thread 0x000001cc91a44bb0 Exception <a 'java/lang/ClassNotFoundException'{0x00000000aedfc338}: org/gradle/api/internal/artifacts/dsl/dependencies/DefaultDependencyHandler_DecoratedBeanInfo> (0x00000000aedfc338) 
thrown [s\open\src\hotspot\share\classfile\systemDictionary.cpp, line 256]
Event: 60.032 Thread 0x000001cc91a44bb0 Exception <a 'java/lang/ClassNotFoundException'{0x00000000aec171b0}: org/gradle/api/internal/artifacts/dsl/dependencies/DefaultDependencyHandlerBeanInfo> (0x00000000aec171b0) 
thrown [s\open\src\hotspot\share\classfile\systemDictionary.cpp, line 256]
Event: 60.038 Thread 0x000001cc91a44bb0 Exception <a 'java/lang/ClassNotFoundException'{0x00000000aec31ac0}: org/gradle/api/internal/artifacts/dsl/dependencies/DefaultDependencyHandlerCustomizer> (0x00000000aec31ac0) 
thrown [s\open\src\hotspot\share\classfile\systemDictionary.cpp, line 256]
Event: 60.043 Thread 0x000001cc91a44bb0 Exception <a 'java/lang/ClassNotFoundException'{0x00000000aec74b58}: org/gradle/api/internal/artifacts/dsl/dependencies/DefaultDependencyHandler_DecoratedCustomizer> (0x00000000aec74b58) 
thrown [s\open\src\hotspot\share\classfile\systemDictionary.cpp, line 256]
Event: 61.442 Thread 0x000001cc91a44bb0 Exception <a 'java/lang/ClassNotFoundException'{0x00000000ae250c98}: build_43mhj28dw8dtxxevo698tjnh2BeanInfo> (0x00000000ae250c98) 
thrown [s\open\src\hotspot\share\classfile\systemDictionary.cpp, line 256]
Event: 61.442 Thread 0x000001cc91a44bb0 Exception <a 'java/lang/ClassNotFoundException'{0x00000000ae258f48}: build_43mhj28dw8dtxxevo698tjnh2Customizer> (0x00000000ae258f48) 
thrown [s\open\src\hotspot\share\classfile\systemDictionary.cpp, line 256]

VM Operations (20 events):
Event: 59.112 Executing VM operation: G1CollectForAllocation
Event: 59.115 Executing VM operation: G1CollectForAllocation done
Event: 59.274 Executing VM operation: HandshakeAllThreads
Event: 59.274 Executing VM operation: HandshakeAllThreads done
Event: 59.297 Executing VM operation: G1CollectForAllocation
Event: 59.301 Executing VM operation: G1CollectForAllocation done
Event: 59.515 Executing VM operation: HandshakeAllThreads
Event: 59.515 Executing VM operation: HandshakeAllThreads done
Event: 59.788 Executing VM operation: G1CollectForAllocation
Event: 59.795 Executing VM operation: G1CollectForAllocation done
Event: 60.107 Executing VM operation: ICBufferFull
Event: 60.107 Executing VM operation: ICBufferFull done
Event: 60.219 Executing VM operation: HandshakeAllThreads
Event: 60.224 Executing VM operation: HandshakeAllThreads done
Event: 60.350 Executing VM operation: G1CollectForAllocation
Event: 60.355 Executing VM operation: G1CollectForAllocation done
Event: 60.618 Executing VM operation: G1CollectForAllocation
Event: 60.622 Executing VM operation: G1CollectForAllocation done
Event: 60.858 Executing VM operation: G1CollectForAllocation
Event: 60.864 Executing VM operation: G1CollectForAllocation done

Events (20 events):
Event: 59.771 Thread 0x000001cc962be4d0 Thread added: 0x000001cc962be4d0
Event: 60.118 Thread 0x000001cc967448e0 Thread added: 0x000001cc967448e0
Event: 60.118 Thread 0x000001cc96745300 Thread added: 0x000001cc96745300
Event: 60.118 Thread 0x000001cc96744df0 Thread added: 0x000001cc96744df0
Event: 60.118 Thread 0x000001cc967439b0 Thread added: 0x000001cc967439b0
Event: 60.137 Thread 0x000001cc967443d0 Thread added: 0x000001cc967443d0
Event: 60.139 Thread 0x000001cc96745810 Thread added: 0x000001cc96745810
Event: 60.145 Thread 0x000001cc96746230 Thread added: 0x000001cc96746230
Event: 60.150 Thread 0x000001cc96742a80 Thread added: 0x000001cc96742a80
Event: 60.193 Thread 0x000001cc96746740 Thread added: 0x000001cc96746740
Event: 60.195 Thread 0x000001cc96742f90 Thread added: 0x000001cc96742f90
Event: 60.195 Thread 0x000001cc96746c50 Thread added: 0x000001cc96746c50
Event: 60.196 Thread 0x000001cc967434a0 Thread added: 0x000001cc967434a0
Event: 60.196 Thread 0x000001cc96748fc0 Thread added: 0x000001cc96748fc0
Event: 60.197 Thread 0x000001cc96748090 Thread added: 0x000001cc96748090
Event: 60.198 Thread 0x000001cc9674a400 Thread added: 0x000001cc9674a400
Event: 61.483 loading class java/lang/StackTraceElement$HashedModules
Event: 61.486 loading class java/lang/StackTraceElement$HashedModules done
Event: 61.556 loading class java/io/CharArrayReader
Event: 61.556 loading class java/io/CharArrayReader done


Dynamic libraries:
0x00007ff7d5560000 - 0x00007ff7d5570000 	C:\Program Files\Java\jdk-17\bin\java.exe
0x00007ff891480000 - 0x00007ff8916e7000 	C:\WINDOWS\SYSTEM32\ntdll.dll
0x00007ff890450000 - 0x00007ff890519000 	C:\WINDOWS\System32\KERNEL32.DLL
0x00007ff88e9b0000 - 0x00007ff88eda4000 	C:\WINDOWS\System32\KERNELBASE.dll
0x00007ff88de80000 - 0x00007ff88dfcb000 	C:\WINDOWS\System32\ucrtbase.dll
0x00007ff86d7e0000 - 0x00007ff86d7fb000 	C:\Program Files\Java\jdk-17\bin\VCRUNTIME140.dll
0x00007ff86d800000 - 0x00007ff86d819000 	C:\Program Files\Java\jdk-17\bin\jli.dll
0x00007ff891140000 - 0x00007ff8911f6000 	C:\WINDOWS\System32\ADVAPI32.dll
0x00007ff8912f0000 - 0x00007ff891399000 	C:\WINDOWS\System32\msvcrt.dll
0x00007ff8903a0000 - 0x00007ff890447000 	C:\WINDOWS\System32\sechost.dll
0x00007ff88f320000 - 0x00007ff88f438000 	C:\WINDOWS\System32\RPCRT4.dll
0x00007ff88f720000 - 0x00007ff88f8e5000 	C:\WINDOWS\System32\USER32.dll
0x00007ff88f1e0000 - 0x00007ff88f207000 	C:\WINDOWS\System32\win32u.dll
0x00007ff87b060000 - 0x00007ff87b2f3000 	C:\WINDOWS\WinSxS\amd64_microsoft.windows.common-controls_6595b64144ccf1df_6.0.26100.8115_none_3e075c82e3354f9c\COMCTL32.dll
0x00007ff8913b0000 - 0x00007ff8913db000 	C:\WINDOWS\System32\GDI32.dll
0x00007ff88dd50000 - 0x00007ff88de7b000 	C:\WINDOWS\System32\gdi32full.dll
0x00007ff88dfd0000 - 0x00007ff88e073000 	C:\WINDOWS\System32\msvcp_win.dll
0x00007ff888c30000 - 0x00007ff888c3b000 	C:\WINDOWS\SYSTEM32\VERSION.dll
0x00007ff88fa50000 - 0x00007ff88fa82000 	C:\WINDOWS\System32\IMM32.DLL
0x00007ff881c70000 - 0x00007ff881c7c000 	C:\Program Files\Java\jdk-17\bin\vcruntime140_1.dll
0x00007ff83e910000 - 0x00007ff83e99e000 	C:\Program Files\Java\jdk-17\bin\msvcp140.dll
0x00007ff83c960000 - 0x00007ff83d540000 	C:\Program Files\Java\jdk-17\bin\server\jvm.dll
0x00007ff890d40000 - 0x00007ff890d48000 	C:\WINDOWS\System32\PSAPI.DLL
0x00007ff887a80000 - 0x00007ff887ab6000 	C:\WINDOWS\SYSTEM32\WINMM.dll
0x00007ff813570000 - 0x00007ff81357a000 	C:\WINDOWS\SYSTEM32\WSOCK32.dll
0x00007ff890bb0000 - 0x00007ff890c30000 	C:\WINDOWS\System32\WS2_32.dll
0x00007ff88caa0000 - 0x00007ff88cabb000 	C:\WINDOWS\SYSTEM32\kernel.appcore.dll
0x00007ff871660000 - 0x00007ff87166a000 	C:\Program Files\Java\jdk-17\bin\jimage.dll
0x00007ff8807b0000 - 0x00007ff8809f2000 	C:\WINDOWS\SYSTEM32\DBGHELP.DLL
0x00007ff890d50000 - 0x00007ff8910d2000 	C:\WINDOWS\System32\combase.dll
0x00007ff88fb50000 - 0x00007ff88fc28000 	C:\WINDOWS\System32\OLEAUT32.dll
0x00007ff880440000 - 0x00007ff88047b000 	C:\WINDOWS\SYSTEM32\dbgcore.DLL
0x00007ff88f130000 - 0x00007ff88f1d5000 	C:\WINDOWS\System32\bcryptPrimitives.dll
0x00007ff86d7d0000 - 0x00007ff86d7de000 	C:\Program Files\Java\jdk-17\bin\instrument.dll
0x00007ff854ac0000 - 0x00007ff854ae5000 	C:\Program Files\Java\jdk-17\bin\java.dll
0x00007ff83c880000 - 0x00007ff83c957000 	C:\Program Files\Java\jdk-17\bin\jsvml.dll
0x00007ff88fc30000 - 0x00007ff890397000 	C:\WINDOWS\System32\SHELL32.dll
0x00007ff88ef30000 - 0x00007ff88f09a000 	C:\WINDOWS\System32\wintypes.dll
0x00007ff88e140000 - 0x00007ff88e9a8000 	C:\WINDOWS\System32\windows.storage.dll
0x00007ff890c40000 - 0x00007ff890d38000 	C:\WINDOWS\System32\SHCORE.dll
0x00007ff891280000 - 0x00007ff8912e6000 	C:\WINDOWS\System32\shlwapi.dll
0x00007ff88dc40000 - 0x00007ff88dc69000 	C:\WINDOWS\SYSTEM32\profapi.dll
0x00007ff86d7b0000 - 0x00007ff86d7c8000 	C:\Program Files\Java\jdk-17\bin\zip.dll
0x00007ff854aa0000 - 0x00007ff854ab9000 	C:\Program Files\Java\jdk-17\bin\net.dll
0x00007ff887dd0000 - 0x00007ff887efd000 	C:\WINDOWS\SYSTEM32\WINHTTP.dll
0x00007ff88cff0000 - 0x00007ff88d05c000 	C:\WINDOWS\system32\mswsock.dll
0x00007ff83e8f0000 - 0x00007ff83e906000 	C:\Program Files\Java\jdk-17\bin\nio.dll
0x00007ff83e8e0000 - 0x00007ff83e8f0000 	C:\Program Files\Java\jdk-17\bin\verify.dll
0x00007ff88b470000 - 0x00007ff88b497000 	C:\Users\Inurum_Four\.gradle\native\1def1411415f61bf3af743bc5b6707747c0891f09f0c88961ee8f79bc544acac\windows-amd64\native-platform.dll
0x00007ff8716c0000 - 0x00007ff871738000 	C:\Users\Inurum_Four\.gradle\native\0.2.7\x86_64-windows-gnu\gradle-fileevents.dll
0x00007ff83e8d0000 - 0x00007ff83e8da000 	C:\Program Files\Java\jdk-17\bin\management.dll
0x00007ff83e8c0000 - 0x00007ff83e8cb000 	C:\Program Files\Java\jdk-17\bin\management_ext.dll
0x00007ff88c480000 - 0x00007ff88c4b2000 	C:\WINDOWS\SYSTEM32\IPHLPAPI.DLL
0x00007ff890ba0000 - 0x00007ff890baa000 	C:\WINDOWS\System32\NSI.dll
0x00007ff887f70000 - 0x00007ff887f8d000 	C:\WINDOWS\SYSTEM32\dhcpcsvc6.DLL
0x00007ff887c90000 - 0x00007ff887cb5000 	C:\WINDOWS\SYSTEM32\dhcpcsvc.DLL
0x00007ff88c510000 - 0x00007ff88c642000 	C:\WINDOWS\SYSTEM32\DNSAPI.dll
0x00007ff88d3f0000 - 0x00007ff88d40b000 	C:\WINDOWS\SYSTEM32\CRYPTSP.dll
0x00007ff88ca00000 - 0x00007ff88ca39000 	C:\WINDOWS\system32\rsaenh.dll
0x00007ff88d0a0000 - 0x00007ff88d0d3000 	C:\WINDOWS\SYSTEM32\USERENV.dll
0x00007ff88dc70000 - 0x00007ff88dc9a000 	C:\WINDOWS\SYSTEM32\bcrypt.dll
0x00007ff88d250000 - 0x00007ff88d25c000 	C:\WINDOWS\SYSTEM32\CRYPTBASE.dll
0x00007ff83c720000 - 0x00007ff83c72e000 	C:\Program Files\Java\jdk-17\bin\sunmscapi.dll
0x00007ff88edb0000 - 0x00007ff88ef27000 	C:\WINDOWS\System32\CRYPT32.dll
0x00007ff88d530000 - 0x00007ff88d560000 	C:\WINDOWS\SYSTEM32\ncrypt.dll
0x00007ff88d490000 - 0x00007ff88d4cf000 	C:\WINDOWS\SYSTEM32\NTASN1.dll
0x00007ff880180000 - 0x00007ff880188000 	C:\WINDOWS\system32\wshunix.dll

dbghelp: loaded successfully - version: 4.0.5 - missing functions: none
symbol engine: initialized successfully - sym options: 0x614 - pdb path: .;C:\Program Files\Java\jdk-17\bin;C:\WINDOWS\SYSTEM32;C:\WINDOWS\WinSxS\amd64_microsoft.windows.common-controls_6595b64144ccf1df_6.0.26100.8115_none_3e075c82e3354f9c;C:\Program Files\Java\jdk-17\bin\server;C:\Users\Inurum_Four\.gradle\native\1def1411415f61bf3af743bc5b6707747c0891f09f0c88961ee8f79bc544acac\windows-amd64;C:\Users\Inurum_Four\.gradle\native\0.2.7\x86_64-windows-gnu

VM Arguments:
jvm_args: --add-opens=java.base/java.lang=ALL-UNNAMED --add-opens=java.base/java.lang.invoke=ALL-UNNAMED --add-opens=java.base/java.util=ALL-UNNAMED --add-opens=java.prefs/java.util.prefs=ALL-UNNAMED --add-exports=jdk.compiler/com.sun.tools.javac.api=ALL-UNNAMED --add-exports=jdk.compiler/com.sun.tools.javac.util=ALL-UNNAMED --add-opens=java.base/java.util=ALL-UNNAMED --add-opens=java.prefs/java.util.prefs=ALL-UNNAMED --add-opens=java.base/java.nio.charset=ALL-UNNAMED --add-opens=java.base/java.net=ALL-UNNAMED --add-opens=java.base/java.util.concurrent.atomic=ALL-UNNAMED --add-opens=java.xml/javax.xml.namespace=ALL-UNNAMED -Xmx1536M -Dfile.encoding=UTF-8 -Duser.country=IN -Duser.language=en -Duser.variant -javaagent:C:\Users\Inurum_Four\.gradle\wrapper\dists\gradle-8.14-all\c2qonpi39x1mddn7hk5gh9iqj\gradle-8.14\lib\agents\gradle-instrumentation-agent-8.14.jar 
java_command: org.gradle.launcher.daemon.bootstrap.GradleDaemon 8.14
java_class_path (initial): C:\Users\Inurum_Four\.gradle\wrapper\dists\gradle-8.14-all\c2qonpi39x1mddn7hk5gh9iqj\gradle-8.14\lib\gradle-daemon-main-8.14.jar
Launcher Type: SUN_STANDARD

[Global flags]
     intx CICompilerCount                          = 4                                         {product} {ergonomic}
     uint ConcGCThreads                            = 2                                         {product} {ergonomic}
     uint G1ConcRefinementThreads                  = 8                                         {product} {ergonomic}
   size_t G1HeapRegionSize                         = 1048576                                   {product} {ergonomic}
    uintx GCDrainStackTargetSize                   = 64                                        {product} {ergonomic}
   size_t InitialHeapSize                          = 266338304                                 {product} {ergonomic}
   size_t MarkStackSize                            = 4194304                                   {product} {ergonomic}
   size_t MaxHeapSize                              = 1610612736                                {product} {command line}
   size_t MaxNewSize                               = 965738496                                 {product} {ergonomic}
   size_t MinHeapDeltaBytes                        = 1048576                                   {product} {ergonomic}
   size_t MinHeapSize                              = 8388608                                   {product} {ergonomic}
    uintx NonNMethodCodeHeapSize                   = 5839372                                {pd product} {ergonomic}
    uintx NonProfiledCodeHeapSize                  = 122909434                              {pd product} {ergonomic}
    uintx ProfiledCodeHeapSize                     = 122909434                              {pd product} {ergonomic}
    uintx ReservedCodeCacheSize                    = 251658240                              {pd product} {ergonomic}
     bool SegmentedCodeCache                       = true                                      {product} {ergonomic}
   size_t SoftMaxHeapSize                          = 1610612736                             {manageable} {ergonomic}
     bool UseCompressedClassPointers               = true                           {product lp64_product} {ergonomic}
     bool UseCompressedOops                        = true                           {product lp64_product} {ergonomic}
     bool UseG1GC                                  = true                                      {product} {ergonomic}
     bool UseLargePagesIndividualAllocation        = false                                  {pd product} {ergonomic}

Logging:
Log output configuration:
 #0: stdout all=warning uptime,level,tags
 #1: stderr all=off uptime,level,tags

Environment Variables:
JAVA_HOME=C:\Program Files\Java\jdk-17
PATH=C:\Program Files\Common Files\Oracle\Java\javapath;C:\WINDOWS\system32;C:\WINDOWS;C:\WINDOWS\System32\Wbem;C:\WINDOWS\System32\WindowsPowerShell\v1.0\;C:\WINDOWS\System32\OpenSSH\;C:\src\flutter\bin;C:\Program Files\Git\cmd;C:\Users\Inurum_Four\AppData\Roaming\npm;C:\Program Files\nodejs\;C:\Users\Inurum_Four\AppData\Local\Programs\Python\Python311\Scripts\;C:\Users\Inurum_Four\AppData\Local\Programs\Python\Python311\;C:\Users\Inurum_Four\AppData\Local\Programs\Python\Python314\Scripts\;C:\Users\Inurum_Four\AppData\Local\Programs\Python\Python314\;C:\Users\Inurum_Four\AppData\Local\Microsoft\WindowsApps;C:\src\flutter\bin;C:\Users\Inurum_Four\AppData\Local\Programs\Microsoft VS Code\bin;C:\Program Files\nodejs\;C:\Users\Inurum_Four\AppData\Local\Pub\Cache\bin;C:\Users\Inurum_Four\AppData\Roaming\npm;C:\Users\Inurum_Four\AppData\Local\Programs\Antigravity\bin
USERNAME=Inurum_Four
OS=Windows_NT
PROCESSOR_IDENTIFIER=Intel64 Family 6 Model 151 Stepping 5, GenuineIntel



---------------  S Y S T E M  ---------------

OS:
 Windows 11 , 64 bit Build 26100 (10.0.26100.8246)
OS uptime: 0 days 4:27 hours
Hyper-V role detected

CPU: total 8 (initial active 8) (4 cores per cpu, 2 threads per core) family 6 model 151 stepping 5 microcode 0x18, cx8, cmov, fxsr, ht, mmx, 3dnowpref, sse, sse2, sse3, ssse3, sse4.1, sse4.2, popcnt, lzcnt, tsc, tscinvbit, avx, avx2, aes, erms, clmul, bmi1, bmi2, adx, sha, fma, vzeroupper, clflush, clflushopt, clwb, hv

Memory: 4k page, system-wide physical 16197M (1220M free)
TotalPageFile size 33405M (AvailPageFile size 0M)
current process WorkingSet (physical memory assigned to process): 619M, peak: 626M
current process commit charge ("private bytes"): 666M, peak: 674M

vm_info: Java HotSpot(TM) 64-Bit Server VM (17.0.12+8-LTS-286) for windows-amd64 JRE (17.0.12+8-LTS-286), built on Jun  5 2024 06:46:59 by "mach5one" with MS VC++ 17.6 (VS2022)

END.
