#
# There is insufficient memory for the Java Runtime Environment to continue.
# Native memory allocation (malloc) failed to allocate 356944 bytes. Error detail: Chunk::new
# Possible reasons:
#   The system is out of physical RAM or swap space
#   This process is running with CompressedOops enabled, and the Java Heap may be blocking the growth of the native heap
# Possible solutions:
#   Reduce memory load on the system
#   Increase physical memory or swap space
#   Check if swap backing store is full
#   Decrease Java heap size (-Xmx/-Xms)
#   Decrease number of Java threads
#   Decrease Java thread stack sizes (-Xss)
#   Set larger code cache with -XX:ReservedCodeCacheSize=
#   JVM is running with Unscaled Compressed Oops mode in which the Java heap is
#     placed in the first 4GB address space. The Java Heap base address is the
#     maximum limit for the native heap growth. Please use -XX:HeapBaseMinAddress
#     to set the Java Heap base and to place the Java Heap above 4GB virtual address.
# This output file may be truncated or incomplete.
#
#  Out of Memory Error (arena.cpp:168), pid=22424, tid=11880
#
# JRE version: OpenJDK Runtime Environment Temurin-21.0.10+7 (21.0.10+7) (build 21.0.10+7-LTS)
# Java VM: OpenJDK 64-Bit Server VM Temurin-21.0.10+7 (21.0.10+7-LTS, mixed mode, sharing, tiered, compressed oops, compressed class ptrs, parallel gc, windows-amd64)
# No core dump will be written. Minidumps are not enabled by default on client versions of Windows
#

---------------  S U M M A R Y ------------

Command Line: --add-modules=ALL-SYSTEM --add-opens=java.base/java.util=ALL-UNNAMED --add-opens=java.base/java.lang=ALL-UNNAMED --add-opens=java.base/sun.nio.fs=ALL-UNNAMED -Declipse.application=org.eclipse.jdt.ls.core.id1 -Dosgi.bundles.defaultStartLevel=4 -Declipse.product=org.eclipse.jdt.ls.core.product -Djava.import.generatesMetadataFilesAtProjectRoot=false -DDetectVMInstallationsJob.disabled=true -Dfile.encoding=utf8 -XX:+UseParallelGC -XX:GCTimeRatio=4 -XX:AdaptiveSizePolicyWeight=90 -Dsun.zip.disableMemoryMapping=true -Xmx2G -Xms100m -Xlog:disable -javaagent:c:\Users\Inurum_Four\.antigravity\extensions\redhat.java-1.54.0-win32-x64\lombok\lombok-1.18.39-4050.jar c:\Users\Inurum_Four\.antigravity\extensions\redhat.java-1.54.0-win32-x64\server\plugins\org.eclipse.equinox.launcher_1.7.100.v20251111-0406.jar -configuration c:\Users\Inurum_Four\AppData\Roaming\Antigravity\User\globalStorage\redhat.java\1.54.0\config_ss_win -data c:\Users\Inurum_Four\AppData\Roaming\Antigravity\User\workspaceStorage\2511eb0b71e4394dad441c6258260e72\redhat.java\ss_ws --pipe=\\.\pipe\lsp-316eb053136fc1e7ba0dff28b35483db-sock

Host: 12th Gen Intel(R) Core(TM) i3-12100F, 8 cores, 15G,  Windows 11 , 64 bit Build 26100 (10.0.26100.8246)
Time: Thu Jun  4 16:52:14 2026 India Standard Time elapsed time: 1.845437 seconds (0d 0h 0m 1s)

---------------  T H R E A D  ---------------

Current thread (0x000001f660229c60):  JavaThread "C2 CompilerThread0" daemon [_thread_in_native, id=11880, stack(0x000000040c900000,0x000000040ca00000) (1024K)]


Current CompileTask:
C2:1845 1719       4       java.io.WinNTFileSystem::normalize (143 bytes)

Stack: [0x000000040c900000,0x000000040ca00000]
Native frames: (J=compiled Java code, j=interpreted, Vv=VM code, C=native code)
V  [jvm.dll+0x6d7a39]
V  [jvm.dll+0x8b4b26]
V  [jvm.dll+0x8b70de]
V  [jvm.dll+0x8b77c3]
V  [jvm.dll+0x284346]
V  [jvm.dll+0xc66ed]
V  [jvm.dll+0xc6c31]
V  [jvm.dll+0x3bec3b]
V  [jvm.dll+0x38b162]
V  [jvm.dll+0x38a5aa]
V  [jvm.dll+0x24c560]
V  [jvm.dll+0x24bb40]
V  [jvm.dll+0x1cb34e]
V  [jvm.dll+0x25b85d]
V  [jvm.dll+0x259dea]
V  [jvm.dll+0x3f857e]
V  [jvm.dll+0x85f59d]
V  [jvm.dll+0x6d626d]
C  [ucrtbase.dll+0x37b0]
C  [KERNEL32.DLL+0x2e8d7]
C  [ntdll.dll+0x8c3fc]


---------------  P R O C E S S  ---------------

Threads class SMR info:
_java_thread_list=0x000001f66679dff0, length=13, elements={
0x000001f6474a8780, 0x000001f66021b8c0, 0x000001f66021dd70, 0x000001f660220b80,
0x000001f660223b50, 0x000001f660224810, 0x000001f66022b760, 0x000001f660229c60,
0x000001f661b57e60, 0x000001f661ccff90, 0x000001f661e4dce0, 0x000001f6663d7a90,
0x000001f666295490
}

Java Threads: ( => current thread )
  0x000001f6474a8780 JavaThread "main"                              [_thread_in_Java, id=13484, stack(0x000000040bf00000,0x000000040c000000) (1024K)]
  0x000001f66021b8c0 JavaThread "Reference Handler"          daemon [_thread_blocked, id=5368, stack(0x000000040c300000,0x000000040c400000) (1024K)]
  0x000001f66021dd70 JavaThread "Finalizer"                  daemon [_thread_blocked, id=17420, stack(0x000000040c400000,0x000000040c500000) (1024K)]
  0x000001f660220b80 JavaThread "Signal Dispatcher"          daemon [_thread_blocked, id=23532, stack(0x000000040c500000,0x000000040c600000) (1024K)]
  0x000001f660223b50 JavaThread "Attach Listener"            daemon [_thread_blocked, id=14256, stack(0x000000040c600000,0x000000040c700000) (1024K)]
  0x000001f660224810 JavaThread "Service Thread"             daemon [_thread_blocked, id=21472, stack(0x000000040c700000,0x000000040c800000) (1024K)]
  0x000001f66022b760 JavaThread "Monitor Deflation Thread"   daemon [_thread_blocked, id=20984, stack(0x000000040c800000,0x000000040c900000) (1024K)]
=>0x000001f660229c60 JavaThread "C2 CompilerThread0"         daemon [_thread_in_native, id=11880, stack(0x000000040c900000,0x000000040ca00000) (1024K)]
  0x000001f661b57e60 JavaThread "C1 CompilerThread0"         daemon [_thread_blocked, id=21624, stack(0x000000040ca00000,0x000000040cb00000) (1024K)]
  0x000001f661ccff90 JavaThread "Common-Cleaner"             daemon [_thread_blocked, id=21420, stack(0x000000040cc00000,0x000000040cd00000) (1024K)]
  0x000001f661e4dce0 JavaThread "Notification Thread"        daemon [_thread_blocked, id=8432, stack(0x000000040cd00000,0x000000040ce00000) (1024K)]
  0x000001f6663d7a90 JavaThread "C2 CompilerThread1"         daemon [_thread_in_native, id=14752, stack(0x000000040d300000,0x000000040d400000) (1024K)]
  0x000001f666295490 JavaThread "Active Thread: Equinox Container: b0aba29e-aeec-4a2c-a687-94c4535181ac"        [_thread_blocked, id=23488, stack(0x000000040d500000,0x000000040d600000) (1024K)]
Total: 13

Other Threads:
  0x000001f660202530 VMThread "VM Thread"                           [id=19036, stack(0x000000040c200000,0x000000040c300000) (1024K)]
  0x000001f66013ca00 WatcherThread "VM Periodic Task Thread"        [id=19088, stack(0x000000040c100000,0x000000040c200000) (1024K)]
  0x000001f6497ca210 WorkerThread "GC Thread#0"                     [id=8048, stack(0x000000040c000000,0x000000040c100000) (1024K)]
  0x000001f661d89180 WorkerThread "GC Thread#1"                     [id=20200, stack(0x000000040cb00000,0x000000040cc00000) (1024K)]
  0x000001f661d89530 WorkerThread "GC Thread#2"                     [id=4700, stack(0x000000040ce00000,0x000000040cf00000) (1024K)]
  0x000001f661d8a7a0 WorkerThread "GC Thread#3"                     [id=14844, stack(0x000000040cf00000,0x000000040d000000) (1024K)]
  0x000001f661d8a040 WorkerThread "GC Thread#4"                     [id=5056, stack(0x000000040d000000,0x000000040d100000) (1024K)]
  0x000001f661d898e0 WorkerThread "GC Thread#5"                     [id=17184, stack(0x000000040d100000,0x000000040d200000) (1024K)]
  0x000001f661d89c90 WorkerThread "GC Thread#6"                     [id=10380, stack(0x000000040d200000,0x000000040d300000) (1024K)]
Total: 9

Threads with active compile tasks:
C2 CompilerThread0  1862 1719       4       java.io.WinNTFileSystem::normalize (143 bytes)
C2 CompilerThread1  1862 1752       4       java.io.WinNTFileSystem::normalize (224 bytes)
Total: 2

VM state: not at safepoint (normal execution)

VM Mutex/Monitor currently owned by a thread: None

Heap address: 0x0000000080000000, size: 2048 MB, Compressed Oops mode: 32-bit

CDS archive(s) mapped at: [0x000001f600000000-0x000001f600ba0000-0x000001f600ba0000), size 12189696, SharedBaseAddress: 0x000001f600000000, ArchiveRelocationMode: 1.
Compressed class space mapped at: 0x000001f601000000-0x000001f641000000, reserved size: 1073741824
Narrow klass base: 0x000001f600000000, Narrow klass shift: 0, Narrow klass range: 0x100000000

GC Precious Log:
 CardTable entry size: 512
 CPUs: 8 total, 8 available
 Memory: 16197M
 Large Page Support: Disabled
 NUMA Support: Disabled
 Compressed Oops: Enabled (32-bit)
 Alignments: Space 512K, Generation 512K, Heap 2M
 Heap Min Capacity: 100M
 Heap Initial Capacity: 100M
 Heap Max Capacity: 2G
 Pre-touch: Disabled
 Parallel Workers: 8

Heap:
 PSYoungGen      total 29696K, used 27256K [0x00000000d5580000, 0x00000000d7680000, 0x0000000100000000)
  eden space 25600K, 93% used [0x00000000d5580000,0x00000000d6ce41b8,0x00000000d6e80000)
  from space 4096K, 80% used [0x00000000d6e80000,0x00000000d71b9e98,0x00000000d7280000)
  to   space 4096K, 0% used [0x00000000d7280000,0x00000000d7280000,0x00000000d7680000)
 ParOldGen       total 68608K, used 0K [0x0000000080000000, 0x0000000084300000, 0x00000000d5580000)
  object space 68608K, 0% used [0x0000000080000000,0x0000000080000000,0x0000000084300000)
 Metaspace       used 7950K, committed 8192K, reserved 1114112K
  class space    used 833K, committed 960K, reserved 1048576K

Card table byte_map: [0x000001f649150000,0x000001f649560000] _byte_map_base: 0x000001f648d50000

Marking Bits: (ParMarkBitMap*) 0x00007ff97f893450
 Begin Bits: [0x000001f65bc60000, 0x000001f65dc60000)
 End Bits:   [0x000001f65dc60000, 0x000001f65fc60000)

Polling page: 0x000001f647870000

Metaspace:

Usage:
  Non-class:      6.95 MB used.
      Class:    833.48 KB used.
       Both:      7.76 MB used.

Virtual space:
  Non-class space:       64.00 MB reserved,       7.06 MB ( 11%) committed,  1 nodes.
      Class space:        1.00 GB reserved,     960.00 KB ( <1%) committed,  1 nodes.
             Both:        1.06 GB reserved,       8.00 MB ( <1%) committed. 

Chunk freelists:
   Non-Class:  8.81 MB
       Class:  14.91 MB
        Both:  23.72 MB

MaxMetaspaceSize: unlimited
CompressedClassSpaceSize: 1.00 GB
Initial GC threshold: 21.00 MB
Current GC threshold: 21.00 MB
CDS: on
 - commit_granule_bytes: 65536.
 - commit_granule_words: 8192.
 - virtual_space_node_default_size: 8388608.
 - enlarge_chunks_in_place: 1.
 - use_allocation_guard: 0.


Internal statistics:

num_allocs_failed_limit: 0.
num_arena_births: 228.
num_arena_deaths: 0.
num_vsnodes_births: 2.
num_vsnodes_deaths: 0.
num_space_committed: 128.
num_space_uncommitted: 0.
num_chunks_returned_to_freelist: 0.
num_chunks_taken_from_freelist: 423.
num_chunk_merges: 0.
num_chunk_splits: 269.
num_chunks_enlarged: 178.
num_inconsistent_stats: 0.

CodeHeap 'non-profiled nmethods': size=120000Kb used=786Kb max_used=786Kb free=119213Kb
 bounds [0x000001f654480000, 0x000001f6546f0000, 0x000001f65b9b0000]
CodeHeap 'profiled nmethods': size=120000Kb used=3142Kb max_used=3142Kb free=116857Kb
 bounds [0x000001f64c9b0000, 0x000001f64ccd0000, 0x000001f653ee0000]
CodeHeap 'non-nmethods': size=5760Kb used=1215Kb max_used=1239Kb free=4544Kb
 bounds [0x000001f653ee0000, 0x000001f654150000, 0x000001f654480000]
CodeCache: size=245760Kb, used=5143Kb, max_used=5167Kb, free=240614Kb
 total_blobs=2246, nmethods=1764, adapters=389, full_count=0
Compilation: enabled, stopped_count=0, restarted_count=0

Compilation events (20 events):
Event: 1.837 Thread 0x000001f661b57e60 1725       3       sun.nio.fs.WindowsPathParser::nextNonSlash (24 bytes)
Event: 1.837 Thread 0x000001f661b57e60 nmethod 1725 0x000001f64cca3d10 code [0x000001f64cca3f20, 0x000001f64cca4628]
Event: 1.837 Thread 0x000001f661b57e60 1726       3       java.lang.String::getChars (55 bytes)
Event: 1.838 Thread 0x000001f661b57e60 nmethod 1726 0x000001f64cca4990 code [0x000001f64cca4bc0, 0x000001f64cca52c8]
Event: 1.838 Thread 0x000001f661b57e60 1727       3       java.lang.StringLatin1::getChars (12 bytes)
Event: 1.838 Thread 0x000001f661b57e60 nmethod 1727 0x000001f64cca5610 code [0x000001f64cca57c0, 0x000001f64cca58e8]
Event: 1.838 Thread 0x000001f661b57e60 1728       3       java.io.File::isAbsolute (8 bytes)
Event: 1.838 Thread 0x000001f661b57e60 nmethod 1728 0x000001f64cca5990 code [0x000001f64cca5b40, 0x000001f64cca5c90]
Event: 1.838 Thread 0x000001f661b57e60 1730       3       sun.net.util.IPAddressUtil::checkUserInfo (44 bytes)
Event: 1.839 Thread 0x000001f661b57e60 nmethod 1730 0x000001f64cca5d10 code [0x000001f64cca5fa0, 0x000001f64cca69e8]
Event: 1.839 Thread 0x000001f661b57e60 1732       3       java.util.Collections::emptyIterator (4 bytes)
Event: 1.839 Thread 0x000001f661b57e60 nmethod 1732 0x000001f64cca6e90 code [0x000001f64cca7020, 0x000001f64cca7118]
Event: 1.839 Thread 0x000001f661b57e60 1731       3       sun.net.util.IPAddressUtil::scan (62 bytes)
Event: 1.839 Thread 0x000001f661b57e60 nmethod 1731 0x000001f64cca7190 code [0x000001f64cca73e0, 0x000001f64cca7ca0]
Event: 1.839 Thread 0x000001f661b57e60 1733       3       java.net.URL::<init> (438 bytes)
Event: 1.841 Thread 0x000001f661b57e60 nmethod 1733 0x000001f64cca8090 code [0x000001f64cca8760, 0x000001f64ccabad8]
Event: 1.841 Thread 0x000001f661b57e60 1734       3       java.util.Collections::emptySet (4 bytes)
Event: 1.841 Thread 0x000001f661b57e60 nmethod 1734 0x000001f64ccacf10 code [0x000001f64ccad0a0, 0x000001f64ccad198]
Event: 1.842 Thread 0x000001f661b57e60 1735       3       java.io.File::slashify (84 bytes)
Event: 1.842 Thread 0x000001f661b57e60 nmethod 1735 0x000001f64ccad210 code [0x000001f64ccad520, 0x000001f64ccae268]

GC Heap History (2 events):
Event: 1.080 GC heap before
{Heap before GC invocations=1 (full 0):
 PSYoungGen      total 29696K, used 25600K [0x00000000d5580000, 0x00000000d7680000, 0x0000000100000000)
  eden space 25600K, 100% used [0x00000000d5580000,0x00000000d6e80000,0x00000000d6e80000)
  from space 4096K, 0% used [0x00000000d7280000,0x00000000d7280000,0x00000000d7680000)
  to   space 4096K, 0% used [0x00000000d6e80000,0x00000000d6e80000,0x00000000d7280000)
 ParOldGen       total 68608K, used 0K [0x0000000080000000, 0x0000000084300000, 0x00000000d5580000)
  object space 68608K, 0% used [0x0000000080000000,0x0000000080000000,0x0000000084300000)
 Metaspace       used 4356K, committed 4608K, reserved 1114112K
  class space    used 475K, committed 576K, reserved 1048576K
}
Event: 1.099 GC heap after
{Heap after GC invocations=1 (full 0):
 PSYoungGen      total 29696K, used 3303K [0x00000000d5580000, 0x00000000d7680000, 0x0000000100000000)
  eden space 25600K, 0% used [0x00000000d5580000,0x00000000d5580000,0x00000000d6e80000)
  from space 4096K, 80% used [0x00000000d6e80000,0x00000000d71b9e98,0x00000000d7280000)
  to   space 4096K, 0% used [0x00000000d7280000,0x00000000d7280000,0x00000000d7680000)
 ParOldGen       total 68608K, used 0K [0x0000000080000000, 0x0000000084300000, 0x00000000d5580000)
  object space 68608K, 0% used [0x0000000080000000,0x0000000080000000,0x0000000084300000)
 Metaspace       used 4356K, committed 4608K, reserved 1114112K
  class space    used 475K, committed 576K, reserved 1048576K
}

Dll operation events (8 events):
Event: 0.009 Loaded shared library c:\Users\Inurum_Four\.antigravity\extensions\redhat.java-1.54.0-win32-x64\jre\21.0.10-win32-x86_64\bin\java.dll
Event: 0.084 Loaded shared library c:\Users\Inurum_Four\.antigravity\extensions\redhat.java-1.54.0-win32-x64\jre\21.0.10-win32-x86_64\bin\zip.dll
Event: 0.116 Loaded shared library C:\Users\Inurum_Four\.antigravity\extensions\redhat.java-1.54.0-win32-x64\jre\21.0.10-win32-x86_64\bin\instrument.dll
Event: 0.120 Loaded shared library C:\Users\Inurum_Four\.antigravity\extensions\redhat.java-1.54.0-win32-x64\jre\21.0.10-win32-x86_64\bin\net.dll
Event: 0.122 Loaded shared library C:\Users\Inurum_Four\.antigravity\extensions\redhat.java-1.54.0-win32-x64\jre\21.0.10-win32-x86_64\bin\nio.dll
Event: 0.125 Loaded shared library C:\Users\Inurum_Four\.antigravity\extensions\redhat.java-1.54.0-win32-x64\jre\21.0.10-win32-x86_64\bin\zip.dll
Event: 0.141 Loaded shared library C:\Users\Inurum_Four\.antigravity\extensions\redhat.java-1.54.0-win32-x64\jre\21.0.10-win32-x86_64\bin\jimage.dll
Event: 0.287 Loaded shared library c:\Users\Inurum_Four\.antigravity\extensions\redhat.java-1.54.0-win32-x64\jre\21.0.10-win32-x86_64\bin\verify.dll

Deoptimization events (20 events):
Event: 1.659 Thread 0x000001f6474a8780 Uncommon trap: trap_request=0xffffffde fr.pc=0x000001f65451f98c relative=0x000000000000094c
Event: 1.659 Thread 0x000001f6474a8780 Uncommon trap: reason=class_check action=maybe_recompile pc=0x000001f65451f98c method=java.util.HashMap.putVal(ILjava/lang/Object;Ljava/lang/Object;ZZ)Ljava/lang/Object; @ 253 c2
Event: 1.659 Thread 0x000001f6474a8780 DEOPT PACKING pc=0x000001f65451f98c sp=0x000000040bffe830
Event: 1.659 Thread 0x000001f6474a8780 DEOPT UNPACKING pc=0x000001f653f33aa2 sp=0x000000040bffe758 mode 2
Event: 1.660 Thread 0x000001f6474a8780 Uncommon trap: trap_request=0xffffffde fr.pc=0x000001f65451f98c relative=0x000000000000094c
Event: 1.660 Thread 0x000001f6474a8780 Uncommon trap: reason=class_check action=maybe_recompile pc=0x000001f65451f98c method=java.util.HashMap.putVal(ILjava/lang/Object;Ljava/lang/Object;ZZ)Ljava/lang/Object; @ 253 c2
Event: 1.660 Thread 0x000001f6474a8780 DEOPT PACKING pc=0x000001f65451f98c sp=0x000000040bffe830
Event: 1.660 Thread 0x000001f6474a8780 DEOPT UNPACKING pc=0x000001f653f33aa2 sp=0x000000040bffe758 mode 2
Event: 1.661 Thread 0x000001f6474a8780 Uncommon trap: trap_request=0xffffffde fr.pc=0x000001f6544b1238 relative=0x0000000000000478
Event: 1.661 Thread 0x000001f6474a8780 Uncommon trap: reason=class_check action=maybe_recompile pc=0x000001f6544b1238 method=java.util.HashMap.putVal(ILjava/lang/Object;Ljava/lang/Object;ZZ)Ljava/lang/Object; @ 253 c2
Event: 1.661 Thread 0x000001f6474a8780 DEOPT PACKING pc=0x000001f6544b1238 sp=0x000000040bffe690
Event: 1.661 Thread 0x000001f6474a8780 DEOPT UNPACKING pc=0x000001f653f33aa2 sp=0x000000040bffe650 mode 2
Event: 1.756 Thread 0x000001f6474a8780 DEOPT PACKING pc=0x000001f64ca76b3c sp=0x000000040bffc6a0
Event: 1.756 Thread 0x000001f6474a8780 DEOPT UNPACKING pc=0x000001f653f34242 sp=0x000000040bffbbc0 mode 0
Event: 1.765 Thread 0x000001f6474a8780 DEOPT PACKING pc=0x000001f64cac0c0b sp=0x000000040bffcde0
Event: 1.765 Thread 0x000001f6474a8780 DEOPT UNPACKING pc=0x000001f653f34242 sp=0x000000040bffc258 mode 0
Event: 1.765 Thread 0x000001f6474a8780 DEOPT PACKING pc=0x000001f64caac806 sp=0x000000040bffc8a0
Event: 1.765 Thread 0x000001f6474a8780 DEOPT UNPACKING pc=0x000001f653f34242 sp=0x000000040bffbd20 mode 0
Event: 1.767 Thread 0x000001f6474a8780 DEOPT PACKING pc=0x000001f64caac806 sp=0x000000040bffcaf0
Event: 1.767 Thread 0x000001f6474a8780 DEOPT UNPACKING pc=0x000001f653f34242 sp=0x000000040bffbf70 mode 0

Classes loaded (20 events):
Event: 1.758 Loading class java/security/KeyStoreException
Event: 1.758 Loading class java/security/KeyStoreException done
Event: 1.780 Loading class java/util/LinkedList$Node
Event: 1.780 Loading class java/util/LinkedList$Node done
Event: 1.780 Loading class java/util/LinkedList$ListItr
Event: 1.780 Loading class java/util/LinkedList$ListItr done
Event: 1.781 Loading class java/lang/Thread$Builder$OfPlatform
Event: 1.781 Loading class java/lang/Thread$Builder
Event: 1.781 Loading class java/lang/Thread$Builder done
Event: 1.781 Loading class java/lang/Thread$Builder$OfPlatform done
Event: 1.781 Loading class java/lang/Thread$Builder$OfVirtual
Event: 1.782 Loading class java/lang/Thread$Builder$OfVirtual done
Event: 1.789 Loading class sun/nio/fs/WindowsChannelFactory
Event: 1.789 Loading class sun/nio/fs/WindowsChannelFactory done
Event: 1.789 Loading class sun/nio/fs/WindowsChannelFactory$1
Event: 1.789 Loading class sun/nio/fs/WindowsChannelFactory$1 done
Event: 1.789 Loading class sun/nio/fs/WindowsChannelFactory$Flags
Event: 1.789 Loading class sun/nio/fs/WindowsChannelFactory$Flags done
Event: 1.825 Loading class sun/nio/ch/FileChannelImpl$Closer
Event: 1.825 Loading class sun/nio/ch/FileChannelImpl$Closer done

Classes unloaded (0 events):
No events

Classes redefined (0 events):
No events

Internal exceptions (20 events):
Event: 0.726 Thread 0x000001f6474a8780 Exception <a 'java/lang/NoSuchMethodError'{0x00000000d6601948}: 'java.lang.Object java.lang.invoke.DirectMethodHandle$Holder.invokeInterface(java.lang.Object, java.lang.Object, int)'> (0x00000000d6601948) 
thrown [s\src\hotspot\share\interpreter\linkResolver.cpp, line 773]
Event: 0.890 Thread 0x000001f6474a8780 Exception <a 'java/lang/NoSuchMethodError'{0x00000000d6a6ad60}: 'java.lang.ClassLoader java.lang.ClassLoader.getPlatformClassLoader(java.lang.Class)'> (0x00000000d6a6ad60) 
thrown [s\src\hotspot\share\interpreter\linkResolver.cpp, line 773]
Event: 1.100 Thread 0x000001f6474a8780 Exception <a 'java/lang/ClassNotFoundException'{0x00000000d5588648}: sun/net/www/protocol/c/Handler> (0x00000000d5588648) 
thrown [s\src\hotspot\share\classfile\systemDictionary.cpp, line 312]
Event: 1.101 Thread 0x000001f6474a8780 Exception <a 'java/lang/ClassNotFoundException'{0x00000000d5589a40}: sun/net/www/protocol/d/Handler> (0x00000000d5589a40) 
thrown [s\src\hotspot\share\classfile\systemDictionary.cpp, line 312]
Event: 1.101 Thread 0x000001f6474a8780 Exception <a 'java/lang/ClassNotFoundException'{0x00000000d558ac78}: sun/net/www/protocol/c/Handler> (0x00000000d558ac78) 
thrown [s\src\hotspot\share\classfile\systemDictionary.cpp, line 312]
Event: 1.106 Thread 0x000001f6474a8780 Exception <a 'java/io/FileNotFoundException'{0x00000000d55b38a8}> (0x00000000d55b38a8) 
thrown [s\src\hotspot\share\prims\jni.cpp, line 520]
Event: 1.149 Thread 0x000001f6474a8780 Implicit null exception at 0x000001f6544e12a9 to 0x000001f6544e1b1c
Event: 1.149 Thread 0x000001f6474a8780 Implicit null exception at 0x000001f6544e641a to 0x000001f6544e6620
Event: 1.150 Thread 0x000001f6474a8780 Exception <a 'java/lang/NoSuchMethodError'{0x00000000d56e3db8}: 'void java.lang.invoke.DirectMethodHandle$Holder.invokeStatic(java.lang.Object, java.lang.Object, java.lang.Object, java.lang.Object)'> (0x00000000d56e3db8) 
thrown [s\src\hotspot\share\interpreter\linkResolver.cpp, line 773]
Event: 1.151 Thread 0x000001f6474a8780 Implicit null exception at 0x000001f6544e8e1a to 0x000001f6544e9024
Event: 1.151 Thread 0x000001f6474a8780 Implicit null exception at 0x000001f6544e27bd to 0x000001f6544e2841
Event: 1.239 Thread 0x000001f6474a8780 Exception <a 'java/lang/NoSuchMethodError'{0x00000000d59abd50}: 'void java.lang.invoke.DirectMethodHandle$Holder.invokeSpecial(java.lang.Object, java.lang.Object, java.lang.Object)'> (0x00000000d59abd50) 
thrown [s\src\hotspot\share\interpreter\linkResolver.cpp, line 773]
Event: 1.525 Thread 0x000001f6474a8780 Exception <a 'java/lang/NoSuchMethodError'{0x00000000d62ce5e8}: 'int java.lang.invoke.DirectMethodHandle$Holder.invokeVirtual(java.lang.Object, java.lang.Object)'> (0x00000000d62ce5e8) 
thrown [s\src\hotspot\share\interpreter\linkResolver.cpp, line 773]
Event: 1.586 Thread 0x000001f6474a8780 Exception <a 'java/lang/NoSuchMethodError'{0x00000000d6443378}: 'int java.lang.invoke.DirectMethodHandle$Holder.invokeStaticInit(java.lang.Object, java.lang.Object, java.lang.Object, java.lang.Object)'> (0x00000000d6443378) 
thrown [s\src\hotspot\share\interpreter\linkResolver.cpp, line 773]
Event: 1.587 Thread 0x000001f6474a8780 Exception <a 'java/lang/IncompatibleClassChangeError'{0x00000000d644b780}: Found class java.lang.Object, but interface was expected> (0x00000000d644b780) 
thrown [s\src\hotspot\share\interpreter\linkResolver.cpp, line 840]
Event: 1.587 Thread 0x000001f6474a8780 Exception <a 'java/lang/NoSuchMethodError'{0x00000000d6451d50}: 'void java.lang.invoke.DirectMethodHandle$Holder.invokeStaticInit(java.lang.Object, java.lang.Object)'> (0x00000000d6451d50) 
thrown [s\src\hotspot\share\interpreter\linkResolver.cpp, line 773]
Event: 1.588 Thread 0x000001f6474a8780 Exception <a 'java/lang/NoSuchMethodError'{0x00000000d645cf08}: 'int java.lang.invoke.DirectMethodHandle$Holder.invokeStaticInit(java.lang.Object, java.lang.Object)'> (0x00000000d645cf08) 
thrown [s\src\hotspot\share\interpreter\linkResolver.cpp, line 773]
Event: 1.651 Thread 0x000001f6474a8780 Exception <a 'java/lang/NoSuchMethodError'{0x00000000d66a3ab8}: 'java.lang.Object java.lang.invoke.DirectMethodHandle$Holder.newInvokeSpecial(java.lang.Object, int, java.lang.Object)'> (0x00000000d66a3ab8) 
thrown [s\src\hotspot\share\interpreter\linkResolver.cpp, line 773]
Event: 1.705 Thread 0x000001f6474a8780 Exception <a 'java/lang/ClassNotFoundException'{0x00000000d68bbbe0}: sun/net/www/protocol/plurl/Handler> (0x00000000d68bbbe0) 
thrown [s\src\hotspot\share\classfile\systemDictionary.cpp, line 312]
Event: 1.705 Thread 0x000001f6474a8780 Exception <a 'java/lang/ClassNotFoundException'{0x00000000d68bca60}: sun/net/www/protocol/plurl/Handler> (0x00000000d68bca60) 
thrown [s\src\hotspot\share\classfile\systemDictionary.cpp, line 312]

ZGC Phase Switch (0 events):
No events

VM Operations (20 events):
Event: 0.083 Executing non-safepoint VM operation: HandshakeAllThreads (Deoptimize)
Event: 0.083 Executing non-safepoint VM operation: HandshakeAllThreads (Deoptimize) done
Event: 0.201 Executing non-safepoint VM operation: HandshakeAllThreads (Deoptimize)
Event: 0.201 Executing non-safepoint VM operation: HandshakeAllThreads (Deoptimize) done
Event: 0.614 Executing non-safepoint VM operation: HandshakeAllThreads (Deoptimize)
Event: 0.614 Executing non-safepoint VM operation: HandshakeAllThreads (Deoptimize) done
Event: 0.647 Executing non-safepoint VM operation: HandshakeAllThreads (Deoptimize)
Event: 0.647 Executing non-safepoint VM operation: HandshakeAllThreads (Deoptimize) done
Event: 0.927 Executing safepoint VM operation: ICBufferFull
Event: 0.927 Executing safepoint VM operation: ICBufferFull done
Event: 1.066 Executing non-safepoint VM operation: HandshakeAllThreads (Deoptimize)
Event: 1.067 Executing non-safepoint VM operation: HandshakeAllThreads (Deoptimize) done
Event: 1.080 Executing safepoint VM operation: ParallelGCFailedAllocation (Allocation Failure)
Event: 1.099 Executing safepoint VM operation: ParallelGCFailedAllocation (Allocation Failure) done
Event: 1.607 Executing non-safepoint VM operation: HandshakeAllThreads (Deoptimize)
Event: 1.632 Executing non-safepoint VM operation: HandshakeAllThreads (Deoptimize) done
Event: 1.641 Executing non-safepoint VM operation: HandshakeAllThreads (Deoptimize)
Event: 1.641 Executing non-safepoint VM operation: HandshakeAllThreads (Deoptimize) done
Event: 1.692 Executing non-safepoint VM operation: HandshakeAllThreads (Deoptimize)
Event: 1.692 Executing non-safepoint VM operation: HandshakeAllThreads (Deoptimize) done

Memory protections (0 events):
No events

Nmethod flushes (0 events):
No events

Events (19 events):
Event: 0.026 Thread 0x000001f6474a8780 Thread added: 0x000001f6474a8780
Event: 0.040 Thread 0x000001f6474a8780 Thread added: 0x000001f66021b8c0
Event: 0.040 Thread 0x000001f6474a8780 Thread added: 0x000001f66021dd70
Event: 0.041 Thread 0x000001f6474a8780 Thread added: 0x000001f660220b80
Event: 0.041 Thread 0x000001f6474a8780 Thread added: 0x000001f660223b50
Event: 0.041 Thread 0x000001f6474a8780 Thread added: 0x000001f660224810
Event: 0.041 Thread 0x000001f6474a8780 Thread added: 0x000001f66022b760
Event: 0.041 Thread 0x000001f6474a8780 Thread added: 0x000001f660229c60
Event: 0.050 Thread 0x000001f6474a8780 Thread added: 0x000001f661b57e60
Event: 0.091 Thread 0x000001f661b57e60 Thread added: 0x000001f661cc3880
Event: 0.118 Thread 0x000001f6474a8780 Thread added: 0x000001f661ccff90
Event: 0.386 Thread 0x000001f6474a8780 Thread added: 0x000001f661e4dce0
Event: 0.639 Thread 0x000001f661b57e60 Thread added: 0x000001f661e93cb0
Event: 1.063 Thread 0x000001f661e93cb0 Thread exited: 0x000001f661e93cb0
Event: 1.063 Thread 0x000001f661cc3880 Thread exited: 0x000001f661cc3880
Event: 1.313 Thread 0x000001f661b57e60 Thread added: 0x000001f6663d7a90
Event: 1.320 Thread 0x000001f661b57e60 Thread added: 0x000001f666663480
Event: 1.597 Thread 0x000001f6474a8780 Thread added: 0x000001f666295490
Event: 1.752 Thread 0x000001f666663480 Thread exited: 0x000001f666663480


Dynamic libraries:
0x00007ff60bea0000 - 0x00007ff60beae000 	c:\Users\Inurum_Four\.antigravity\extensions\redhat.java-1.54.0-win32-x64\jre\21.0.10-win32-x86_64\bin\java.exe
0x00007ffa044e0000 - 0x00007ffa04747000 	C:\WINDOWS\SYSTEM32\ntdll.dll
0x00007ffa03070000 - 0x00007ffa03139000 	C:\WINDOWS\System32\KERNEL32.DLL
0x00007ffa01140000 - 0x00007ffa01534000 	C:\WINDOWS\System32\KERNELBASE.dll
0x00007ffa01570000 - 0x00007ffa016bb000 	C:\WINDOWS\System32\ucrtbase.dll
0x00007ff97fa30000 - 0x00007ff97fa48000 	c:\Users\Inurum_Four\.antigravity\extensions\redhat.java-1.54.0-win32-x64\jre\21.0.10-win32-x86_64\bin\jli.dll
0x00007ffa02b70000 - 0x00007ffa02d35000 	C:\WINDOWS\System32\USER32.dll
0x00007ffa01540000 - 0x00007ffa01567000 	C:\WINDOWS\System32\win32u.dll
0x00007ffa02b40000 - 0x00007ffa02b6b000 	C:\WINDOWS\System32\GDI32.dll
0x00007ffa018d0000 - 0x00007ffa019fb000 	C:\WINDOWS\System32\gdi32full.dll
0x00007ffa00f20000 - 0x00007ffa00fc3000 	C:\WINDOWS\System32\msvcp_win.dll
0x00007ff97fa10000 - 0x00007ff97fa2e000 	c:\Users\Inurum_Four\.antigravity\extensions\redhat.java-1.54.0-win32-x64\jre\21.0.10-win32-x86_64\bin\VCRUNTIME140.dll
0x00007ff9f3390000 - 0x00007ff9f3623000 	C:\WINDOWS\WinSxS\amd64_microsoft.windows.common-controls_6595b64144ccf1df_6.0.26100.8115_none_3e075c82e3354f9c\COMCTL32.dll
0x00007ffa034c0000 - 0x00007ffa03569000 	C:\WINDOWS\System32\msvcrt.dll
0x00007ffa04110000 - 0x00007ffa04142000 	C:\WINDOWS\System32\IMM32.DLL
0x00007ff9dc5a0000 - 0x00007ff9dc5ac000 	c:\Users\Inurum_Four\.antigravity\extensions\redhat.java-1.54.0-win32-x64\jre\21.0.10-win32-x86_64\bin\vcruntime140_1.dll
0x00007ff97f980000 - 0x00007ff97fa0d000 	c:\Users\Inurum_Four\.antigravity\extensions\redhat.java-1.54.0-win32-x64\jre\21.0.10-win32-x86_64\bin\msvcp140.dll
0x00007ff97ebd0000 - 0x00007ff97f971000 	c:\Users\Inurum_Four\.antigravity\extensions\redhat.java-1.54.0-win32-x64\jre\21.0.10-win32-x86_64\bin\server\jvm.dll
0x00007ffa02fb0000 - 0x00007ffa03066000 	C:\WINDOWS\System32\ADVAPI32.dll
0x00007ffa03570000 - 0x00007ffa03617000 	C:\WINDOWS\System32\sechost.dll
0x00007ffa042b0000 - 0x00007ffa043c8000 	C:\WINDOWS\System32\RPCRT4.dll
0x00007ffa03430000 - 0x00007ffa034b0000 	C:\WINDOWS\System32\WS2_32.dll
0x00007ffa00c10000 - 0x00007ffa00c6e000 	C:\WINDOWS\SYSTEM32\POWRPROF.dll
0x00007ff9f7f40000 - 0x00007ff9f7f76000 	C:\WINDOWS\SYSTEM32\WINMM.dll
0x00007ff9fbcb0000 - 0x00007ff9fbcbb000 	C:\WINDOWS\SYSTEM32\VERSION.dll
0x00007ffa00bf0000 - 0x00007ffa00c04000 	C:\WINDOWS\SYSTEM32\UMPDC.dll
0x00007ff9ffb00000 - 0x00007ff9ffb1b000 	C:\WINDOWS\SYSTEM32\kernel.appcore.dll
0x00007ff9dbcc0000 - 0x00007ff9dbcca000 	c:\Users\Inurum_Four\.antigravity\extensions\redhat.java-1.54.0-win32-x64\jre\21.0.10-win32-x86_64\bin\jimage.dll
0x00007ff9f3960000 - 0x00007ff9f3ba2000 	C:\WINDOWS\SYSTEM32\DBGHELP.DLL
0x00007ffa03d80000 - 0x00007ffa04102000 	C:\WINDOWS\System32\combase.dll
0x00007ffa03350000 - 0x00007ffa03428000 	C:\WINDOWS\System32\OLEAUT32.dll
0x00007ff9f3920000 - 0x00007ff9f395b000 	C:\WINDOWS\SYSTEM32\dbgcore.DLL
0x00007ffa00fd0000 - 0x00007ffa01075000 	C:\WINDOWS\System32\bcryptPrimitives.dll
0x00007ff9f02b0000 - 0x00007ff9f02bf000 	c:\Users\Inurum_Four\.antigravity\extensions\redhat.java-1.54.0-win32-x64\jre\21.0.10-win32-x86_64\bin\instrument.dll
0x00007ff97ebb0000 - 0x00007ff97ebd0000 	c:\Users\Inurum_Four\.antigravity\extensions\redhat.java-1.54.0-win32-x64\jre\21.0.10-win32-x86_64\bin\java.dll
0x00007ffa022e0000 - 0x00007ffa02a47000 	C:\WINDOWS\System32\SHELL32.dll
0x00007ffa00db0000 - 0x00007ffa00f1a000 	C:\WINDOWS\System32\wintypes.dll
0x00007ffa01a00000 - 0x00007ffa02268000 	C:\WINDOWS\System32\windows.storage.dll
0x00007ffa03650000 - 0x00007ffa03748000 	C:\WINDOWS\System32\SHCORE.dll
0x00007ffa02a50000 - 0x00007ffa02ab6000 	C:\WINDOWS\System32\shlwapi.dll
0x00007ffa00cd0000 - 0x00007ffa00cf9000 	C:\WINDOWS\SYSTEM32\profapi.dll
0x00007ff97eb90000 - 0x00007ff97eba8000 	c:\Users\Inurum_Four\.antigravity\extensions\redhat.java-1.54.0-win32-x64\jre\21.0.10-win32-x86_64\bin\zip.dll
0x00007ff9db960000 - 0x00007ff9db970000 	C:\Users\Inurum_Four\.antigravity\extensions\redhat.java-1.54.0-win32-x64\jre\21.0.10-win32-x86_64\bin\net.dll
0x00007ff9fad40000 - 0x00007ff9fae6d000 	C:\WINDOWS\SYSTEM32\WINHTTP.dll
0x00007ffa00050000 - 0x00007ffa000bc000 	C:\WINDOWS\system32\mswsock.dll
0x00007ff97eb70000 - 0x00007ff97eb86000 	C:\Users\Inurum_Four\.antigravity\extensions\redhat.java-1.54.0-win32-x64\jre\21.0.10-win32-x86_64\bin\nio.dll
0x00007ff9f0240000 - 0x00007ff9f0250000 	c:\Users\Inurum_Four\.antigravity\extensions\redhat.java-1.54.0-win32-x64\jre\21.0.10-win32-x86_64\bin\verify.dll

JVMTI agents:
c:\Users\Inurum_Four\.antigravity\extensions\redhat.java-1.54.0-win32-x64\lombok\lombok-1.18.39-4050.jar path:c:\Users\Inurum_Four\.antigravity\extensions\redhat.java-1.54.0-win32-x64\jre\21.0.10-win32-x86_64\bin\instrument.dll, loaded, initialized, instrumentlib options:none

dbghelp: loaded successfully - version: 4.0.5 - missing functions: none
symbol engine: initialized successfully - sym options: 0x614 - pdb path: .;c:\Users\Inurum_Four\.antigravity\extensions\redhat.java-1.54.0-win32-x64\jre\21.0.10-win32-x86_64\bin;C:\WINDOWS\SYSTEM32;C:\WINDOWS\WinSxS\amd64_microsoft.windows.common-controls_6595b64144ccf1df_6.0.26100.8115_none_3e075c82e3354f9c;c:\Users\Inurum_Four\.antigravity\extensions\redhat.java-1.54.0-win32-x64\jre\21.0.10-win32-x86_64\bin\server

VM Arguments:
jvm_args: --add-modules=ALL-SYSTEM --add-opens=java.base/java.util=ALL-UNNAMED --add-opens=java.base/java.lang=ALL-UNNAMED --add-opens=java.base/sun.nio.fs=ALL-UNNAMED -Declipse.application=org.eclipse.jdt.ls.core.id1 -Dosgi.bundles.defaultStartLevel=4 -Declipse.product=org.eclipse.jdt.ls.core.product -Djava.import.generatesMetadataFilesAtProjectRoot=false -DDetectVMInstallationsJob.disabled=true -Dfile.encoding=utf8 -XX:+UseParallelGC -XX:GCTimeRatio=4 -XX:AdaptiveSizePolicyWeight=90 -Dsun.zip.disableMemoryMapping=true -Xmx2G -Xms100m -Xlog:disable -javaagent:c:\Users\Inurum_Four\.antigravity\extensions\redhat.java-1.54.0-win32-x64\lombok\lombok-1.18.39-4050.jar 
java_command: c:\Users\Inurum_Four\.antigravity\extensions\redhat.java-1.54.0-win32-x64\server\plugins\org.eclipse.equinox.launcher_1.7.100.v20251111-0406.jar -configuration c:\Users\Inurum_Four\AppData\Roaming\Antigravity\User\globalStorage\redhat.java\1.54.0\config_ss_win -data c:\Users\Inurum_Four\AppData\Roaming\Antigravity\User\workspaceStorage\2511eb0b71e4394dad441c6258260e72\redhat.java\ss_ws --pipe=\\.\pipe\lsp-316eb053136fc1e7ba0dff28b35483db-sock
java_class_path (initial): c:\Users\Inurum_Four\.antigravity\extensions\redhat.java-1.54.0-win32-x64\server\plugins\org.eclipse.equinox.launcher_1.7.100.v20251111-0406.jar
Launcher Type: SUN_STANDARD

[Global flags]
    uintx AdaptiveSizePolicyWeight                 = 90                                        {product} {command line}
     intx CICompilerCount                          = 4                                         {product} {ergonomic}
    uintx GCTimeRatio                              = 4                                         {product} {command line}
   size_t InitialHeapSize                          = 104857600                                 {product} {command line}
   size_t MaxHeapSize                              = 2147483648                                {product} {command line}
   size_t MaxNewSize                               = 715653120                                 {product} {ergonomic}
   size_t MinHeapDeltaBytes                        = 524288                                    {product} {ergonomic}
   size_t MinHeapSize                              = 104857600                                 {product} {command line}
   size_t NewSize                                  = 34603008                                  {product} {ergonomic}
    uintx NonNMethodCodeHeapSize                   = 5839372                                {pd product} {ergonomic}
    uintx NonProfiledCodeHeapSize                  = 122909434                              {pd product} {ergonomic}
   size_t OldSize                                  = 70254592                                  {product} {ergonomic}
    uintx ProfiledCodeHeapSize                     = 122909434                              {pd product} {ergonomic}
    uintx ReservedCodeCacheSize                    = 251658240                              {pd product} {ergonomic}
     bool SegmentedCodeCache                       = true                                      {product} {ergonomic}
   size_t SoftMaxHeapSize                          = 2147483648                             {manageable} {ergonomic}
     bool UseCompressedOops                        = true                           {product lp64_product} {ergonomic}
     bool UseLargePagesIndividualAllocation        = false                                  {pd product} {ergonomic}
     bool UseParallelGC                            = true                                      {product} {command line}

Logging:
Log output configuration:
 #0: stdout all=off uptime,level,tags foldmultilines=false
 #1: stderr all=off uptime,level,tags foldmultilines=false

Release file:
JAVA_VERSION="21.0.10" 
MODULES="java.base java.compiler java.datatransfer java.xml java.prefs java.desktop java.instrument java.logging java.management java.security.sasl java.naming java.rmi java.management.rmi java.net.http java.scripting java.security.jgss java.transaction.xa java.sql java.sql.rowset java.xml.crypto java.se java.smartcardio jdk.accessibility jdk.internal.jvmstat jdk.attach jdk.charsets jdk.internal.opt jdk.zipfs jdk.compiler jdk.crypto.ec jdk.crypto.cryptoki jdk.crypto.mscapi jdk.dynalink jdk.internal.ed jdk.editpad jdk.hotspot.agent jdk.httpserver jdk.internal.le jdk.internal.vm.ci jdk.internal.vm.compiler jdk.internal.vm.compiler.management jdk.jartool jdk.javadoc jdk.jcmd jdk.management jdk.management.agent jdk.jconsole jdk.jdeps jdk.jdwp.agent jdk.jdi jdk.jfr jdk.jshell jdk.jsobject jdk.jstatd jdk.localedata jdk.management.jfr jdk.naming.dns jdk.naming.rmi jdk.net jdk.nio.mapmode jdk.random jdk.sctp jdk.security.auth jdk.security.jgss jdk.unsupported jdk.unsupported.desktop jdk.xml.dom" 

Environment Variables:
JAVA_HOME=C:\Program Files\Java\jdk-17
PATH=C:\Program Files\Common Files\Oracle\Java\javapath;C:\WINDOWS\system32;C:\WINDOWS;C:\WINDOWS\System32\Wbem;C:\WINDOWS\System32\WindowsPowerShell\v1.0\;C:\WINDOWS\System32\OpenSSH\;C:\src\flutter\bin;C:\Program Files\Git\cmd;C:\Users\Inurum_Four\AppData\Roaming\npm;C:\Program Files\nodejs\;C:\Users\Inurum_Four\AppData\Local\Programs\Python\Python311\Scripts\;C:\Users\Inurum_Four\AppData\Local\Programs\Python\Python311\;C:\Users\Inurum_Four\AppData\Local\Programs\Python\Python314\Scripts\;C:\Users\Inurum_Four\AppData\Local\Programs\Python\Python314\;C:\Users\Inurum_Four\AppData\Local\Microsoft\WindowsApps;C:\src\flutter\bin;C:\Users\Inurum_Four\AppData\Local\Programs\Microsoft VS Code\bin;C:\Program Files\nodejs\;C:\Users\Inurum_Four\AppData\Local\Pub\Cache\bin;C:\Users\Inurum_Four\AppData\Roaming\npm;C:\Users\Inurum_Four\AppData\Local\Programs\Antigravity\bin
USERNAME=Inurum_Four
OS=Windows_NT
PROCESSOR_IDENTIFIER=Intel64 Family 6 Model 151 Stepping 5, GenuineIntel
TMP=C:\Users\INURUM~1\AppData\Local\Temp
TEMP=C:\Users\INURUM~1\AppData\Local\Temp




Periodic native trim disabled

---------------  S Y S T E M  ---------------

OS:
 Windows 11 , 64 bit Build 26100 (10.0.26100.8246)
OS uptime: 0 days 2:11 hours
Hyper-V role detected

CPU: total 8 (initial active 8) (4 cores per cpu, 2 threads per core) family 6 model 151 stepping 5 microcode 0x18, cx8, cmov, fxsr, ht, mmx, 3dnowpref, sse, sse2, sse3, ssse3, sse4.1, sse4.2, popcnt, lzcnt, tsc, tscinvbit, avx, avx2, aes, erms, clmul, bmi1, bmi2, adx, sha, fma, vzeroupper, clflush, clflushopt, clwb, hv, serialize, rdtscp, rdpid, fsrm, f16c, cet_ibt, cet_ss
Processor Information for the first 8 processors :
  Max Mhz: 3300, Current Mhz: 3300, Mhz Limit: 3300

Memory: 4k page, system-wide physical 16197M (849M free)
TotalPageFile size 29048M (AvailPageFile size 2M)
current process WorkingSet (physical memory assigned to process): 91M, peak: 91M
current process commit charge ("private bytes"): 242M, peak: 242M

vm_info: OpenJDK 64-Bit Server VM (21.0.10+7-LTS) for windows-amd64 JRE (21.0.10+7-LTS), built on 2026-01-20T00:00:00Z by "admin" with MS VC++ 17.12 (VS2022)

END.
