#
# There is insufficient memory for the Java Runtime Environment to continue.
# Native memory allocation (malloc) failed to allocate 998416 bytes for Chunk::new
# Possible reasons:
#   The system is out of physical RAM or swap space
#   The process is running with CompressedOops enabled, and the Java Heap may be blocking the growth of the native heap
# Possible solutions:
#   Reduce memory load on the system
#   Increase physical memory or swap space
#   Check if swap backing store is full
#   Decrease Java heap size (-Xmx/-Xms)
#   Decrease number of Java threads
#   Decrease Java thread stack sizes (-Xss)
#   Set larger code cache with -XX:ReservedCodeCacheSize=
#   JVM is running with Zero Based Compressed Oops mode in which the Java heap is
#     placed in the first 32GB address space. The Java Heap base address is the
#     maximum limit for the native heap growth. Please use -XX:HeapBaseMinAddress
#     to set the Java Heap base and to place the Java Heap above 32GB virtual address.
# This output file may be truncated or incomplete.
#
#  Out of Memory Error (arena.cpp:189), pid=12256, tid=22128
#
# JRE version: Java(TM) SE Runtime Environment (17.0.12+8) (build 17.0.12+8-LTS-286)
# Java VM: Java HotSpot(TM) 64-Bit Server VM (17.0.12+8-LTS-286, mixed mode, sharing, tiered, compressed oops, compressed class ptrs, g1 gc, windows-amd64)
# No core dump will be written. Minidumps are not enabled by default on client versions of Windows
#

---------------  S U M M A R Y ------------

Command Line: --add-opens=java.base/java.lang=ALL-UNNAMED --add-opens=java.base/java.lang.invoke=ALL-UNNAMED --add-opens=java.base/java.util=ALL-UNNAMED --add-opens=java.prefs/java.util.prefs=ALL-UNNAMED --add-exports=jdk.compiler/com.sun.tools.javac.api=ALL-UNNAMED --add-exports=jdk.compiler/com.sun.tools.javac.util=ALL-UNNAMED --add-opens=java.base/java.util=ALL-UNNAMED --add-opens=java.prefs/java.util.prefs=ALL-UNNAMED --add-opens=java.base/java.nio.charset=ALL-UNNAMED --add-opens=java.base/java.net=ALL-UNNAMED --add-opens=java.base/java.util.concurrent.atomic=ALL-UNNAMED --add-opens=java.xml/javax.xml.namespace=ALL-UNNAMED -XX:MaxMetaspaceSize=1G -Xmx4G -Dfile.encoding=UTF-8 -Duser.country=IN -Duser.language=en -Duser.variant -javaagent:C:\Users\Inurum_Four\.gradle\wrapper\dists\gradle-8.14-all\c2qonpi39x1mddn7hk5gh9iqj\gradle-8.14\lib\agents\gradle-instrumentation-agent-8.14.jar org.gradle.launcher.daemon.bootstrap.GradleDaemon 8.14

Host: 12th Gen Intel(R) Core(TM) i3-12100F, 8 cores, 15G,  Windows 11 , 64 bit Build 26100 (10.0.26100.8246)
Time: Mon Aug 17 13:09:14 2026 India Standard Time elapsed time: 9.629761 seconds (0d 0h 0m 9s)

---------------  T H R E A D  ---------------

Current thread (0x00000202d1ab1730):  JavaThread "C2 CompilerThread2" daemon [_thread_in_native, id=22128, stack(0x000000359b300000,0x000000359b400000)]


Current CompileTask:
C2:   9629 3276       4       java.net.URLClassLoader$1::run (5 bytes)

Stack: [0x000000359b300000,0x000000359b400000]
Native frames: (J=compiled Java code, j=interpreted, Vv=VM code, C=native code)
V  [jvm.dll+0x67a04a]
V  [jvm.dll+0x7da4ed]
V  [jvm.dll+0x7dbe33]
V  [jvm.dll+0x7dc4a3]
V  [jvm.dll+0x24508f]
V  [jvm.dll+0xab773]
V  [jvm.dll+0xabd3c]
V  [jvm.dll+0x2aa52f]
V  [jvm.dll+0x581eb9]
V  [jvm.dll+0x21f422]
V  [jvm.dll+0x21f81f]
V  [jvm.dll+0x218aa0]
V  [jvm.dll+0x215b65]
V  [jvm.dll+0x1a2960]
V  [jvm.dll+0x22610b]
V  [jvm.dll+0x2242ab]
V  [jvm.dll+0x79075c]
V  [jvm.dll+0x78abea]
V  [jvm.dll+0x678f35]
C  [ucrtbase.dll+0x37b0]
C  [KERNEL32.DLL+0x2e8d7]
C  [ntdll.dll+0x8c3fc]


---------------  P R O C E S S  ---------------

Threads class SMR info:
_java_thread_list=0x00000202d1abcb70, length=34, elements={
0x00000202f1344540, 0x00000202ff1af010, 0x00000202ff1b0450, 0x00000202ff1c5ce0,
0x00000202ff1c65b0, 0x00000202ff1c6e80, 0x00000202ff1c7750, 0x00000202ff1c8400,
0x00000202ff1cb010, 0x00000202ff34d7c0, 0x00000202ff3b6750, 0x00000202ff4730a0,
0x00000202d0bdc520, 0x00000202d0d988c0, 0x00000202d0a7b500, 0x00000202d156eb10,
0x00000202d156f3c0, 0x00000202d1338bf0, 0x00000202d1336880, 0x00000202d1339100,
0x00000202d13377b0, 0x00000202d1337cc0, 0x00000202d1336370, 0x00000202d1335e60,
0x00000202d1336d90, 0x00000202d13381d0, 0x00000202d13386e0, 0x00000202d13372a0,
0x00000202d246b9b0, 0x00000202d246a060, 0x00000202d246a570, 0x00000202d246d810,
0x00000202d166b070, 0x00000202d1ab1730
}

Java Threads: ( => current thread )
  0x00000202f1344540 JavaThread "main" [_thread_blocked, id=1472, stack(0x0000003598200000,0x0000003598300000)]
  0x00000202ff1af010 JavaThread "Reference Handler" daemon [_thread_blocked, id=12300, stack(0x0000003598900000,0x0000003598a00000)]
  0x00000202ff1b0450 JavaThread "Finalizer" daemon [_thread_blocked, id=17972, stack(0x0000003598a00000,0x0000003598b00000)]
  0x00000202ff1c5ce0 JavaThread "Signal Dispatcher" daemon [_thread_blocked, id=17940, stack(0x0000003598b00000,0x0000003598c00000)]
  0x00000202ff1c65b0 JavaThread "Attach Listener" daemon [_thread_blocked, id=1364, stack(0x0000003598c00000,0x0000003598d00000)]
  0x00000202ff1c6e80 JavaThread "Service Thread" daemon [_thread_blocked, id=8156, stack(0x0000003598d00000,0x0000003598e00000)]
  0x00000202ff1c7750 JavaThread "Monitor Deflation Thread" daemon [_thread_blocked, id=13240, stack(0x0000003598e00000,0x0000003598f00000)]
  0x00000202ff1c8400 JavaThread "C2 CompilerThread0" daemon [_thread_in_native, id=18152, stack(0x0000003598f00000,0x0000003599000000)]
  0x00000202ff1cb010 JavaThread "C1 CompilerThread0" daemon [_thread_blocked, id=12904, stack(0x0000003599000000,0x0000003599100000)]
  0x00000202ff34d7c0 JavaThread "Sweeper thread" daemon [_thread_blocked, id=3644, stack(0x0000003599100000,0x0000003599200000)]
  0x00000202ff3b6750 JavaThread "Common-Cleaner" daemon [_thread_blocked, id=18864, stack(0x0000003599200000,0x0000003599300000)]
  0x00000202ff4730a0 JavaThread "Notification Thread" daemon [_thread_blocked, id=5896, stack(0x0000003599300000,0x0000003599400000)]
  0x00000202d0bdc520 JavaThread "Daemon health stats" [_thread_blocked, id=17884, stack(0x0000003599d00000,0x0000003599e00000)]
  0x00000202d0d988c0 JavaThread "Incoming local TCP Connector on port 52402" [_thread_in_native, id=21576, stack(0x0000003599500000,0x0000003599600000)]
  0x00000202d0a7b500 JavaThread "Daemon periodic checks" [_thread_blocked, id=21580, stack(0x0000003599e00000,0x0000003599f00000)]
  0x00000202d156eb10 JavaThread "Daemon" [_thread_blocked, id=21584, stack(0x0000003599f00000,0x000000359a000000)]
  0x00000202d156f3c0 JavaThread "Handler for socket connection from /127.0.0.1:52402 to /127.0.0.1:52403" [_thread_in_native, id=21588, stack(0x000000359a000000,0x000000359a100000)]
  0x00000202d1338bf0 JavaThread "Cancel handler" [_thread_blocked, id=21592, stack(0x000000359a100000,0x000000359a200000)]
  0x00000202d1336880 JavaThread "Daemon worker" [_thread_in_vm, id=21596, stack(0x000000359a200000,0x000000359a300000)]
  0x00000202d1339100 JavaThread "Asynchronous log dispatcher for DefaultDaemonConnection: socket connection from /127.0.0.1:52402 to /127.0.0.1:52403" [_thread_blocked, id=21600, stack(0x000000359a300000,0x000000359a400000)]
  0x00000202d13377b0 JavaThread "Stdin handler" [_thread_blocked, id=21604, stack(0x000000359a400000,0x000000359a500000)]
  0x00000202d1337cc0 JavaThread "Daemon client event forwarder" [_thread_blocked, id=21608, stack(0x000000359a500000,0x000000359a600000)]
  0x00000202d1336370 JavaThread "Cache worker for journal cache (C:\Users\Inurum_Four\.gradle\caches\journal-1)" [_thread_blocked, id=21688, stack(0x000000359a600000,0x000000359a700000)]
  0x00000202d1335e60 JavaThread "File lock request listener" [_thread_in_native, id=21704, stack(0x000000359a700000,0x000000359a800000)]
  0x00000202d1336d90 JavaThread "Cache worker for file hash cache (C:\Users\Inurum_Four\.gradle\caches\8.14\fileHashes)" [_thread_blocked, id=21712, stack(0x000000359a800000,0x000000359a900000)]
  0x00000202d13381d0 JavaThread "File lock release action executor" [_thread_blocked, id=21728, stack(0x000000359a900000,0x000000359aa00000)]
  0x00000202d13386e0 JavaThread "Cache worker for file hash cache (D:\InurumFlutter\mg\driver and customer\mahilasaarthi\driver\android\.gradle\8.14\fileHashes)" [_thread_blocked, id=21756, stack(0x000000359ab00000,0x000000359ac00000)]
  0x00000202d13372a0 JavaThread "Cache worker for Build Output Cleanup Cache (D:\InurumFlutter\mg\driver and customer\mahilasaarthi\driver\android\.gradle\buildOutputCleanup)" [_thread_blocked, id=21760, stack(0x000000359ac00000,0x000000359ad00000)]
  0x00000202d246b9b0 JavaThread "File watcher server" daemon [_thread_in_native, id=21808, stack(0x000000359af00000,0x000000359b000000)]
  0x00000202d246a060 JavaThread "File watcher consumer" daemon [_thread_blocked, id=21812, stack(0x000000359b000000,0x000000359b100000)]
  0x00000202d246a570 JavaThread "jar transforms" [_thread_blocked, id=22028, stack(0x000000359ae00000,0x000000359af00000)]
  0x00000202d246d810 JavaThread "jar transforms Thread 2" [_thread_blocked, id=22068, stack(0x000000359b100000,0x000000359b200000)]
  0x00000202d166b070 JavaThread "C2 CompilerThread1" daemon [_thread_in_native, id=22096, stack(0x000000359aa00000,0x000000359ab00000)]
=>0x00000202d1ab1730 JavaThread "C2 CompilerThread2" daemon [_thread_in_native, id=22128, stack(0x000000359b300000,0x000000359b400000)]

Other Threads:
  0x00000202ff1a87a0 VMThread "VM Thread" [stack: 0x0000003598800000,0x0000003598900000] [id=2548]
  0x00000202ff4beb60 WatcherThread [stack: 0x0000003599400000,0x0000003599500000] [id=8352]
  0x00000202f13b2960 GCTaskThread "GC Thread#0" [stack: 0x0000003598300000,0x0000003598400000] [id=18740]
  0x00000202ff590e60 GCTaskThread "GC Thread#1" [stack: 0x0000003599600000,0x0000003599700000] [id=16932]
  0x00000202ff980d00 GCTaskThread "GC Thread#2" [stack: 0x0000003599700000,0x0000003599800000] [id=13392]
  0x00000202ff980fc0 GCTaskThread "GC Thread#3" [stack: 0x0000003599800000,0x0000003599900000] [id=17344]
  0x00000202ff981280 GCTaskThread "GC Thread#4" [stack: 0x0000003599900000,0x0000003599a00000] [id=6232]
  0x00000202ff981540 GCTaskThread "GC Thread#5" [stack: 0x0000003599a00000,0x0000003599b00000] [id=12008]
  0x00000202d01caf40 GCTaskThread "GC Thread#6" [stack: 0x0000003599b00000,0x0000003599c00000] [id=18988]
  0x00000202d01ca440 GCTaskThread "GC Thread#7" [stack: 0x0000003599c00000,0x0000003599d00000] [id=20788]
  0x00000202f13c3660 ConcurrentGCThread "G1 Main Marker" [stack: 0x0000003598400000,0x0000003598500000] [id=11568]
  0x00000202f13c3e20 ConcurrentGCThread "G1 Conc#0" [stack: 0x0000003598500000,0x0000003598600000] [id=1756]
  0x00000202d01cb200 ConcurrentGCThread "G1 Conc#1" [stack: 0x000000359ad00000,0x000000359ae00000] [id=21772]
  0x00000202ff05c090 ConcurrentGCThread "G1 Refine#0" [stack: 0x0000003598600000,0x0000003598700000] [id=21152]
  0x00000202d27637f0 ConcurrentGCThread "G1 Refine#1" [stack: 0x000000359b200000,0x000000359b300000] [id=22124]
  0x00000202ff05c770 ConcurrentGCThread "G1 Service" [stack: 0x0000003598700000,0x0000003598800000] [id=8628]

Threads with active compile tasks:
C2 CompilerThread0     9644 3250   !   4       java.lang.ClassLoader::loadClass (121 bytes)
C2 CompilerThread1     9645 3274   !   4       java.net.URLClassLoader::findClass (47 bytes)
C2 CompilerThread2     9645 3276       4       java.net.URLClassLoader$1::run (5 bytes)

VM state: not at safepoint (normal execution)

VM Mutex/Monitor currently owned by a thread: None

Heap address: 0x0000000700000000, size: 4096 MB, Compressed Oops mode: Zero based, Oop shift amount: 3

CDS archive(s) mapped at: [0x0000020297000000-0x0000020297bd0000-0x0000020297bd0000), size 12386304, SharedBaseAddress: 0x0000020297000000, ArchiveRelocationMode: 1.
Compressed class space mapped at: 0x0000020298000000-0x00000202cc000000, reserved size: 872415232
Narrow klass base: 0x0000020297000000, Narrow klass shift: 0, Narrow klass range: 0x100000000

GC Precious Log:
 CPUs: 8 total, 8 available
 Memory: 16197M
 Large Page Support: Disabled
 NUMA Support: Disabled
 Compressed Oops: Enabled (Zero based)
 Heap Region Size: 2M
 Heap Min Capacity: 8M
 Heap Initial Capacity: 254M
 Heap Max Capacity: 4G
 Pre-touch: Disabled
 Parallel Workers: 8
 Concurrent Workers: 2
 Concurrent Refinement Workers: 8
 Periodic GC: Disabled

Heap:
 garbage-first heap   total 102400K, used 35681K [0x0000000700000000, 0x0000000800000000)
  region size 2048K, 6 young (12288K), 1 survivors (2048K)
 Metaspace       used 29789K, committed 30208K, reserved 917504K
  class space    used 4282K, committed 4480K, reserved 851968K

Heap Regions: E=young(eden), S=young(survivor), O=old, HS=humongous(starts), HC=humongous(continues), CS=collection set, F=free, OA=open archive, CA=closed archive, TAMS=top-at-mark-start (previous, next)
|   0|0x0000000700000000, 0x0000000700200000, 0x0000000700200000|100%|HS|  |TAMS 0x0000000700200000, 0x0000000700000000| Complete 
|   1|0x0000000700200000, 0x0000000700400000, 0x0000000700400000|100%|HC|  |TAMS 0x0000000700400000, 0x0000000700200000| Complete 
|   2|0x0000000700400000, 0x0000000700600000, 0x0000000700600000|100%| O|  |TAMS 0x0000000700600000, 0x0000000700400000| Untracked 
|   3|0x0000000700600000, 0x0000000700800000, 0x0000000700800000|100%| O|  |TAMS 0x0000000700800000, 0x0000000700600000| Untracked 
|   4|0x0000000700800000, 0x0000000700a00000, 0x0000000700a00000|100%| O|  |TAMS 0x0000000700a00000, 0x0000000700800000| Untracked 
|   5|0x0000000700a00000, 0x0000000700a00000, 0x0000000700c00000|  0%| F|  |TAMS 0x0000000700a00000, 0x0000000700a00000| Untracked 
|   6|0x0000000700c00000, 0x0000000700e00000, 0x0000000700e00000|100%| O|  |TAMS 0x0000000700c00000, 0x0000000700c00000| Untracked 
|   7|0x0000000700e00000, 0x0000000701000000, 0x0000000701000000|100%| O|  |TAMS 0x0000000700e00000, 0x0000000700e00000| Untracked 
|   8|0x0000000701000000, 0x0000000701200000, 0x0000000701200000|100%| O|  |TAMS 0x0000000701000000, 0x0000000701000000| Untracked 
|   9|0x0000000701200000, 0x0000000701400000, 0x0000000701400000|100%| O|  |TAMS 0x0000000701200000, 0x0000000701200000| Untracked 
|  10|0x0000000701400000, 0x0000000701600000, 0x0000000701600000|100%| O|  |TAMS 0x0000000701400000, 0x0000000701400000| Untracked 
|  11|0x0000000701600000, 0x0000000701800000, 0x0000000701800000|100%| O|  |TAMS 0x0000000701600000, 0x0000000701600000| Untracked 
|  12|0x0000000701800000, 0x0000000701a00000, 0x0000000701a00000|100%| O|  |TAMS 0x0000000701800000, 0x0000000701800000| Untracked 
|  13|0x0000000701a00000, 0x0000000701c00000, 0x0000000701c00000|100%| O|  |TAMS 0x0000000701a00000, 0x0000000701a00000| Untracked 
|  14|0x0000000701c00000, 0x0000000701c50200, 0x0000000701e00000| 15%| O|  |TAMS 0x0000000701c00000, 0x0000000701c00000| Untracked 
|  15|0x0000000701e00000, 0x0000000701e00000, 0x0000000702000000|  0%| F|  |TAMS 0x0000000701e00000, 0x0000000701e00000| Untracked 
|  16|0x0000000702000000, 0x0000000702000000, 0x0000000702200000|  0%| F|  |TAMS 0x0000000702000000, 0x0000000702000000| Untracked 
|  17|0x0000000702200000, 0x0000000702200000, 0x0000000702400000|  0%| F|  |TAMS 0x0000000702200000, 0x0000000702200000| Untracked 
|  18|0x0000000702400000, 0x0000000702400000, 0x0000000702600000|  0%| F|  |TAMS 0x0000000702400000, 0x0000000702400000| Untracked 
|  19|0x0000000702600000, 0x0000000702600000, 0x0000000702800000|  0%| F|  |TAMS 0x0000000702600000, 0x0000000702600000| Untracked 
|  20|0x0000000702800000, 0x0000000702800000, 0x0000000702a00000|  0%| F|  |TAMS 0x0000000702800000, 0x0000000702800000| Untracked 
|  21|0x0000000702a00000, 0x0000000702a00000, 0x0000000702c00000|  0%| F|  |TAMS 0x0000000702a00000, 0x0000000702a00000| Untracked 
|  22|0x0000000702c00000, 0x0000000702c00000, 0x0000000702e00000|  0%| F|  |TAMS 0x0000000702c00000, 0x0000000702c00000| Untracked 
|  23|0x0000000702e00000, 0x0000000702e00000, 0x0000000703000000|  0%| F|  |TAMS 0x0000000702e00000, 0x0000000702e00000| Untracked 
|  24|0x0000000703000000, 0x0000000703000000, 0x0000000703200000|  0%| F|  |TAMS 0x0000000703000000, 0x0000000703000000| Untracked 
|  25|0x0000000703200000, 0x0000000703200000, 0x0000000703400000|  0%| F|  |TAMS 0x0000000703200000, 0x0000000703200000| Untracked 
|  26|0x0000000703400000, 0x0000000703400000, 0x0000000703600000|  0%| F|  |TAMS 0x0000000703400000, 0x0000000703400000| Untracked 
|  27|0x0000000703600000, 0x0000000703600000, 0x0000000703800000|  0%| F|  |TAMS 0x0000000703600000, 0x0000000703600000| Untracked 
|  28|0x0000000703800000, 0x0000000703800000, 0x0000000703a00000|  0%| F|  |TAMS 0x0000000703800000, 0x0000000703800000| Untracked 
|  29|0x0000000703a00000, 0x0000000703a00000, 0x0000000703c00000|  0%| F|  |TAMS 0x0000000703a00000, 0x0000000703a00000| Untracked 
|  30|0x0000000703c00000, 0x0000000703c00000, 0x0000000703e00000|  0%| F|  |TAMS 0x0000000703c00000, 0x0000000703c00000| Untracked 
|  31|0x0000000703e00000, 0x0000000703e00000, 0x0000000704000000|  0%| F|  |TAMS 0x0000000703e00000, 0x0000000703e00000| Untracked 
|  32|0x0000000704000000, 0x0000000704000000, 0x0000000704200000|  0%| F|  |TAMS 0x0000000704000000, 0x0000000704000000| Untracked 
|  33|0x0000000704200000, 0x0000000704200000, 0x0000000704400000|  0%| F|  |TAMS 0x0000000704200000, 0x0000000704200000| Untracked 
|  34|0x0000000704400000, 0x0000000704400000, 0x0000000704600000|  0%| F|  |TAMS 0x0000000704400000, 0x0000000704400000| Untracked 
|  35|0x0000000704600000, 0x0000000704600000, 0x0000000704800000|  0%| F|  |TAMS 0x0000000704600000, 0x0000000704600000| Untracked 
|  36|0x0000000704800000, 0x0000000704800000, 0x0000000704a00000|  0%| F|  |TAMS 0x0000000704800000, 0x0000000704800000| Untracked 
|  37|0x0000000704a00000, 0x0000000704a00000, 0x0000000704c00000|  0%| F|  |TAMS 0x0000000704a00000, 0x0000000704a00000| Untracked 
|  38|0x0000000704c00000, 0x0000000704c00000, 0x0000000704e00000|  0%| F|  |TAMS 0x0000000704c00000, 0x0000000704c00000| Untracked 
|  39|0x0000000704e00000, 0x0000000704e00000, 0x0000000705000000|  0%| F|  |TAMS 0x0000000704e00000, 0x0000000704e00000| Untracked 
|  40|0x0000000705000000, 0x0000000705000000, 0x0000000705200000|  0%| F|  |TAMS 0x0000000705000000, 0x0000000705000000| Untracked 
|  63|0x0000000707e00000, 0x0000000707e00000, 0x0000000708000000|  0%| F|  |TAMS 0x0000000707e00000, 0x0000000707e00000| Untracked 
|  64|0x0000000708000000, 0x0000000708000000, 0x0000000708200000|  0%| F|  |TAMS 0x0000000708000000, 0x0000000708000000| Untracked 
|  65|0x0000000708200000, 0x0000000708200000, 0x0000000708400000|  0%| F|  |TAMS 0x0000000708200000, 0x0000000708200000| Untracked 
|  66|0x0000000708400000, 0x0000000708563d38, 0x0000000708600000| 69%| E|  |TAMS 0x0000000708400000, 0x0000000708400000| Complete 
|  67|0x0000000708600000, 0x0000000708800000, 0x0000000708800000|100%| E|CS|TAMS 0x0000000708600000, 0x0000000708600000| Complete 
|  68|0x0000000708800000, 0x0000000708a00000, 0x0000000708a00000|100%| E|CS|TAMS 0x0000000708800000, 0x0000000708800000| Complete 
|  69|0x0000000708a00000, 0x0000000708c00000, 0x0000000708c00000|100%| E|CS|TAMS 0x0000000708a00000, 0x0000000708a00000| Complete 
| 125|0x000000070fa00000, 0x000000070fa88530, 0x000000070fc00000| 26%| S|CS|TAMS 0x000000070fa00000, 0x000000070fa00000| Complete 
| 126|0x000000070fc00000, 0x000000070fe00000, 0x000000070fe00000|100%| E|CS|TAMS 0x000000070fc00000, 0x000000070fc00000| Complete 

Card table byte_map: [0x00000202fb6b0000,0x00000202fbeb0000] _byte_map_base: 0x00000202f7eb0000

Marking Bits (Prev, Next): (CMBitMap*) 0x00000202f13b2d70, (CMBitMap*) 0x00000202f13b2d30
 Prev Bits: [0x0000020293000000, 0x0000020297000000)
 Next Bits: [0x000002028f000000, 0x0000020293000000)

Polling page: 0x00000202f1410000

Metaspace:

Usage:
  Non-class:     24.93 MB used.
      Class:      4.18 MB used.
       Both:     29.12 MB used.

Virtual space:
  Non-class space:       64.00 MB reserved,      25.19 MB ( 39%) committed,  1 nodes.
      Class space:      832.00 MB reserved,       4.38 MB ( <1%) committed,  1 nodes.
             Both:      896.00 MB reserved,      29.56 MB (  3%) committed. 

Chunk freelists:
   Non-Class:  6.86 MB
       Class:  11.59 MB
        Both:  18.45 MB

MaxMetaspaceSize: 1.00 GB
CompressedClassSpaceSize: 832.00 MB
Initial GC threshold: 21.00 MB
Current GC threshold: 35.25 MB
CDS: on
MetaspaceReclaimPolicy: balanced
 - commit_granule_bytes: 65536.
 - commit_granule_words: 8192.
 - virtual_space_node_default_size: 8388608.
 - enlarge_chunks_in_place: 1.
 - new_chunks_are_fully_committed: 0.
 - uncommit_free_chunks: 1.
 - use_allocation_guard: 0.
 - handle_deallocations: 1.


Internal statistics:

num_allocs_failed_limit: 3.
num_arena_births: 404.
num_arena_deaths: 0.
num_vsnodes_births: 2.
num_vsnodes_deaths: 0.
num_space_committed: 473.
num_space_uncommitted: 0.
num_chunks_returned_to_freelist: 3.
num_chunks_taken_from_freelist: 1552.
num_chunk_merges: 3.
num_chunk_splits: 996.
num_chunks_enlarged: 684.
num_inconsistent_stats: 0.

CodeHeap 'non-profiled nmethods': size=120000Kb used=2164Kb max_used=2164Kb free=117836Kb
 bounds [0x0000020287ad0000, 0x0000020287d40000, 0x000002028f000000]
CodeHeap 'profiled nmethods': size=120000Kb used=7281Kb max_used=7281Kb free=112718Kb
 bounds [0x0000020280000000, 0x0000020280720000, 0x0000020287530000]
CodeHeap 'non-nmethods': size=5760Kb used=1255Kb max_used=1304Kb free=4504Kb
 bounds [0x0000020287530000, 0x00000202877a0000, 0x0000020287ad0000]
 total_blobs=4011 nmethods=3442 adapters=481
 compilation: enabled
              stopped_count=0, restarted_count=0
 full_count=0

Compilation events (20 events):
Event: 9.598 Thread 0x00000202ff1cb010 3453       3       java.util.stream.ReferencePipeline$3::opWrapSink (10 bytes)
Event: 9.598 Thread 0x00000202ff1cb010 nmethod 3453 0x0000020280714b10 code [0x0000020280714d00, 0x00000202807152c8]
Event: 9.602 Thread 0x00000202ff1cb010 3454       3       org.codehaus.groovy.reflection.ParameterTypes::setParametersTypes (32 bytes)
Event: 9.602 Thread 0x00000202ff1cb010 nmethod 3454 0x0000020280715490 code [0x0000020280715640, 0x0000020280715898]
Event: 9.607 Thread 0x00000202ff1cb010 3455       3       org.codehaus.groovy.reflection.ParameterTypes::getParameterTypes (16 bytes)
Event: 9.607 Thread 0x00000202ff1cb010 nmethod 3455 0x0000020280715990 code [0x0000020280715b40, 0x0000020280715cc8]
Event: 9.608 Thread 0x00000202ff1cb010 3456       3       java.util.LinkedList$ListItr::next (56 bytes)
Event: 9.608 Thread 0x00000202ff1cb010 nmethod 3456 0x0000020280715d90 code [0x0000020280715f80, 0x00000202807164d8]
Event: 9.608 Thread 0x00000202ff1cb010 3457       3       java.util.Properties$LineReader::readLine (584 bytes)
Event: 9.610 Thread 0x00000202ff1cb010 nmethod 3457 0x0000020280716690 code [0x0000020280716a60, 0x00000202807195f8]
Event: 9.614 Thread 0x00000202ff1cb010 3458       3       org.codehaus.groovy.reflection.CachedClass$3$$Lambda$495/0x0000020298412ab8::test (8 bytes)
Event: 9.614 Thread 0x00000202ff1cb010 nmethod 3458 0x000002028071a310 code [0x000002028071a4e0, 0x000002028071a868]
Event: 9.614 Thread 0x00000202ff1cb010 3459       3       org.codehaus.groovy.reflection.CachedClass$3::lambda$initValue$0 (18 bytes)
Event: 9.615 Thread 0x00000202ff1cb010 nmethod 3459 0x000002028071a990 code [0x000002028071ab60, 0x000002028071af38]
Event: 9.615 Thread 0x00000202ff1cb010 3460       3       org.codehaus.groovy.reflection.CachedClass$3$$Lambda$497/0x0000020298412f48::apply (12 bytes)
Event: 9.615 Thread 0x00000202ff1cb010 nmethod 3460 0x000002028071b110 code [0x000002028071b2e0, 0x000002028071b818]
Event: 9.615 Thread 0x00000202ff1cb010 3461       3       java.lang.Exception::<init> (6 bytes)
Event: 9.615 Thread 0x00000202ff1cb010 nmethod 3461 0x000002028071ba10 code [0x000002028071bbe0, 0x000002028071c028]
Event: 9.615 Thread 0x00000202ff1cb010 3462       3       java.lang.ReflectiveOperationException::<init> (6 bytes)
Event: 9.616 Thread 0x00000202ff1cb010 nmethod 3462 0x000002028071c110 code [0x000002028071c2c0, 0x000002028071c448]

GC Heap History (12 events):
Event: 0.743 GC heap before
{Heap before GC invocations=0 (full 0):
 garbage-first heap   total 260096K, used 22528K [0x0000000700000000, 0x0000000800000000)
  region size 2048K, 11 young (22528K), 0 survivors (0K)
 Metaspace       used 825K, committed 960K, reserved 917504K
  class space    used 61K, committed 128K, reserved 851968K
}
Event: 0.755 GC heap after
{Heap after GC invocations=1 (full 0):
 garbage-first heap   total 260096K, used 1431K [0x0000000700000000, 0x0000000800000000)
  region size 2048K, 1 young (2048K), 1 survivors (2048K)
 Metaspace       used 825K, committed 960K, reserved 917504K
  class space    used 61K, committed 128K, reserved 851968K
}
Event: 1.985 GC heap before
{Heap before GC invocations=1 (full 0):
 garbage-first heap   total 260096K, used 44439K [0x0000000700000000, 0x0000000800000000)
  region size 2048K, 20 young (40960K), 1 survivors (2048K)
 Metaspace       used 4388K, committed 4544K, reserved 917504K
  class space    used 548K, committed 640K, reserved 851968K
}
Event: 1.988 GC heap after
{Heap after GC invocations=2 (full 0):
 garbage-first heap   total 260096K, used 11833K [0x0000000700000000, 0x0000000800000000)
  region size 2048K, 3 young (6144K), 3 survivors (6144K)
 Metaspace       used 4388K, committed 4544K, reserved 917504K
  class space    used 548K, committed 640K, reserved 851968K
}
Event: 2.852 GC heap before
{Heap before GC invocations=2 (full 0):
 garbage-first heap   total 260096K, used 65081K [0x0000000700000000, 0x0000000800000000)
  region size 2048K, 30 young (61440K), 3 survivors (6144K)
 Metaspace       used 5847K, committed 6016K, reserved 917504K
  class space    used 778K, committed 832K, reserved 851968K
}
Event: 2.858 GC heap after
{Heap after GC invocations=3 (full 0):
 garbage-first heap   total 260096K, used 18367K [0x0000000700000000, 0x0000000800000000)
  region size 2048K, 4 young (8192K), 4 survivors (8192K)
 Metaspace       used 5847K, committed 6016K, reserved 917504K
  class space    used 778K, committed 832K, reserved 851968K
}
Event: 7.609 GC heap before
{Heap before GC invocations=3 (full 0):
 garbage-first heap   total 260096K, used 124863K [0x0000000700000000, 0x0000000800000000)
  region size 2048K, 57 young (116736K), 4 survivors (8192K)
 Metaspace       used 21131K, committed 21504K, reserved 917504K
  class space    used 3084K, committed 3264K, reserved 851968K
}
Event: 7.620 GC heap after
{Heap after GC invocations=4 (full 0):
 garbage-first heap   total 260096K, used 24416K [0x0000000700000000, 0x0000000800000000)
  region size 2048K, 7 young (14336K), 7 survivors (14336K)
 Metaspace       used 21131K, committed 21504K, reserved 917504K
  class space    used 3084K, committed 3264K, reserved 851968K
}
Event: 9.300 GC heap before
{Heap before GC invocations=5 (full 0):
 garbage-first heap   total 102400K, used 71520K [0x0000000700000000, 0x0000000800000000)
  region size 2048K, 30 young (61440K), 7 survivors (14336K)
 Metaspace       used 27089K, committed 27456K, reserved 917504K
  class space    used 4025K, committed 4160K, reserved 851968K
}
Event: 9.309 GC heap after
{Heap after GC invocations=6 (full 0):
 garbage-first heap   total 102400K, used 27474K [0x0000000700000000, 0x0000000800000000)
  region size 2048K, 2 young (4096K), 2 survivors (4096K)
 Metaspace       used 27089K, committed 27456K, reserved 917504K
  class space    used 4025K, committed 4160K, reserved 851968K
}
Event: 9.357 GC heap before
{Heap before GC invocations=6 (full 0):
 garbage-first heap   total 102400K, used 27474K [0x0000000700000000, 0x0000000800000000)
  region size 2048K, 3 young (6144K), 2 survivors (4096K)
 Metaspace       used 27366K, committed 27776K, reserved 917504K
  class space    used 4063K, committed 4224K, reserved 851968K
}
Event: 9.362 GC heap after
{Heap after GC invocations=7 (full 0):
 garbage-first heap   total 102400K, used 27489K [0x0000000700000000, 0x0000000800000000)
  region size 2048K, 1 young (2048K), 1 survivors (2048K)
 Metaspace       used 27366K, committed 27776K, reserved 917504K
  class space    used 4063K, committed 4224K, reserved 851968K
}

Deoptimization events (20 events):
Event: 9.280 Thread 0x00000202d1336880 Uncommon trap: trap_request=0xffffffde fr.pc=0x0000020287bcfa78 relative=0x0000000000001ef8
Event: 9.280 Thread 0x00000202d1336880 Uncommon trap: reason=class_check action=maybe_recompile pc=0x0000020287bcfa78 method=java.io.BufferedInputStream.read([BII)I @ 101 c2
Event: 9.280 Thread 0x00000202d1336880 DEOPT PACKING pc=0x0000020287bcfa78 sp=0x000000359a2f7890
Event: 9.280 Thread 0x00000202d1336880 DEOPT UNPACKING pc=0x00000202875823a3 sp=0x000000359a2f7750 mode 2
Event: 9.281 Thread 0x00000202d1336880 Uncommon trap: trap_request=0xffffffc6 fr.pc=0x0000020287cc8160 relative=0x00000000000006c0
Event: 9.281 Thread 0x00000202d1336880 Uncommon trap: reason=bimorphic_or_optimized_type_check action=maybe_recompile pc=0x0000020287cc8160 method=java.io.BufferedInputStream.read([BII)I @ 101 c2
Event: 9.281 Thread 0x00000202d1336880 DEOPT PACKING pc=0x0000020287cc8160 sp=0x000000359a2f77a0
Event: 9.281 Thread 0x00000202d1336880 DEOPT UNPACKING pc=0x00000202875823a3 sp=0x000000359a2f7758 mode 2
Event: 9.281 Thread 0x00000202d1336880 Uncommon trap: trap_request=0xffffffc6 fr.pc=0x0000020287cc8160 relative=0x00000000000006c0
Event: 9.281 Thread 0x00000202d1336880 Uncommon trap: reason=bimorphic_or_optimized_type_check action=maybe_recompile pc=0x0000020287cc8160 method=java.io.BufferedInputStream.read([BII)I @ 101 c2
Event: 9.281 Thread 0x00000202d1336880 DEOPT PACKING pc=0x0000020287cc8160 sp=0x000000359a2f7780
Event: 9.281 Thread 0x00000202d1336880 DEOPT UNPACKING pc=0x00000202875823a3 sp=0x000000359a2f7738 mode 2
Event: 9.325 Thread 0x00000202d1336880 Uncommon trap: trap_request=0xffffff45 fr.pc=0x0000020287c6eb24 relative=0x00000000000005c4
Event: 9.325 Thread 0x00000202d1336880 Uncommon trap: reason=unstable_if action=reinterpret pc=0x0000020287c6eb24 method=jdk.internal.org.objectweb.asm.MethodWriter.visitVarInsn(II)V @ 108 c2
Event: 9.325 Thread 0x00000202d1336880 DEOPT PACKING pc=0x0000020287c6eb24 sp=0x000000359a2f0910
Event: 9.325 Thread 0x00000202d1336880 DEOPT UNPACKING pc=0x00000202875823a3 sp=0x000000359a2f08d8 mode 2
Event: 9.608 Thread 0x00000202d1336880 Uncommon trap: trap_request=0xffffff45 fr.pc=0x0000020287b0d82c relative=0x00000000000007ac
Event: 9.608 Thread 0x00000202d1336880 Uncommon trap: reason=unstable_if action=reinterpret pc=0x0000020287b0d82c method=java.util.Properties$LineReader.readLine()I @ 249 c2
Event: 9.608 Thread 0x00000202d1336880 DEOPT PACKING pc=0x0000020287b0d82c sp=0x000000359a2f77b0
Event: 9.608 Thread 0x00000202d1336880 DEOPT UNPACKING pc=0x00000202875823a3 sp=0x000000359a2f7768 mode 2

Classes unloaded (0 events):
No events

Classes redefined (0 events):
No events

Internal exceptions (20 events):
Event: 8.143 Thread 0x00000202d1337cc0 Exception <a 'java/lang/NoSuchMethodError'{0x0000000704b21c00}: static Lorg/gradle/internal/build/event/types/AbstractOperationResult;.<clinit>()V> (0x0000000704b21c00) 
thrown [s\open\src\hotspot\share\prims\jni.cpp, line 1112]
Event: 8.143 Thread 0x00000202d1337cc0 Exception <a 'java/lang/NoSuchMethodError'{0x0000000704b22bc0}: static Lorg/gradle/internal/build/event/types/AbstractResult;.<clinit>()V> (0x0000000704b22bc0) 
thrown [s\open\src\hotspot\share\prims\jni.cpp, line 1112]
Event: 8.157 Thread 0x00000202d1336880 Exception <a 'java/lang/NoSuchMethodError'{0x0000000704858ad0}: 'java.lang.Object java.lang.invoke.DirectMethodHandle$Holder.newInvokeSpecial(java.lang.Object, java.lang.Object, java.lang.Object, int)'> (0x0000000704858ad0) 
thrown [s\open\src\hotspot\share\interpreter\linkResolver.cpp, line 759]
Event: 8.157 Thread 0x00000202d1336880 Exception <a 'java/lang/NoSuchMethodError'{0x000000070485d158}: 'java.lang.Object java.lang.invoke.DirectMethodHandle$Holder.invokeSpecial(java.lang.Object, java.lang.Object, java.lang.Object, java.lang.Object, int)'> (0x000000070485d158) 
thrown [s\open\src\hotspot\share\interpreter\linkResolver.cpp, line 759]
Event: 8.157 Thread 0x00000202d1336880 Exception <a 'java/lang/NoSuchMethodError'{0x0000000704860fc8}: 'java.lang.Object java.lang.invoke.Invokers$Holder.linkToTargetMethod(java.lang.Object, java.lang.Object, int, java.lang.Object)'> (0x0000000704860fc8) 
thrown [s\open\src\hotspot\share\interpreter\linkResolver.cpp, line 759]
Event: 8.161 Thread 0x00000202d1336880 Exception <a 'java/lang/NoSuchMethodError'{0x000000070488dd80}: 'java.lang.Object java.lang.invoke.DirectMethodHandle$Holder.invokeStatic(java.lang.Object, java.lang.Object, int, java.lang.Object)'> (0x000000070488dd80) 
thrown [s\open\src\hotspot\share\interpreter\linkResolver.cpp, line 759]
Event: 8.778 Thread 0x00000202d1336880 Exception <a 'java/lang/IncompatibleClassChangeError'{0x000000070362c2e0}: Found class java.lang.Object, but interface was expected> (0x000000070362c2e0) 
thrown [s\open\src\hotspot\share\interpreter\linkResolver.cpp, line 826]
Event: 8.804 Thread 0x00000202d1336880 Exception <a 'java/lang/NoSuchMethodError'{0x00000007037fe4a0}: 'java.lang.Object java.lang.invoke.DirectMethodHandle$Holder.newInvokeSpecial(java.lang.Object, java.lang.Object, long)'> (0x00000007037fe4a0) 
thrown [s\open\src\hotspot\share\interpreter\linkResolver.cpp, line 759]
Event: 8.805 Thread 0x00000202d1336880 Exception <a 'java/lang/NoSuchMethodError'{0x00000007034035a0}: 'java.lang.Object java.lang.invoke.Invokers$Holder.linkToTargetMethod(java.lang.Object, long, java.lang.Object)'> (0x00000007034035a0) 
thrown [s\open\src\hotspot\share\interpreter\linkResolver.cpp, line 759]
Event: 8.868 Thread 0x00000202d1336880 Exception <a 'java/lang/NoSuchMethodError'{0x000000070326e440}: 'int java.lang.invoke.DirectMethodHandle$Holder.invokeInterface(java.lang.Object, java.lang.Object)'> (0x000000070326e440) 
thrown [s\open\src\hotspot\share\interpreter\linkResolver.cpp, line 759]
Event: 8.888 Thread 0x00000202d1336880 Exception <a 'java/lang/NoSuchMethodError'{0x00000007032ff9f0}: 'java.lang.Object java.lang.invoke.DirectMethodHandle$Holder.invokeVirtual(java.lang.Object, java.lang.Object, int)'> (0x00000007032ff9f0) 
thrown [s\open\src\hotspot\share\interpreter\linkResolver.cpp, line 759]
Event: 8.906 Thread 0x00000202d1336880 Exception <a 'java/lang/NoSuchMethodError'{0x00000007033cbd58}: 'java.lang.Object java.lang.invoke.DirectMethodHandle$Holder.newInvokeSpecial(java.lang.Object, java.lang.Object, int, java.lang.Object)'> (0x00000007033cbd58) 
thrown [s\open\src\hotspot\share\interpreter\linkResolver.cpp, line 759]
Event: 8.907 Thread 0x00000202d1336880 Exception <a 'java/lang/NoSuchMethodError'{0x00000007033d0640}: 'java.lang.Object java.lang.invoke.DirectMethodHandle$Holder.invokeSpecial(java.lang.Object, java.lang.Object, java.lang.Object, int, java.lang.Object)'> (0x00000007033d0640) 
thrown [s\open\src\hotspot\share\interpreter\linkResolver.cpp, line 759]
Event: 9.183 Thread 0x00000202d1336880 Exception <a 'java/lang/NoSuchMethodError'{0x0000000702c4bd40}: 'java.lang.Object java.lang.invoke.DirectMethodHandle$Holder.invokeStaticInit(java.lang.Object, java.lang.Object, java.lang.Object, java.lang.Object, java.lang.Object, java.lang.Object, java.lang.Object)'> (0x0000000702c4bd40) 
thrown [s\open\src\hotspot\share\interpreter\linkResolver.cpp, line 759]
Event: 9.189 Thread 0x00000202d1336880 Exception <a 'java/lang/NoSuchMethodError'{0x0000000702c75728}: 'java.lang.Object java.lang.invoke.DirectMethodHandle$Holder.invokeSpecial(java.lang.Object, java.lang.Object, java.lang.Object, int, java.lang.Object, java.lang.Object)'> (0x0000000702c75728) 
thrown [s\open\src\hotspot\share\interpreter\linkResolver.cpp, line 759]
Event: 9.325 Thread 0x00000202d1336880 Implicit null exception at 0x0000020287c6e67b to 0x0000020287c6eb18
Event: 9.343 Thread 0x00000202d1336880 Exception <a 'java/lang/NoSuchMethodError'{0x000000070fd2ced8}: 'java.lang.Object java.lang.invoke.DirectMethodHandle$Holder.invokeStaticInit(java.lang.Object, java.lang.Object, java.lang.Object)'> (0x000000070fd2ced8) 
thrown [s\open\src\hotspot\share\interpreter\linkResolver.cpp, line 759]
Event: 9.371 Thread 0x00000202d1336880 Exception <a 'java/lang/NoSuchMethodError'{0x000000070fc6d228}: 'void java.lang.invoke.DirectMethodHandle$Holder.invokeStaticInit(java.lang.Object, java.lang.Object, java.lang.Object)'> (0x000000070fc6d228) 
thrown [s\open\src\hotspot\share\interpreter\linkResolver.cpp, line 759]
Event: 9.374 Thread 0x00000202d1336880 Exception <a 'java/lang/NoSuchMethodError'{0x000000070fc92678}: 'void java.lang.invoke.DirectMethodHandle$Holder.invokeStaticInit(java.lang.Object, java.lang.Object, java.lang.Object, java.lang.Object, java.lang.Object)'> (0x000000070fc92678) 
thrown [s\open\src\hotspot\share\interpreter\linkResolver.cpp, line 759]
Event: 9.397 Thread 0x00000202d1336880 Exception <a 'java/lang/NoSuchMethodError'{0x000000070fcee8c0}: 'int java.lang.invoke.DirectMethodHandle$Holder.invokeStaticInit(java.lang.Object, java.lang.Object, java.lang.Object, java.lang.Object)'> (0x000000070fcee8c0) 
thrown [s\open\src\hotspot\share\interpreter\linkResolver.cpp, line 759]

VM Operations (20 events):
Event: 8.348 Executing VM operation: HandshakeAllThreads
Event: 8.348 Executing VM operation: HandshakeAllThreads done
Event: 8.782 Executing VM operation: HandshakeAllThreads
Event: 8.782 Executing VM operation: HandshakeAllThreads done
Event: 8.782 Executing VM operation: Cleanup
Event: 8.782 Executing VM operation: Cleanup done
Event: 8.806 Executing VM operation: HandshakeAllThreads
Event: 8.806 Executing VM operation: HandshakeAllThreads done
Event: 9.144 Executing VM operation: HandshakeAllThreads
Event: 9.145 Executing VM operation: HandshakeAllThreads done
Event: 9.145 Executing VM operation: HandshakeAllThreads
Event: 9.145 Executing VM operation: HandshakeAllThreads done
Event: 9.300 Executing VM operation: G1CollectForAllocation
Event: 9.309 Executing VM operation: G1CollectForAllocation done
Event: 9.313 Executing VM operation: HandshakeAllThreads
Event: 9.313 Executing VM operation: HandshakeAllThreads done
Event: 9.356 Executing VM operation: G1CollectForAllocation
Event: 9.362 Executing VM operation: G1CollectForAllocation done
Event: 9.550 Executing VM operation: HandshakeAllThreads
Event: 9.551 Executing VM operation: HandshakeAllThreads done

Events (20 events):
Event: 9.599 loading class javax/swing/MenuSelectionManager
Event: 9.600 loading class javax/swing/MenuSelectionManager done
Event: 9.601 loading class javax/swing/event/TableModelListener
Event: 9.601 loading class javax/swing/event/TableModelListener done
Event: 9.602 loading class javax/swing/Icon
Event: 9.602 loading class javax/swing/Icon done
Event: 9.602 loading class javax/swing/AbstractButton$Handler
Event: 9.603 loading class javax/swing/event/ChangeListener
Event: 9.603 loading class javax/swing/event/ChangeListener done
Event: 9.603 loading class javax/swing/AbstractButton$Handler done
Event: 9.603 loading class javax/swing/ButtonModel
Event: 9.603 loading class javax/swing/ButtonModel done
Event: 9.603 loading class javax/swing/plaf/ButtonUI
Event: 9.603 loading class javax/swing/plaf/ButtonUI done
Event: 9.603 loading class java/awt/event/ItemEvent
Event: 9.604 loading class java/awt/event/ItemEvent done
Event: 9.604 loading class java/awt/LayoutManager
Event: 9.604 loading class java/awt/LayoutManager done
Event: 9.605 loading class javax/swing/event/TableModelEvent
Event: 9.605 loading class javax/swing/event/TableModelEvent done


Dynamic libraries:
0x00007ff738db0000 - 0x00007ff738dc0000 	C:\Program Files\Java\jdk-17\bin\java.exe
0x00007ffa2e960000 - 0x00007ffa2ebc7000 	C:\WINDOWS\SYSTEM32\ntdll.dll
0x00007ffa2d250000 - 0x00007ffa2d319000 	C:\WINDOWS\System32\KERNEL32.DLL
0x00007ffa2b840000 - 0x00007ffa2bc34000 	C:\WINDOWS\System32\KERNELBASE.dll
0x00007ffa2b500000 - 0x00007ffa2b64b000 	C:\WINDOWS\System32\ucrtbase.dll
0x00007ff9fa5a0000 - 0x00007ff9fa5b9000 	C:\Program Files\Java\jdk-17\bin\jli.dll
0x00007ffa2d5e0000 - 0x00007ffa2d696000 	C:\WINDOWS\System32\ADVAPI32.dll
0x00007ffa2df70000 - 0x00007ffa2e019000 	C:\WINDOWS\System32\msvcrt.dll
0x00007ffa2ce70000 - 0x00007ffa2cf17000 	C:\WINDOWS\System32\sechost.dll
0x00007ffa2d4c0000 - 0x00007ffa2d5d8000 	C:\WINDOWS\System32\RPCRT4.dll
0x00007ffa2da70000 - 0x00007ffa2dc35000 	C:\WINDOWS\System32\USER32.dll
0x00007ffa2b810000 - 0x00007ffa2b837000 	C:\WINDOWS\System32\win32u.dll
0x00007ffa2d020000 - 0x00007ffa2d04b000 	C:\WINDOWS\System32\GDI32.dll
0x00007ffa2b650000 - 0x00007ffa2b77b000 	C:\WINDOWS\System32\gdi32full.dll
0x00007ff9dead0000 - 0x00007ff9deaeb000 	C:\Program Files\Java\jdk-17\bin\VCRUNTIME140.dll
0x00007ffa2b230000 - 0x00007ffa2b2d3000 	C:\WINDOWS\System32\msvcp_win.dll
0x00007ffa1ca10000 - 0x00007ffa1cca3000 	C:\WINDOWS\WinSxS\amd64_microsoft.windows.common-controls_6595b64144ccf1df_6.0.26100.8115_none_3e075c82e3354f9c\COMCTL32.dll
0x00007ffa25240000 - 0x00007ffa2524b000 	C:\WINDOWS\SYSTEM32\VERSION.dll
0x00007ffa2e3c0000 - 0x00007ffa2e3f2000 	C:\WINDOWS\System32\IMM32.DLL
0x00007ff9fce30000 - 0x00007ff9fce3c000 	C:\Program Files\Java\jdk-17\bin\vcruntime140_1.dll
0x00007ff9d4710000 - 0x00007ff9d479e000 	C:\Program Files\Java\jdk-17\bin\msvcp140.dll
0x00007ff998010000 - 0x00007ff998bf0000 	C:\Program Files\Java\jdk-17\bin\server\jvm.dll
0x00007ffa2c6f0000 - 0x00007ffa2c6f8000 	C:\WINDOWS\System32\PSAPI.DLL
0x00007ff9de8a0000 - 0x00007ff9de8aa000 	C:\WINDOWS\SYSTEM32\WSOCK32.dll
0x00007ffa221d0000 - 0x00007ffa22206000 	C:\WINDOWS\SYSTEM32\WINMM.dll
0x00007ffa2e400000 - 0x00007ffa2e480000 	C:\WINDOWS\System32\WS2_32.dll
0x00007ffa29f80000 - 0x00007ffa29f9b000 	C:\WINDOWS\SYSTEM32\kernel.appcore.dll
0x00007ff9fa590000 - 0x00007ff9fa59a000 	C:\Program Files\Java\jdk-17\bin\jimage.dll
0x00007ffa1cf30000 - 0x00007ffa1d172000 	C:\WINDOWS\SYSTEM32\DBGHELP.DLL
0x00007ffa2e030000 - 0x00007ffa2e3b2000 	C:\WINDOWS\System32\combase.dll
0x00007ffa2d760000 - 0x00007ffa2d838000 	C:\WINDOWS\System32\OLEAUT32.dll
0x00007ffa1ccb0000 - 0x00007ffa1cceb000 	C:\WINDOWS\SYSTEM32\dbgcore.DLL
0x00007ffa2b2e0000 - 0x00007ffa2b385000 	C:\WINDOWS\System32\bcryptPrimitives.dll
0x00007ff9deac0000 - 0x00007ff9deace000 	C:\Program Files\Java\jdk-17\bin\instrument.dll
0x00007ff9d46e0000 - 0x00007ff9d4705000 	C:\Program Files\Java\jdk-17\bin\java.dll
0x00007ff9d4600000 - 0x00007ff9d46d7000 	C:\Program Files\Java\jdk-17\bin\jsvml.dll
0x00007ffa2c700000 - 0x00007ffa2ce67000 	C:\WINDOWS\System32\SHELL32.dll
0x00007ffa2b390000 - 0x00007ffa2b4fa000 	C:\WINDOWS\System32\wintypes.dll
0x00007ffa2be80000 - 0x00007ffa2c6e8000 	C:\WINDOWS\System32\windows.storage.dll
0x00007ffa2d050000 - 0x00007ffa2d148000 	C:\WINDOWS\System32\SHCORE.dll
0x00007ffa2de70000 - 0x00007ffa2ded6000 	C:\WINDOWS\System32\shlwapi.dll
0x00007ffa2b150000 - 0x00007ffa2b179000 	C:\WINDOWS\SYSTEM32\profapi.dll
0x00007ff9d45e0000 - 0x00007ff9d45f8000 	C:\Program Files\Java\jdk-17\bin\zip.dll
0x00007ff9d45c0000 - 0x00007ff9d45d9000 	C:\Program Files\Java\jdk-17\bin\net.dll
0x00007ffa24ff0000 - 0x00007ffa2511d000 	C:\WINDOWS\SYSTEM32\WINHTTP.dll
0x00007ffa2a4d0000 - 0x00007ffa2a53c000 	C:\WINDOWS\system32\mswsock.dll
0x00007ff9d45a0000 - 0x00007ff9d45b6000 	C:\Program Files\Java\jdk-17\bin\nio.dll
0x00007ff9d4590000 - 0x00007ff9d45a0000 	C:\Program Files\Java\jdk-17\bin\verify.dll
0x00007ff9fce40000 - 0x00007ff9fce67000 	C:\Users\Inurum_Four\.gradle\native\1def1411415f61bf3af743bc5b6707747c0891f09f0c88961ee8f79bc544acac\windows-amd64\native-platform.dll
0x00007ffa0cf90000 - 0x00007ffa0d008000 	C:\Users\Inurum_Four\.gradle\native\0.2.7\x86_64-windows-gnu\gradle-fileevents.dll
0x00007ff9d4580000 - 0x00007ff9d458a000 	C:\Program Files\Java\jdk-17\bin\management.dll
0x00007ff9d4570000 - 0x00007ff9d457b000 	C:\Program Files\Java\jdk-17\bin\management_ext.dll
0x00007ffa29960000 - 0x00007ffa29992000 	C:\WINDOWS\SYSTEM32\IPHLPAPI.DLL
0x00007ffa2e020000 - 0x00007ffa2e02a000 	C:\WINDOWS\System32\NSI.dll
0x00007ffa24fd0000 - 0x00007ffa24fed000 	C:\WINDOWS\SYSTEM32\dhcpcsvc6.DLL
0x00007ffa24fa0000 - 0x00007ffa24fc5000 	C:\WINDOWS\SYSTEM32\dhcpcsvc.DLL
0x00007ffa299a0000 - 0x00007ffa29ad2000 	C:\WINDOWS\SYSTEM32\DNSAPI.dll
0x00007ffa2a8d0000 - 0x00007ffa2a8eb000 	C:\WINDOWS\SYSTEM32\CRYPTSP.dll
0x00007ffa29ee0000 - 0x00007ffa29f19000 	C:\WINDOWS\system32\rsaenh.dll
0x00007ffa2a580000 - 0x00007ffa2a5b3000 	C:\WINDOWS\SYSTEM32\USERENV.dll
0x00007ffa2b120000 - 0x00007ffa2b14a000 	C:\WINDOWS\SYSTEM32\bcrypt.dll
0x00007ffa2a730000 - 0x00007ffa2a73c000 	C:\WINDOWS\SYSTEM32\CRYPTBASE.dll
0x00007ff9d4560000 - 0x00007ff9d456e000 	C:\Program Files\Java\jdk-17\bin\sunmscapi.dll
0x00007ffa2bc40000 - 0x00007ffa2bdb7000 	C:\WINDOWS\System32\CRYPT32.dll
0x00007ffa2aa30000 - 0x00007ffa2aa60000 	C:\WINDOWS\SYSTEM32\ncrypt.dll
0x00007ffa2a9e0000 - 0x00007ffa2aa1f000 	C:\WINDOWS\SYSTEM32\NTASN1.dll
0x00007ffa11be0000 - 0x00007ffa11be8000 	C:\WINDOWS\system32\wshunix.dll

dbghelp: loaded successfully - version: 4.0.5 - missing functions: none
symbol engine: initialized successfully - sym options: 0x614 - pdb path: .;C:\Program Files\Java\jdk-17\bin;C:\WINDOWS\SYSTEM32;C:\WINDOWS\WinSxS\amd64_microsoft.windows.common-controls_6595b64144ccf1df_6.0.26100.8115_none_3e075c82e3354f9c;C:\Program Files\Java\jdk-17\bin\server;C:\Users\Inurum_Four\.gradle\native\1def1411415f61bf3af743bc5b6707747c0891f09f0c88961ee8f79bc544acac\windows-amd64;C:\Users\Inurum_Four\.gradle\native\0.2.7\x86_64-windows-gnu

VM Arguments:
jvm_args: --add-opens=java.base/java.lang=ALL-UNNAMED --add-opens=java.base/java.lang.invoke=ALL-UNNAMED --add-opens=java.base/java.util=ALL-UNNAMED --add-opens=java.prefs/java.util.prefs=ALL-UNNAMED --add-exports=jdk.compiler/com.sun.tools.javac.api=ALL-UNNAMED --add-exports=jdk.compiler/com.sun.tools.javac.util=ALL-UNNAMED --add-opens=java.base/java.util=ALL-UNNAMED --add-opens=java.prefs/java.util.prefs=ALL-UNNAMED --add-opens=java.base/java.nio.charset=ALL-UNNAMED --add-opens=java.base/java.net=ALL-UNNAMED --add-opens=java.base/java.util.concurrent.atomic=ALL-UNNAMED --add-opens=java.xml/javax.xml.namespace=ALL-UNNAMED -XX:MaxMetaspaceSize=1G -Xmx4G -Dfile.encoding=UTF-8 -Duser.country=IN -Duser.language=en -Duser.variant -javaagent:C:\Users\Inurum_Four\.gradle\wrapper\dists\gradle-8.14-all\c2qonpi39x1mddn7hk5gh9iqj\gradle-8.14\lib\agents\gradle-instrumentation-agent-8.14.jar 
java_command: org.gradle.launcher.daemon.bootstrap.GradleDaemon 8.14
java_class_path (initial): C:\Users\Inurum_Four\.gradle\wrapper\dists\gradle-8.14-all\c2qonpi39x1mddn7hk5gh9iqj\gradle-8.14\lib\gradle-daemon-main-8.14.jar
Launcher Type: SUN_STANDARD

[Global flags]
     intx CICompilerCount                          = 4                                         {product} {ergonomic}
   size_t CompressedClassSpaceSize                 = 872415232                                 {product} {ergonomic}
     uint ConcGCThreads                            = 2                                         {product} {ergonomic}
     uint G1ConcRefinementThreads                  = 8                                         {product} {ergonomic}
   size_t G1HeapRegionSize                         = 2097152                                   {product} {ergonomic}
    uintx GCDrainStackTargetSize                   = 64                                        {product} {ergonomic}
   size_t InitialHeapSize                          = 266338304                                 {product} {ergonomic}
   size_t MarkStackSize                            = 4194304                                   {product} {ergonomic}
   size_t MaxHeapSize                              = 4294967296                                {product} {command line}
   size_t MaxMetaspaceSize                         = 1073741824                                {product} {command line}
   size_t MaxNewSize                               = 2575302656                                {product} {ergonomic}
   size_t MinHeapDeltaBytes                        = 2097152                                   {product} {ergonomic}
   size_t MinHeapSize                              = 8388608                                   {product} {ergonomic}
    uintx NonNMethodCodeHeapSize                   = 5839372                                {pd product} {ergonomic}
    uintx NonProfiledCodeHeapSize                  = 122909434                              {pd product} {ergonomic}
    uintx ProfiledCodeHeapSize                     = 122909434                              {pd product} {ergonomic}
    uintx ReservedCodeCacheSize                    = 251658240                              {pd product} {ergonomic}
     bool SegmentedCodeCache                       = true                                      {product} {ergonomic}
   size_t SoftMaxHeapSize                          = 4294967296                             {manageable} {ergonomic}
     bool UseCompressedClassPointers               = true                           {product lp64_product} {ergonomic}
     bool UseCompressedOops                        = true                           {product lp64_product} {ergonomic}
     bool UseG1GC                                  = true                                      {product} {ergonomic}
     bool UseLargePagesIndividualAllocation        = false                                  {pd product} {ergonomic}

Logging:
Log output configuration:
 #0: stdout all=warning uptime,level,tags
 #1: stderr all=off uptime,level,tags

Environment Variables:
JAVA_HOME=C:\Program Files\Java\jdk-17
PATH=C:\Program Files\Common Files\Oracle\Java\javapath;C:\WINDOWS\system32;C:\WINDOWS;C:\WINDOWS\System32\Wbem;C:\WINDOWS\System32\WindowsPowerShell\v1.0\;C:\WINDOWS\System32\OpenSSH\;C:\src\flutter\bin;C:\Program Files\Git\cmd;C:\Users\Inurum_Four\AppData\Roaming\npm;C:\Program Files\nodejs\;C:\Users\Inurum_Four\AppData\Local\Programs\Python\Python311\Scripts\;C:\Users\Inurum_Four\AppData\Local\Programs\Python\Python311\;C:\Users\Inurum_Four\AppData\Local\Programs\Python\Python314\Scripts\;C:\Users\Inurum_Four\AppData\Local\Programs\Python\Python314\;C:\Users\Inurum_Four\AppData\Local\Microsoft\WindowsApps;C:\src\flutter\bin;C:\Users\Inurum_Four\AppData\Local\Programs\Microsoft VS Code\bin;C:\Program Files\nodejs\;C:\Users\Inurum_Four\AppData\Local\Pub\Cache\bin;C:\Users\Inurum_Four\AppData\Roaming\npm;C:\Users\Inurum_Four\AppData\Local\Programs\Antigravity\bin;C:\Program Files\SDCC\bin;C:\Users\Inurum_Four\AppData\Local\Programs\Antigravity IDE\bin;C:\Users\Inurum_Four\AppData\Local\GitHubDesktop\bin
USERNAME=Inurum_Four
OS=Windows_NT
PROCESSOR_IDENTIFIER=Intel64 Family 6 Model 151 Stepping 5, GenuineIntel



---------------  S Y S T E M  ---------------

OS:
 Windows 11 , 64 bit Build 26100 (10.0.26100.8246)
OS uptime: 0 days 2:55 hours
Hyper-V role detected

CPU: total 8 (initial active 8) (4 cores per cpu, 2 threads per core) family 6 model 151 stepping 5 microcode 0x18, cx8, cmov, fxsr, ht, mmx, 3dnowpref, sse, sse2, sse3, ssse3, sse4.1, sse4.2, popcnt, lzcnt, tsc, tscinvbit, avx, avx2, aes, erms, clmul, bmi1, bmi2, adx, sha, fma, vzeroupper, clflush, clflushopt, clwb, hv

Memory: 4k page, system-wide physical 16197M (814M free)
TotalPageFile size 32869M (AvailPageFile size 5M)
current process WorkingSet (physical memory assigned to process): 258M, peak: 270M
current process commit charge ("private bytes"): 315M, peak: 445M

vm_info: Java HotSpot(TM) 64-Bit Server VM (17.0.12+8-LTS-286) for windows-amd64 JRE (17.0.12+8-LTS-286), built on Jun  5 2024 06:46:59 by "mach5one" with MS VC++ 17.6 (VS2022)

END.
