#
# There is insufficient memory for the Java Runtime Environment to continue.
# Native memory allocation (malloc) failed to allocate 1195856 bytes for Chunk::new
# Possible reasons:
#   The system is out of physical RAM or swap space
#   The process is running with CompressedOops enabled, and the Java Heap may be blocking the growth of the native heap
# Possible solutions:
#   Reduce memory load on the system
#   Increase physical memory or swap space
#   Check if swap backing store is full
#   Decrease Java heap size (-Xmx/-Xms)
#   Decrease number of Java threads
#   Decrease Java thread stack sizes (-Xss)
#   Set larger code cache with -XX:ReservedCodeCacheSize=
#   JVM is running with Zero Based Compressed Oops mode in which the Java heap is
#     placed in the first 32GB address space. The Java Heap base address is the
#     maximum limit for the native heap growth. Please use -XX:HeapBaseMinAddress
#     to set the Java Heap base and to place the Java Heap above 32GB virtual address.
# This output file may be truncated or incomplete.
#
#  Out of Memory Error (arena.cpp:189), pid=21152, tid=7788
#
# JRE version: Java(TM) SE Runtime Environment (17.0.12+8) (build 17.0.12+8-LTS-286)
# Java VM: Java HotSpot(TM) 64-Bit Server VM (17.0.12+8-LTS-286, mixed mode, sharing, tiered, compressed oops, compressed class ptrs, g1 gc, windows-amd64)
# No core dump will be written. Minidumps are not enabled by default on client versions of Windows
#

---------------  S U M M A R Y ------------

Command Line: --add-opens=java.base/java.lang=ALL-UNNAMED --add-opens=java.base/java.lang.invoke=ALL-UNNAMED --add-opens=java.base/java.util=ALL-UNNAMED --add-opens=java.prefs/java.util.prefs=ALL-UNNAMED --add-exports=jdk.compiler/com.sun.tools.javac.api=ALL-UNNAMED --add-exports=jdk.compiler/com.sun.tools.javac.util=ALL-UNNAMED --add-opens=java.base/java.util=ALL-UNNAMED --add-opens=java.prefs/java.util.prefs=ALL-UNNAMED --add-opens=java.base/java.nio.charset=ALL-UNNAMED --add-opens=java.base/java.net=ALL-UNNAMED --add-opens=java.base/java.util.concurrent=ALL-UNNAMED --add-opens=java.base/java.util.concurrent.atomic=ALL-UNNAMED --add-opens=java.xml/javax.xml.namespace=ALL-UNNAMED --add-opens=java.base/java.time=ALL-UNNAMED -XX:MaxMetaspaceSize=4G -XX:ReservedCodeCacheSize=512m -XX:+HeapDumpOnOutOfMemoryError -Xmx8G -Dfile.encoding=UTF-8 -Duser.country=IN -Duser.language=en -Duser.variant -javaagent:C:\Users\Inurum_Four\.gradle\wrapper\dists\gradle-9.1.0-all\7wzd0jkjit61aq2p43wpjgij9\gradle-9.1.0\lib\agents\gradle-instrumentation-agent-9.1.0.jar org.gradle.launcher.daemon.bootstrap.GradleDaemon 9.1.0

Host: 12th Gen Intel(R) Core(TM) i3-12100F, 8 cores, 15G,  Windows 11 , 64 bit Build 26100 (10.0.26100.8246)
Time: Mon Aug 17 13:09:03 2026 India Standard Time elapsed time: 5.568927 seconds (0d 0h 0m 5s)

---------------  T H R E A D  ---------------

Current thread (0x0000020d797145d0):  JavaThread "C2 CompilerThread0" daemon [_thread_in_native, id=7788, stack(0x0000007bd6500000,0x0000007bd6600000)]


Current CompileTask:
C2:   5569 2516   !   4       java.net.URLClassLoader$1::run (81 bytes)

Stack: [0x0000007bd6500000,0x0000007bd6600000]
Native frames: (J=compiled Java code, j=interpreted, Vv=VM code, C=native code)
V  [jvm.dll+0x67a04a]
V  [jvm.dll+0x7da4ed]
V  [jvm.dll+0x7dbe33]
V  [jvm.dll+0x7dc4a3]
V  [jvm.dll+0x24508f]
V  [jvm.dll+0xab773]
V  [jvm.dll+0xabd3c]
V  [jvm.dll+0x361b9f]
V  [jvm.dll+0x1ba45a]
V  [jvm.dll+0x216997]
V  [jvm.dll+0x215c6f]
V  [jvm.dll+0x1a2960]
V  [jvm.dll+0x22610b]
V  [jvm.dll+0x2242ab]
V  [jvm.dll+0x79075c]
V  [jvm.dll+0x78abea]
V  [jvm.dll+0x678f35]
C  [ucrtbase.dll+0x37b0]
C  [KERNEL32.DLL+0x2e8d7]
C  [ntdll.dll+0x8c3fc]


---------------  P R O C E S S  ---------------

Threads class SMR info:
_java_thread_list=0x0000020dc300ee40, length=25, elements={
0x0000020d3a4f5390, 0x0000020d796faca0, 0x0000020d796fb770, 0x0000020d79710700,
0x0000020d79710fd0, 0x0000020d797118a0, 0x0000020d79712170, 0x0000020d797145d0,
0x0000020dbf020440, 0x0000020dbf035d60, 0x0000020dbf1132f0, 0x0000020dbf221b50,
0x0000020dc10f8a90, 0x0000020dc058ecd0, 0x0000020dc0eb97a0, 0x0000020dbf710ad0,
0x0000020dc10f5440, 0x0000020dc12364d0, 0x0000020dc1236ef0, 0x0000020dc1237910,
0x0000020dc1235090, 0x0000020dc12355a0, 0x0000020dc1238840, 0x0000020dc1235ab0,
0x0000020dc1237400
}

Java Threads: ( => current thread )
  0x0000020d3a4f5390 JavaThread "main" [_thread_blocked, id=9092, stack(0x0000007bd5800000,0x0000007bd5900000)]
  0x0000020d796faca0 JavaThread "Reference Handler" daemon [_thread_blocked, id=2040, stack(0x0000007bd5f00000,0x0000007bd6000000)]
  0x0000020d796fb770 JavaThread "Finalizer" daemon [_thread_blocked, id=17380, stack(0x0000007bd6000000,0x0000007bd6100000)]
  0x0000020d79710700 JavaThread "Signal Dispatcher" daemon [_thread_blocked, id=3516, stack(0x0000007bd6100000,0x0000007bd6200000)]
  0x0000020d79710fd0 JavaThread "Attach Listener" daemon [_thread_blocked, id=5944, stack(0x0000007bd6200000,0x0000007bd6300000)]
  0x0000020d797118a0 JavaThread "Service Thread" daemon [_thread_blocked, id=11740, stack(0x0000007bd6300000,0x0000007bd6400000)]
  0x0000020d79712170 JavaThread "Monitor Deflation Thread" daemon [_thread_blocked, id=21068, stack(0x0000007bd6400000,0x0000007bd6500000)]
=>0x0000020d797145d0 JavaThread "C2 CompilerThread0" daemon [_thread_in_native, id=7788, stack(0x0000007bd6500000,0x0000007bd6600000)]
  0x0000020dbf020440 JavaThread "C1 CompilerThread0" daemon [_thread_blocked, id=3080, stack(0x0000007bd6600000,0x0000007bd6700000)]
  0x0000020dbf035d60 JavaThread "Sweeper thread" daemon [_thread_blocked, id=8224, stack(0x0000007bd6700000,0x0000007bd6800000)]
  0x0000020dbf1132f0 JavaThread "Common-Cleaner" daemon [_thread_blocked, id=13216, stack(0x0000007bd6800000,0x0000007bd6900000)]
  0x0000020dbf221b50 JavaThread "Notification Thread" daemon [_thread_blocked, id=12256, stack(0x0000007bd6900000,0x0000007bd6a00000)]
  0x0000020dc10f8a90 JavaThread "Daemon health stats" [_thread_blocked, id=7572, stack(0x0000007bd7100000,0x0000007bd7200000)]
  0x0000020dc058ecd0 JavaThread "Incoming local TCP Connector on port 64966" [_thread_in_native, id=15336, stack(0x0000007bd7200000,0x0000007bd7300000)]
  0x0000020dc0eb97a0 JavaThread "Daemon periodic checks" [_thread_blocked, id=17828, stack(0x0000007bd7300000,0x0000007bd7400000)]
  0x0000020dbf710ad0 JavaThread "Daemon" [_thread_blocked, id=5176, stack(0x0000007bd7400000,0x0000007bd7500000)]
  0x0000020dc10f5440 JavaThread "Handler for socket connection from /127.0.0.1:64966 to /127.0.0.1:64967" [_thread_in_native, id=12840, stack(0x0000007bd7500000,0x0000007bd7600000)]
  0x0000020dc12364d0 JavaThread "Cancel handler" [_thread_blocked, id=11800, stack(0x0000007bd7700000,0x0000007bd7800000)]
  0x0000020dc1236ef0 JavaThread "Daemon worker" [_thread_in_vm, id=20976, stack(0x0000007bd7800000,0x0000007bd7900000)]
  0x0000020dc1237910 JavaThread "Asynchronous log dispatcher for DefaultDaemonConnection: socket connection from /127.0.0.1:64966 to /127.0.0.1:64967" [_thread_blocked, id=11568, stack(0x0000007bd7900000,0x0000007bd7a00000)]
  0x0000020dc1235090 JavaThread "Stdin handler" [_thread_blocked, id=18696, stack(0x0000007bd7a00000,0x0000007bd7b00000)]
  0x0000020dc12355a0 JavaThread "Daemon client event forwarder" [_thread_blocked, id=18740, stack(0x0000007bd7b00000,0x0000007bd7c00000)]
  0x0000020dc1238840 JavaThread "Cache worker for journal cache (C:\Users\Inurum_Four\.gradle\caches\journal-1)" [_thread_blocked, id=18208, stack(0x0000007bd7c00000,0x0000007bd7d00000)]
  0x0000020dc1235ab0 JavaThread "File lock request listener" [_thread_in_native, id=18720, stack(0x0000007bd7d00000,0x0000007bd7e00000)]
  0x0000020dc1237400 JavaThread "Cache worker for file hash cache (C:\Users\Inurum_Four\.gradle\caches\9.1.0\fileHashes)" [_thread_blocked, id=1472, stack(0x0000007bd7e00000,0x0000007bd7f00000)]

Other Threads:
  0x0000020d796f2e90 VMThread "VM Thread" [stack: 0x0000007bd5e00000,0x0000007bd5f00000] [id=21380]
  0x0000020dbf223040 WatcherThread [stack: 0x0000007bd6a00000,0x0000007bd6b00000] [id=20584]
  0x0000020d3a5a5de0 GCTaskThread "GC Thread#0" [stack: 0x0000007bd5900000,0x0000007bd5a00000] [id=3124]
  0x0000020dbf307540 GCTaskThread "GC Thread#1" [stack: 0x0000007bd6b00000,0x0000007bd6c00000] [id=12584]
  0x0000020dbf307c10 GCTaskThread "GC Thread#2" [stack: 0x0000007bd6c00000,0x0000007bd6d00000] [id=13080]
  0x0000020dbf307ed0 GCTaskThread "GC Thread#3" [stack: 0x0000007bd6d00000,0x0000007bd6e00000] [id=20880]
  0x0000020dbf3d11d0 GCTaskThread "GC Thread#4" [stack: 0x0000007bd6e00000,0x0000007bd6f00000] [id=17748]
  0x0000020dbf3d20b0 GCTaskThread "GC Thread#5" [stack: 0x0000007bd6f00000,0x0000007bd7000000] [id=9616]
  0x0000020dc00539a0 GCTaskThread "GC Thread#6" [stack: 0x0000007bd7000000,0x0000007bd7100000] [id=12796]
  0x0000020dbf66e5c0 GCTaskThread "GC Thread#7" [stack: 0x0000007bd7600000,0x0000007bd7700000] [id=2572]
  0x0000020d3a5b6ae0 ConcurrentGCThread "G1 Main Marker" [stack: 0x0000007bd5a00000,0x0000007bd5b00000] [id=14728]
  0x0000020d3a5b72a0 ConcurrentGCThread "G1 Conc#0" [stack: 0x0000007bd5b00000,0x0000007bd5c00000] [id=21036]
  0x0000020d795a7c90 ConcurrentGCThread "G1 Refine#0" [stack: 0x0000007bd5c00000,0x0000007bd5d00000] [id=1416]
  0x0000020d795a8470 ConcurrentGCThread "G1 Service" [stack: 0x0000007bd5d00000,0x0000007bd5e00000] [id=8344]

Threads with active compile tasks:
C2 CompilerThread0     5587 2516   !   4       java.net.URLClassLoader$1::run (81 bytes)

VM state: not at safepoint (normal execution)

VM Mutex/Monitor currently owned by a thread: None

Heap address: 0x0000000600000000, size: 8192 MB, Compressed Oops mode: Zero based, Oop shift amount: 3

CDS archive(s) mapped at: [0x0000020d7a000000-0x0000020d7abd0000-0x0000020d7abd0000), size 12386304, SharedBaseAddress: 0x0000020d7a000000, ArchiveRelocationMode: 1.
Compressed class space mapped at: 0x0000020d7b000000-0x0000020dbb000000, reserved size: 1073741824
Narrow klass base: 0x0000020d7a000000, Narrow klass shift: 0, Narrow klass range: 0x100000000

GC Precious Log:
 CPUs: 8 total, 8 available
 Memory: 16197M
 Large Page Support: Disabled
 NUMA Support: Disabled
 Compressed Oops: Enabled (Zero based)
 Heap Region Size: 4M
 Heap Min Capacity: 8M
 Heap Initial Capacity: 256M
 Heap Max Capacity: 8G
 Pre-touch: Disabled
 Parallel Workers: 8
 Concurrent Workers: 2
 Concurrent Refinement Workers: 8
 Periodic GC: Disabled

Heap:
 garbage-first heap   total 262144K, used 97589K [0x0000000600000000, 0x0000000800000000)
  region size 4096K, 23 young (94208K), 3 survivors (12288K)
 Metaspace       used 20834K, committed 21120K, reserved 1114112K
  class space    used 2899K, committed 3072K, reserved 1048576K

Heap Regions: E=young(eden), S=young(survivor), O=old, HS=humongous(starts), HC=humongous(continues), CS=collection set, F=free, OA=open archive, CA=closed archive, TAMS=top-at-mark-start (previous, next)
|   0|0x0000000600000000, 0x0000000600400000, 0x0000000600400000|100%|HS|  |TAMS 0x0000000600000000, 0x0000000600000000| Complete 
|   1|0x0000000600400000, 0x0000000600800000, 0x0000000600800000|100%| O|  |TAMS 0x0000000600400000, 0x0000000600400000| Untracked 
|   2|0x0000000600800000, 0x0000000600b15800, 0x0000000600c00000| 77%| O|  |TAMS 0x0000000600800000, 0x0000000600800000| Untracked 
|   3|0x0000000600c00000, 0x0000000600c00000, 0x0000000601000000|  0%| F|  |TAMS 0x0000000600c00000, 0x0000000600c00000| Untracked 
|   4|0x0000000601000000, 0x0000000601000000, 0x0000000601400000|  0%| F|  |TAMS 0x0000000601000000, 0x0000000601000000| Untracked 
|   5|0x0000000601400000, 0x0000000601400000, 0x0000000601800000|  0%| F|  |TAMS 0x0000000601400000, 0x0000000601400000| Untracked 
|   6|0x0000000601800000, 0x0000000601800000, 0x0000000601c00000|  0%| F|  |TAMS 0x0000000601800000, 0x0000000601800000| Untracked 
|   7|0x0000000601c00000, 0x0000000601c00000, 0x0000000602000000|  0%| F|  |TAMS 0x0000000601c00000, 0x0000000601c00000| Untracked 
|   8|0x0000000602000000, 0x0000000602000000, 0x0000000602400000|  0%| F|  |TAMS 0x0000000602000000, 0x0000000602000000| Untracked 
|   9|0x0000000602400000, 0x0000000602400000, 0x0000000602800000|  0%| F|  |TAMS 0x0000000602400000, 0x0000000602400000| Untracked 
|  10|0x0000000602800000, 0x0000000602800000, 0x0000000602c00000|  0%| F|  |TAMS 0x0000000602800000, 0x0000000602800000| Untracked 
|  11|0x0000000602c00000, 0x0000000602c00000, 0x0000000603000000|  0%| F|  |TAMS 0x0000000602c00000, 0x0000000602c00000| Untracked 
|  12|0x0000000603000000, 0x0000000603000000, 0x0000000603400000|  0%| F|  |TAMS 0x0000000603000000, 0x0000000603000000| Untracked 
|  13|0x0000000603400000, 0x0000000603400000, 0x0000000603800000|  0%| F|  |TAMS 0x0000000603400000, 0x0000000603400000| Untracked 
|  14|0x0000000603800000, 0x0000000603800000, 0x0000000603c00000|  0%| F|  |TAMS 0x0000000603800000, 0x0000000603800000| Untracked 
|  15|0x0000000603c00000, 0x0000000603c00000, 0x0000000604000000|  0%| F|  |TAMS 0x0000000603c00000, 0x0000000603c00000| Untracked 
|  16|0x0000000604000000, 0x0000000604000000, 0x0000000604400000|  0%| F|  |TAMS 0x0000000604000000, 0x0000000604000000| Untracked 
|  17|0x0000000604400000, 0x0000000604400000, 0x0000000604800000|  0%| F|  |TAMS 0x0000000604400000, 0x0000000604400000| Untracked 
|  18|0x0000000604800000, 0x0000000604800000, 0x0000000604c00000|  0%| F|  |TAMS 0x0000000604800000, 0x0000000604800000| Untracked 
|  19|0x0000000604c00000, 0x0000000604c00000, 0x0000000605000000|  0%| F|  |TAMS 0x0000000604c00000, 0x0000000604c00000| Untracked 
|  20|0x0000000605000000, 0x0000000605000000, 0x0000000605400000|  0%| F|  |TAMS 0x0000000605000000, 0x0000000605000000| Untracked 
|  21|0x0000000605400000, 0x0000000605400000, 0x0000000605800000|  0%| F|  |TAMS 0x0000000605400000, 0x0000000605400000| Untracked 
|  22|0x0000000605800000, 0x0000000605800000, 0x0000000605c00000|  0%| F|  |TAMS 0x0000000605800000, 0x0000000605800000| Untracked 
|  23|0x0000000605c00000, 0x0000000605c00000, 0x0000000606000000|  0%| F|  |TAMS 0x0000000605c00000, 0x0000000605c00000| Untracked 
|  24|0x0000000606000000, 0x0000000606000000, 0x0000000606400000|  0%| F|  |TAMS 0x0000000606000000, 0x0000000606000000| Untracked 
|  25|0x0000000606400000, 0x0000000606400000, 0x0000000606800000|  0%| F|  |TAMS 0x0000000606400000, 0x0000000606400000| Untracked 
|  26|0x0000000606800000, 0x0000000606800000, 0x0000000606c00000|  0%| F|  |TAMS 0x0000000606800000, 0x0000000606800000| Untracked 
|  27|0x0000000606c00000, 0x0000000606c00000, 0x0000000607000000|  0%| F|  |TAMS 0x0000000606c00000, 0x0000000606c00000| Untracked 
|  28|0x0000000607000000, 0x0000000607000000, 0x0000000607400000|  0%| F|  |TAMS 0x0000000607000000, 0x0000000607000000| Untracked 
|  29|0x0000000607400000, 0x0000000607400000, 0x0000000607800000|  0%| F|  |TAMS 0x0000000607400000, 0x0000000607400000| Untracked 
|  30|0x0000000607800000, 0x0000000607800000, 0x0000000607c00000|  0%| F|  |TAMS 0x0000000607800000, 0x0000000607800000| Untracked 
|  31|0x0000000607c00000, 0x0000000607c00000, 0x0000000608000000|  0%| F|  |TAMS 0x0000000607c00000, 0x0000000607c00000| Untracked 
|  32|0x0000000608000000, 0x0000000608000000, 0x0000000608400000|  0%| F|  |TAMS 0x0000000608000000, 0x0000000608000000| Untracked 
|  33|0x0000000608400000, 0x0000000608400000, 0x0000000608800000|  0%| F|  |TAMS 0x0000000608400000, 0x0000000608400000| Untracked 
|  34|0x0000000608800000, 0x0000000608800000, 0x0000000608c00000|  0%| F|  |TAMS 0x0000000608800000, 0x0000000608800000| Untracked 
|  35|0x0000000608c00000, 0x0000000608c00000, 0x0000000609000000|  0%| F|  |TAMS 0x0000000608c00000, 0x0000000608c00000| Untracked 
|  36|0x0000000609000000, 0x0000000609000000, 0x0000000609400000|  0%| F|  |TAMS 0x0000000609000000, 0x0000000609000000| Untracked 
|  37|0x0000000609400000, 0x0000000609400000, 0x0000000609800000|  0%| F|  |TAMS 0x0000000609400000, 0x0000000609400000| Untracked 
|  38|0x0000000609800000, 0x0000000609800000, 0x0000000609c00000|  0%| F|  |TAMS 0x0000000609800000, 0x0000000609800000| Untracked 
|  39|0x0000000609c00000, 0x0000000609c00000, 0x000000060a000000|  0%| F|  |TAMS 0x0000000609c00000, 0x0000000609c00000| Untracked 
|  40|0x000000060a000000, 0x000000060a000000, 0x000000060a400000|  0%| F|  |TAMS 0x000000060a000000, 0x000000060a000000| Untracked 
|  41|0x000000060a400000, 0x000000060a437c80, 0x000000060a800000|  5%| S|CS|TAMS 0x000000060a400000, 0x000000060a400000| Complete 
|  42|0x000000060a800000, 0x000000060ac00000, 0x000000060ac00000|100%| S|CS|TAMS 0x000000060a800000, 0x000000060a800000| Complete 
|  43|0x000000060ac00000, 0x000000060b000000, 0x000000060b000000|100%| S|CS|TAMS 0x000000060ac00000, 0x000000060ac00000| Complete 
|  44|0x000000060b000000, 0x000000060b1708a0, 0x000000060b400000| 35%| E|  |TAMS 0x000000060b000000, 0x000000060b000000| Complete 
|  45|0x000000060b400000, 0x000000060b800000, 0x000000060b800000|100%| E|CS|TAMS 0x000000060b400000, 0x000000060b400000| Complete 
|  46|0x000000060b800000, 0x000000060bc00000, 0x000000060bc00000|100%| E|CS|TAMS 0x000000060b800000, 0x000000060b800000| Complete 
|  47|0x000000060bc00000, 0x000000060c000000, 0x000000060c000000|100%| E|CS|TAMS 0x000000060bc00000, 0x000000060bc00000| Complete 
|  48|0x000000060c000000, 0x000000060c400000, 0x000000060c400000|100%| E|CS|TAMS 0x000000060c000000, 0x000000060c000000| Complete 
|  49|0x000000060c400000, 0x000000060c800000, 0x000000060c800000|100%| E|CS|TAMS 0x000000060c400000, 0x000000060c400000| Complete 
|  50|0x000000060c800000, 0x000000060cc00000, 0x000000060cc00000|100%| E|CS|TAMS 0x000000060c800000, 0x000000060c800000| Complete 
|  51|0x000000060cc00000, 0x000000060d000000, 0x000000060d000000|100%| E|CS|TAMS 0x000000060cc00000, 0x000000060cc00000| Complete 
|  52|0x000000060d000000, 0x000000060d400000, 0x000000060d400000|100%| E|CS|TAMS 0x000000060d000000, 0x000000060d000000| Complete 
|  53|0x000000060d400000, 0x000000060d800000, 0x000000060d800000|100%| E|CS|TAMS 0x000000060d400000, 0x000000060d400000| Complete 
|  54|0x000000060d800000, 0x000000060dc00000, 0x000000060dc00000|100%| E|CS|TAMS 0x000000060d800000, 0x000000060d800000| Complete 
|  55|0x000000060dc00000, 0x000000060e000000, 0x000000060e000000|100%| E|CS|TAMS 0x000000060dc00000, 0x000000060dc00000| Complete 
|  56|0x000000060e000000, 0x000000060e400000, 0x000000060e400000|100%| E|CS|TAMS 0x000000060e000000, 0x000000060e000000| Complete 
|  57|0x000000060e400000, 0x000000060e800000, 0x000000060e800000|100%| E|CS|TAMS 0x000000060e400000, 0x000000060e400000| Complete 
|  58|0x000000060e800000, 0x000000060ec00000, 0x000000060ec00000|100%| E|CS|TAMS 0x000000060e800000, 0x000000060e800000| Complete 
|  59|0x000000060ec00000, 0x000000060f000000, 0x000000060f000000|100%| E|CS|TAMS 0x000000060ec00000, 0x000000060ec00000| Complete 
|  60|0x000000060f000000, 0x000000060f400000, 0x000000060f400000|100%| E|CS|TAMS 0x000000060f000000, 0x000000060f000000| Complete 
|  61|0x000000060f400000, 0x000000060f800000, 0x000000060f800000|100%| E|CS|TAMS 0x000000060f400000, 0x000000060f400000| Complete 
|  62|0x000000060f800000, 0x000000060fc00000, 0x000000060fc00000|100%| E|CS|TAMS 0x000000060f800000, 0x000000060f800000| Complete 
|  63|0x000000060fc00000, 0x0000000610000000, 0x0000000610000000|100%| E|CS|TAMS 0x000000060fc00000, 0x000000060fc00000| Complete 

Card table byte_map: [0x0000020d65270000,0x0000020d66270000] _byte_map_base: 0x0000020d62270000

Marking Bits (Prev, Next): (CMBitMap*) 0x0000020d3a5a61b0, (CMBitMap*) 0x0000020d3a5a61f0
 Prev Bits: [0x0000020d67270000, 0x0000020d6f270000)
 Next Bits: [0x0000020d6f270000, 0x0000020d77270000)

Polling page: 0x0000020d3a5c0000

Metaspace:

Usage:
  Non-class:     17.51 MB used.
      Class:      2.83 MB used.
       Both:     20.35 MB used.

Virtual space:
  Non-class space:       64.00 MB reserved,      17.62 MB ( 28%) committed,  1 nodes.
      Class space:        1.00 GB reserved,       3.00 MB ( <1%) committed,  1 nodes.
             Both:        1.06 GB reserved,      20.62 MB (  2%) committed. 

Chunk freelists:
   Non-Class:  13.44 MB
       Class:  13.06 MB
        Both:  26.49 MB

MaxMetaspaceSize: 4.00 GB
CompressedClassSpaceSize: 1.00 GB
Initial GC threshold: 21.00 MB
Current GC threshold: 21.00 MB
CDS: on
MetaspaceReclaimPolicy: balanced
 - commit_granule_bytes: 65536.
 - commit_granule_words: 8192.
 - virtual_space_node_default_size: 8388608.
 - enlarge_chunks_in_place: 1.
 - new_chunks_are_fully_committed: 0.
 - uncommit_free_chunks: 1.
 - use_allocation_guard: 0.
 - handle_deallocations: 1.


Internal statistics:

num_allocs_failed_limit: 0.
num_arena_births: 244.
num_arena_deaths: 0.
num_vsnodes_births: 2.
num_vsnodes_deaths: 0.
num_space_committed: 330.
num_space_uncommitted: 0.
num_chunks_returned_to_freelist: 0.
num_chunks_taken_from_freelist: 977.
num_chunk_merges: 0.
num_chunk_splits: 654.
num_chunks_enlarged: 465.
num_inconsistent_stats: 0.

CodeHeap 'non-profiled nmethods': size=259264Kb used=1450Kb max_used=1450Kb free=257813Kb
 bounds [0x0000020d538c0000, 0x0000020d53b30000, 0x0000020d635f0000]
CodeHeap 'profiled nmethods': size=259264Kb used=5205Kb max_used=5205Kb free=254058Kb
 bounds [0x0000020d435f0000, 0x0000020d43b10000, 0x0000020d53320000]
CodeHeap 'non-nmethods': size=5760Kb used=1242Kb max_used=1290Kb free=4517Kb
 bounds [0x0000020d53320000, 0x0000020d53590000, 0x0000020d538c0000]
 total_blobs=3093 nmethods=2544 adapters=461
 compilation: enabled
              stopped_count=0, restarted_count=0
 full_count=0

Compilation events (20 events):
Event: 5.339 Thread 0x0000020dbf020440 nmethod 2536 0x0000020d43b00490 code [0x0000020d43b00620, 0x0000020d43b00718]
Event: 5.345 Thread 0x0000020d797145d0 nmethod 2514 0x0000020d53a0ed90 code [0x0000020d53a0f3e0, 0x0000020d53a17c60]
Event: 5.346 Thread 0x0000020d797145d0 2516   !   4       java.net.URLClassLoader$1::run (81 bytes)
Event: 5.410 Thread 0x0000020dbf020440 2538       3       jdk.internal.loader.Resource::getByteBuffer (24 bytes)
Event: 5.411 Thread 0x0000020dbf020440 nmethod 2538 0x0000020d43b00790 code [0x0000020d43b00980, 0x0000020d43b01118]
Event: 5.411 Thread 0x0000020dbf020440 2539       3       jdk.internal.loader.URLClassPath$JarLoader$2::getCodeSigners (8 bytes)
Event: 5.411 Thread 0x0000020dbf020440 nmethod 2539 0x0000020d43b01310 code [0x0000020d43b014c0, 0x0000020d43b016a8]
Event: 5.454 Thread 0x0000020dc16ef5d0 nmethod 2515 0x0000020d53a1de90 code [0x0000020d53a1e4a0, 0x0000020d53a26180]
Event: 5.456 Thread 0x0000020dc16ef5d0 2537       4       java.util.LinkedHashMap::get (29 bytes)
Event: 5.460 Thread 0x0000020dc16ef5d0 nmethod 2537 0x0000020d53a29b90 code [0x0000020d53a29d40, 0x0000020d53a2a3f8]
Event: 5.460 Thread 0x0000020dc16ef5d0 2527       4       java.lang.Class$Atomic::casReflectionData (13 bytes)
Event: 5.461 Thread 0x0000020dc16ef5d0 nmethod 2527 0x0000020d53a2a790 code [0x0000020d53a2a900, 0x0000020d53a2aa38]
Event: 5.523 Thread 0x0000020dbf020440 2540       3       jdk.internal.reflect.Reflection::filter (163 bytes)
Event: 5.525 Thread 0x0000020dbf020440 nmethod 2540 0x0000020d43b01790 code [0x0000020d43b01a00, 0x0000020d43b027c8]
Event: 5.543 Thread 0x0000020dbf020440 2541       3       java.util.Arrays::asList (9 bytes)
Event: 5.544 Thread 0x0000020dbf020440 nmethod 2541 0x0000020d43b02b90 code [0x0000020d43b02d60, 0x0000020d43b031e8]
Event: 5.562 Thread 0x0000020dbf020440 2542       3       java.lang.WeakPairMap$Pair$Lookup::equals (31 bytes)
Event: 5.562 Thread 0x0000020dbf020440 nmethod 2542 0x0000020d43b03390 code [0x0000020d43b03580, 0x0000020d43b03c78]
Event: 5.562 Thread 0x0000020dbf020440 2543       3       jdk.internal.org.objectweb.asm.Frame::addInitializedType (77 bytes)
Event: 5.563 Thread 0x0000020dbf020440 nmethod 2543 0x0000020d43b03d90 code [0x0000020d43b03f60, 0x0000020d43b044a8]

GC Heap History (6 events):
Event: 0.377 GC heap before
{Heap before GC invocations=0 (full 0):
 garbage-first heap   total 262144K, used 20480K [0x0000000600000000, 0x0000000800000000)
  region size 4096K, 5 young (20480K), 0 survivors (0K)
 Metaspace       used 818K, committed 896K, reserved 1114112K
  class space    used 61K, committed 128K, reserved 1048576K
}
Event: 0.383 GC heap after
{Heap after GC invocations=1 (full 0):
 garbage-first heap   total 262144K, used 1416K [0x0000000600000000, 0x0000000800000000)
  region size 4096K, 1 young (4096K), 1 survivors (4096K)
 Metaspace       used 818K, committed 896K, reserved 1114112K
  class space    used 61K, committed 128K, reserved 1048576K
}
Event: 1.320 GC heap before
{Heap before GC invocations=1 (full 0):
 garbage-first heap   total 262144K, used 46472K [0x0000000600000000, 0x0000000800000000)
  region size 4096K, 11 young (45056K), 1 survivors (4096K)
 Metaspace       used 4543K, committed 4736K, reserved 1114112K
  class space    used 571K, committed 640K, reserved 1048576K
}
Event: 1.323 GC heap after
{Heap after GC invocations=2 (full 0):
 garbage-first heap   total 262144K, used 11385K [0x0000000600000000, 0x0000000800000000)
  region size 4096K, 2 young (8192K), 2 survivors (8192K)
 Metaspace       used 4543K, committed 4736K, reserved 1114112K
  class space    used 571K, committed 640K, reserved 1048576K
}
Event: 2.877 GC heap before
{Heap before GC invocations=2 (full 0):
 garbage-first heap   total 262144K, used 85113K [0x0000000600000000, 0x0000000800000000)
  region size 4096K, 20 young (81920K), 2 survivors (8192K)
 Metaspace       used 10441K, committed 10688K, reserved 1114112K
  class space    used 1390K, committed 1536K, reserved 1048576K
}
Event: 2.889 GC heap after
{Heap after GC invocations=3 (full 0):
 garbage-first heap   total 262144K, used 19765K [0x0000000600000000, 0x0000000800000000)
  region size 4096K, 3 young (12288K), 3 survivors (12288K)
 Metaspace       used 10441K, committed 10688K, reserved 1114112K
  class space    used 1390K, committed 1536K, reserved 1048576K
}

Deoptimization events (20 events):
Event: 3.834 Thread 0x0000020dc1236ef0 DEOPT PACKING pc=0x0000020d538deec8 sp=0x0000007bd78fa580
Event: 3.834 Thread 0x0000020dc1236ef0 DEOPT UNPACKING pc=0x0000020d533723a3 sp=0x0000007bd78fa510 mode 2
Event: 3.845 Thread 0x0000020dc1236ef0 DEOPT PACKING pc=0x0000020d436ce0bc sp=0x0000007bd78fa390
Event: 3.845 Thread 0x0000020dc1236ef0 DEOPT UNPACKING pc=0x0000020d53372b43 sp=0x0000007bd78f9828 mode 0
Event: 3.874 Thread 0x0000020dc1236ef0 Uncommon trap: trap_request=0xffffff45 fr.pc=0x0000020d539b0ef4 relative=0x0000000000000074
Event: 3.874 Thread 0x0000020dc1236ef0 Uncommon trap: reason=unstable_if action=reinterpret pc=0x0000020d539b0ef4 method=jdk.internal.misc.Unsafe.convEndian(ZI)I @ 4 c2
Event: 3.874 Thread 0x0000020dc1236ef0 DEOPT PACKING pc=0x0000020d539b0ef4 sp=0x0000007bd78fa300
Event: 3.874 Thread 0x0000020dc1236ef0 DEOPT UNPACKING pc=0x0000020d533723a3 sp=0x0000007bd78fa208 mode 2
Event: 3.909 Thread 0x0000020dc1236ef0 Uncommon trap: trap_request=0xffffff45 fr.pc=0x0000020d538dd648 relative=0x0000000000000ac8
Event: 3.909 Thread 0x0000020dc1236ef0 Uncommon trap: reason=unstable_if action=reinterpret pc=0x0000020d538dd648 method=java.io.WinNTFileSystem.resolve(Ljava/lang/String;Ljava/lang/String;)Ljava/lang/String; @ 19 c2
Event: 3.909 Thread 0x0000020dc1236ef0 DEOPT PACKING pc=0x0000020d538dd648 sp=0x0000007bd78fae90
Event: 3.909 Thread 0x0000020dc1236ef0 DEOPT UNPACKING pc=0x0000020d533723a3 sp=0x0000007bd78fae38 mode 2
Event: 3.916 Thread 0x0000020dc1236ef0 Uncommon trap: trap_request=0xffffff45 fr.pc=0x0000020d53954734 relative=0x00000000000005f4
Event: 3.916 Thread 0x0000020dc1236ef0 Uncommon trap: reason=unstable_if action=reinterpret pc=0x0000020d53954734 method=java.io.File.getName()Ljava/lang/String; @ 16 c2
Event: 3.916 Thread 0x0000020dc1236ef0 DEOPT PACKING pc=0x0000020d53954734 sp=0x0000007bd78fae40
Event: 3.916 Thread 0x0000020dc1236ef0 DEOPT UNPACKING pc=0x0000020d533723a3 sp=0x0000007bd78fae10 mode 2
Event: 4.736 Thread 0x0000020dc1236ef0 Uncommon trap: trap_request=0xffffffcc fr.pc=0x0000020d53a0b5a8 relative=0x0000000000001408
Event: 4.736 Thread 0x0000020dc1236ef0 Uncommon trap: reason=intrinsic_or_type_checked_inlining action=make_not_entrant pc=0x0000020d53a0b5a8 method=java.util.ArrayList.toArray([Ljava/lang/Object;)[Ljava/lang/Object; @ 36 c2
Event: 4.736 Thread 0x0000020dc1236ef0 DEOPT PACKING pc=0x0000020d53a0b5a8 sp=0x0000007bd78fb6d0
Event: 4.736 Thread 0x0000020dc1236ef0 DEOPT UNPACKING pc=0x0000020d533723a3 sp=0x0000007bd78fb620 mode 2

Classes unloaded (0 events):
No events

Classes redefined (0 events):
No events

Internal exceptions (20 events):
Event: 3.358 Thread 0x0000020dc1236ef0 Exception <a 'java/lang/NoSuchMethodError'{0x000000060e9b0bd0}: 'java.lang.Object java.lang.invoke.DirectMethodHandle$Holder.invokeSpecial(java.lang.Object, java.lang.Object, java.lang.Object, java.lang.Object, java.lang.Object, java.lang.Object, java.lang.Object, java.lang.Object, java.lang.Object, java.lang.Object)'> (0x000000060e9b0bd0) 
thrown [s\open\src\hotspot\share\interpreter\linkResolver.cpp, line 759]
Event: 3.358 Thread 0x0000020dc1236ef0 Exception <a 'java/lang/NoSuchMethodError'{0x000000060e9b54a0}: 'java.lang.Object java.lang.invoke.Invokers$Holder.invoker(java.lang.Object, java.lang.Object, java.lang.Object, java.lang.Object, java.lang.Object, java.lang.Object, java.lang.Object, java.lang.Object, java.lang.Object, java.lang.Object)'> (0x000000060e9b54a0) 
thrown [s\open\src\hotspot\share\interpreter\linkResolver.cpp, line 759]
Event: 3.358 Thread 0x0000020dc1236ef0 Exception <a 'java/lang/NoSuchMethodError'{0x000000060e9bb0a8}: 'java.lang.Object java.lang.invoke.DirectMethodHandle$Holder.invokeSpecial(java.lang.Object, java.lang.Object, java.lang.Object, java.lang.Object, java.lang.Object, java.lang.Object, java.lang.Object, java.lang.Object, java.lang.Object, java.lang.Object, java.lang.Object)'> (0x000000060e9bb0a8) 
thrown [s\open\src\hotspot\share\interpreter\linkResolver.cpp, line 759]
Event: 3.793 Thread 0x0000020dc1236ef0 Exception <a 'java/lang/NoSuchMethodError'{0x000000060e241188}: 'java.lang.Object java.lang.invoke.DirectMethodHandle$Holder.newInvokeSpecial(java.lang.Object, java.lang.Object, int)'> (0x000000060e241188) 
thrown [s\open\src\hotspot\share\interpreter\linkResolver.cpp, line 759]
Event: 3.860 Thread 0x0000020dc1236ef0 Exception <a 'java/lang/NoSuchMethodError'{0x000000060dd78f38}: 'int java.lang.invoke.DirectMethodHandle$Holder.invokeStatic(java.lang.Object, java.lang.Object, int)'> (0x000000060dd78f38) 
thrown [s\open\src\hotspot\share\interpreter\linkResolver.cpp, line 759]
Event: 3.936 Thread 0x0000020dc1236ef0 Exception <a 'java/lang/NoSuchMethodError'{0x000000060d82b180}: 'void java.lang.invoke.DirectMethodHandle$Holder.invokeStatic(java.lang.Object, java.lang.Object, java.lang.Object, java.lang.Object)'> (0x000000060d82b180) 
thrown [s\open\src\hotspot\share\interpreter\linkResolver.cpp, line 759]
Event: 3.937 Thread 0x0000020dc1236ef0 Exception <a 'java/lang/NoSuchMethodError'{0x000000060d82f620}: 'void java.lang.invoke.DirectMethodHandle$Holder.invokeStaticInit(java.lang.Object, java.lang.Object, java.lang.Object, java.lang.Object)'> (0x000000060d82f620) 
thrown [s\open\src\hotspot\share\interpreter\linkResolver.cpp, line 759]
Event: 3.946 Thread 0x0000020dc1236ef0 Exception <a 'java/lang/NoSuchMethodError'{0x000000060d894560}: 'java.lang.Object java.lang.invoke.DirectMethodHandle$Holder.invokeInterface(java.lang.Object, java.lang.Object, java.lang.Object)'> (0x000000060d894560) 
thrown [s\open\src\hotspot\share\interpreter\linkResolver.cpp, line 759]
Event: 3.974 Thread 0x0000020dc1236ef0 Exception <a 'java/lang/NoSuchMethodError'{0x000000060d986178}: 'int java.lang.invoke.DirectMethodHandle$Holder.invokeSpecialIFC(java.lang.Object, java.lang.Object, java.lang.Object, java.lang.Object)'> (0x000000060d986178) 
thrown [s\open\src\hotspot\share\interpreter\linkResolver.cpp, line 759]
Event: 3.977 Thread 0x0000020dc1236ef0 Exception <a 'java/lang/IncompatibleClassChangeError'{0x000000060d994f90}: Found class java.lang.Object, but interface was expected> (0x000000060d994f90) 
thrown [s\open\src\hotspot\share\interpreter\linkResolver.cpp, line 826]
Event: 4.105 Thread 0x0000020dc1236ef0 Exception <a 'java/lang/IncompatibleClassChangeError'{0x000000060d706f58}: Found class java.lang.Object, but interface was expected> (0x000000060d706f58) 
thrown [s\open\src\hotspot\share\interpreter\linkResolver.cpp, line 826]
Event: 4.194 Thread 0x0000020dc12355a0 Exception <a 'java/lang/NoSuchMethodError'{0x000000060fa2dc90}: static Lorg/gradle/internal/build/event/types/DefaultOperationStartedProgressEvent;.<clinit>()V> (0x000000060fa2dc90) 
thrown [s\open\src\hotspot\share\prims\jni.cpp, line 1112]
Event: 4.194 Thread 0x0000020dc12355a0 Exception <a 'java/lang/NoSuchMethodError'{0x000000060fa2f218}: static Lorg/gradle/internal/build/event/types/AbstractProgressEvent;.<clinit>()V> (0x000000060fa2f218) 
thrown [s\open\src\hotspot\share\prims\jni.cpp, line 1112]
Event: 4.195 Thread 0x0000020dc12355a0 Exception <a 'java/lang/NoSuchMethodError'{0x000000060fa37f30}: static Lorg/gradle/internal/build/event/types/DefaultOperationDescriptor;.<clinit>()V> (0x000000060fa37f30) 
thrown [s\open\src\hotspot\share\prims\jni.cpp, line 1112]
Event: 4.203 Thread 0x0000020dc12355a0 Exception <a 'java/lang/NoSuchMethodError'{0x000000060fa4d890}: static Lorg/gradle/internal/operations/OperationIdentifier;.<clinit>()V> (0x000000060fa4d890) 
thrown [s\open\src\hotspot\share\prims\jni.cpp, line 1112]
Event: 4.509 Thread 0x0000020dc1236ef0 Exception <a 'java/lang/NoSuchMethodError'{0x000000060c4b77e0}: 'int java.lang.invoke.DirectMethodHandle$Holder.invokeStaticInit(java.lang.Object, java.lang.Object, java.lang.Object)'> (0x000000060c4b77e0) 
thrown [s\open\src\hotspot\share\interpreter\linkResolver.cpp, line 759]
Event: 4.878 Thread 0x0000020dc1236ef0 Exception <a 'java/lang/NoSuchMethodError'{0x000000060bf6a348}: 'int java.lang.invoke.DirectMethodHandle$Holder.invokeStatic(java.lang.Object, java.lang.Object, java.lang.Object, java.lang.Object)'> (0x000000060bf6a348) 
thrown [s\open\src\hotspot\share\interpreter\linkResolver.cpp, line 759]
Event: 4.879 Thread 0x0000020dc1236ef0 Exception <a 'java/lang/NoSuchMethodError'{0x000000060bf6df70}: 'java.lang.Object java.lang.invoke.Invokers$Holder.invokeExact_MT(java.lang.Object, java.lang.Object, java.lang.Object, java.lang.Object, java.lang.Object, java.lang.Object)'> (0x000000060bf6df70) 
thrown [s\open\src\hotspot\share\interpreter\linkResolver.cpp, line 759]
Event: 5.564 Thread 0x0000020dc1236ef0 Exception <a 'java/lang/NoSuchMethodError'{0x000000060b070438}: 'void java.lang.invoke.DirectMethodHandle$Holder.invokeSpecial(java.lang.Object, java.lang.Object, java.lang.Object, java.lang.Object, java.lang.Object)'> (0x000000060b070438) 
thrown [s\open\src\hotspot\share\interpreter\linkResolver.cpp, line 759]
Event: 5.565 Thread 0x0000020dc1236ef0 Exception <a 'java/lang/NoSuchMethodError'{0x000000060b077d98}: 'java.lang.Object java.lang.invoke.Invokers$Holder.invoker(java.lang.Object, java.lang.Object, java.lang.Object, java.lang.Object)'> (0x000000060b077d98) 
thrown [s\open\src\hotspot\share\interpreter\linkResolver.cpp, line 759]

VM Operations (20 events):
Event: 2.308 Executing VM operation: HandshakeAllThreads
Event: 2.308 Executing VM operation: HandshakeAllThreads done
Event: 2.337 Executing VM operation: HandshakeAllThreads
Event: 2.337 Executing VM operation: HandshakeAllThreads done
Event: 2.337 Executing VM operation: Cleanup
Event: 2.337 Executing VM operation: Cleanup done
Event: 2.423 Executing VM operation: HandshakeAllThreads
Event: 2.423 Executing VM operation: HandshakeAllThreads done
Event: 2.641 Executing VM operation: HandshakeAllThreads
Event: 2.641 Executing VM operation: HandshakeAllThreads done
Event: 2.877 Executing VM operation: G1CollectForAllocation
Event: 2.889 Executing VM operation: G1CollectForAllocation done
Event: 3.903 Executing VM operation: Cleanup
Event: 3.904 Executing VM operation: Cleanup done
Event: 4.079 Executing VM operation: HandshakeAllThreads
Event: 4.079 Executing VM operation: HandshakeAllThreads done
Event: 4.080 Executing VM operation: HandshakeAllThreads
Event: 4.080 Executing VM operation: HandshakeAllThreads done
Event: 5.084 Executing VM operation: Cleanup
Event: 5.085 Executing VM operation: Cleanup done

Events (20 events):
Event: 4.197 loading class java/nio/charset/CharacterCodingException
Event: 4.197 loading class java/nio/charset/CharacterCodingException done
Event: 4.309 loading class java/util/function/LongFunction
Event: 4.310 loading class java/util/function/LongFunction done
Event: 4.413 loading class java/security/InvalidKeyException
Event: 4.413 loading class java/security/KeyException
Event: 4.413 loading class java/security/KeyException done
Event: 4.413 loading class java/security/InvalidKeyException done
Event: 4.577 loading class java/lang/Override
Event: 4.577 loading class java/lang/Override done
Event: 4.661 loading class java/util/concurrent/atomic/AtomicReferenceFieldUpdater
Event: 4.662 loading class java/util/concurrent/atomic/AtomicReferenceFieldUpdater done
Event: 4.662 loading class java/util/concurrent/atomic/AtomicReferenceFieldUpdater$AtomicReferenceFieldUpdaterImpl
Event: 4.662 loading class java/util/concurrent/atomic/AtomicReferenceFieldUpdater$AtomicReferenceFieldUpdaterImpl done
Event: 4.662 loading class java/util/concurrent/atomic/AtomicReferenceFieldUpdater$AtomicReferenceFieldUpdaterImpl$1
Event: 4.662 loading class java/util/concurrent/atomic/AtomicReferenceFieldUpdater$AtomicReferenceFieldUpdaterImpl$1 done
Event: 4.690 loading class java/lang/ThreadLocal$SuppliedThreadLocal
Event: 4.690 loading class java/lang/ThreadLocal$SuppliedThreadLocal done
Event: 5.079 Thread 0x0000020dc16ef5d0 Thread added: 0x0000020dc16ef5d0
Event: 5.562 Thread 0x0000020dc16ef5d0 Thread exited: 0x0000020dc16ef5d0


Dynamic libraries:
0x00007ff738db0000 - 0x00007ff738dc0000 	C:\Program Files\Java\jdk-17\bin\java.exe
0x00007ffa2e960000 - 0x00007ffa2ebc7000 	C:\WINDOWS\SYSTEM32\ntdll.dll
0x00007ffa2d250000 - 0x00007ffa2d319000 	C:\WINDOWS\System32\KERNEL32.DLL
0x00007ffa2b840000 - 0x00007ffa2bc34000 	C:\WINDOWS\System32\KERNELBASE.dll
0x00007ffa2b500000 - 0x00007ffa2b64b000 	C:\WINDOWS\System32\ucrtbase.dll
0x00007ff9dead0000 - 0x00007ff9deaeb000 	C:\Program Files\Java\jdk-17\bin\VCRUNTIME140.dll
0x00007ff9fa5a0000 - 0x00007ff9fa5b9000 	C:\Program Files\Java\jdk-17\bin\jli.dll
0x00007ffa2d5e0000 - 0x00007ffa2d696000 	C:\WINDOWS\System32\ADVAPI32.dll
0x00007ffa2df70000 - 0x00007ffa2e019000 	C:\WINDOWS\System32\msvcrt.dll
0x00007ffa2ce70000 - 0x00007ffa2cf17000 	C:\WINDOWS\System32\sechost.dll
0x00007ffa2d4c0000 - 0x00007ffa2d5d8000 	C:\WINDOWS\System32\RPCRT4.dll
0x00007ffa2da70000 - 0x00007ffa2dc35000 	C:\WINDOWS\System32\USER32.dll
0x00007ffa2b810000 - 0x00007ffa2b837000 	C:\WINDOWS\System32\win32u.dll
0x00007ffa1ca10000 - 0x00007ffa1cca3000 	C:\WINDOWS\WinSxS\amd64_microsoft.windows.common-controls_6595b64144ccf1df_6.0.26100.8115_none_3e075c82e3354f9c\COMCTL32.dll
0x00007ffa2d020000 - 0x00007ffa2d04b000 	C:\WINDOWS\System32\GDI32.dll
0x00007ffa2b650000 - 0x00007ffa2b77b000 	C:\WINDOWS\System32\gdi32full.dll
0x00007ffa2b230000 - 0x00007ffa2b2d3000 	C:\WINDOWS\System32\msvcp_win.dll
0x00007ffa25240000 - 0x00007ffa2524b000 	C:\WINDOWS\SYSTEM32\VERSION.dll
0x00007ffa2e3c0000 - 0x00007ffa2e3f2000 	C:\WINDOWS\System32\IMM32.DLL
0x00007ff9fce30000 - 0x00007ff9fce3c000 	C:\Program Files\Java\jdk-17\bin\vcruntime140_1.dll
0x00007ff9d4710000 - 0x00007ff9d479e000 	C:\Program Files\Java\jdk-17\bin\msvcp140.dll
0x00007ff998010000 - 0x00007ff998bf0000 	C:\Program Files\Java\jdk-17\bin\server\jvm.dll
0x00007ffa2c6f0000 - 0x00007ffa2c6f8000 	C:\WINDOWS\System32\PSAPI.DLL
0x00007ff9de8a0000 - 0x00007ff9de8aa000 	C:\WINDOWS\SYSTEM32\WSOCK32.dll
0x00007ffa221d0000 - 0x00007ffa22206000 	C:\WINDOWS\SYSTEM32\WINMM.dll
0x00007ffa2e400000 - 0x00007ffa2e480000 	C:\WINDOWS\System32\WS2_32.dll
0x00007ffa29f80000 - 0x00007ffa29f9b000 	C:\WINDOWS\SYSTEM32\kernel.appcore.dll
0x00007ff9fa590000 - 0x00007ff9fa59a000 	C:\Program Files\Java\jdk-17\bin\jimage.dll
0x00007ffa1cf30000 - 0x00007ffa1d172000 	C:\WINDOWS\SYSTEM32\DBGHELP.DLL
0x00007ffa2e030000 - 0x00007ffa2e3b2000 	C:\WINDOWS\System32\combase.dll
0x00007ffa2d760000 - 0x00007ffa2d838000 	C:\WINDOWS\System32\OLEAUT32.dll
0x00007ffa1ccb0000 - 0x00007ffa1cceb000 	C:\WINDOWS\SYSTEM32\dbgcore.DLL
0x00007ffa2b2e0000 - 0x00007ffa2b385000 	C:\WINDOWS\System32\bcryptPrimitives.dll
0x00007ff9deac0000 - 0x00007ff9deace000 	C:\Program Files\Java\jdk-17\bin\instrument.dll
0x00007ff9d46e0000 - 0x00007ff9d4705000 	C:\Program Files\Java\jdk-17\bin\java.dll
0x00007ff9d4600000 - 0x00007ff9d46d7000 	C:\Program Files\Java\jdk-17\bin\jsvml.dll
0x00007ffa2c700000 - 0x00007ffa2ce67000 	C:\WINDOWS\System32\SHELL32.dll
0x00007ffa2b390000 - 0x00007ffa2b4fa000 	C:\WINDOWS\System32\wintypes.dll
0x00007ffa2be80000 - 0x00007ffa2c6e8000 	C:\WINDOWS\System32\windows.storage.dll
0x00007ffa2d050000 - 0x00007ffa2d148000 	C:\WINDOWS\System32\SHCORE.dll
0x00007ffa2de70000 - 0x00007ffa2ded6000 	C:\WINDOWS\System32\shlwapi.dll
0x00007ffa2b150000 - 0x00007ffa2b179000 	C:\WINDOWS\SYSTEM32\profapi.dll
0x00007ff9d45e0000 - 0x00007ff9d45f8000 	C:\Program Files\Java\jdk-17\bin\zip.dll
0x00007ff9d45c0000 - 0x00007ff9d45d9000 	C:\Program Files\Java\jdk-17\bin\net.dll
0x00007ffa24ff0000 - 0x00007ffa2511d000 	C:\WINDOWS\SYSTEM32\WINHTTP.dll
0x00007ffa2a4d0000 - 0x00007ffa2a53c000 	C:\WINDOWS\system32\mswsock.dll
0x00007ff9d45a0000 - 0x00007ff9d45b6000 	C:\Program Files\Java\jdk-17\bin\nio.dll
0x00007ff9d4590000 - 0x00007ff9d45a0000 	C:\Program Files\Java\jdk-17\bin\verify.dll
0x00007ff9fce40000 - 0x00007ff9fce67000 	C:\Users\Inurum_Four\.gradle\native\1def1411415f61bf3af743bc5b6707747c0891f09f0c88961ee8f79bc544acac\windows-amd64\native-platform.dll
0x00007ff9fcd10000 - 0x00007ff9fcd87000 	C:\Users\Inurum_Four\.gradle\native\0.2.8\x86_64-windows-gnu\gradle-fileevents.dll
0x00007ff9d4580000 - 0x00007ff9d458a000 	C:\Program Files\Java\jdk-17\bin\management.dll
0x00007ff9d4570000 - 0x00007ff9d457b000 	C:\Program Files\Java\jdk-17\bin\management_ext.dll
0x00007ffa29960000 - 0x00007ffa29992000 	C:\WINDOWS\SYSTEM32\IPHLPAPI.DLL
0x00007ffa2e020000 - 0x00007ffa2e02a000 	C:\WINDOWS\System32\NSI.dll
0x00007ffa24fd0000 - 0x00007ffa24fed000 	C:\WINDOWS\SYSTEM32\dhcpcsvc6.DLL
0x00007ffa24fa0000 - 0x00007ffa24fc5000 	C:\WINDOWS\SYSTEM32\dhcpcsvc.DLL
0x00007ffa299a0000 - 0x00007ffa29ad2000 	C:\WINDOWS\SYSTEM32\DNSAPI.dll
0x00007ffa2a8d0000 - 0x00007ffa2a8eb000 	C:\WINDOWS\SYSTEM32\CRYPTSP.dll
0x00007ffa29ee0000 - 0x00007ffa29f19000 	C:\WINDOWS\system32\rsaenh.dll
0x00007ffa2a580000 - 0x00007ffa2a5b3000 	C:\WINDOWS\SYSTEM32\USERENV.dll
0x00007ffa2b120000 - 0x00007ffa2b14a000 	C:\WINDOWS\SYSTEM32\bcrypt.dll
0x00007ffa2a730000 - 0x00007ffa2a73c000 	C:\WINDOWS\SYSTEM32\CRYPTBASE.dll
0x00007ff9d4560000 - 0x00007ff9d456e000 	C:\Program Files\Java\jdk-17\bin\sunmscapi.dll
0x00007ffa2bc40000 - 0x00007ffa2bdb7000 	C:\WINDOWS\System32\CRYPT32.dll
0x00007ffa2aa30000 - 0x00007ffa2aa60000 	C:\WINDOWS\SYSTEM32\ncrypt.dll
0x00007ffa2a9e0000 - 0x00007ffa2aa1f000 	C:\WINDOWS\SYSTEM32\NTASN1.dll
0x00007ffa11be0000 - 0x00007ffa11be8000 	C:\WINDOWS\system32\wshunix.dll

dbghelp: loaded successfully - version: 4.0.5 - missing functions: none
symbol engine: initialized successfully - sym options: 0x614 - pdb path: .;C:\Program Files\Java\jdk-17\bin;C:\WINDOWS\SYSTEM32;C:\WINDOWS\WinSxS\amd64_microsoft.windows.common-controls_6595b64144ccf1df_6.0.26100.8115_none_3e075c82e3354f9c;C:\Program Files\Java\jdk-17\bin\server;C:\Users\Inurum_Four\.gradle\native\1def1411415f61bf3af743bc5b6707747c0891f09f0c88961ee8f79bc544acac\windows-amd64;C:\Users\Inurum_Four\.gradle\native\0.2.8\x86_64-windows-gnu

VM Arguments:
jvm_args: --add-opens=java.base/java.lang=ALL-UNNAMED --add-opens=java.base/java.lang.invoke=ALL-UNNAMED --add-opens=java.base/java.util=ALL-UNNAMED --add-opens=java.prefs/java.util.prefs=ALL-UNNAMED --add-exports=jdk.compiler/com.sun.tools.javac.api=ALL-UNNAMED --add-exports=jdk.compiler/com.sun.tools.javac.util=ALL-UNNAMED --add-opens=java.base/java.util=ALL-UNNAMED --add-opens=java.prefs/java.util.prefs=ALL-UNNAMED --add-opens=java.base/java.nio.charset=ALL-UNNAMED --add-opens=java.base/java.net=ALL-UNNAMED --add-opens=java.base/java.util.concurrent=ALL-UNNAMED --add-opens=java.base/java.util.concurrent.atomic=ALL-UNNAMED --add-opens=java.xml/javax.xml.namespace=ALL-UNNAMED --add-opens=java.base/java.time=ALL-UNNAMED -XX:MaxMetaspaceSize=4G -XX:ReservedCodeCacheSize=512m -XX:+HeapDumpOnOutOfMemoryError -Xmx8G -Dfile.encoding=UTF-8 -Duser.country=IN -Duser.language=en -Duser.variant -javaagent:C:\Users\Inurum_Four\.gradle\wrapper\dists\gradle-9.1.0-all\7wzd0jkjit61aq2p43wpjgij9\gradle-9.1.0\lib\agents\gradle-instrumentation-agent-9.1.0.jar 
java_command: org.gradle.launcher.daemon.bootstrap.GradleDaemon 9.1.0
java_class_path (initial): C:\Users\Inurum_Four\.gradle\wrapper\dists\gradle-9.1.0-all\7wzd0jkjit61aq2p43wpjgij9\gradle-9.1.0\lib\gradle-daemon-main-9.1.0.jar
Launcher Type: SUN_STANDARD

[Global flags]
     intx CICompilerCount                          = 4                                         {product} {ergonomic}
     uint ConcGCThreads                            = 2                                         {product} {ergonomic}
     uint G1ConcRefinementThreads                  = 8                                         {product} {ergonomic}
   size_t G1HeapRegionSize                         = 4194304                                   {product} {ergonomic}
    uintx GCDrainStackTargetSize                   = 64                                        {product} {ergonomic}
     bool HeapDumpOnOutOfMemoryError               = true                                   {manageable} {command line}
   size_t InitialHeapSize                          = 268435456                                 {product} {ergonomic}
   size_t MarkStackSize                            = 4194304                                   {product} {ergonomic}
   size_t MaxHeapSize                              = 8589934592                                {product} {command line}
   size_t MaxMetaspaceSize                         = 4294967296                                {product} {command line}
   size_t MaxNewSize                               = 5150605312                                {product} {ergonomic}
   size_t MinHeapDeltaBytes                        = 4194304                                   {product} {ergonomic}
   size_t MinHeapSize                              = 8388608                                   {product} {ergonomic}
    uintx NonNMethodCodeHeapSize                   = 5839372                                {pd product} {ergonomic}
    uintx NonProfiledCodeHeapSize                  = 265515770                              {pd product} {ergonomic}
    uintx ProfiledCodeHeapSize                     = 265515770                              {pd product} {ergonomic}
    uintx ReservedCodeCacheSize                    = 536870912                              {pd product} {command line}
     bool SegmentedCodeCache                       = true                                      {product} {ergonomic}
   size_t SoftMaxHeapSize                          = 8589934592                             {manageable} {ergonomic}
   double SweeperThreshold                         = 0.234375                                  {product} {ergonomic}
     bool UseCompressedClassPointers               = true                           {product lp64_product} {ergonomic}
     bool UseCompressedOops                        = true                           {product lp64_product} {ergonomic}
     bool UseG1GC                                  = true                                      {product} {ergonomic}
     bool UseLargePagesIndividualAllocation        = false                                  {pd product} {ergonomic}

Logging:
Log output configuration:
 #0: stdout all=warning uptime,level,tags
 #1: stderr all=off uptime,level,tags

Environment Variables:
JAVA_HOME=C:\Program Files\Java\jdk-17
PATH=C:\Program Files\Common Files\Oracle\Java\javapath;C:\WINDOWS\system32;C:\WINDOWS;C:\WINDOWS\System32\Wbem;C:\WINDOWS\System32\WindowsPowerShell\v1.0\;C:\WINDOWS\System32\OpenSSH\;C:\src\flutter\bin;C:\Program Files\Git\cmd;C:\Users\Inurum_Four\AppData\Roaming\npm;C:\Program Files\nodejs\;C:\Users\Inurum_Four\AppData\Local\Programs\Python\Python311\Scripts\;C:\Users\Inurum_Four\AppData\Local\Programs\Python\Python311\;C:\Users\Inurum_Four\AppData\Local\Programs\Python\Python314\Scripts\;C:\Users\Inurum_Four\AppData\Local\Programs\Python\Python314\;C:\Users\Inurum_Four\AppData\Local\Microsoft\WindowsApps;C:\src\flutter\bin;C:\Users\Inurum_Four\AppData\Local\Programs\Microsoft VS Code\bin;C:\Program Files\nodejs\;C:\Users\Inurum_Four\AppData\Local\Pub\Cache\bin;C:\Users\Inurum_Four\AppData\Roaming\npm;C:\Users\Inurum_Four\AppData\Local\Programs\Antigravity\bin;C:\Program Files\SDCC\bin;C:\Users\Inurum_Four\AppData\Local\Programs\Antigravity IDE\bin;C:\Users\Inurum_Four\AppData\Local\GitHubDesktop\bin
USERNAME=Inurum_Four
OS=Windows_NT
PROCESSOR_IDENTIFIER=Intel64 Family 6 Model 151 Stepping 5, GenuineIntel



---------------  S Y S T E M  ---------------

OS:
 Windows 11 , 64 bit Build 26100 (10.0.26100.8246)
OS uptime: 0 days 2:55 hours
Hyper-V role detected

CPU: total 8 (initial active 8) (4 cores per cpu, 2 threads per core) family 6 model 151 stepping 5 microcode 0x18, cx8, cmov, fxsr, ht, mmx, 3dnowpref, sse, sse2, sse3, ssse3, sse4.1, sse4.2, popcnt, lzcnt, tsc, tscinvbit, avx, avx2, aes, erms, clmul, bmi1, bmi2, adx, sha, fma, vzeroupper, clflush, clflushopt, clwb, hv

Memory: 4k page, system-wide physical 16197M (727M free)
TotalPageFile size 32869M (AvailPageFile size 4M)
current process WorkingSet (physical memory assigned to process): 225M, peak: 233M
current process commit charge ("private bytes"): 432M, peak: 440M

vm_info: Java HotSpot(TM) 64-Bit Server VM (17.0.12+8-LTS-286) for windows-amd64 JRE (17.0.12+8-LTS-286), built on Jun  5 2024 06:46:59 by "mach5one" with MS VC++ 17.6 (VS2022)

END.
