, pid=10540, tid=41012
#
# JRE version: Java(TM) SE Runtime Environment (17.0.12+8) (build 17.0.12+8-LTS-286)
# Java VM: Java HotSpot(TM) 64-Bit Server VM (17.0.12+8-LTS-286, mixed mode, sharing, tiered, compressed oops, compressed class ptrs, g1 gc, windows-amd64)
# No core dump will be written. Minidumps are not enabled by default on client versions of Windows
#

---------------  S U M M A R Y ------------

Command Line: --add-opens=java.base/java.lang=ALL-UNNAMED --add-opens=java.base/java.lang.invoke=ALL-UNNAMED --add-opens=java.base/java.util=ALL-UNNAMED --add-opens=java.prefs/java.util.prefs=ALL-UNNAMED --add-exports=jdk.compiler/com.sun.tools.javac.api=ALL-UNNAMED --add-exports=jdk.compiler/com.sun.tools.javac.util=ALL-UNNAMED --add-opens=java.base/java.util=ALL-UNNAMED --add-opens=java.prefs/java.util.prefs=ALL-UNNAMED --add-opens=java.base/java.nio.charset=ALL-UNNAMED --add-opens=java.base/java.net=ALL-UNNAMED --add-opens=java.base/java.util.concurrent.atomic=ALL-UNNAMED --add-opens=java.xml/javax.xml.namespace=ALL-UNNAMED -Xmx1536M -Dfile.encoding=windows-1252 -Duser.country=IN -Duser.language=en -Duser.variant -javaagent:C:\Users\Inurum_Four\.gradle\wrapper\dists\gradle-8.14-all\c2qonpi39x1mddn7hk5gh9iqj\gradle-8.14\lib\agents\gradle-instrumentation-agent-8.14.jar org.gradle.launcher.daemon.bootstrap.GradleDaemon 8.14

Host: 12th Gen Intel(R) Core(TM) i3-12100F, 8 cores, 15G,  Windows 11 , 64 bit Build 26100 (10.0.26100.8246)
Time: Fri Jun 26 16:12:16 2026 India Standard Time elapsed time: 16.850443 seconds (0d 0h 0m 16s)

---------------  T H R E A D  ---------------

Current thread (0x0000021efc6a11a0):  JavaThread "C2 CompilerThread0" daemon [_thread_in_native, id=41012, stack(0x0000006d61100000,0x0000006d61200000)]


Current CompileTask:
C2:  16850 10869       4       com.google.common.collect.MapMakerInternalMap::putIfAbsent (29 bytes)

Stack: [0x0000006d61100000,0x0000006d61200000]
Native frames: (J=compiled Java code, j=interpreted, Vv=VM code, C=native code)
V  [jvm.dll+0x67a04a]
V  [jvm.dll+0x7da4ed]
V  [jvm.dll+0x7dbe33]
V  [jvm.dll+0x7dc4a3]
V  [jvm.dll+0x24508f]
V  [jvm.dll+0xab773]
V  [jvm.dll+0xabd3c]
V  [jvm.dll+0xab884]
V  [jvm.dll+0x658e4c]
V  [jvm.dll+0x21dc99]
V  [jvm.dll+0x69d3ea]
V  [jvm.dll+0x217ee4]
V  [jvm.dll+0x215b65]
V  [jvm.dll+0x1a2960]
V  [jvm.dll+0x22610b]
V  [jvm.dll+0x2242ab]
V  [jvm.dll+0x79075c]
V  [jvm.dll+0x78abea]
V  [jvm.dll+0x678f35]
C  [ucrtbase.dll+0x37b0]
C  [KERNEL32.DLL+0x2e8d7]
C  [ntdll.dll+0x8c3fc]


---------------  P R O C E S S  ---------------

Threads class SMR info:
_java_thread_list=0x0000021ed7c135f0, length=131, elements={
0x0000021eee726b10, 0x0000021efc6809b0, 0x0000021efc685290, 0x0000021efc69dfc0,
0x0000021efc69e890, 0x0000021efc69f160, 0x0000021efc69fa30, 0x0000021efc6a11a0,
0x0000021efc6a6880, 0x0000021efc6ab1b0, 0x0000021efc66b600, 0x0000021efc9ae2e0,
0x0000021efda639e0, 0x0000021efd8cb3d0, 0x0000021efce02950, 0x0000021efea39850,
0x0000021efea36ac0, 0x0000021efea38e30, 0x0000021efea360a0, 0x0000021efea379f0,
0x0000021efea37f00, 0x0000021efea38410, 0x0000021efea365b0, 0x0000021efea38920,
0x0000021efea36fd0, 0x0000021efea374e0, 0x0000021ed52a48b0, 0x0000021ed52a43a0,
0x0000021ed52a4dc0, 0x0000021ed52a52d0, 0x0000021ed52a57e0, 0x0000021ed52a3e90,
0x0000021ed52a5cf0, 0x0000021ed52a3980, 0x0000021ed52a2540, 0x0000021ed52a2a50,
0x0000021ed48e9870, 0x0000021ed48e6ff0, 0x0000021ed48e8e50, 0x0000021ed48e7500,
0x0000021ed48e8430, 0x0000021ed48e9360, 0x0000021ed48e9d80, 0x0000021ed48ea290,
0x0000021ed48ea7a0, 0x0000021ed48eb1c0, 0x0000021ed48eacb0, 0x0000021ed48e7a10,
0x0000021ed48eb6d0, 0x0000021ed48e7f20, 0x0000021ed48ebbe0, 0x0000021ed48ec0f0,
0x0000021ed48e8940, 0x0000021ed48ec600, 0x0000021ed48ee970, 0x0000021ed48ecb10,
0x0000021ed48ed020, 0x0000021ed48edf50, 0x0000021efcc4ae80, 0x0000021efcc4bdb0,
0x0000021efcc49a40, 0x0000021efcc4c7d0, 0x0000021efcc4a460, 0x0000021efcc4cce0,
0x0000021efcc49530, 0x0000021efcc4d1f0, 0x0000021efcc49f50, 0x0000021efcc4e120,
0x0000021efcc4b390, 0x0000021efcc4d700, 0x0000021efcc4dc10, 0x0000021efcc4a970,
0x0000021efcc4e630, 0x0000021efcc4eb40, 0x0000021efcc4f050, 0x0000021efcc4b8a0,
0x0000021efcc50490, 0x0000021efcc509a0, 0x0000021efcc4f560, 0x0000021efcc4fa70,
0x0000021efcc4ff80, 0x0000021efcc50eb0, 0x0000021ed587a7d0, 0x0000021ed587a2c0,
0x0000021ed5877f50, 0x0000021ed587ace0, 0x0000021ed5879390, 0x0000021ed5879db0,
0x0000021ed5878460, 0x0000021ed587b1f0, 0x0000021ed5878e80, 0x0000021ed5877a40,
0x0000021ed5878970, 0x0000021ed58798a0, 0x0000021ed7957d30, 0x0000021ed7959b90,
0x0000021ed7958240, 0x0000021ed7959680, 0x0000021ed795a5b0, 0x0000021ed795aac0,
0x0000021ed7958750, 0x0000021ed795afd0, 0x0000021ed7957820, 0x0000021ed795b4e0,
0x0000021ed795b9f0, 0x0000021ed795bf00, 0x0000021ed795c410, 0x0000021ed7959170,
0x0000021ed7958c60, 0x0000021ed795c920, 0x0000021ed795d340, 0x0000021ed795a0a0,
0x0000021ed795dd60, 0x0000021ed795f1a0, 0x0000021ed795e270, 0x0000021ed795ec90,
0x0000021ed54bdb70, 0x0000021ed54be080, 0x0000021ed54beaa0, 0x0000021ed54be590,
0x0000021ed54bd660, 0x0000021ed54bf9d0, 0x0000021ed54bcc40, 0x0000021ed54befb0,
0x0000021ed54bd150, 0x0000021ed54bf4c0, 0x0000021ed54bc220, 0x0000021ed54bfee0,
0x0000021ed54c1d40, 0x0000021ed54c0900, 0x0000021ed54c2c70
}

Java Threads: ( => current thread )
  0x0000021eee726b10 JavaThread "main" [_thread_blocked, id=44888, stack(0x0000006d60400000,0x0000006d60500000)]
  0x0000021efc6809b0 JavaThread "Reference Handler" daemon [_thread_blocked, id=10172, stack(0x0000006d60b00000,0x0000006d60c00000)]
  0x0000021efc685290 JavaThread "Finalizer" daemon [_thread_blocked, id=32472, stack(0x0000006d60c00000,0x0000006d60d00000)]
  0x0000021efc69dfc0 JavaThread "Signal Dispatcher" daemon [_thread_blocked, id=23712, stack(0x0000006d60d00000,0x0000006d60e00000)]
  0x0000021efc69e890 JavaThread "Attach Listener" daemon [_thread_blocked, id=43092, stack(0x0000006d60e00000,0x0000006d60f00000)]
  0x0000021efc69f160 JavaThread "Service Thread" daemon [_thread_blocked, id=39300, stack(0x0000006d60f00000,0x0000006d61000000)]
  0x0000021efc69fa30 JavaThread "Monitor Deflation Thread" daemon [_thread_blocked, id=7996, stack(0x0000006d61000000,0x0000006d61100000)]
=>0x0000021efc6a11a0 JavaThread "C2 CompilerThread0" daemon [_thread_in_native, id=41012, stack(0x0000006d61100000,0x0000006d61200000)]
  0x0000021efc6a6880 JavaThread "C1 CompilerThread0" daemon [_thread_blocked, id=17244, stack(0x0000006d61200000,0x0000006d61300000)]
  0x0000021efc6ab1b0 JavaThread "Sweeper thread" daemon [_thread_blocked, id=34500, stack(0x0000006d61300000,0x0000006d61400000)]
  0x0000021efc66b600 JavaThread "Common-Cleaner" daemon [_thread_blocked, id=23904, stack(0x0000006d61400000,0x0000006d61500000)]
  0x0000021efc9ae2e0 JavaThread "Notification Thread" daemon [_thread_blocked, id=4504, stack(0x0000006d61500000,0x0000006d61600000)]
  0x0000021efda639e0 JavaThread "Daemon health stats" [_thread_blocked, id=17704, stack(0x0000006d61f00000,0x0000006d62000000)]
  0x0000021efd8cb3d0 JavaThread "Incoming local TCP Connector on port 62273" [_thread_in_native, id=8036, stack(0x0000006d61800000,0x0000006d61900000)]
  0x0000021efce02950 JavaThread "Daemon periodic checks" [_thread_blocked, id=29612, stack(0x0000006d62000000,0x0000006d62100000)]
  0x0000021efea39850 JavaThread "Daemon" [_thread_blocked, id=34128, stack(0x0000006d62100000,0x0000006d62200000)]
  0x0000021efea36ac0 JavaThread "Handler for socket connection from /127.0.0.1:62273 to /127.0.0.1:62274" [_thread_in_native, id=19120, stack(0x0000006d62200000,0x0000006d62300000)]
  0x0000021efea38e30 JavaThread "Cancel handler" [_thread_blocked, id=22468, stack(0x0000006d62300000,0x0000006d62400000)]
  0x0000021efea360a0 JavaThread "Daemon worker" [_thread_in_vm, id=2540, stack(0x0000006d62400000,0x0000006d62500000)]
  0x0000021efea379f0 JavaThread "Asynchronous log dispatcher for DefaultDaemonConnection: socket connection from /127.0.0.1:62273 to /127.0.0.1:62274" [_thread_blocked, id=8124, stack(0x0000006d62500000,0x0000006d62600000)]
  0x0000021efea37f00 JavaThread "Stdin handler" [_thread_blocked, id=41692, stack(0x0000006d62600000,0x0000006d62700000)]
  0x0000021efea38410 JavaThread "Daemon client event forwarder" [_thread_blocked, id=2620, stack(0x0000006d62700000,0x0000006d62800000)]
  0x0000021efea365b0 JavaThread "Cache worker for journal cache (C:\Users\Inurum_Four\.gradle\caches\journal-1)" [_thread_blocked, id=34504, stack(0x0000006d62800000,0x0000006d62900000)]
  0x0000021efea38920 JavaThread "File lock request listener" [_thread_in_native, id=20984, stack(0x0000006d62900000,0x0000006d62a00000)]
  0x0000021efea36fd0 JavaThread "Cache worker for file hash cache (C:\Users\Inurum_Four\.gradle\caches\8.14\fileHashes)" [_thread_blocked, id=35660, stack(0x0000006d62a00000,0x0000006d62b00000)]
  0x0000021efea374e0 JavaThread "Cache worker for file hash cache (D:\InurumFlutter\mg\driver and customer\mahilasaarthi\driver\android\.gradle\8.14\fileHashes)" [_thread_blocked, id=37228, stack(0x0000006d62b00000,0x0000006d62c00000)]
  0x0000021ed52a48b0 JavaThread "Cache worker for Build Output Cleanup Cache (D:\InurumFlutter\mg\driver and customer\mahilasaarthi\driver\android\.gradle\buildOutputCleanup)" [_thread_blocked, id=25816, stack(0x0000006d62c00000,0x0000006d62d00000)]
  0x0000021ed52a43a0 JavaThread "File watcher server" daemon [_thread_in_native, id=39568, stack(0x0000006d63000000,0x0000006d63100000)]
  0x0000021ed52a4dc0 JavaThread "File watcher consumer" daemon [_thread_blocked, id=48896, stack(0x0000006d63100000,0x0000006d63200000)]
  0x0000021ed52a52d0 JavaThread "jar transforms" [_thread_blocked, id=21364, stack(0x0000006d63300000,0x0000006d63400000)]
  0x0000021ed52a57e0 JavaThread "Cache worker for checksums cache (D:\InurumFlutter\mg\driver and customer\mahilasaarthi\driver\android\.gradle\8.14\checksums)" [_thread_blocked, id=23816, stack(0x0000006d63400000,0x0000006d63500000)]
  0x0000021ed52a3e90 JavaThread "Cache worker for file content cache (C:\Users\Inurum_Four\.gradle\caches\8.14\fileContent)" [_thread_blocked, id=16728, stack(0x0000006d63500000,0x0000006d63600000)]
  0x0000021ed52a5cf0 JavaThread "Cache worker for cache directory md-supplier (C:\Users\Inurum_Four\.gradle\caches\8.14\md-supplier)" [_thread_blocked, id=46916, stack(0x0000006d63600000,0x0000006d63700000)]
  0x0000021ed52a3980 JavaThread "Cache worker for cache directory md-rule (C:\Users\Inurum_Four\.gradle\caches\8.14\md-rule)" [_thread_blocked, id=25796, stack(0x0000006d63700000,0x0000006d63800000)]
  0x0000021ed52a2540 JavaThread "Cache worker for Build Output Cleanup Cache (C:\src\flutter\packages\flutter_tools\gradle\.gradle\buildOutputCleanup)" [_thread_blocked, id=6764, stack(0x0000006d63800000,0x0000006d63900000)]
  0x0000021ed52a2a50 JavaThread "Unconstrained build operations" [_thread_blocked, id=22880, stack(0x0000006d63900000,0x0000006d63a00000)]
  0x0000021ed48e9870 JavaThread "Unconstrained build operations Thread 2" [_thread_blocked, id=12240, stack(0x0000006d63a00000,0x0000006d63b00000)]
  0x0000021ed48e6ff0 JavaThread "Unconstrained build operations Thread 3" [_thread_blocked, id=34056, stack(0x0000006d63b00000,0x0000006d63c00000)]
  0x0000021ed48e8e50 JavaThread "Unconstrained build operations Thread 4" [_thread_blocked, id=36876, stack(0x0000006d63c00000,0x0000006d63d00000)]
  0x0000021ed48e7500 JavaThread "Unconstrained build operations Thread 5" [_thread_blocked, id=26444, stack(0x0000006d63d00000,0x0000006d63e00000)]
  0x0000021ed48e8430 JavaThread "Unconstrained build operations Thread 6" [_thread_blocked, id=26060, stack(0x0000006d63e00000,0x0000006d63f00000)]
  0x0000021ed48e9360 JavaThread "Unconstrained build operations Thread 7" [_thread_blocked, id=30464, stack(0x0000006d63f00000,0x0000006d64000000)]
  0x0000021ed48e9d80 JavaThread "Unconstrained build operations Thread 8" [_thread_blocked, id=6412, stack(0x0000006d64000000,0x0000006d64100000)]
  0x0000021ed48ea290 JavaThread "Unconstrained build operations Thread 9" [_thread_blocked, id=42184, stack(0x0000006d64100000,0x0000006d64200000)]
  0x0000021ed48ea7a0 JavaThread "Unconstrained build operations Thread 10" [_thread_blocked, id=13368, stack(0x0000006d64200000,0x0000006d64300000)]
  0x0000021ed48eb1c0 JavaThread "Unconstrained build operations Thread 11" [_thread_blocked, id=3732, stack(0x0000006d64300000,0x0000006d64400000)]
  0x0000021ed48eacb0 JavaThread "Unconstrained build operations Thread 12" [_thread_blocked, id=12452, stack(0x0000006d64400000,0x0000006d64500000)]
  0x0000021ed48e7a10 JavaThread "Unconstrained build operations Thread 13" [_thread_blocked, id=41808, stack(0x0000006d64500000,0x0000006d64600000)]
  0x0000021ed48eb6d0 JavaThread "Unconstrained build operations Thread 14" [_thread_blocked, id=28480, stack(0x0000006d64600000,0x0000006d64700000)]
  0x0000021ed48e7f20 JavaThread "Unconstrained build operations Thread 15" [_thread_blocked, id=25416, stack(0x0000006d64700000,0x0000006d64800000)]
  0x0000021ed48ebbe0 JavaThread "Unconstrained build operations Thread 16" [_thread_blocked, id=33640, stack(0x0000006d64800000,0x0000006d64900000)]
  0x0000021ed48ec0f0 JavaThread "Unconstrained build operations Thread 17" [_thread_blocked, id=14432, stack(0x0000006d64900000,0x0000006d64a00000)]
  0x0000021ed48e8940 JavaThread "Unconstrained build operations Thread 18" [_thread_blocked, id=40308, stack(0x0000006d64a00000,0x0000006d64b00000)]
  0x0000021ed48ec600 JavaThread "Unconstrained build operations Thread 19" [_thread_blocked, id=13048, stack(0x0000006d64b00000,0x0000006d64c00000)]
  0x0000021ed48ee970 JavaThread "Unconstrained build operations Thread 20" [_thread_blocked, id=32088, stack(0x0000006d64c00000,0x0000006d64d00000)]
  0x0000021ed48ecb10 JavaThread "Unconstrained build operations Thread 21" [_thread_blocked, id=30076, stack(0x0000006d64d00000,0x0000006d64e00000)]
  0x0000021ed48ed020 JavaThread "Memory manager" [_thread_blocked, id=11780, stack(0x0000006d64e00000,0x0000006d64f00000)]
  0x0000021ed48edf50 JavaThread "build event listener" [_thread_blocked, id=2768, stack(0x0000006d63200000,0x0000006d63300000)]
  0x0000021efcc4ae80 JavaThread "included builds" [_thread_blocked, id=41628, stack(0x0000006d65000000,0x0000006d65100000)]
  0x0000021efcc4bdb0 JavaThread "Execution worker" [_thread_blocked, id=3580, stack(0x0000006d65100000,0x0000006d65200000)]
  0x0000021efcc49a40 JavaThread "Execution worker Thread 2" [_thread_blocked, id=17240, stack(0x0000006d65200000,0x0000006d65300000)]
  0x0000021efcc4c7d0 JavaThread "Execution worker Thread 3" [_thread_blocked, id=48688, stack(0x0000006d65300000,0x0000006d65400000)]
  0x0000021efcc4a460 JavaThread "Execution worker Thread 4" [_thread_blocked, id=25616, stack(0x0000006d65400000,0x0000006d65500000)]
  0x0000021efcc4cce0 JavaThread "Execution worker Thread 5" [_thread_blocked, id=48780, stack(0x0000006d65500000,0x0000006d65600000)]
  0x0000021efcc49530 JavaThread "Execution worker Thread 6" [_thread_blocked, id=27664, stack(0x0000006d65600000,0x0000006d65700000)]
  0x0000021efcc4d1f0 JavaThread "Execution worker Thread 7" [_thread_blocked, id=30212, stack(0x0000006d65700000,0x0000006d65800000)]
  0x0000021efcc49f50 JavaThread "Cache worker for execution history cache (C:\src\flutter\packages\flutter_tools\gradle\.gradle\8.14\executionHistory)" [_thread_blocked, id=34928, stack(0x0000006d65800000,0x0000006d65900000)]
  0x0000021efcc4e120 JavaThread "Unconstrained build operations Thread 22" [_thread_blocked, id=30488, stack(0x0000006d65900000,0x0000006d65a00000)]
  0x0000021efcc4b390 JavaThread "Unconstrained build operations Thread 23" [_thread_blocked, id=712, stack(0x0000006d65a00000,0x0000006d65b00000)]
  0x0000021efcc4d700 JavaThread "Unconstrained build operations Thread 24" [_thread_blocked, id=44236, stack(0x0000006d65b00000,0x0000006d65c00000)]
  0x0000021efcc4dc10 JavaThread "Unconstrained build operations Thread 25" [_thread_blocked, id=33904, stack(0x0000006d65c00000,0x0000006d65d00000)]
  0x0000021efcc4a970 JavaThread "Unconstrained build operations Thread 26" [_thread_blocked, id=41116, stack(0x0000006d65d00000,0x0000006d65e00000)]
  0x0000021efcc4e630 JavaThread "Unconstrained build operations Thread 27" [_thread_blocked, id=5476, stack(0x0000006d65e00000,0x0000006d65f00000)]
  0x0000021efcc4eb40 JavaThread "Unconstrained build operations Thread 28" [_thread_blocked, id=19716, stack(0x0000006d65f00000,0x0000006d66000000)]
  0x0000021efcc4f050 JavaThread "Unconstrained build operations Thread 29" [_thread_blocked, id=43984, stack(0x0000006d66000000,0x0000006d66100000)]
  0x0000021efcc4b8a0 JavaThread "Unconstrained build operations Thread 30" [_thread_blocked, id=14680, stack(0x0000006d66100000,0x0000006d66200000)]
  0x0000021efcc50490 JavaThread "Unconstrained build operations Thread 31" [_thread_blocked, id=22224, stack(0x0000006d66200000,0x0000006d66300000)]
  0x0000021efcc509a0 JavaThread "Unconstrained build operations Thread 32" [_thread_blocked, id=32752, stack(0x0000006d66300000,0x0000006d66400000)]
  0x0000021efcc4f560 JavaThread "Unconstrained build operations Thread 33" [_thread_blocked, id=17972, stack(0x0000006d66400000,0x0000006d66500000)]
  0x0000021efcc4fa70 JavaThread "Unconstrained build operations Thread 34" [_thread_blocked, id=11520, stack(0x0000006d66500000,0x0000006d66600000)]
  0x0000021efcc4ff80 JavaThread "Unconstrained build operations Thread 35" [_thread_blocked, id=12776, stack(0x0000006d66600000,0x0000006d66700000)]
  0x0000021efcc50eb0 JavaThread "Unconstrained build operations Thread 36" [_thread_blocked, id=37408, stack(0x0000006d66700000,0x0000006d66800000)]
  0x0000021ed587a7d0 JavaThread "Unconstrained build operations Thread 37" [_thread_blocked, id=29940, stack(0x0000006d66800000,0x0000006d66900000)]
  0x0000021ed587a2c0 JavaThread "Unconstrained build operations Thread 38" [_thread_blocked, id=25776, stack(0x0000006d66900000,0x0000006d66a00000)]
  0x0000021ed5877f50 JavaThread "Unconstrained build operations Thread 39" [_thread_blocked, id=14244, stack(0x0000006d66a00000,0x0000006d66b00000)]
  0x0000021ed587ace0 JavaThread "Unconstrained build operations Thread 40" [_thread_blocked, id=48008, stack(0x0000006d66b00000,0x0000006d66c00000)]
  0x0000021ed5879390 JavaThread "Unconstrained build operations Thread 41" [_thread_blocked, id=27120, stack(0x0000006d66c00000,0x0000006d66d00000)]
  0x0000021ed5879db0 JavaThread "Unconstrained build operations Thread 42" [_thread_blocked, id=29008, stack(0x0000006d66d00000,0x0000006d66e00000)]
  0x0000021ed5878460 JavaThread "Unconstrained build operations Thread 43" [_thread_blocked, id=45448, stack(0x0000006d66e00000,0x0000006d66f00000)]
  0x0000021ed587b1f0 JavaThread "Unconstrained build operations Thread 44" [_thread_blocked, id=24816, stack(0x0000006d66f00000,0x0000006d67000000)]
  0x0000021ed5878e80 JavaThread "Unconstrained build operations Thread 45" [_thread_blocked, id=7952, stack(0x0000006d67000000,0x0000006d67100000)]
  0x0000021ed5877a40 JavaThread "Unconstrained build operations Thread 46" [_thread_blocked, id=41180, stack(0x0000006d67100000,0x0000006d67200000)]
  0x0000021ed5878970 JavaThread "Unconstrained build operations Thread 47" [_thread_blocked, id=30248, stack(0x0000006d67200000,0x0000006d67300000)]
  0x0000021ed58798a0 JavaThread "Unconstrained build operations Thread 48" [_thread_blocked, id=10228, stack(0x0000006d67300000,0x0000006d67400000)]
  0x0000021ed7957d30 JavaThread "Unconstrained build operations Thread 49" [_thread_blocked, id=44084, stack(0x0000006d67400000,0x0000006d67500000)]
  0x0000021ed7959b90 JavaThread "Unconstrained build operations Thread 50" [_thread_blocked, id=6052, stack(0x0000006d67500000,0x0000006d67600000)]
  0x0000021ed7958240 JavaThread "Unconstrained build operations Thread 51" [_thread_blocked, id=38128, stack(0x0000006d67600000,0x0000006d67700000)]
  0x0000021ed7959680 JavaThread "Unconstrained build operations Thread 52" [_thread_blocked, id=32552, stack(0x0000006d67700000,0x0000006d67800000)]
  0x0000021ed795a5b0 JavaThread "Unconstrained build operations Thread 53" [_thread_blocked, id=30460, stack(0x0000006d67800000,0x0000006d67900000)]
  0x0000021ed795aac0 JavaThread "Unconstrained build operations Thread 54" [_thread_blocked, id=42408, stack(0x0000006d67900000,0x0000006d67a00000)]
  0x0000021ed7958750 JavaThread "Unconstrained build operations Thread 55" [_thread_blocked, id=20448, stack(0x0000006d67a00000,0x0000006d67b00000)]
  0x0000021ed795afd0 JavaThread "Unconstrained build operations Thread 56" [_thread_blocked, id=20136, stack(0x0000006d67b00000,0x0000006d67c00000)]
  0x0000021ed7957820 JavaThread "Unconstrained build operations Thread 57" [_thread_blocked, id=25864, stack(0x0000006d67c00000,0x0000006d67d00000)]
  0x0000021ed795b4e0 JavaThread "Unconstrained build operations Thread 58" [_thread_blocked, id=16684, stack(0x0000006d67d00000,0x0000006d67e00000)]
  0x0000021ed795b9f0 JavaThread "Unconstrained build operations Thread 59" [_thread_blocked, id=37008, stack(0x0000006d67e00000,0x0000006d67f00000)]
  0x0000021ed795bf00 JavaThread "Unconstrained build operations Thread 60" [_thread_blocked, id=29480, stack(0x0000006d67f00000,0x0000006d68000000)]
  0x0000021ed795c410 JavaThread "Unconstrained build operations Thread 61" [_thread_blocked, id=24556, stack(0x0000006d68000000,0x0000006d68100000)]
  0x0000021ed7959170 JavaThread "Unconstrained build operations Thread 62" [_thread_blocked, id=38404, stack(0x0000006d68100000,0x0000006d68200000)]
  0x0000021ed7958c60 JavaThread "Unconstrained build operations Thread 63" [_thread_blocked, id=3752, stack(0x0000006d68200000,0x0000006d68300000)]
  0x0000021ed795c920 JavaThread "Unconstrained build operations Thread 64" [_thread_blocked, id=44864, stack(0x0000006d68300000,0x0000006d68400000)]
  0x0000021ed795d340 JavaThread "Unconstrained build operations Thread 65" [_thread_blocked, id=13084, stack(0x0000006d68400000,0x0000006d68500000)]
  0x0000021ed795a0a0 JavaThread "jar transforms Thread 2" [_thread_blocked, id=25936, stack(0x0000006d61700000,0x0000006d61800000)]
  0x0000021ed795dd60 JavaThread "jar transforms Thread 3" [_thread_blocked, id=42312, stack(0x0000006d68600000,0x0000006d68700000)]
  0x0000021ed795f1a0 JavaThread "Unconstrained build operations Thread 66" [_thread_blocked, id=32684, stack(0x0000006d68700000,0x0000006d68800000)]
  0x0000021ed795e270 JavaThread "Unconstrained build operations Thread 67" [_thread_blocked, id=29352, stack(0x0000006d68800000,0x0000006d68900000)]
  0x0000021ed795ec90 JavaThread "Unconstrained build operations Thread 68" [_thread_blocked, id=11000, stack(0x0000006d68900000,0x0000006d68a00000)]
  0x0000021ed54bdb70 JavaThread "Unconstrained build operations Thread 69" [_thread_blocked, id=22796, stack(0x0000006d68a00000,0x0000006d68b00000)]
  0x0000021ed54be080 JavaThread "Unconstrained build operations Thread 70" [_thread_blocked, id=39184, stack(0x0000006d68b00000,0x0000006d68c00000)]
  0x0000021ed54beaa0 JavaThread "Unconstrained build operations Thread 71" [_thread_blocked, id=29104, stack(0x0000006d68c00000,0x0000006d68d00000)]
  0x0000021ed54be590 JavaThread "Unconstrained build operations Thread 72" [_thread_blocked, id=29068, stack(0x0000006d68d00000,0x0000006d68e00000)]
  0x0000021ed54bd660 JavaThread "Unconstrained build operations Thread 73" [_thread_blocked, id=9088, stack(0x0000006d68e00000,0x0000006d68f00000)]
  0x0000021ed54bf9d0 JavaThread "Unconstrained build operations Thread 74" [_thread_blocked, id=8828, stack(0x0000006d68f00000,0x0000006d69000000)]
  0x0000021ed54bcc40 JavaThread "Unconstrained build operations Thread 75" [_thread_blocked, id=21520, stack(0x0000006d69000000,0x0000006d69100000)]
  0x0000021ed54befb0 JavaThread "Unconstrained build operations Thread 76" [_thread_blocked, id=30444, stack(0x0000006d69100000,0x0000006d69200000)]
  0x0000021ed54bd150 JavaThread "Unconstrained build operations Thread 77" [_thread_blocked, id=47928, stack(0x0000006d69200000,0x0000006d69300000)]
  0x0000021ed54bf4c0 JavaThread "Unconstrained build operations Thread 78" [_thread_blocked, id=31584, stack(0x0000006d69300000,0x0000006d69400000)]
  0x0000021ed54bc220 JavaThread "Unconstrained build operations Thread 79" [_thread_blocked, id=18508, stack(0x0000006d69400000,0x0000006d69500000)]
  0x0000021ed54bfee0 JavaThread "Unconstrained build operations Thread 80" [_thread_blocked, id=46752, stack(0x0000006d69500000,0x0000006d69600000)]
  0x0000021ed54c1d40 JavaThread "jar transforms Thread 4" [_thread_blocked, id=26232, stack(0x0000006d69600000,0x0000006d69700000)]
  0x0000021ed54c0900 JavaThread "Problems report writer" [_thread_blocked, id=3880, stack(0x0000006d69700000,0x0000006d69800000)]
  0x0000021ed54c2c70 JavaThread "jar transforms Thread 5" [_thread_blocked, id=320, stack(0x0000006d64f00000,0x0000006d65000000)]

Other Threads:
  0x0000021efc67e900 VMThread "VM Thread" [stack: 0x0000006d60a00000,0x0000006d60b00000] [id=47292]
  0x0000021efc9ae7c0 WatcherThread [stack: 0x0000006d61600000,0x0000006d61700000] [id=25592]
  0x0000021eee774db0 GCTaskThread "GC Thread#0" [stack: 0x0000006d60500000,0x0000006d60600000] [id=22428]
  0x0000021efcc61dd0 GCTaskThread "GC Thread#1" [stack: 0x0000006d61900000,0x0000006d61a00000] [id=19440]
  0x0000021efca433d0 GCTaskThread "GC Thread#2" [stack: 0x0000006d61a00000,0x0000006d61b00000] [id=21984]
  0x0000021efca239a0 GCTaskThread "GC Thread#3" [stack: 0x0000006d61b00000,0x0000006d61c00000] [id=8368]
  0x0000021efca23c60 GCTaskThread "GC Thread#4" [stack: 0x0000006d61c00000,0x0000006d61d00000] [id=8872]
  0x0000021efca23f20 GCTaskThread "GC Thread#5" [stack: 0x0000006d61d00000,0x0000006d61e00000] [id=42468]
  0x0000021efef692e0 GCTaskThread "GC Thread#6" [stack: 0x0000006d62d00000,0x0000006d62e00000] [id=36924]
  0x0000021efef68aa0 GCTaskThread "GC Thread#7" [stack: 0x0000006d62e00000,0x0000006d62f00000] [id=22564]
  0x0000021eee782c20 ConcurrentGCThread "G1 Main Marker" [stack: 0x0000006d60600000,0x0000006d60700000] [id=18032]
  0x0000021eee7860d0 ConcurrentGCThread "G1 Conc#0" [stack: 0x0000006d60700000,0x0000006d60800000] [id=46300]
  0x0000021efef68260 ConcurrentGCThread "G1 Conc#1" [stack: 0x0000006d62f00000,0x0000006d63000000] [id=40316]
  0x0000021efc53a5a0 ConcurrentGCThread "G1 Refine#0" [stack: 0x0000006d60800000,0x0000006d60900000] [id=43808]
  0x0000021efd99bd40 ConcurrentGCThread "G1 Refine#1" [stack: 0x0000006d61e00000,0x0000006d61f00000] [id=16184]
  0x0000021efc53ac80 ConcurrentGCThread "G1 Service" [stack: 0x0000006d60900000,0x0000006d60a00000] [id=11564]

Threads with active compile tasks:
C2 CompilerThread0    16866 10869       4       com.google.common.collect.MapMakerInternalMap::putIfAbsent (29 bytes)

VM state: not at safepoint (normal execution)

VM Mutex/Monitor currently owned by a thread:  ([mutex/lock_event])
[0x0000021eee722fa0] Metaspace_lock - owner thread: 0x0000021efea360a0

Heap address: 0x00000000a0000000, size: 1536 MB, Compressed Oops mode: 32-bit

CDS archive(s) mapped at: [0x0000021e8f000000-0x0000021e8fbd0000-0x0000021e8fbd0000), size 12386304, SharedBaseAddress: 0x0000021e8f000000, ArchiveRelocationMode: 1.
Compressed class space mapped at: 0x0000021e90000000-0x0000021ed0000000, reserved size: 1073741824
Narrow klass base: 0x0000021e8f000000, Narrow klass shift: 0, Narrow klass range: 0x100000000

GC Precious Log:
 CPUs: 8 total, 8 available
 Memory: 16197M
 Large Page Support: Disabled
 NUMA Support: Disabled
 Compressed Oops: Enabled (32-bit)
 Heap Region Size: 1M
 Heap Min Capacity: 8M
 Heap Initial Capacity: 254M
 Heap Max Capacity: 1536M
 Pre-touch: Disabled
 Parallel Workers: 8
 Concurrent Workers: 2
 Concurrent Refinement Workers: 8
 Periodic GC: Disabled

Heap:
 garbage-first heap   total 189440K, used 124397K [0x00000000a0000000, 0x0000000100000000)
  region size 1024K, 24 young (24576K), 7 survivors (7168K)
 Metaspace       used 75013K, committed 75776K, reserved 1114112K
  class space    used 10510K, committed 10880K, reserved 1048576K

Heap Regions: E=young(eden), S=young(survivor), O=old, HS=humongous(starts), HC=humongous(continues), CS=collection set, F=free, OA=open archive, CA=closed archive, TAMS=top-at-mark-start (previous, next)
|   0|0x00000000a0000000, 0x00000000a0100000, 0x00000000a0100000|100%|HS|  |TAMS 0x00000000a0100000, 0x00000000a0000000| Complete 
|   1|0x00000000a0100000, 0x00000000a0200000, 0x00000000a0200000|100%|HC|  |TAMS 0x00000000a0200000, 0x00000000a0100000| Complete 
|   2|0x00000000a0200000, 0x00000000a0300000, 0x00000000a0300000|100%|HC|  |TAMS 0x00000000a0300000, 0x00000000a0200000| Complete 
|   3|0x00000000a0300000, 0x00000000a0400000, 0x00000000a0400000|100%| O|  |TAMS 0x00000000a0400000, 0x00000000a0300000| Untracked 
|   4|0x00000000a0400000, 0x00000000a0500000, 0x00000000a0500000|100%| O|  |TAMS 0x00000000a0500000, 0x00000000a0400000| Untracked 
|   5|0x00000000a0500000, 0x00000000a0600000, 0x00000000a0600000|100%| O|  |TAMS 0x00000000a0600000, 0x00000000a0500000| Untracked 
|   6|0x00000000a0600000, 0x00000000a0700000, 0x00000000a0700000|100%|HS|  |TAMS 0x00000000a0700000, 0x00000000a0600000| Complete 
|   7|0x00000000a0700000, 0x00000000a0800000, 0x00000000a0800000|100%| O|  |TAMS 0x00000000a0800000, 0x00000000a0700000| Untracked 
|   8|0x00000000a0800000, 0x00000000a0900000, 0x00000000a0900000|100%| O|  |TAMS 0x00000000a0900000, 0x00000000a0800000| Untracked 
|   9|0x00000000a0900000, 0x00000000a0a00000, 0x00000000a0a00000|100%| O|  |TAMS 0x00000000a0a00000, 0x00000000a0900000| Untracked 
|  10|0x00000000a0a00000, 0x00000000a0b00000, 0x00000000a0b00000|100%| O|  |TAMS 0x00000000a0b00000, 0x00000000a0a00000| Untracked 
|  11|0x00000000a0b00000, 0x00000000a0c00000, 0x00000000a0c00000|100%| O|  |TAMS 0x00000000a0c00000, 0x00000000a0b00000| Untracked 
|  12|0x00000000a0c00000, 0x00000000a0ce0000, 0x00000000a0d00000| 87%| O|  |TAMS 0x00000000a0ce0000, 0x00000000a0c00000| Untracked 
|  13|0x00000000a0d00000, 0x00000000a0e00000, 0x00000000a0e00000|100%| O|  |TAMS 0x00000000a0e00000, 0x00000000a0d00000| Untracked 
|  14|0x00000000a0e00000, 0x00000000a0f00000, 0x00000000a0f00000|100%| O|  |TAMS 0x00000000a0f00000, 0x00000000a0e00000| Untracked 
|  15|0x00000000a0f00000, 0x00000000a1000000, 0x00000000a1000000|100%| O|  |TAMS 0x00000000a1000000, 0x00000000a0f00000| Untracked 
|  16|0x00000000a1000000, 0x00000000a1100000, 0x00000000a1100000|100%| O|  |TAMS 0x00000000a1100000, 0x00000000a1000000| Untracked 
|  17|0x00000000a1100000, 0x00000000a1200000, 0x00000000a1200000|100%| O|  |TAMS 0x00000000a1200000, 0x00000000a1100000| Untracked 
|  18|0x00000000a1200000, 0x00000000a1300000, 0x00000000a1300000|100%| O|  |TAMS 0x00000000a1300000, 0x00000000a1200000| Untracked 
|  19|0x00000000a1300000, 0x00000000a1400000, 0x00000000a1400000|100%| O|  |TAMS 0x00000000a1400000, 0x00000000a1300000| Untracked 
|  20|0x00000000a1400000, 0x00000000a1500000, 0x00000000a1500000|100%| O|  |TAMS 0x00000000a1500000, 0x00000000a1400000| Untracked 
|  21|0x00000000a1500000, 0x00000000a1600000, 0x00000000a1600000|100%| O|  |TAMS 0x00000000a1600000, 0x00000000a1500000| Untracked 
|  22|0x00000000a1600000, 0x00000000a1700000, 0x00000000a1700000|100%| O|  |TAMS 0x00000000a1700000, 0x00000000a1600000| Untracked 
|  23|0x00000000a1700000, 0x00000000a1800000, 0x00000000a1800000|100%| O|  |TAMS 0x00000000a1800000, 0x00000000a1700000| Untracked 
|  24|0x00000000a1800000, 0x00000000a1900000, 0x00000000a1900000|100%| O|  |TAMS 0x00000000a1900000, 0x00000000a1800000| Untracked 
|  25|0x00000000a1900000, 0x00000000a1a00000, 0x00000000a1a00000|100%| O|  |TAMS 0x00000000a1a00000, 0x00000000a1900000| Untracked 
|  26|0x00000000a1a00000, 0x00000000a1b00000, 0x00000000a1b00000|100%| O|  |TAMS 0x00000000a1b00000, 0x00000000a1a00000| Untracked 
|  27|0x00000000a1b00000, 0x00000000a1c00000, 0x00000000a1c00000|100%| O|  |TAMS 0x00000000a1c00000, 0x00000000a1b00000| Untracked 
|  28|0x00000000a1c00000, 0x00000000a1d00000, 0x00000000a1d00000|100%| O|  |TAMS 0x00000000a1d00000, 0x00000000a1c00000| Untracked 
|  29|0x00000000a1d00000, 0x00000000a1e00000, 0x00000000a1e00000|100%| O|  |TAMS 0x00000000a1e00000, 0x00000000a1d00000| Untracked 
|  30|0x00000000a1e00000, 0x00000000a1f00000, 0x00000000a1f00000|100%| O|  |TAMS 0x00000000a1f00000, 0x00000000a1e00000| Untracked 
|  31|0x00000000a1f00000, 0x00000000a2000000, 0x00000000a2000000|100%| O|  |TAMS 0x00000000a2000000, 0x00000000a1f00000| Untracked 
|  32|0x00000000a2000000, 0x00000000a2100000, 0x00000000a2100000|100%| O|  |TAMS 0x00000000a2100000, 0x00000000a2000000| Untracked 
|  33|0x00000000a2100000, 0x00000000a2200000, 0x00000000a2200000|100%| O|  |TAMS 0x00000000a2200000, 0x00000000a2100000| Untracked 
|  34|0x00000000a2200000, 0x00000000a2300000, 0x00000000a2300000|100%| O|  |TAMS 0x00000000a2300000, 0x00000000a2200000| Untracked 
|  35|0x00000000a2300000, 0x00000000a2400000, 0x00000000a2400000|100%| O|  |TAMS 0x00000000a2400000, 0x00000000a2300000| Untracked 
|  36|0x00000000a2400000, 0x00000000a2500000, 0x00000000a2500000|100%| O|  |TAMS 0x00000000a2500000, 0x00000000a2400000| Untracked 
|  37|0x00000000a2500000, 0x00000000a2600000, 0x00000000a2600000|100%| O|  |TAMS 0x00000000a2600000, 0x00000000a2500000| Untracked 
|  38|0x00000000a2600000, 0x00000000a2700000, 0x00000000a2700000|100%| O|  |TAMS 0x00000000a2700000, 0x00000000a2600000| Untracked 
|  39|0x00000000a2700000, 0x00000000a2800000, 0x00000000a2800000|100%| O|  |TAMS 0x00000000a2800000, 0x00000000a2700000| Untracked 
|  40|0x00000000a2800000, 0x00000000a2900000, 0x00000000a2900000|100%| O|  |TAMS 0x00000000a2900000, 0x00000000a2800000| Untracked 
|  41|0x00000000a2900000, 0x00000000a2a00000, 0x00000000a2a00000|100%| O|  |TAMS 0x00000000a2a00000, 0x00000000a2900000| Untracked 
|  42|0x00000000a2a00000, 0x00000000a2b00000, 0x00000000a2b00000|100%| O|  |TAMS 0x00000000a2a00000, 0x00000000a2a00000| Untracked 
|  43|0x00000000a2b00000, 0x00000000a2c00000, 0x00000000a2c00000|100%| O|  |TAMS 0x00000000a2c00000, 0x00000000a2b00000| Untracked 
|  44|0x00000000a2c00000, 0x00000000a2d00000, 0x00000000a2d00000|100%| O|  |TAMS 0x00000000a2d00000, 0x00000000a2c00000| Untracked 
|  45|0x00000000a2d00000, 0x00000000a2e00000, 0x00000000a2e00000|100%| O|  |TAMS 0x00000000a2e00000, 0x00000000a2d00000| Untracked 
|  46|0x00000000a2e00000, 0x00000000a2f00000, 0x00000000a2f00000|100%| O|  |TAMS 0x00000000a2e00000, 0x00000000a2e00000| Untracked 
|  47|0x00000000a2f00000, 0x00000000a3000000, 0x00000000a3000000|100%| O|  |TAMS 0x00000000a3000000, 0x00000000a2f00000| Untracked 
|  48|0x00000000a3000000, 0x00000000a3100000, 0x00000000a3100000|100%| O|  |TAMS 0x00000000a3100000, 0x00000000a3000000| Untracked 
|  49|0x00000000a3100000, 0x00000000a3200000, 0x00000000a3200000|100%|HS|  |TAMS 0x00000000a3200000, 0x00000000a3100000| Complete 
|  50|0x00000000a3200000, 0x00000000a3300000, 0x00000000a3300000|100%|HC|  |TAMS 0x00000000a3300000, 0x00000000a3200000| Complete 
|  51|0x00000000a3300000, 0x00000000a3400000, 0x00000000a3400000|100%|HS|  |TAMS 0x00000000a3400000, 0x00000000a3300000| Complete 
|  52|0x00000000a3400000, 0x00000000a3500000, 0x00000000a3500000|100%|HC|  |TAMS 0x00000000a3500000, 0x00000000a3400000| Complete 
|  53|0x00000000a3500000, 0x00000000a3600000, 0x00000000a3600000|100%| O|  |TAMS 0x00000000a3600000, 0x00000000a3500000| Untracked 
|  54|0x00000000a3600000, 0x00000000a3700000, 0x00000000a3700000|100%| O|  |TAMS 0x00000000a3700000, 0x00000000a3600000| Untracked 
|  55|0x00000000a3700000, 0x00000000a3800000, 0x00000000a3800000|100%| O|  |TAMS 0x00000000a3800000, 0x00000000a3700000| Untracked 
|  56|0x00000000a3800000, 0x00000000a3900000, 0x00000000a3900000|100%| O|  |TAMS 0x00000000a3900000, 0x00000000a3800000| Untracked 
|  57|0x00000000a3900000, 0x00000000a3a00000, 0x00000000a3a00000|100%| O|  |TAMS 0x00000000a390ac00, 0x00000000a3900000| Untracked 
|  58|0x00000000a3a00000, 0x00000000a3b00000, 0x00000000a3b00000|100%| O|  |TAMS 0x00000000a3a00000, 0x00000000a3a00000| Untracked 
|  59|0x00000000a3b00000, 0x00000000a3c00000, 0x00000000a3c00000|100%| O|  |TAMS 0x00000000a3b00000, 0x00000000a3b00000| Untracked 
|  60|0x00000000a3c00000, 0x00000000a3d00000, 0x00000000a3d00000|100%| O|  |TAMS 0x00000000a3c00000, 0x00000000a3c00000| Untracked 
|  61|0x00000000a3d00000, 0x00000000a3e00000, 0x00000000a3e00000|100%| O|  |TAMS 0x00000000a3d00000, 0x00000000a3d00000| Untracked 
|  62|0x00000000a3e00000, 0x00000000a3f00000, 0x00000000a3f00000|100%| O|  |TAMS 0x00000000a3e00000, 0x00000000a3e00000| Untracked 
|  63|0x00000000a3f00000, 0x00000000a4000000, 0x00000000a4000000|100%| O|  |TAMS 0x00000000a3f00000, 0x00000000a3f00000| Untracked 
|  64|0x00000000a4000000, 0x00000000a4100000, 0x00000000a4100000|100%| O|  |TAMS 0x00000000a4000000, 0x00000000a4000000| Untracked 
|  65|0x00000000a4100000, 0x00000000a4200000, 0x00000000a4200000|100%| O|  |TAMS 0x00000000a4100000, 0x00000000a4100000| Untracked 
|  66|0x00000000a4200000, 0x00000000a4300000, 0x00000000a4300000|100%| O|  |TAMS 0x00000000a4200000, 0x00000000a4200000| Untracked 
|  67|0x00000000a4300000, 0x00000000a4400000, 0x00000000a4400000|100%| O|  |TAMS 0x00000000a4300000, 0x00000000a4300000| Untracked 
|  68|0x00000000a4400000, 0x00000000a4500000, 0x00000000a4500000|100%| O|  |TAMS 0x00000000a4400000, 0x00000000a4400000| Untracked 
|  69|0x00000000a4500000, 0x00000000a4600000, 0x00000000a4600000|100%| O|  |TAMS 0x00000000a4500000, 0x00000000a4500000| Untracked 
|  70|0x00000000a4600000, 0x00000000a4700000, 0x00000000a4700000|100%| O|  |TAMS 0x00000000a4600000, 0x00000000a4600000| Untracked 
|  71|0x00000000a4700000, 0x00000000a4800000, 0x00000000a4800000|100%| O|  |TAMS 0x00000000a4700000, 0x00000000a4700000| Untracked 
|  72|0x00000000a4800000, 0x00000000a4900000, 0x00000000a4900000|100%| O|  |TAMS 0x00000000a4800000, 0x00000000a4800000| Untracked 
|  73|0x00000000a4900000, 0x00000000a4a00000, 0x00000000a4a00000|100%|HS|  |TAMS 0x00000000a4900000, 0x00000000a4900000| Complete 
|  74|0x00000000a4a00000, 0x00000000a4b00000, 0x00000000a4b00000|100%|HS|  |TAMS 0x00000000a4a00000, 0x00000000a4a00000| Complete 
|  75|0x00000000a4b00000, 0x00000000a4c00000, 0x00000000a4c00000|100%|HS|  |TAMS 0x00000000a4b00000, 0x00000000a4b00000| Complete 
|  76|0x00000000a4c00000, 0x00000000a4d00000, 0x00000000a4d00000|100%|HS|  |TAMS 0x00000000a4c00000, 0x00000000a4c00000| Complete 
|  77|0x00000000a4d00000, 0x00000000a4e00000, 0x00000000a4e00000|100%| O|  |TAMS 0x00000000a4d00000, 0x00000000a4d00000| Untracked 
|  78|0x00000000a4e00000, 0x00000000a4f00000, 0x00000000a4f00000|100%| O|  |TAMS 0x00000000a4e00000, 0x00000000a4e00000| Untracked 
|  79|0x00000000a4f00000, 0x00000000a5000000, 0x00000000a5000000|100%| O|  |TAMS 0x00000000a4f00000, 0x00000000a4f00000| Untracked 
|  80|0x00000000a5000000, 0x00000000a5100000, 0x00000000a5100000|100%| O|  |TAMS 0x00000000a5000000, 0x00000000a5000000| Untracked 
|  81|0x00000000a5100000, 0x00000000a5200000, 0x00000000a5200000|100%| O|  |TAMS 0x00000000a5100000, 0x00000000a5100000| Untracked 
|  82|0x00000000a5200000, 0x00000000a5300000, 0x00000000a5300000|100%| O|  |TAMS 0x00000000a5200000, 0x00000000a5200000| Untracked 
|  83|0x00000000a5300000, 0x00000000a5400000, 0x00000000a5400000|100%| O|  |TAMS 0x00000000a5300000, 0x00000000a5300000| Untracked 
|  84|0x00000000a5400000, 0x00000000a5500000, 0x00000000a5500000|100%| O|  |TAMS 0x00000000a5400000, 0x00000000a5400000| Untracked 
|  85|0x00000000a5500000, 0x00000000a5600000, 0x00000000a5600000|100%| O|  |TAMS 0x00000000a5500000, 0x00000000a5500000| Untracked 
|  86|0x00000000a5600000, 0x00000000a5700000, 0x00000000a5700000|100%| O|  |TAMS 0x00000000a5600000, 0x00000000a5600000| Untracked 
|  87|0x00000000a5700000, 0x00000000a5800000, 0x00000000a5800000|100%| O|  |TAMS 0x00000000a5700000, 0x00000000a5700000| Untracked 
|  88|0x00000000a5800000, 0x00000000a5900000, 0x00000000a5900000|100%| O|  |TAMS 0x00000000a5800000, 0x00000000a5800000| Untracked 
|  89|0x00000000a5900000, 0x00000000a5a00000, 0x00000000a5a00000|100%| O|  |TAMS 0x00000000a5900000, 0x00000000a5900000| Untracked 
|  90|0x00000000a5a00000, 0x00000000a5b00000, 0x00000000a5b00000|100%| O|  |TAMS 0x00000000a5a00000, 0x00000000a5a00000| Untracked 
|  91|0x00000000a5b00000, 0x00000000a5c00000, 0x00000000a5c00000|100%| O|  |TAMS 0x00000000a5b00000, 0x00000000a5b00000| Untracked 
|  92|0x00000000a5c00000, 0x00000000a5c00000, 0x00000000a5d00000|  0%| F|  |TAMS 0x00000000a5c00000, 0x00000000a5c00000| Untracked 
|  93|0x00000000a5d00000, 0x00000000a5e00000, 0x00000000a5e00000|100%|HS|  |TAMS 0x00000000a5d00000, 0x00000000a5d00000| Complete 
|  94|0x00000000a5e00000, 0x00000000a5f00000, 0x00000000a5f00000|100%|HC|  |TAMS 0x00000000a5e00000, 0x00000000a5e00000| Complete 
|  95|0x00000000a5f00000, 0x00000000a6000000, 0x00000000a6000000|100%|HS|  |TAMS 0x00000000a5f00000, 0x00000000a5f00000| Complete 
|  96|0x00000000a6000000, 0x00000000a6100000, 0x00000000a6100000|100%|HS|  |TAMS 0x00000000a6000000, 0x00000000a6000000| Complete 
|  97|0x00000000a6100000, 0x00000000a6200000, 0x00000000a6200000|100%| O|  |TAMS 0x00000000a6100000, 0x00000000a6100000| Untracked 
|  98|0x00000000a6200000, 0x00000000a6300000, 0x00000000a6300000|100%| O|  |TAMS 0x00000000a6200000, 0x00000000a6200000| Untracked 
|  99|0x00000000a6300000, 0x00000000a639b400, 0x00000000a6400000| 60%| O|  |TAMS 0x00000000a6300000, 0x00000000a6300000| Untracked 
| 100|0x00000000a6400000, 0x00000000a6400000, 0x00000000a6500000|  0%| F|  |TAMS 0x00000000a6400000, 0x00000000a6400000| Untracked 
| 101|0x00000000a6500000, 0x00000000a6500000, 0x00000000a6600000|  0%| F|  |TAMS 0x00000000a6500000, 0x00000000a6500000| Untracked 
| 102|0x00000000a6600000, 0x00000000a6600000, 0x00000000a6700000|  0%| F|  |TAMS 0x00000000a6600000, 0x00000000a6600000| Untracked 
| 103|0x00000000a6700000, 0x00000000a6700000, 0x00000000a6800000|  0%| F|  |TAMS 0x00000000a6700000, 0x00000000a6700000| Untracked 
| 104|0x00000000a6800000, 0x00000000a6800000, 0x00000000a6900000|  0%| F|  |TAMS 0x00000000a6800000, 0x00000000a6800000| Untracked 
| 105|0x00000000a6900000, 0x00000000a6900000, 0x00000000a6a00000|  0%| F|  |TAMS 0x00000000a6900000, 0x00000000a6900000| Untracked 
| 106|0x00000000a6a00000, 0x00000000a6a00000, 0x00000000a6b00000|  0%| F|  |TAMS 0x00000000a6a00000, 0x00000000a6a00000| Untracked 
| 107|0x00000000a6b00000, 0x00000000a6b00000, 0x00000000a6c00000|  0%| F|  |TAMS 0x00000000a6b00000, 0x00000000a6b00000| Untracked 
| 108|0x00000000a6c00000, 0x00000000a6c00000, 0x00000000a6d00000|  0%| F|  |TAMS 0x00000000a6c00000, 0x00000000a6c00000| Untracked 
| 109|0x00000000a6d00000, 0x00000000a6d00000, 0x00000000a6e00000|  0%| F|  |TAMS 0x00000000a6d00000, 0x00000000a6d00000| Untracked 
| 110|0x00000000a6e00000, 0x00000000a6e00000, 0x00000000a6f00000|  0%| F|  |TAMS 0x00000000a6e00000, 0x00000000a6e00000| Untracked 
| 111|0x00000000a6f00000, 0x00000000a6f00000, 0x00000000a7000000|  0%| F|  |TAMS 0x00000000a6f00000, 0x00000000a6f00000| Untracked 
| 112|0x00000000a7000000, 0x00000000a7000000, 0x00000000a7100000|  0%| F|  |TAMS 0x00000000a7000000, 0x00000000a7000000| Untracked 
| 113|0x00000000a7100000, 0x00000000a7100000, 0x00000000a7200000|  0%| F|  |TAMS 0x00000000a7100000, 0x00000000a7100000| Untracked 
| 114|0x00000000a7200000, 0x00000000a7200000, 0x00000000a7300000|  0%| F|  |TAMS 0x00000000a7200000, 0x00000000a7200000| Untracked 
| 115|0x00000000a7300000, 0x00000000a7300000, 0x00000000a7400000|  0%| F|  |TAMS 0x00000000a7300000, 0x00000000a7300000| Untracked 
| 116|0x00000000a7400000, 0x00000000a7400000, 0x00000000a7500000|  0%| F|  |TAMS 0x00000000a7400000, 0x00000000a7400000| Untracked 
| 117|0x00000000a7500000, 0x00000000a7500000, 0x00000000a7600000|  0%| F|  |TAMS 0x00000000a7500000, 0x00000000a7500000| Untracked 
| 118|0x00000000a7600000, 0x00000000a7600000, 0x00000000a7700000|  0%| F|  |TAMS 0x00000000a7600000, 0x00000000a7600000| Untracked 
| 119|0x00000000a7700000, 0x00000000a7700000, 0x00000000a7800000|  0%| F|  |TAMS 0x00000000a7700000, 0x00000000a7700000| Untracked 
| 120|0x00000000a7800000, 0x00000000a7800000, 0x00000000a7900000|  0%| F|  |TAMS 0x00000000a7800000, 0x00000000a7800000| Untracked 
| 121|0x00000000a7900000, 0x00000000a7900000, 0x00000000a7a00000|  0%| F|  |TAMS 0x00000000a7900000, 0x00000000a7900000| Untracked 
| 122|0x00000000a7a00000, 0x00000000a7a00000, 0x00000000a7b00000|  0%| F|  |TAMS 0x00000000a7a00000, 0x00000000a7a00000| Untracked 
| 123|0x00000000a7b00000, 0x00000000a7b00000, 0x00000000a7c00000|  0%| F|  |TAMS 0x00000000a7b00000, 0x00000000a7b00000| Untracked 
| 124|0x00000000a7c00000, 0x00000000a7d00000, 0x00000000a7d00000|100%| S|CS|TAMS 0x00000000a7c00000, 0x00000000a7c00000| Complete 
| 125|0x00000000a7d00000, 0x00000000a7e00000, 0x00000000a7e00000|100%| S|CS|TAMS 0x00000000a7d00000, 0x00000000a7d00000| Complete 
| 126|0x00000000a7e00000, 0x00000000a7f00000, 0x00000000a7f00000|100%| S|CS|TAMS 0x00000000a7e00000, 0x00000000a7e00000| Complete 
| 127|0x00000000a7f00000, 0x00000000a8000000, 0x00000000a8000000|100%| S|CS|TAMS 0x00000000a7f00000, 0x00000000a7f00000| Complete 
| 128|0x00000000a8000000, 0x00000000a8000000, 0x00000000a8100000|  0%| F|  |TAMS 0x00000000a8000000, 0x00000000a8000000| Untracked 
| 129|0x00000000a8100000, 0x00000000a8100000, 0x00000000a8200000|  0%| F|  |TAMS 0x00000000a8100000, 0x00000000a8100000| Untracked 
| 130|0x00000000a8200000, 0x00000000a8200000, 0x00000000a8300000|  0%| F|  |TAMS 0x00000000a8200000, 0x00000000a8200000| Untracked 
| 131|0x00000000a8300000, 0x00000000a8300000, 0x00000000a8400000|  0%| F|  |TAMS 0x00000000a8300000, 0x00000000a8300000| Untracked 
| 132|0x00000000a8400000, 0x00000000a8400000, 0x00000000a8500000|  0%| F|  |TAMS 0x00000000a8400000, 0x00000000a8400000| Untracked 
| 133|0x00000000a8500000, 0x00000000a8500000, 0x00000000a8600000|  0%| F|  |TAMS 0x00000000a8500000, 0x00000000a8500000| Untracked 
| 134|0x00000000a8600000, 0x00000000a8700000, 0x00000000a8700000|100%| S|CS|TAMS 0x00000000a8600000, 0x00000000a8600000| Complete 
| 135|0x00000000a8700000, 0x00000000a8800000, 0x00000000a8800000|100%| S|CS|TAMS 0x00000000a8700000, 0x00000000a8700000| Complete 
| 136|0x00000000a8800000, 0x00000000a8900000, 0x00000000a8900000|100%| S|CS|TAMS 0x00000000a8800000, 0x00000000a8800000| Complete 
| 137|0x00000000a8900000, 0x00000000a8900000, 0x00000000a8a00000|  0%| F|  |TAMS 0x00000000a8900000, 0x00000000a8900000| Untracked 
| 138|0x00000000a8a00000, 0x00000000a8a00000, 0x00000000a8b00000|  0%| F|  |TAMS 0x00000000a8a00000, 0x00000000a8a00000| Untracked 
| 139|0x00000000a8b00000, 0x00000000a8b00000, 0x00000000a8c00000|  0%| F|  |TAMS 0x00000000a8b00000, 0x00000000a8b00000| Untracked 
| 140|0x00000000a8c00000, 0x00000000a8c00000, 0x00000000a8d00000|  0%| F|  |TAMS 0x00000000a8c00000, 0x00000000a8c00000| Untracked 
| 141|0x00000000a8d00000, 0x00000000a8d00000, 0x00000000a8e00000|  0%| F|  |TAMS 0x00000000a8d00000, 0x00000000a8d00000| Untracked 
| 142|0x00000000a8e00000, 0x00000000a8e00000, 0x00000000a8f00000|  0%| F|  |TAMS 0x00000000a8e00000, 0x00000000a8e00000| Untracked 
| 143|0x00000000a8f00000, 0x00000000a8f00000, 0x00000000a9000000|  0%| F|  |TAMS 0x00000000a8f00000, 0x00000000a8f00000| Untracked 
| 144|0x00000000a9000000, 0x00000000a9000000, 0x00000000a9100000|  0%| F|  |TAMS 0x00000000a9000000, 0x00000000a9000000| Untracked 
| 145|0x00000000a9100000, 0x00000000a9100000, 0x00000000a9200000|  0%| F|  |TAMS 0x00000000a9100000, 0x00000000a9100000| Untracked 
| 146|0x00000000a9200000, 0x00000000a9200000, 0x00000000a9300000|  0%| F|  |TAMS 0x00000000a9200000, 0x00000000a9200000| Untracked 
| 147|0x00000000a9300000, 0x00000000a9300000, 0x00000000a9400000|  0%| F|  |TAMS 0x00000000a9300000, 0x00000000a9300000| Untracked 
| 148|0x00000000a9400000, 0x00000000a9400000, 0x00000000a9500000|  0%| F|  |TAMS 0x00000000a9400000, 0x00000000a9400000| Untracked 
| 149|0x00000000a9500000, 0x00000000a9500000, 0x00000000a9600000|  0%| F|  |TAMS 0x00000000a9500000, 0x00000000a9500000| Untracked 
| 150|0x00000000a9600000, 0x00000000a9600000, 0x00000000a9700000|  0%| F|  |TAMS 0x00000000a9600000, 0x00000000a9600000| Untracked 
| 151|0x00000000a9700000, 0x00000000a9700000, 0x00000000a9800000|  0%| F|  |TAMS 0x00000000a9700000, 0x00000000a9700000| Untracked 
| 152|0x00000000a9800000, 0x00000000a9800000, 0x00000000a9900000|  0%| F|  |TAMS 0x00000000a9800000, 0x00000000a9800000| Untracked 
| 153|0x00000000a9900000, 0x00000000a9900000, 0x00000000a9a00000|  0%| F|  |TAMS 0x00000000a9900000, 0x00000000a9900000| Untracked 
| 154|0x00000000a9a00000, 0x00000000a9a00000, 0x00000000a9b00000|  0%| F|  |TAMS 0x00000000a9a00000, 0x00000000a9a00000| Untracked 
| 155|0x00000000a9b00000, 0x00000000a9b00000, 0x00000000a9c00000|  0%| F|  |TAMS 0x00000000a9b00000, 0x00000000a9b00000| Untracked 
| 156|0x00000000a9c00000, 0x00000000a9c00000, 0x00000000a9d00000|  0%| F|  |TAMS 0x00000000a9c00000, 0x00000000a9c00000| Untracked 
| 157|0x00000000a9d00000, 0x00000000a9d00000, 0x00000000a9e00000|  0%| F|  |TAMS 0x00000000a9d00000, 0x00000000a9d00000| Untracked 
| 158|0x00000000a9e00000, 0x00000000a9e00000, 0x00000000a9f00000|  0%| F|  |TAMS 0x00000000a9e00000, 0x00000000a9e00000| Untracked 
| 159|0x00000000a9f00000, 0x00000000a9f00000, 0x00000000aa000000|  0%| F|  |TAMS 0x00000000a9f00000, 0x00000000a9f00000| Untracked 
| 160|0x00000000aa000000, 0x00000000aa000000, 0x00000000aa100000|  0%| F|  |TAMS 0x00000000aa000000, 0x00000000aa000000| Untracked 
| 161|0x00000000aa100000, 0x00000000aa100000, 0x00000000aa200000|  0%| F|  |TAMS 0x00000000aa100000, 0x00000000aa100000| Untracked 
| 162|0x00000000aa200000, 0x00000000aa200000, 0x00000000aa300000|  0%| F|  |TAMS 0x00000000aa200000, 0x00000000aa200000| Untracked 
| 163|0x00000000aa300000, 0x00000000aa300000, 0x00000000aa400000|  0%| F|  |TAMS 0x00000000aa300000, 0x00000000aa300000| Untracked 
| 164|0x00000000aa400000, 0x00000000aa400000, 0x00000000aa500000|  0%| F|  |TAMS 0x00000000aa400000, 0x00000000aa400000| Untracked 
| 165|0x00000000aa500000, 0x00000000aa500000, 0x00000000aa600000|  0%| F|  |TAMS 0x00000000aa500000, 0x00000000aa500000| Untracked 
| 166|0x00000000aa600000, 0x00000000aa600000, 0x00000000aa700000|  0%| F|  |TAMS 0x00000000aa600000, 0x00000000aa600000| Untracked 
| 167|0x00000000aa700000, 0x00000000aa700000, 0x00000000aa800000|  0%| F|  |TAMS 0x00000000aa700000, 0x00000000aa700000| Untracked 
| 168|0x00000000aa800000, 0x00000000aa8daf20, 0x00000000aa900000| 85%| E|  |TAMS 0x00000000aa800000, 0x00000000aa800000| Complete 
| 169|0x00000000aa900000, 0x00000000aaa00000, 0x00000000aaa00000|100%| E|CS|TAMS 0x00000000aa900000, 0x00000000aa900000| Complete 
| 170|0x00000000aaa00000, 0x00000000aab00000, 0x00000000aab00000|100%| E|CS|TAMS 0x00000000aaa00000, 0x00000000aaa00000| Complete 
| 171|0x00000000aab00000, 0x00000000aac00000, 0x00000000aac00000|100%| E|CS|TAMS 0x00000000aab00000, 0x00000000aab00000| Complete 
| 172|0x00000000aac00000, 0x00000000aad00000, 0x00000000aad00000|100%| E|CS|TAMS 0x00000000aac00000, 0x00000000aac00000| Complete 
| 173|0x00000000aad00000, 0x00000000aae00000, 0x00000000aae00000|100%| E|CS|TAMS 0x00000000aad00000, 0x00000000aad00000| Complete 
| 174|0x00000000aae00000, 0x00000000aaf00000, 0x00000000aaf00000|100%| E|CS|TAMS 0x00000000aae00000, 0x00000000aae00000| Complete 
| 175|0x00000000aaf00000, 0x00000000ab000000, 0x00000000ab000000|100%| E|CS|TAMS 0x00000000aaf00000, 0x00000000aaf00000| Complete 
| 176|0x00000000ab000000, 0x00000000ab100000, 0x00000000ab100000|100%| E|CS|TAMS 0x00000000ab000000, 0x00000000ab000000| Complete 
| 177|0x00000000ab100000, 0x00000000ab200000, 0x00000000ab200000|100%| E|CS|TAMS 0x00000000ab100000, 0x00000000ab100000| Complete 
| 178|0x00000000ab200000, 0x00000000ab300000, 0x00000000ab300000|100%| E|CS|TAMS 0x00000000ab200000, 0x00000000ab200000| Complete 
| 179|0x00000000ab300000, 0x00000000ab400000, 0x00000000ab400000|100%| E|CS|TAMS 0x00000000ab300000, 0x00000000ab300000| Complete 
| 180|0x00000000ab400000, 0x00000000ab500000, 0x00000000ab500000|100%| E|CS|TAMS 0x00000000ab400000, 0x00000000ab400000| Complete 
| 181|0x00000000ab500000, 0x00000000ab600000, 0x00000000ab600000|100%| E|CS|TAMS 0x00000000ab500000, 0x00000000ab500000| Complete 
| 182|0x00000000ab600000, 0x00000000ab700000, 0x00000000ab700000|100%| E|CS|TAMS 0x00000000ab600000, 0x00000000ab600000| Complete 
| 183|0x00000000ab700000, 0x00000000ab800000, 0x00000000ab800000|100%| E|CS|TAMS 0x00000000ab700000, 0x00000000ab700000| Complete 
| 253|0x00000000afd00000, 0x00000000afe00000, 0x00000000afe00000|100%| E|CS|TAMS 0x00000000afd00000, 0x00000000afd00000| Complete 

Card table byte_map: [0x0000021ef6620000,0x0000021ef6920000] _byte_map_base: 0x0000021ef6120000

Marking Bits (Prev, Next): (CMBitMap*) 0x0000021eee776330, (CMBitMap*) 0x0000021eee7762f0
 Prev Bits: [0x0000021ef8420000, 0x0000021ef9c20000)
 Next Bits: [0x0000021ef6c20000, 0x0000021ef8420000)

Polling page: 0x0000021eec630000

Metaspace:

Usage:
  Non-class:     62.99 MB used.
      Class:     10.26 MB used.
       Both:     73.26 MB used.

Virtual space:
  Non-class space:       64.00 MB reserved,      63.38 MB (>99%) committed,  1 nodes.
      Class space:        1.00 GB reserved,      10.62 MB (  1%) committed,  1 nodes.
             Both:        1.06 GB reserved,      74.00 MB (  7%) committed. 

Chunk freelists:
   Non-Class:  48.00 KB
       Class:  5.32 MB
        Both:  5.36 MB

MaxMetaspaceSize: unlimited
CompressedClassSpaceSize: 1.00 GB
Initial GC threshold: 21.00 MB
Current GC threshold: 105.88 MB
CDS: on
MetaspaceReclaimPolicy: balanced
 - commit_granule_bytes: 65536.
 - commit_granule_words: 8192.
 - virtual_space_node_default_size: 8388608.
 - enlarge_chunks_in_place: 1.
 - new_chunks_are_fully_committed: 0.
 - uncommit_free_chunks: 1.
 - use_allocation_guard: 0.
 - handle_deallocations: 1.


Internal statistics:

num_allocs_failed_limit: 6.
num_arena_births: 1074.
num_arena_deaths: 2.
num_vsnodes_births: 2.
num_vsnodes_deaths: 0.
num_space_committed: 1184.
num_space_uncommitted: 0.
num_chunks_returned_to_freelist: 8.
num_chunks_taken_from_freelist: 4356.
num_chunk_merges: 6.
num_chunk_splits: 2806.
num_chunks_enlarged: 1787.
num_inconsistent_stats: 0.

CodeHeap 'non-profiled nmethods': size=120000Kb used=6084Kb max_used=6084Kb free=113915Kb
 bounds [0x0000021e87ad0000, 0x0000021e880d0000, 0x0000021e8f000000]
CodeHeap 'profiled nmethods': size=120000Kb used=17385Kb max_used=17641Kb free=102614Kb
 bounds [0x0000021e80000000, 0x0000021e81140000, 0x0000021e87530000]
CodeHeap 'non-nmethods': size=5760Kb used=2390Kb max_used=2446Kb free=3369Kb
 bounds [0x0000021e87530000, 0x0000021e877b0000, 0x0000021e87ad0000]
 total_blobs=10239 nmethods=9316 adapters=835
 compilation: enabled
              stopped_count=0, restarted_count=0
 full_count=0

Compilation events (20 events):
Event: 16.807 Thread 0x0000021efc6a6880 nmethod 10861 0x0000021e807b3190 code [0x0000021e807b3340, 0x0000021e807b3548]
Event: 16.807 Thread 0x0000021efc6a6880 10862       3       org.gradle.api.internal.provider.sources.GradlePropertyValueSource$Inject::getParameters (31 bytes)
Event: 16.807 Thread 0x0000021efc6a6880 nmethod 10862 0x0000021e807b2990 code [0x0000021e807b2b60, 0x0000021e807b3038]
Event: 16.807 Thread 0x0000021efc6a6880 10860       1       org.gradle.api.internal.provider.sources.GradlePropertyValueSource$Parameters_Decorated::publicType (3 bytes)
Event: 16.807 Thread 0x0000021efc6a6880 nmethod 10860 0x0000021e880c0f90 code [0x0000021e880c1120, 0x0000021e880c11f8]
Event: 16.808 Thread 0x0000021efc6a6880 10863       3       java.util.concurrent.atomic.AtomicReference::getAndSet (9 bytes)
Event: 16.808 Thread 0x0000021efc6a6880 nmethod 10863 0x0000021e807b1610 code [0x0000021e807b18c0, 0x0000021e807b25b8]
Event: 16.808 Thread 0x0000021efc6a6880 10864       3       org.gradle.api.internal.provider.DefaultValueSourceProviderFactory$ValueSourceProvider::calculateOwnValue (11 bytes)
Event: 16.809 Thread 0x0000021efc6a6880 nmethod 10864 0x0000021e80422e90 code [0x0000021e804230a0, 0x0000021e80423748]
Event: 16.809 Thread 0x0000021efc6a6880 10865   !   3       org.gradle.api.internal.provider.DefaultValueSourceProviderFactory$LazilyObtainedValue::obtain (119 bytes)
Event: 16.810 Thread 0x0000021efc6a6880 nmethod 10865 0x0000021e8041f010 code [0x0000021e8041f500, 0x0000021e80422198]
Event: 16.811 Thread 0x0000021efc6a6880 10866       3       java.lang.reflect.Field::setAccessible (21 bytes)
Event: 16.812 Thread 0x0000021efc6a6880 nmethod 10866 0x0000021e8041e590 code [0x0000021e8041e7a0, 0x0000021e8041edc8]
Event: 16.812 Thread 0x0000021efc6a6880 10868       3       org.gradle.internal.instantiation.generator.AsmBackedClassGenerator$$Lambda$1036/0x0000021e906dd228::isSatisfiedBy (8 bytes)
Event: 16.812 Thread 0x0000021efc6a6880 nmethod 10868 0x0000021e807b1090 code [0x0000021e807b1240, 0x0000021e807b1508]
Event: 16.812 Thread 0x0000021efc6a6880 10867       3       java.lang.reflect.Field::checkCanSetAccessible (10 bytes)
Event: 16.812 Thread 0x0000021efc6a6880 nmethod 10867 0x0000021e807b0c10 code [0x0000021e807b0dc0, 0x0000021e807b0f68]
Event: 16.839 Thread 0x0000021efc6a11a0 10869       4       com.google.common.collect.MapMakerInternalMap::putIfAbsent (29 bytes)
Event: 16.844 Thread 0x0000021efc6a6880 10870       3       sun.net.www.protocol.jar.JarFileFactory::urlFor (77 bytes)
Event: 16.844 Thread 0x0000021efc6a6880 nmethod 10870 0x0000021e8041d490 code [0x0000021e8041d720, 0x0000021e8041e088]

GC Heap History (20 events):
Event: 11.576 GC heap before
{Heap before GC invocations=30 (full 0):
 garbage-first heap   total 107520K, used 89309K [0x00000000a0000000, 0x0000000100000000)
  region size 1024K, 32 young (32768K), 1 survivors (1024K)
 Metaspace       used 64236K, committed 64896K, reserved 1114112K
  class space    used 9102K, committed 9408K, reserved 1048576K
}
Event: 11.579 GC heap after
{Heap after GC invocations=31 (full 0):
 garbage-first heap   total 107520K, used 61653K [0x00000000a0000000, 0x0000000100000000)
  region size 1024K, 4 young (4096K), 4 survivors (4096K)
 Metaspace       used 64236K, committed 64896K, reserved 1114112K
  class space    used 9102K, committed 9408K, reserved 1048576K
}
Event: 11.957 GC heap before
{Heap before GC invocations=32 (full 0):
 garbage-first heap   total 111616K, used 87253K [0x00000000a0000000, 0x0000000100000000)
  region size 1024K, 30 young (30720K), 4 survivors (4096K)
 Metaspace       used 66025K, committed 66688K, reserved 1114112K
  class space    used 9348K, committed 9728K, reserved 1048576K
}
Event: 11.960 GC heap after
{Heap after GC invocations=33 (full 0):
 garbage-first heap   total 111616K, used 63390K [0x00000000a0000000, 0x0000000100000000)
  region size 1024K, 2 young (2048K), 2 survivors (2048K)
 Metaspace       used 66025K, committed 66688K, reserved 1114112K
  class space    used 9348K, committed 9728K, reserved 1048576K
}
Event: 11.995 GC heap before
{Heap before GC invocations=33 (full 0):
 garbage-first heap   total 111616K, used 66462K [0x00000000a0000000, 0x0000000100000000)
  region size 1024K, 5 young (5120K), 2 survivors (2048K)
 Metaspace       used 66246K, committed 66944K, reserved 1114112K
  class space    used 9387K, committed 9728K, reserved 1048576K
}
Event: 11.997 GC heap after
{Heap after GC invocations=34 (full 0):
 garbage-first heap   total 111616K, used 62734K [0x00000000a0000000, 0x0000000100000000)
  region size 1024K, 1 young (1024K), 1 survivors (1024K)
 Metaspace       used 66246K, committed 66944K, reserved 1114112K
  class space    used 9387K, committed 9728K, reserved 1048576K
}
Event: 12.638 GC heap before
{Heap before GC invocations=34 (full 0):
 garbage-first heap   total 111616K, used 92430K [0x00000000a0000000, 0x0000000100000000)
  region size 1024K, 30 young (30720K), 1 survivors (1024K)
 Metaspace       used 68431K, committed 69120K, reserved 1114112K
  class space    used 9782K, committed 10112K, reserved 1048576K
}
Event: 12.643 GC heap after
{Heap after GC invocations=35 (full 0):
 garbage-first heap   total 189440K, used 66709K [0x00000000a0000000, 0x0000000100000000)
  region size 1024K, 4 young (4096K), 4 survivors (4096K)
 Metaspace       used 68431K, committed 69120K, reserved 1114112K
  class space    used 9782K, committed 10112K, reserved 1048576K
}
Event: 13.604 GC heap before
{Heap before GC invocations=35 (full 0):
 garbage-first heap   total 189440K, used 154773K [0x00000000a0000000, 0x0000000100000000)
  region size 1024K, 91 young (93184K), 4 survivors (4096K)
 Metaspace       used 69860K, committed 70592K, reserved 1114112K
  class space    used 9924K, committed 10304K, reserved 1048576K
}
Event: 13.611 GC heap after
{Heap after GC invocations=36 (full 0):
 garbage-first heap   total 189440K, used 75847K [0x00000000a0000000, 0x0000000100000000)
  region size 1024K, 12 young (12288K), 12 survivors (12288K)
 Metaspace       used 69860K, committed 70592K, reserved 1114112K
  class space    used 9924K, committed 10304K, reserved 1048576K
}
Event: 14.027 GC heap before
{Heap before GC invocations=36 (full 0):
 garbage-first heap   total 189440K, used 151623K [0x00000000a0000000, 0x0000000100000000)
  region size 1024K, 87 young (89088K), 12 survivors (12288K)
 Metaspace       used 69930K, committed 70720K, reserved 1114112K
  class space    used 9927K, committed 10304K, reserved 1048576K
}
Event: 14.033 GC heap after
{Heap after GC invocations=37 (full 0):
 garbage-first heap   total 189440K, used 78274K [0x00000000a0000000, 0x0000000100000000)
  region size 1024K, 7 young (7168K), 7 survivors (7168K)
 Metaspace       used 69930K, committed 70720K, reserved 1114112K
  class space    used 9927K, committed 10304K, reserved 1048576K
}
Event: 14.335 GC heap before
{Heap before GC invocations=37 (full 0):
 garbage-first heap   total 189440K, used 150978K [0x00000000a0000000, 0x0000000100000000)
  region size 1024K, 79 young (80896K), 7 survivors (7168K)
 Metaspace       used 69992K, committed 70720K, reserved 1114112K
  class space    used 9934K, committed 10304K, reserved 1048576K
}
Event: 14.339 GC heap after
{Heap after GC invocations=38 (full 0):
 garbage-first heap   total 189440K, used 81293K [0x00000000a0000000, 0x0000000100000000)
  region size 1024K, 7 young (7168K), 7 survivors (7168K)
 Metaspace       used 69992K, committed 70720K, reserved 1114112K
  class space    used 9934K, committed 10304K, reserved 1048576K
}
Event: 15.555 GC heap before
{Heap before GC invocations=38 (full 0):
 garbage-first heap   total 189440K, used 156045K [0x00000000a0000000, 0x0000000100000000)
  region size 1024K, 76 young (77824K), 7 survivors (7168K)
 Metaspace       used 71413K, committed 72192K, reserved 1114112K
  class space    used 10099K, committed 10496K, reserved 1048576K
}
Event: 15.561 GC heap after
{Heap after GC invocations=39 (full 0):
 garbage-first heap   total 189440K, used 94959K [0x00000000a0000000, 0x0000000100000000)
  region size 1024K, 10 young (10240K), 10 survivors (10240K)
 Metaspace       used 71413K, committed 72192K, reserved 1114112K
  class space    used 10099K, committed 10496K, reserved 1048576K
}
Event: 15.790 GC heap before
{Heap before GC invocations=39 (full 0):
 garbage-first heap   total 189440K, used 146159K [0x00000000a0000000, 0x0000000100000000)
  region size 1024K, 61 young (62464K), 10 survivors (10240K)
 Metaspace       used 71415K, committed 72192K, reserved 1114112K
  class space    used 10099K, committed 10496K, reserved 1048576K
}
Event: 15.796 GC heap after
{Heap after GC invocations=40 (full 0):
 garbage-first heap   total 189440K, used 98789K [0x00000000a0000000, 0x0000000100000000)
  region size 1024K, 6 young (6144K), 6 survivors (6144K)
 Metaspace       used 71415K, committed 72192K, reserved 1114112K
  class space    used 10099K, committed 10496K, reserved 1048576K
}
Event: 16.653 GC heap before
{Heap before GC invocations=40 (full 0):
 garbage-first heap   total 189440K, used 152037K [0x00000000a0000000, 0x0000000100000000)
  region size 1024K, 54 young (55296K), 6 survivors (6144K)
 Metaspace       used 73684K, committed 74496K, reserved 1114112K
  class space    used 10345K, committed 10752K, reserved 1048576K
}
Event: 16.658 GC heap after
{Heap after GC invocations=41 (full 0):
 garbage-first heap   total 189440K, used 108013K [0x00000000a0000000, 0x0000000100000000)
  region size 1024K, 7 young (7168K), 7 survivors (7168K)
 Metaspace       used 73684K, committed 74496K, reserved 1114112K
  class space    used 10345K, committed 10752K, reserved 1048576K
}

Deoptimization events (20 events):
Event: 16.585 Thread 0x0000021efea360a0 Uncommon trap: trap_request=0xffffffde fr.pc=0x0000021e87f41770 relative=0x0000000000005550
Event: 16.585 Thread 0x0000021efea360a0 Uncommon trap: reason=class_check action=maybe_recompile pc=0x0000021e87f41770 method=java.util.jar.JarFile.getManifestFromReference()Ljava/util/jar/Manifest; @ 152 c2
Event: 16.585 Thread 0x0000021efea360a0 DEOPT PACKING pc=0x0000021e87f41770 sp=0x0000006d624f23f0
Event: 16.585 Thread 0x0000021efea360a0 DEOPT UNPACKING pc=0x0000021e875823a3 sp=0x0000006d624f2208 mode 2
Event: 16.641 Thread 0x0000021efea360a0 Uncommon trap: trap_request=0xffffff45 fr.pc=0x0000021e87e1e1ec relative=0x000000000000036c
Event: 16.641 Thread 0x0000021efea360a0 Uncommon trap: reason=unstable_if action=reinterpret pc=0x0000021e87e1e1ec method=com.google.common.reflect.TypeResolver$TypeVariableKey.equalsTypeVariable(Ljava/lang/reflect/TypeVariable;)Z @ 41 c2
Event: 16.641 Thread 0x0000021efea360a0 DEOPT PACKING pc=0x0000021e87e1e1ec sp=0x0000006d624f2cb0
Event: 16.641 Thread 0x0000021efea360a0 DEOPT UNPACKING pc=0x0000021e875823a3 sp=0x0000006d624f2bf0 mode 2
Event: 16.641 Thread 0x0000021efea360a0 Uncommon trap: trap_request=0xffffff45 fr.pc=0x0000021e87dee4b4 relative=0x0000000000000354
Event: 16.641 Thread 0x0000021efea360a0 Uncommon trap: reason=unstable_if action=reinterpret pc=0x0000021e87dee4b4 method=com.google.common.reflect.TypeResolver$TypeVariableKey.equalsTypeVariable(Ljava/lang/reflect/TypeVariable;)Z @ 41 c2
Event: 16.641 Thread 0x0000021efea360a0 DEOPT PACKING pc=0x0000021e87dee4b4 sp=0x0000006d624f2e70
Event: 16.641 Thread 0x0000021efea360a0 DEOPT UNPACKING pc=0x0000021e875823a3 sp=0x0000006d624f2e30 mode 2
Event: 16.649 Thread 0x0000021efea360a0 Uncommon trap: trap_request=0xffffff45 fr.pc=0x0000021e87cbc2e8 relative=0x0000000000006a08
Event: 16.649 Thread 0x0000021efea360a0 Uncommon trap: reason=unstable_if action=reinterpret pc=0x0000021e87cbc2e8 method=sun.reflect.annotation.AnnotationParser.parseAnnotations2([BLjdk/internal/reflect/ConstantPool;Ljava/lang/Class;[Ljava/lang/Class;)Ljava/util/Map; @ 71 c2
Event: 16.649 Thread 0x0000021efea360a0 DEOPT PACKING pc=0x0000021e87cbc2e8 sp=0x0000006d624f3180
Event: 16.649 Thread 0x0000021efea360a0 DEOPT UNPACKING pc=0x0000021e875823a3 sp=0x0000006d624f3060 mode 2
Event: 16.769 Thread 0x0000021efea360a0 Uncommon trap: trap_request=0xffffffde fr.pc=0x0000021e87f41770 relative=0x0000000000005550
Event: 16.769 Thread 0x0000021efea360a0 Uncommon trap: reason=class_check action=maybe_recompile pc=0x0000021e87f41770 method=java.util.jar.JarFile.getManifestFromReference()Ljava/util/jar/Manifest; @ 152 c2
Event: 16.769 Thread 0x0000021efea360a0 DEOPT PACKING pc=0x0000021e87f41770 sp=0x0000006d624f0df0
Event: 16.769 Thread 0x0000021efea360a0 DEOPT UNPACKING pc=0x0000021e875823a3 sp=0x0000006d624f0c08 mode 2

Classes unloaded (1 events):
Event: 9.214 Thread 0x0000021efc67e900 Unloading class 0x0000021e906dc400 'java/lang/invoke/LambdaForm$DMH+0x0000021e906dc400'

Classes redefined (0 events):
No events

Internal exceptions (20 events):
Event: 15.862 Thread 0x0000021efea360a0 Exception <a 'java/lang/ClassNotFoundException'{0x00000000aaccc280}: build_43mhj28dw8dtxxevo698tjnh2BeanInfo> (0x00000000aaccc280) 
thrown [s\open\src\hotspot\share\classfile\systemDictionary.cpp, line 256]
Event: 15.863 Thread 0x0000021efea360a0 Exception <a 'java/lang/ClassNotFoundException'{0x00000000aacd37e8}: build_43mhj28dw8dtxxevo698tjnh2Customizer> (0x00000000aacd37e8) 
thrown [s\open\src\hotspot\share\classfile\systemDictionary.cpp, line 256]
Event: 16.026 Thread 0x0000021efea360a0 Exception <a 'java/lang/ClassNotFoundException'{0x00000000aa0e78e8}: org/gradle/api/internal/artifacts/repositories/DefaultMavenArtifactRepository_DecoratedBeanInfo> (0x00000000aa0e78e8) 
thrown [s\open\src\hotspot\share\classfile\systemDictionary.cpp, line 256]
Event: 16.027 Thread 0x0000021efea360a0 Exception <a 'java/lang/ClassNotFoundException'{0x00000000a9f09bb8}: org/gradle/api/internal/artifacts/repositories/DefaultMavenArtifactRepositoryBeanInfo> (0x00000000a9f09bb8) 
thrown [s\open\src\hotspot\share\classfile\systemDictionary.cpp, line 256]
Event: 16.028 Thread 0x0000021efea360a0 Exception <a 'java/lang/ClassNotFoundException'{0x00000000a9f2be98}: org/gradle/api/internal/artifacts/repositories/AbstractAuthenticationSupportedRepositoryBeanInfo> (0x00000000a9f2be98) 
thrown [s\open\src\hotspot\share\classfile\systemDictionary.cpp, line 256]
Event: 16.029 Thread 0x0000021efea360a0 Exception <a 'java/lang/ClassNotFoundException'{0x00000000a9f4e188}: org/gradle/api/internal/artifacts/repositories/AbstractResolutionAwareArtifactRepositoryBeanInfo> (0x00000000a9f4e188) 
thrown [s\open\src\hotspot\share\classfile\systemDictionary.cpp, line 256]
Event: 16.030 Thread 0x0000021efea360a0 Exception <a 'java/lang/ClassNotFoundException'{0x00000000a9f709f0}: org/gradle/api/internal/artifacts/repositories/AbstractArtifactRepositoryBeanInfo> (0x00000000a9f709f0) 
thrown [s\open\src\hotspot\share\classfile\systemDictionary.cpp, line 256]
Event: 16.031 Thread 0x0000021efea360a0 Exception <a 'java/lang/ClassNotFoundException'{0x00000000a9f92688}: org/gradle/api/internal/artifacts/repositories/AbstractArtifactRepositoryCustomizer> (0x00000000a9f92688) 
thrown [s\open\src\hotspot\share\classfile\systemDictionary.cpp, line 256]
Event: 16.034 Thread 0x0000021efea360a0 Exception <a 'java/lang/ClassNotFoundException'{0x00000000a9fd7c20}: org/gradle/api/internal/artifacts/repositories/AbstractResolutionAwareArtifactRepositoryCustomizer> (0x00000000a9fd7c20) 
thrown [s\open\src\hotspot\share\classfile\systemDictionary.cpp, line 256]
Event: 16.036 Thread 0x0000021efea360a0 Exception <a 'java/lang/ClassNotFoundException'{0x00000000a9e05a18}: org/gradle/api/internal/artifacts/repositories/AbstractAuthenticationSupportedRepositoryCustomizer> (0x00000000a9e05a18) 
thrown [s\open\src\hotspot\share\classfile\systemDictionary.cpp, line 256]
Event: 16.038 Thread 0x0000021efea360a0 Exception <a 'java/lang/ClassNotFoundException'{0x00000000a9e3c618}: org/gradle/api/internal/artifacts/repositories/DefaultMavenArtifactRepositoryCustomizer> (0x00000000a9e3c618) 
thrown [s\open\src\hotspot\share\classfile\systemDictionary.cpp, line 256]
Event: 16.040 Thread 0x0000021efea360a0 Exception <a 'java/lang/ClassNotFoundException'{0x00000000a9e77978}: org/gradle/api/internal/artifacts/repositories/DefaultMavenArtifactRepository_DecoratedCustomizer> (0x00000000a9e77978) 
thrown [s\open\src\hotspot\share\classfile\systemDictionary.cpp, line 256]
Event: 16.381 Thread 0x0000021efea360a0 Exception <a 'java/lang/ClassNotFoundException'{0x00000000a9917c60}: org/gradle/configuration/internal/DefaultListenerBuildOperationDecorator$BuildOperationEmittingClosureBeanInfo> (0x00000000a9917c60) 
thrown [s\open\src\hotspot\share\classfile\systemDictionary.cpp, line 256]
Event: 16.382 Thread 0x0000021efea360a0 Exception <a 'java/lang/ClassNotFoundException'{0x00000000a9933020}: org/gradle/configuration/internal/DefaultListenerBuildOperationDecorator$BuildOperationEmittingClosureCustomizer> (0x00000000a9933020) 
thrown [s\open\src\hotspot\share\classfile\systemDictionary.cpp, line 256]
Event: 16.436 Thread 0x0000021efea360a0 Exception <a 'java/lang/ClassNotFoundException'{0x00000000a9889580}: build_7rchzxxtyk2wgnrxbc9nt3ovdBeanInfo> (0x00000000a9889580) 
thrown [s\open\src\hotspot\share\classfile\systemDictionary.cpp, line 256]
Event: 16.437 Thread 0x0000021efea360a0 Exception <a 'java/lang/ClassNotFoundException'{0x00000000a9897168}: build_7rchzxxtyk2wgnrxbc9nt3ovdCustomizer> (0x00000000a9897168) 
thrown [s\open\src\hotspot\share\classfile\systemDictionary.cpp, line 256]
Event: 16.476 Thread 0x0000021efea360a0 Exception <a 'java/lang/ClassNotFoundException'{0x00000000a961c5b8}: org/gradle/api/internal/plugins/DefaultObjectConfigurationActionBeanInfo> (0x00000000a961c5b8) 
thrown [s\open\src\hotspot\share\classfile\systemDictionary.cpp, line 256]
Event: 16.476 Thread 0x0000021efea360a0 Exception <a 'java/lang/ClassNotFoundException'{0x00000000a9637d50}: org/gradle/api/internal/plugins/DefaultObjectConfigurationActionCustomizer> (0x00000000a9637d50) 
thrown [s\open\src\hotspot\share\classfile\systemDictionary.cpp, line 256]
Event: 16.774 Thread 0x0000021efea360a0 Exception <a 'java/lang/NoSuchMethodError'{0x00000000aafc5090}: 'java.lang.Object java.lang.invoke.DirectMethodHandle$Holder.invokeSpecial(java.lang.Object, java.lang.Object, long, java.lang.Object, java.lang.Object, java.lang.Object, java.lang.Object, java.lang.Object, java.lang.Object, java.lang.Object, java.lang.Object, java.lang.Object)'> (0x00000000aafc5090) 
thrown [s\open\src\hotspot\share\interpreter\linkResolver.cpp, line 759]
Event: 16.774 Thread 0x0000021efea360a0 Exception <a 'java/lang/NoSuchMethodError'{0x00000000aafcb2c8}: 'java.lang.Object java.lang.invoke.DelegatingMethodHandle$Holder.reinvoke_L(java.lang.Object, long, java.lang.Object, java.lang.Object, java.lang.Object, java.lang.Object, java.lang.Object, java.lang.Object, java.lang.Object, java.lang.Object, java.lang.Object)'> (0x00000000aafcb2c8) 
thrown [s\open\src\hotspot\share\interpreter\linkResolver.cpp, line 759]

VM Operations (20 events):
Event: 13.746 Executing VM operation: HandshakeAllThreads
Event: 13.778 Executing VM operation: HandshakeAllThreads done
Event: 14.027 Executing VM operation: G1CollectForAllocation
Event: 14.034 Executing VM operation: G1CollectForAllocation done
Event: 14.305 Executing VM operation: HandshakeAllThreads
Event: 14.305 Executing VM operation: HandshakeAllThreads done
Event: 14.335 Executing VM operation: G1CollectForAllocation
Event: 14.340 Executing VM operation: G1CollectForAllocation done
Event: 14.579 Executing VM operation: HandshakeAllThreads
Event: 14.579 Executing VM operation: HandshakeAllThreads done
Event: 15.309 Executing VM operation: ICBufferFull
Event: 15.310 Executing VM operation: ICBufferFull done
Event: 15.555 Executing VM operation: G1CollectForAllocation
Event: 15.562 Executing VM operation: G1CollectForAllocation done
Event: 15.735 Executing VM operation: G1CollectForAllocation
Event: 15.801 Executing VM operation: G1CollectForAllocation done
Event: 16.376 Executing VM operation: HandshakeAllThreads
Event: 16.377 Executing VM operation: HandshakeAllThreads done
Event: 16.653 Executing VM operation: G1CollectForAllocation
Event: 16.658 Executing VM operation: G1CollectForAllocation done

Events (20 events):
Event: 15.399 Thread 0x0000021ed54be080 Thread added: 0x0000021ed54be080
Event: 15.401 Thread 0x0000021ed54beaa0 Thread added: 0x0000021ed54beaa0
Event: 15.403 Thread 0x0000021ed54be590 Thread added: 0x0000021ed54be590
Event: 15.407 Thread 0x0000021ed54bd660 Thread added: 0x0000021ed54bd660
Event: 15.431 Thread 0x0000021ed54bf9d0 Thread added: 0x0000021ed54bf9d0
Event: 15.439 Thread 0x0000021ed54bcc40 Thread added: 0x0000021ed54bcc40
Event: 15.439 Thread 0x0000021ed54befb0 Thread added: 0x0000021ed54befb0
Event: 15.440 Thread 0x0000021ed54bd150 Thread added: 0x0000021ed54bd150
Event: 15.440 Thread 0x0000021ed54bf4c0 Thread added: 0x0000021ed54bf4c0
Event: 15.440 Thread 0x0000021ed54bc220 Thread added: 0x0000021ed54bc220
Event: 15.440 Thread 0x0000021ed54bfee0 Thread added: 0x0000021ed54bfee0
Event: 15.848 Thread 0x0000021ed54c1d40 Thread added: 0x0000021ed54c1d40
Event: 15.884 loading class java/lang/StackTraceElement$HashedModules
Event: 15.884 loading class java/lang/StackTraceElement$HashedModules done
Event: 15.945 loading class java/io/CharArrayReader
Event: 15.946 loading class java/io/CharArrayReader done
Event: 15.976 Thread 0x0000021ed54c0900 Thread added: 0x0000021ed54c0900
Event: 15.980 Thread 0x0000021ed5f959c0 Thread exited: 0x0000021ed5f959c0
Event: 16.383 Thread 0x0000021efebb3ad0 Thread exited: 0x0000021efebb3ad0
Event: 16.415 Thread 0x0000021ed54c2c70 Thread added: 0x0000021ed54c2c70


Dynamic libraries:
0x00007ff7d5560000 - 0x00007ff7d5570000 	C:\Program Files\Java\jdk-17\bin\java.exe
0x00007ff891480000 - 0x00007ff8916e7000 	C:\WINDOWS\SYSTEM32\ntdll.dll
0x00007ff890450000 - 0x00007ff890519000 	C:\WINDOWS\System32\KERNEL32.DLL
0x00007ff88e9b0000 - 0x00007ff88eda4000 	C:\WINDOWS\System32\KERNELBASE.dll
0x00007ff88de80000 - 0x00007ff88dfcb000 	C:\WINDOWS\System32\ucrtbase.dll
0x00007ff86d800000 - 0x00007ff86d819000 	C:\Program Files\Java\jdk-17\bin\jli.dll
0x00007ff86d7e0000 - 0x00007ff86d7fb000 	C:\Program Files\Java\jdk-17\bin\VCRUNTIME140.dll
0x00007ff891140000 - 0x00007ff8911f6000 	C:\WINDOWS\System32\ADVAPI32.dll
0x00007ff8912f0000 - 0x00007ff891399000 	C:\WINDOWS\System32\msvcrt.dll
0x00007ff8903a0000 - 0x00007ff890447000 	C:\WINDOWS\System32\sechost.dll
0x00007ff88f320000 - 0x00007ff88f438000 	C:\WINDOWS\System32\RPCRT4.dll
0x00007ff88f720000 - 0x00007ff88f8e5000 	C:\WINDOWS\System32\USER32.dll
0x00007ff88f1e0000 - 0x00007ff88f207000 	C:\WINDOWS\System32\win32u.dll
0x00007ff8913b0000 - 0x00007ff8913db000 	C:\WINDOWS\System32\GDI32.dll
0x00007ff88dd50000 - 0x00007ff88de7b000 	C:\WINDOWS\System32\gdi32full.dll
0x00007ff88dfd0000 - 0x00007ff88e073000 	C:\WINDOWS\System32\msvcp_win.dll
0x00007ff87b060000 - 0x00007ff87b2f3000 	C:\WINDOWS\WinSxS\amd64_microsoft.windows.common-controls_6595b64144ccf1df_6.0.26100.8115_none_3e075c82e3354f9c\COMCTL32.dll
0x00007ff888c30000 - 0x00007ff888c3b000 	C:\WINDOWS\SYSTEM32\VERSION.dll
0x00007ff88fa50000 - 0x00007ff88fa82000 	C:\WINDOWS\System32\IMM32.DLL
0x00007ff881c70000 - 0x00007ff881c7c000 	C:\Program Files\Java\jdk-17\bin\vcruntime140_1.dll
0x00007ff83e910000 - 0x00007ff83e99e000 	C:\Program Files\Java\jdk-17\bin\msvcp140.dll
0x00007ff83c960000 - 0x00007ff83d540000 	C:\Program Files\Java\jdk-17\bin\server\jvm.dll
0x00007ff890d40000 - 0x00007ff890d48000 	C:\WINDOWS\System32\PSAPI.DLL
0x00007ff813570000 - 0x00007ff81357a000 	C:\WINDOWS\SYSTEM32\WSOCK32.dll
0x00007ff887a80000 - 0x00007ff887ab6000 	C:\WINDOWS\SYSTEM32\WINMM.dll
0x00007ff890bb0000 - 0x00007ff890c30000 	C:\WINDOWS\System32\WS2_32.dll
0x00007ff88caa0000 - 0x00007ff88cabb000 	C:\WINDOWS\SYSTEM32\kernel.appcore.dll
0x00007ff871660000 - 0x00007ff87166a000 	C:\Program Files\Java\jdk-17\bin\jimage.dll
0x00007ff8807b0000 - 0x00007ff8809f2000 	C:\WINDOWS\SYSTEM32\DBGHELP.DLL
0x00007ff890d50000 - 0x00007ff8910d2000 	C:\WINDOWS\System32\combase.dll
0x00007ff88fb50000 - 0x00007ff88fc28000 	C:\WINDOWS\System32\OLEAUT32.dll
0x00007ff880440000 - 0x00007ff88047b000 	C:\WINDOWS\SYSTEM32\dbgcore.DLL
0x00007ff88f130000 - 0x00007ff88f1d5000 	C:\WINDOWS\System32\bcryptPrimitives.dll
0x00007ff86d7d0000 - 0x00007ff86d7de000 	C:\Program Files\Java\jdk-17\bin\instrument.dll
0x00007ff854ac0000 - 0x00007ff854ae5000 	C:\Program Files\Java\jdk-17\bin\java.dll
0x00007ff83c880000 - 0x00007ff83c957000 	C:\Program Files\Java\jdk-17\bin\jsvml.dll
0x00007ff88fc30000 - 0x00007ff890397000 	C:\WINDOWS\System32\SHELL32.dll
0x00007ff88ef30000 - 0x00007ff88f09a000 	C:\WINDOWS\System32\wintypes.dll
0x00007ff88e140000 - 0x00007ff88e9a8000 	C:\WINDOWS\System32\windows.storage.dll
0x00007ff890c40000 - 0x00007ff890d38000 	C:\WINDOWS\System32\SHCORE.dll
0x00007ff891280000 - 0x00007ff8912e6000 	C:\WINDOWS\System32\shlwapi.dll
0x00007ff88dc40000 - 0x00007ff88dc69000 	C:\WINDOWS\SYSTEM32\profapi.dll
0x00007ff86d7b0000 - 0x00007ff86d7c8000 	C:\Program Files\Java\jdk-17\bin\zip.dll
0x00007ff854aa0000 - 0x00007ff854ab9000 	C:\Program Files\Java\jdk-17\bin\net.dll
0x00007ff887dd0000 - 0x00007ff887efd000 	C:\WINDOWS\SYSTEM32\WINHTTP.dll
0x00007ff88cff0000 - 0x00007ff88d05c000 	C:\WINDOWS\system32\mswsock.dll
0x00007ff83e8f0000 - 0x00007ff83e906000 	C:\Program Files\Java\jdk-17\bin\nio.dll
0x00007ff83e8e0000 - 0x00007ff83e8f0000 	C:\Program Files\Java\jdk-17\bin\verify.dll
0x00007ff88b470000 - 0x00007ff88b497000 	C:\Users\Inurum_Four\.gradle\native\1def1411415f61bf3af743bc5b6707747c0891f09f0c88961ee8f79bc544acac\windows-amd64\native-platform.dll
0x00007ff8716c0000 - 0x00007ff871738000 	C:\Users\Inurum_Four\.gradle\native\0.2.7\x86_64-windows-gnu\gradle-fileevents.dll
0x00007ff83e8d0000 - 0x00007ff83e8da000 	C:\Program Files\Java\jdk-17\bin\management.dll
0x00007ff83e8c0000 - 0x00007ff83e8cb000 	C:\Program Files\Java\jdk-17\bin\management_ext.dll
0x00007ff88c480000 - 0x00007ff88c4b2000 	C:\WINDOWS\SYSTEM32\IPHLPAPI.DLL
0x00007ff890ba0000 - 0x00007ff890baa000 	C:\WINDOWS\System32\NSI.dll
0x00007ff887f70000 - 0x00007ff887f8d000 	C:\WINDOWS\SYSTEM32\dhcpcsvc6.DLL
0x00007ff887c90000 - 0x00007ff887cb5000 	C:\WINDOWS\SYSTEM32\dhcpcsvc.DLL
0x00007ff88c510000 - 0x00007ff88c642000 	C:\WINDOWS\SYSTEM32\DNSAPI.dll
0x00007ff88d3f0000 - 0x00007ff88d40b000 	C:\WINDOWS\SYSTEM32\CRYPTSP.dll
0x00007ff88ca00000 - 0x00007ff88ca39000 	C:\WINDOWS\system32\rsaenh.dll
0x00007ff88d0a0000 - 0x00007ff88d0d3000 	C:\WINDOWS\SYSTEM32\USERENV.dll
0x00007ff88dc70000 - 0x00007ff88dc9a000 	C:\WINDOWS\SYSTEM32\bcrypt.dll
0x00007ff88d250000 - 0x00007ff88d25c000 	C:\WINDOWS\SYSTEM32\CRYPTBASE.dll
0x00007ff83c720000 - 0x00007ff83c72e000 	C:\Program Files\Java\jdk-17\bin\sunmscapi.dll
0x00007ff88edb0000 - 0x00007ff88ef27000 	C:\WINDOWS\System32\CRYPT32.dll
0x00007ff88d530000 - 0x00007ff88d560000 	C:\WINDOWS\SYSTEM32\ncrypt.dll
0x00007ff88d490000 - 0x00007ff88d4cf000 	C:\WINDOWS\SYSTEM32\NTASN1.dll
0x00007ff880180000 - 0x00007ff880188000 	C:\WINDOWS\system32\wshunix.dll

dbghelp: loaded successfully - version: 4.0.5 - missing functions: none
symbol engine: initialized successfully - sym options: 0x614 - pdb path: .;C:\Program Files\Java\jdk-17\bin;C:\WINDOWS\SYSTEM32;C:\WINDOWS\WinSxS\amd64_microsoft.windows.common-controls_6595b64144ccf1df_6.0.26100.8115_none_3e075c82e3354f9c;C:\Program Files\Java\jdk-17\bin\server;C:\Users\Inurum_Four\.gradle\native\1def1411415f61bf3af743bc5b6707747c0891f09f0c88961ee8f79bc544acac\windows-amd64;C:\Users\Inurum_Four\.gradle\native\0.2.7\x86_64-windows-gnu

VM Arguments:
jvm_args: --add-opens=java.base/java.lang=ALL-UNNAMED --add-opens=java.base/java.lang.invoke=ALL-UNNAMED --add-opens=java.base/java.util=ALL-UNNAMED --add-opens=java.prefs/java.util.prefs=ALL-UNNAMED --add-exports=jdk.compiler/com.sun.tools.javac.api=ALL-UNNAMED --add-exports=jdk.compiler/com.sun.tools.javac.util=ALL-UNNAMED --add-opens=java.base/java.util=ALL-UNNAMED --add-opens=java.prefs/java.util.prefs=ALL-UNNAMED --add-opens=java.base/java.nio.charset=ALL-UNNAMED --add-opens=java.base/java.net=ALL-UNNAMED --add-opens=java.base/java.util.concurrent.atomic=ALL-UNNAMED --add-opens=java.xml/javax.xml.namespace=ALL-UNNAMED -Xmx1536M -Dfile.encoding=windows-1252 -Duser.country=IN -Duser.language=en -Duser.variant -javaagent:C:\Users\Inurum_Four\.gradle\wrapper\dists\gradle-8.14-all\c2qonpi39x1mddn7hk5gh9iqj\gradle-8.14\lib\agents\gradle-instrumentation-agent-8.14.jar 
java_command: org.gradle.launcher.daemon.bootstrap.GradleDaemon 8.14
java_class_path (initial): C:\Users\Inurum_Four\.gradle\wrapper\dists\gradle-8.14-all\c2qonpi39x1mddn7hk5gh9iqj\gradle-8.14\lib\gradle-daemon-main-8.14.jar
Launcher Type: SUN_STANDARD

[Global flags]
     intx CICompilerCount                          = 4                                         {product} {ergonomic}
     uint ConcGCThreads                            = 2                                         {product} {ergonomic}
     uint G1ConcRefinementThreads                  = 8                                         {product} {ergonomic}
   size_t G1HeapRegionSize                         = 1048576                                   {product} {ergonomic}
    uintx GCDrainStackTargetSize                   = 64                                        {product} {ergonomic}
   size_t InitialHeapSize                          = 266338304                                 {product} {ergonomic}
   size_t MarkStackSize                            = 4194304                                   {product} {ergonomic}
   size_t MaxHeapSize                              = 1610612736                                {product} {command line}
   size_t MaxNewSize                               = 965738496                                 {product} {ergonomic}
   size_t MinHeapDeltaBytes                        = 1048576                                   {product} {ergonomic}
   size_t MinHeapSize                              = 8388608                                   {product} {ergonomic}
    uintx NonNMethodCodeHeapSize                   = 5839372                                {pd product} {ergonomic}
    uintx NonProfiledCodeHeapSize                  = 122909434                              {pd product} {ergonomic}
    uintx ProfiledCodeHeapSize                     = 122909434                              {pd product} {ergonomic}
    uintx ReservedCodeCacheSize                    = 251658240                              {pd product} {ergonomic}
     bool SegmentedCodeCache                       = true                                      {product} {ergonomic}
   size_t SoftMaxHeapSize                          = 1610612736                             {manageable} {ergonomic}
     bool UseCompressedClassPointers               = true                           {product lp64_product} {ergonomic}
     bool UseCompressedOops                        = true                           {product lp64_product} {ergonomic}
     bool UseG1GC                                  = true                                      {product} {ergonomic}
     bool UseLargePagesIndividualAllocation        = false                                  {pd product} {ergonomic}

Logging:
Log output configuration:
 #0: stdout all=warning uptime,level,tags
 #1: stderr all=off uptime,level,tags

Environment Variables:
JAVA_HOME=C:\Program Files\Java\jdk-17
CLASSPATH=D:\InurumFlutter\mg\driver and customer\mahilasaarthi\driver\android\\gradle\wrapper\gradle-wrapper.jar
PATH=C:\Program Files\Java\jdk-17\bin;C:\src\flutter\bin\;C:\Program Files\Common Files\Oracle\Java\javapath;C:\WINDOWS\system32;C:\WINDOWS;C:\WINDOWS\System32\Wbem;C:\WINDOWS\System32\WindowsPowerShell\v1.0\;C:\WINDOWS\System32\OpenSSH\;C:\src\flutter\bin;C:\Program Files\Git\cmd;C:\Users\Inurum_Four\AppData\Roaming\npm;C:\Program Files\nodejs\;C:\Users\Inurum_Four\AppData\Local\Programs\Python\Python311\Scripts\;C:\Users\Inurum_Four\AppData\Local\Programs\Python\Python311\;C:\Users\Inurum_Four\AppData\Local\Programs\Python\Python314\Scripts\;C:\Users\Inurum_Four\AppData\Local\Programs\Python\Python314\;C:\Users\Inurum_Four\AppData\Local\Microsoft\WindowsApps;C:\src\flutter\bin;C:\Users\Inurum_Four\AppData\Local\Programs\Microsoft VS Code\bin;C:\Program Files\nodejs\;C:\Users\Inurum_Four\AppData\Local\Pub\Cache\bin;C:\Users\Inurum_Four\AppData\Roaming\npm;C:\Users\Inurum_Four\AppData\Local\Programs\Antigravity\bin;c:\Users\Inurum_Four\.antigravity\extensions\vscjava.vscode-java-debug-0.59.0-universal\bundled\scripts\noConfigScripts;C:\src\flutter\bin\mingit\cmd
USERNAME=Inurum_Four
LANG=en_US.UTF-8
OS=Windows_NT
PROCESSOR_IDENTIFIER=Intel64 Family 6 Model 151 Stepping 5, GenuineIntel



---------------  S Y S T E M  ---------------

OS:
 Windows 11 , 64 bit Build 26100 (10.0.26100.8246)
OS uptime: 0 days 4:42 hours
Hyper-V role detected

CPU: total 8 (initial active 8) (4 cores per cpu, 2 threads per core) family 6 model 151 stepping 5 microcode 0x18, cx8, cmov, fxsr, ht, mmx, 3dnowpref, sse, sse2, sse3, ssse3, sse4.1, sse4.2, popcnt, lzcnt, tsc, tscinvbit, avx, avx2, aes, erms, clmul, bmi1, bmi2, adx, sha, fma, vzeroupper, clflush, clflushopt, clwb, hv

Memory: 4k page, system-wide physical 16197M (1375M free)
TotalPageFile size 33405M (AvailPageFile size 0M)
current process WorkingSet (physical memory assigned to process): 418M, peak: 434M
current process commit charge ("private bytes"): 462M, peak: 477M

vm_info: Java HotSpot(TM) 64-Bit Server VM (17.0.12+8-LTS-286) for windows-amd64 JRE (17.0.12+8-LTS-286), built on Jun  5 2024 06:46:59 by "mach5one" with MS VC++ 17.6 (VS2022)

END.
