#
# There is insufficient memory for the Java Runtime Environment to continue.
# Native memory allocation (malloc) failed to allocate 150736 bytes for Chunk::new
# Possible reasons:
#   The system is out of physical RAM or swap space
#   The process is running with CompressedOops enabled, and the Java Heap may be blocking the growth of the native heap
# Possible solutions:
#   Reduce memory load on the system
#   Increase physical memory or swap space
#   Check if swap backing store is full
#   Decrease Java heap size (-Xmx/-Xms)
#   Decrease number of Java threads
#   Decrease Java thread stack sizes (-Xss)
#   Set larger code cache with -XX:ReservedCodeCacheSize=
#   JVM is running with Zero Based Compressed Oops mode in which the Java heap is
#     placed in the first 32GB address space. The Java Heap base address is the
#     maximum limit for the native heap growth. Please use -XX:HeapBaseMinAddress
#     to set the Java Heap base and to place the Java Heap above 32GB virtual address.
# This output file may be truncated or incomplete.
#
#  Out of Memory Error (arena.cpp:189), pid=20928, tid=22812
#
# JRE version: Java(TM) SE Runtime Environment (17.0.12+8) (build 17.0.12+8-LTS-286)
# Java VM: Java HotSpot(TM) 64-Bit Server VM (17.0.12+8-LTS-286, mixed mode, sharing, tiered, compressed oops, compressed class ptrs, g1 gc, windows-amd64)
# No core dump will be written. Minidumps are not enabled by default on client versions of Windows
#

---------------  S U M M A R Y ------------

Command Line: -Dorg.gradle.appname=gradlew org.gradle.wrapper.GradleWrapperMain -q -Ptarget-platform=android-arm,android-arm64,android-x64 -Ptarget=lib\main.dart -Pbase-application-name=android.app.Application -Pdart-obfuscation=false -Ptrack-widget-creation=true -Ptree-shake-icons=true assembleRelease

Host: 12th Gen Intel(R) Core(TM) i3-12100F, 8 cores, 15G,  Windows 11 , 64 bit Build 26100 (10.0.26100.8246)
Time: Mon Jun  8 17:56:45 2026 India Standard Time elapsed time: 18.849797 seconds (0d 0h 0m 18s)

---------------  T H R E A D  ---------------

Current thread (0x000002288a4de470):  JavaThread "C2 CompilerThread0" daemon [_thread_in_native, id=22812, stack(0x0000005a58200000,0x0000005a58300000)]


Current CompileTask:
C2:  18849 1520       4       org.gradle.internal.logging.text.AbstractLineChoppingStyledTextOutput$1::execute (9 bytes)

Stack: [0x0000005a58200000,0x0000005a58300000]
Native frames: (J=compiled Java code, j=interpreted, Vv=VM code, C=native code)
V  [jvm.dll+0x67a04a]
V  [jvm.dll+0x7da4ed]
V  [jvm.dll+0x7dbe33]
V  [jvm.dll+0x7dc4a3]
V  [jvm.dll+0x24508f]
V  [jvm.dll+0xab773]
V  [jvm.dll+0xabd3c]
V  [jvm.dll+0x2aa52f]
V  [jvm.dll+0x581eb9]
V  [jvm.dll+0x21f422]
V  [jvm.dll+0x21837b]
V  [jvm.dll+0x215b65]
V  [jvm.dll+0x1a2960]
V  [jvm.dll+0x22610b]
V  [jvm.dll+0x2242ab]
V  [jvm.dll+0x79075c]
V  [jvm.dll+0x78abea]
V  [jvm.dll+0x678f35]
C  [ucrtbase.dll+0x37b0]
C  [KERNEL32.DLL+0x2e8d7]
C  [ntdll.dll+0x8c3fc]


---------------  P R O C E S S  ---------------

Threads class SMR info:
_java_thread_list=0x00000228d0b4a130, length=14, elements={
0x00000228e77428a0, 0x000002288a4c2d50, 0x000002288a4c3820, 0x000002288a4dbd50,
0x000002288a4dc620, 0x000002288a4dcef0, 0x000002288a4dd7c0, 0x000002288a4de470,
0x000002288a602090, 0x000002288a6039b0, 0x000002288a7529f0, 0x000002288a75b4c0,
0x00000228d0832a70, 0x000002288a692410
}

Java Threads: ( => current thread )
  0x00000228e77428a0 JavaThread "main" [_thread_in_vm, id=18608, stack(0x0000005a57500000,0x0000005a57600000)]
  0x000002288a4c2d50 JavaThread "Reference Handler" daemon [_thread_blocked, id=9704, stack(0x0000005a57c00000,0x0000005a57d00000)]
  0x000002288a4c3820 JavaThread "Finalizer" daemon [_thread_blocked, id=17092, stack(0x0000005a57d00000,0x0000005a57e00000)]
  0x000002288a4dbd50 JavaThread "Signal Dispatcher" daemon [_thread_blocked, id=21372, stack(0x0000005a57e00000,0x0000005a57f00000)]
  0x000002288a4dc620 JavaThread "Attach Listener" daemon [_thread_blocked, id=5124, stack(0x0000005a57f00000,0x0000005a58000000)]
  0x000002288a4dcef0 JavaThread "Service Thread" daemon [_thread_blocked, id=13792, stack(0x0000005a58000000,0x0000005a58100000)]
  0x000002288a4dd7c0 JavaThread "Monitor Deflation Thread" daemon [_thread_blocked, id=4148, stack(0x0000005a58100000,0x0000005a58200000)]
=>0x000002288a4de470 JavaThread "C2 CompilerThread0" daemon [_thread_in_native, id=22812, stack(0x0000005a58200000,0x0000005a58300000)]
  0x000002288a602090 JavaThread "C1 CompilerThread0" daemon [_thread_blocked, id=19728, stack(0x0000005a58300000,0x0000005a58400000)]
  0x000002288a6039b0 JavaThread "Sweeper thread" daemon [_thread_blocked, id=16180, stack(0x0000005a58400000,0x0000005a58500000)]
  0x000002288a7529f0 JavaThread "Notification Thread" daemon [_thread_blocked, id=19152, stack(0x0000005a58500000,0x0000005a58600000)]
  0x000002288a75b4c0 JavaThread "Common-Cleaner" daemon [_thread_blocked, id=18332, stack(0x0000005a58700000,0x0000005a58800000)]
  0x00000228d0832a70 JavaThread "pool-1-thread-1" [_thread_blocked, id=6680, stack(0x0000005a58e00000,0x0000005a58f00000)]
  0x000002288a692410 JavaThread "C2 CompilerThread1" daemon [_thread_in_vm, id=15644, stack(0x0000005a58f00000,0x0000005a59000000)]

Other Threads:
  0x000002288a4bf3a0 VMThread "VM Thread" [stack: 0x0000005a57b00000,0x0000005a57c00000] [id=5056]
  0x00000228e77d0de0 WatcherThread [stack: 0x0000005a58600000,0x0000005a58700000] [id=12216]
  0x00000228e77b1ba0 GCTaskThread "GC Thread#0" [stack: 0x0000005a57600000,0x0000005a57700000] [id=23760]
  0x00000228d017bbe0 GCTaskThread "GC Thread#1" [stack: 0x0000005a58900000,0x0000005a58a00000] [id=22428]
  0x00000228d017bea0 GCTaskThread "GC Thread#2" [stack: 0x0000005a58a00000,0x0000005a58b00000] [id=22764]
  0x00000228d0674740 GCTaskThread "GC Thread#3" [stack: 0x0000005a58b00000,0x0000005a58c00000] [id=8376]
  0x00000228d0674a00 GCTaskThread "GC Thread#4" [stack: 0x0000005a58c00000,0x0000005a58d00000] [id=11668]
  0x00000228d081a220 GCTaskThread "GC Thread#5" [stack: 0x0000005a58d00000,0x0000005a58e00000] [id=22932]
  0x00000228e77c2710 ConcurrentGCThread "G1 Main Marker" [stack: 0x0000005a57700000,0x0000005a57800000] [id=24088]
  0x00000228e77c3030 ConcurrentGCThread "G1 Conc#0" [stack: 0x0000005a57800000,0x0000005a57900000] [id=5576]
  0x00000228e780d0e0 ConcurrentGCThread "G1 Refine#0" [stack: 0x0000005a57900000,0x0000005a57a00000] [id=1724]
  0x00000228e780d8c0 ConcurrentGCThread "G1 Service" [stack: 0x0000005a57a00000,0x0000005a57b00000] [id=2928]

Threads with active compile tasks:
C2 CompilerThread0    18864 1520       4       org.gradle.internal.logging.text.AbstractLineChoppingStyledTextOutput$1::execute (9 bytes)
C2 CompilerThread1    18864 1530       4       org.gradle.internal.logging.text.AbstractLineChoppingStyledTextOutput$1::execute (140 bytes)

VM state: not at safepoint (normal execution)

VM Mutex/Monitor currently owned by a thread: None

Heap address: 0x0000000702e00000, size: 4050 MB, Compressed Oops mode: Zero based, Oop shift amount: 3

CDS archive(s) mapped at: [0x000002288b000000-0x000002288bbd0000-0x000002288bbd0000), size 12386304, SharedBaseAddress: 0x000002288b000000, ArchiveRelocationMode: 1.
Compressed class space mapped at: 0x000002288c000000-0x00000228cc000000, reserved size: 1073741824
Narrow klass base: 0x000002288b000000, Narrow klass shift: 0, Narrow klass range: 0x100000000

GC Precious Log:
 CPUs: 8 total, 8 available
 Memory: 16197M
 Large Page Support: Disabled
 NUMA Support: Disabled
 Compressed Oops: Enabled (Zero based)
 Heap Region Size: 2M
 Heap Min Capacity: 8M
 Heap Initial Capacity: 254M
 Heap Max Capacity: 4050M
 Pre-touch: Disabled
 Parallel Workers: 8
 Concurrent Workers: 2
 Concurrent Refinement Workers: 8
 Periodic GC: Disabled

Heap:
 garbage-first heap   total 260096K, used 33028K [0x0000000702e00000, 0x0000000800000000)
  region size 2048K, 14 young (28672K), 2 survivors (4096K)
 Metaspace       used 9200K, committed 9472K, reserved 1114112K
  class space    used 1221K, committed 1344K, reserved 1048576K

Heap Regions: E=young(eden), S=young(survivor), O=old, HS=humongous(starts), HC=humongous(continues), CS=collection set, F=free, OA=open archive, CA=closed archive, TAMS=top-at-mark-start (previous, next)
|   0|0x0000000702e00000, 0x0000000703000000, 0x0000000703000000|100%|HS|  |TAMS 0x0000000702e00000, 0x0000000702e00000| Complete 
|   1|0x0000000703000000, 0x0000000703200000, 0x0000000703200000|100%|HC|  |TAMS 0x0000000703000000, 0x0000000703000000| Complete 
|   2|0x0000000703200000, 0x0000000703400000, 0x0000000703400000|100%| O|  |TAMS 0x0000000703200000, 0x0000000703200000| Untracked 
|   3|0x0000000703400000, 0x0000000703441000, 0x0000000703600000| 12%| O|  |TAMS 0x0000000703400000, 0x0000000703400000| Untracked 
|   4|0x0000000703600000, 0x0000000703600000, 0x0000000703800000|  0%| F|  |TAMS 0x0000000703600000, 0x0000000703600000| Untracked 
|   5|0x0000000703800000, 0x0000000703800000, 0x0000000703a00000|  0%| F|  |TAMS 0x0000000703800000, 0x0000000703800000| Untracked 
|   6|0x0000000703a00000, 0x0000000703a00000, 0x0000000703c00000|  0%| F|  |TAMS 0x0000000703a00000, 0x0000000703a00000| Untracked 
|   7|0x0000000703c00000, 0x0000000703c00000, 0x0000000703e00000|  0%| F|  |TAMS 0x0000000703c00000, 0x0000000703c00000| Untracked 
|   8|0x0000000703e00000, 0x0000000703e00000, 0x0000000704000000|  0%| F|  |TAMS 0x0000000703e00000, 0x0000000703e00000| Untracked 
|   9|0x0000000704000000, 0x0000000704000000, 0x0000000704200000|  0%| F|  |TAMS 0x0000000704000000, 0x0000000704000000| Untracked 
|  10|0x0000000704200000, 0x0000000704200000, 0x0000000704400000|  0%| F|  |TAMS 0x0000000704200000, 0x0000000704200000| Untracked 
|  11|0x0000000704400000, 0x0000000704400000, 0x0000000704600000|  0%| F|  |TAMS 0x0000000704400000, 0x0000000704400000| Untracked 
|  12|0x0000000704600000, 0x0000000704600000, 0x0000000704800000|  0%| F|  |TAMS 0x0000000704600000, 0x0000000704600000| Untracked 
|  13|0x0000000704800000, 0x0000000704800000, 0x0000000704a00000|  0%| F|  |TAMS 0x0000000704800000, 0x0000000704800000| Untracked 
|  14|0x0000000704a00000, 0x0000000704a00000, 0x0000000704c00000|  0%| F|  |TAMS 0x0000000704a00000, 0x0000000704a00000| Untracked 
|  15|0x0000000704c00000, 0x0000000704c00000, 0x0000000704e00000|  0%| F|  |TAMS 0x0000000704c00000, 0x0000000704c00000| Untracked 
|  16|0x0000000704e00000, 0x0000000704e00000, 0x0000000705000000|  0%| F|  |TAMS 0x0000000704e00000, 0x0000000704e00000| Untracked 
|  17|0x0000000705000000, 0x0000000705000000, 0x0000000705200000|  0%| F|  |TAMS 0x0000000705000000, 0x0000000705000000| Untracked 
|  18|0x0000000705200000, 0x0000000705200000, 0x0000000705400000|  0%| F|  |TAMS 0x0000000705200000, 0x0000000705200000| Untracked 
|  19|0x0000000705400000, 0x0000000705400000, 0x0000000705600000|  0%| F|  |TAMS 0x0000000705400000, 0x0000000705400000| Untracked 
|  20|0x0000000705600000, 0x0000000705600000, 0x0000000705800000|  0%| F|  |TAMS 0x0000000705600000, 0x0000000705600000| Untracked 
|  21|0x0000000705800000, 0x0000000705800000, 0x0000000705a00000|  0%| F|  |TAMS 0x0000000705800000, 0x0000000705800000| Untracked 
|  22|0x0000000705a00000, 0x0000000705a00000, 0x0000000705c00000|  0%| F|  |TAMS 0x0000000705a00000, 0x0000000705a00000| Untracked 
|  23|0x0000000705c00000, 0x0000000705c00000, 0x0000000705e00000|  0%| F|  |TAMS 0x0000000705c00000, 0x0000000705c00000| Untracked 
|  24|0x0000000705e00000, 0x0000000705e00000, 0x0000000706000000|  0%| F|  |TAMS 0x0000000705e00000, 0x0000000705e00000| Untracked 
|  25|0x0000000706000000, 0x0000000706000000, 0x0000000706200000|  0%| F|  |TAMS 0x0000000706000000, 0x0000000706000000| Untracked 
|  26|0x0000000706200000, 0x0000000706200000, 0x0000000706400000|  0%| F|  |TAMS 0x0000000706200000, 0x0000000706200000| Untracked 
|  27|0x0000000706400000, 0x0000000706400000, 0x0000000706600000|  0%| F|  |TAMS 0x0000000706400000, 0x0000000706400000| Untracked 
|  28|0x0000000706600000, 0x0000000706600000, 0x0000000706800000|  0%| F|  |TAMS 0x0000000706600000, 0x0000000706600000| Untracked 
|  29|0x0000000706800000, 0x0000000706800000, 0x0000000706a00000|  0%| F|  |TAMS 0x0000000706800000, 0x0000000706800000| Untracked 
|  30|0x0000000706a00000, 0x0000000706a00000, 0x0000000706c00000|  0%| F|  |TAMS 0x0000000706a00000, 0x0000000706a00000| Untracked 
|  31|0x0000000706c00000, 0x0000000706c00000, 0x0000000706e00000|  0%| F|  |TAMS 0x0000000706c00000, 0x0000000706c00000| Untracked 
|  32|0x0000000706e00000, 0x0000000706e00000, 0x0000000707000000|  0%| F|  |TAMS 0x0000000706e00000, 0x0000000706e00000| Untracked 
|  33|0x0000000707000000, 0x0000000707000000, 0x0000000707200000|  0%| F|  |TAMS 0x0000000707000000, 0x0000000707000000| Untracked 
|  34|0x0000000707200000, 0x0000000707200000, 0x0000000707400000|  0%| F|  |TAMS 0x0000000707200000, 0x0000000707200000| Untracked 
|  35|0x0000000707400000, 0x0000000707400000, 0x0000000707600000|  0%| F|  |TAMS 0x0000000707400000, 0x0000000707400000| Untracked 
|  36|0x0000000707600000, 0x0000000707600000, 0x0000000707800000|  0%| F|  |TAMS 0x0000000707600000, 0x0000000707600000| Untracked 
|  37|0x0000000707800000, 0x0000000707800000, 0x0000000707a00000|  0%| F|  |TAMS 0x0000000707800000, 0x0000000707800000| Untracked 
|  38|0x0000000707a00000, 0x0000000707a00000, 0x0000000707c00000|  0%| F|  |TAMS 0x0000000707a00000, 0x0000000707a00000| Untracked 
|  39|0x0000000707c00000, 0x0000000707c00000, 0x0000000707e00000|  0%| F|  |TAMS 0x0000000707c00000, 0x0000000707c00000| Untracked 
|  40|0x0000000707e00000, 0x0000000707e00000, 0x0000000708000000|  0%| F|  |TAMS 0x0000000707e00000, 0x0000000707e00000| Untracked 
|  41|0x0000000708000000, 0x0000000708000000, 0x0000000708200000|  0%| F|  |TAMS 0x0000000708000000, 0x0000000708000000| Untracked 
|  42|0x0000000708200000, 0x0000000708200000, 0x0000000708400000|  0%| F|  |TAMS 0x0000000708200000, 0x0000000708200000| Untracked 
|  43|0x0000000708400000, 0x0000000708400000, 0x0000000708600000|  0%| F|  |TAMS 0x0000000708400000, 0x0000000708400000| Untracked 
|  44|0x0000000708600000, 0x0000000708600000, 0x0000000708800000|  0%| F|  |TAMS 0x0000000708600000, 0x0000000708600000| Untracked 
|  45|0x0000000708800000, 0x0000000708800000, 0x0000000708a00000|  0%| F|  |TAMS 0x0000000708800000, 0x0000000708800000| Untracked 
|  46|0x0000000708a00000, 0x0000000708a00000, 0x0000000708c00000|  0%| F|  |TAMS 0x0000000708a00000, 0x0000000708a00000| Untracked 
|  47|0x0000000708c00000, 0x0000000708c00000, 0x0000000708e00000|  0%| F|  |TAMS 0x0000000708c00000, 0x0000000708c00000| Untracked 
|  48|0x0000000708e00000, 0x0000000708e00000, 0x0000000709000000|  0%| F|  |TAMS 0x0000000708e00000, 0x0000000708e00000| Untracked 
|  49|0x0000000709000000, 0x0000000709000000, 0x0000000709200000|  0%| F|  |TAMS 0x0000000709000000, 0x0000000709000000| Untracked 
|  50|0x0000000709200000, 0x0000000709200000, 0x0000000709400000|  0%| F|  |TAMS 0x0000000709200000, 0x0000000709200000| Untracked 
|  51|0x0000000709400000, 0x0000000709400000, 0x0000000709600000|  0%| F|  |TAMS 0x0000000709400000, 0x0000000709400000| Untracked 
|  52|0x0000000709600000, 0x0000000709600000, 0x0000000709800000|  0%| F|  |TAMS 0x0000000709600000, 0x0000000709600000| Untracked 
|  53|0x0000000709800000, 0x0000000709800000, 0x0000000709a00000|  0%| F|  |TAMS 0x0000000709800000, 0x0000000709800000| Untracked 
|  54|0x0000000709a00000, 0x0000000709a00000, 0x0000000709c00000|  0%| F|  |TAMS 0x0000000709a00000, 0x0000000709a00000| Untracked 
|  55|0x0000000709c00000, 0x0000000709c00000, 0x0000000709e00000|  0%| F|  |TAMS 0x0000000709c00000, 0x0000000709c00000| Untracked 
|  56|0x0000000709e00000, 0x0000000709e00000, 0x000000070a000000|  0%| F|  |TAMS 0x0000000709e00000, 0x0000000709e00000| Untracked 
|  57|0x000000070a000000, 0x000000070a000000, 0x000000070a200000|  0%| F|  |TAMS 0x000000070a000000, 0x000000070a000000| Untracked 
|  58|0x000000070a200000, 0x000000070a200000, 0x000000070a400000|  0%| F|  |TAMS 0x000000070a200000, 0x000000070a200000| Untracked 
|  59|0x000000070a400000, 0x000000070a400000, 0x000000070a600000|  0%| F|  |TAMS 0x000000070a400000, 0x000000070a400000| Untracked 
|  60|0x000000070a600000, 0x000000070a600000, 0x000000070a800000|  0%| F|  |TAMS 0x000000070a600000, 0x000000070a600000| Untracked 
|  61|0x000000070a800000, 0x000000070a800000, 0x000000070aa00000|  0%| F|  |TAMS 0x000000070a800000, 0x000000070a800000| Untracked 
|  62|0x000000070aa00000, 0x000000070aa00000, 0x000000070ac00000|  0%| F|  |TAMS 0x000000070aa00000, 0x000000070aa00000| Untracked 
|  63|0x000000070ac00000, 0x000000070ac00000, 0x000000070ae00000|  0%| F|  |TAMS 0x000000070ac00000, 0x000000070ac00000| Untracked 
|  64|0x000000070ae00000, 0x000000070ae00000, 0x000000070b000000|  0%| F|  |TAMS 0x000000070ae00000, 0x000000070ae00000| Untracked 
|  65|0x000000070b000000, 0x000000070b000000, 0x000000070b200000|  0%| F|  |TAMS 0x000000070b000000, 0x000000070b000000| Untracked 
|  66|0x000000070b200000, 0x000000070b200000, 0x000000070b400000|  0%| F|  |TAMS 0x000000070b200000, 0x000000070b200000| Untracked 
|  67|0x000000070b400000, 0x000000070b400000, 0x000000070b600000|  0%| F|  |TAMS 0x000000070b400000, 0x000000070b400000| Untracked 
|  68|0x000000070b600000, 0x000000070b600000, 0x000000070b800000|  0%| F|  |TAMS 0x000000070b600000, 0x000000070b600000| Untracked 
|  69|0x000000070b800000, 0x000000070b800000, 0x000000070ba00000|  0%| F|  |TAMS 0x000000070b800000, 0x000000070b800000| Untracked 
|  70|0x000000070ba00000, 0x000000070ba00000, 0x000000070bc00000|  0%| F|  |TAMS 0x000000070ba00000, 0x000000070ba00000| Untracked 
|  71|0x000000070bc00000, 0x000000070bc00000, 0x000000070be00000|  0%| F|  |TAMS 0x000000070bc00000, 0x000000070bc00000| Untracked 
|  72|0x000000070be00000, 0x000000070be00000, 0x000000070c000000|  0%| F|  |TAMS 0x000000070be00000, 0x000000070be00000| Untracked 
|  73|0x000000070c000000, 0x000000070c000000, 0x000000070c200000|  0%| F|  |TAMS 0x000000070c000000, 0x000000070c000000| Untracked 
|  74|0x000000070c200000, 0x000000070c200000, 0x000000070c400000|  0%| F|  |TAMS 0x000000070c200000, 0x000000070c200000| Untracked 
|  75|0x000000070c400000, 0x000000070c400000, 0x000000070c600000|  0%| F|  |TAMS 0x000000070c400000, 0x000000070c400000| Untracked 
|  76|0x000000070c600000, 0x000000070c600000, 0x000000070c800000|  0%| F|  |TAMS 0x000000070c600000, 0x000000070c600000| Untracked 
|  77|0x000000070c800000, 0x000000070c800000, 0x000000070ca00000|  0%| F|  |TAMS 0x000000070c800000, 0x000000070c800000| Untracked 
|  78|0x000000070ca00000, 0x000000070ca00000, 0x000000070cc00000|  0%| F|  |TAMS 0x000000070ca00000, 0x000000070ca00000| Untracked 
|  79|0x000000070cc00000, 0x000000070cc00000, 0x000000070ce00000|  0%| F|  |TAMS 0x000000070cc00000, 0x000000070cc00000| Untracked 
|  80|0x000000070ce00000, 0x000000070ce00000, 0x000000070d000000|  0%| F|  |TAMS 0x000000070ce00000, 0x000000070ce00000| Untracked 
|  81|0x000000070d000000, 0x000000070d000000, 0x000000070d200000|  0%| F|  |TAMS 0x000000070d000000, 0x000000070d000000| Untracked 
|  82|0x000000070d200000, 0x000000070d200000, 0x000000070d400000|  0%| F|  |TAMS 0x000000070d200000, 0x000000070d200000| Untracked 
|  83|0x000000070d400000, 0x000000070d400000, 0x000000070d600000|  0%| F|  |TAMS 0x000000070d400000, 0x000000070d400000| Untracked 
|  84|0x000000070d600000, 0x000000070d600000, 0x000000070d800000|  0%| F|  |TAMS 0x000000070d600000, 0x000000070d600000| Untracked 
|  85|0x000000070d800000, 0x000000070d800000, 0x000000070da00000|  0%| F|  |TAMS 0x000000070d800000, 0x000000070d800000| Untracked 
|  86|0x000000070da00000, 0x000000070da00000, 0x000000070dc00000|  0%| F|  |TAMS 0x000000070da00000, 0x000000070da00000| Untracked 
|  87|0x000000070dc00000, 0x000000070dc00000, 0x000000070de00000|  0%| F|  |TAMS 0x000000070dc00000, 0x000000070dc00000| Untracked 
|  88|0x000000070de00000, 0x000000070de00000, 0x000000070e000000|  0%| F|  |TAMS 0x000000070de00000, 0x000000070de00000| Untracked 
|  89|0x000000070e000000, 0x000000070e000000, 0x000000070e200000|  0%| F|  |TAMS 0x000000070e000000, 0x000000070e000000| Untracked 
|  90|0x000000070e200000, 0x000000070e200000, 0x000000070e400000|  0%| F|  |TAMS 0x000000070e200000, 0x000000070e200000| Untracked 
|  91|0x000000070e400000, 0x000000070e400000, 0x000000070e600000|  0%| F|  |TAMS 0x000000070e400000, 0x000000070e400000| Untracked 
|  92|0x000000070e600000, 0x000000070e600000, 0x000000070e800000|  0%| F|  |TAMS 0x000000070e600000, 0x000000070e600000| Untracked 
|  93|0x000000070e800000, 0x000000070e800000, 0x000000070ea00000|  0%| F|  |TAMS 0x000000070e800000, 0x000000070e800000| Untracked 
|  94|0x000000070ea00000, 0x000000070ea00000, 0x000000070ec00000|  0%| F|  |TAMS 0x000000070ea00000, 0x000000070ea00000| Untracked 
|  95|0x000000070ec00000, 0x000000070ec00000, 0x000000070ee00000|  0%| F|  |TAMS 0x000000070ec00000, 0x000000070ec00000| Untracked 
|  96|0x000000070ee00000, 0x000000070ee00000, 0x000000070f000000|  0%| F|  |TAMS 0x000000070ee00000, 0x000000070ee00000| Untracked 
|  97|0x000000070f000000, 0x000000070f000000, 0x000000070f200000|  0%| F|  |TAMS 0x000000070f000000, 0x000000070f000000| Untracked 
|  98|0x000000070f200000, 0x000000070f200000, 0x000000070f400000|  0%| F|  |TAMS 0x000000070f200000, 0x000000070f200000| Untracked 
|  99|0x000000070f400000, 0x000000070f400000, 0x000000070f600000|  0%| F|  |TAMS 0x000000070f400000, 0x000000070f400000| Untracked 
| 100|0x000000070f600000, 0x000000070f600000, 0x000000070f800000|  0%| F|  |TAMS 0x000000070f600000, 0x000000070f600000| Untracked 
| 101|0x000000070f800000, 0x000000070f800000, 0x000000070fa00000|  0%| F|  |TAMS 0x000000070f800000, 0x000000070f800000| Untracked 
| 102|0x000000070fa00000, 0x000000070fa00000, 0x000000070fc00000|  0%| F|  |TAMS 0x000000070fa00000, 0x000000070fa00000| Untracked 
| 103|0x000000070fc00000, 0x000000070fc00000, 0x000000070fe00000|  0%| F|  |TAMS 0x000000070fc00000, 0x000000070fc00000| Untracked 
| 104|0x000000070fe00000, 0x000000070fe00000, 0x0000000710000000|  0%| F|  |TAMS 0x000000070fe00000, 0x000000070fe00000| Untracked 
| 105|0x0000000710000000, 0x0000000710000000, 0x0000000710200000|  0%| F|  |TAMS 0x0000000710000000, 0x0000000710000000| Untracked 
| 106|0x0000000710200000, 0x0000000710200000, 0x0000000710400000|  0%| F|  |TAMS 0x0000000710200000, 0x0000000710200000| Untracked 
| 107|0x0000000710400000, 0x0000000710400000, 0x0000000710600000|  0%| F|  |TAMS 0x0000000710400000, 0x0000000710400000| Untracked 
| 108|0x0000000710600000, 0x0000000710600000, 0x0000000710800000|  0%| F|  |TAMS 0x0000000710600000, 0x0000000710600000| Untracked 
| 109|0x0000000710800000, 0x0000000710800000, 0x0000000710a00000|  0%| F|  |TAMS 0x0000000710800000, 0x0000000710800000| Untracked 
| 110|0x0000000710a00000, 0x0000000710a00000, 0x0000000710c00000|  0%| F|  |TAMS 0x0000000710a00000, 0x0000000710a00000| Untracked 
| 111|0x0000000710c00000, 0x0000000710c00000, 0x0000000710e00000|  0%| F|  |TAMS 0x0000000710c00000, 0x0000000710c00000| Untracked 
| 112|0x0000000710e00000, 0x0000000710e00000, 0x0000000711000000|  0%| F|  |TAMS 0x0000000710e00000, 0x0000000710e00000| Untracked 
| 113|0x0000000711000000, 0x00000007110f7368, 0x0000000711200000| 48%| E|  |TAMS 0x0000000711000000, 0x0000000711000000| Complete 
| 114|0x0000000711200000, 0x0000000711400000, 0x0000000711400000|100%| S|CS|TAMS 0x0000000711200000, 0x0000000711200000| Complete 
| 115|0x0000000711400000, 0x0000000711600000, 0x0000000711600000|100%| S|CS|TAMS 0x0000000711400000, 0x0000000711400000| Complete 
| 116|0x0000000711600000, 0x0000000711800000, 0x0000000711800000|100%| E|CS|TAMS 0x0000000711600000, 0x0000000711600000| Complete 
| 117|0x0000000711800000, 0x0000000711a00000, 0x0000000711a00000|100%| E|CS|TAMS 0x0000000711800000, 0x0000000711800000| Complete 
| 118|0x0000000711a00000, 0x0000000711c00000, 0x0000000711c00000|100%| E|CS|TAMS 0x0000000711a00000, 0x0000000711a00000| Complete 
| 119|0x0000000711c00000, 0x0000000711e00000, 0x0000000711e00000|100%| E|CS|TAMS 0x0000000711c00000, 0x0000000711c00000| Complete 
| 120|0x0000000711e00000, 0x0000000712000000, 0x0000000712000000|100%| E|CS|TAMS 0x0000000711e00000, 0x0000000711e00000| Complete 
| 121|0x0000000712000000, 0x0000000712200000, 0x0000000712200000|100%| E|CS|TAMS 0x0000000712000000, 0x0000000712000000| Complete 
| 122|0x0000000712200000, 0x0000000712400000, 0x0000000712400000|100%| E|CS|TAMS 0x0000000712200000, 0x0000000712200000| Complete 
| 123|0x0000000712400000, 0x0000000712600000, 0x0000000712600000|100%| E|CS|TAMS 0x0000000712400000, 0x0000000712400000| Complete 
| 124|0x0000000712600000, 0x0000000712800000, 0x0000000712800000|100%| E|CS|TAMS 0x0000000712600000, 0x0000000712600000| Complete 
| 125|0x0000000712800000, 0x0000000712a00000, 0x0000000712a00000|100%| E|CS|TAMS 0x0000000712800000, 0x0000000712800000| Complete 
| 126|0x0000000712a00000, 0x0000000712c00000, 0x0000000712c00000|100%| E|CS|TAMS 0x0000000712a00000, 0x0000000712a00000| Complete 

Card table byte_map: [0x00000228feb20000,0x00000228ff310000] _byte_map_base: 0x00000228fb309000

Marking Bits (Prev, Next): (CMBitMap*) 0x00000228e77b20d0, (CMBitMap*) 0x00000228e77b2110
 Prev Bits: [0x0000022880000000, 0x0000022883f48000)
 Next Bits: [0x0000022883f50000, 0x0000022887e98000)

Polling page: 0x00000228e5950000

Metaspace:

Usage:
  Non-class:      7.79 MB used.
      Class:      1.19 MB used.
       Both:      8.99 MB used.

Virtual space:
  Non-class space:       64.00 MB reserved,       7.94 MB ( 12%) committed,  1 nodes.
      Class space:        1.00 GB reserved,       1.31 MB ( <1%) committed,  1 nodes.
             Both:        1.06 GB reserved,       9.25 MB ( <1%) committed. 

Chunk freelists:
   Non-Class:  8.11 MB
       Class:  14.61 MB
        Both:  22.72 MB

MaxMetaspaceSize: unlimited
CompressedClassSpaceSize: 1.00 GB
Initial GC threshold: 21.00 MB
Current GC threshold: 21.00 MB
CDS: on
MetaspaceReclaimPolicy: balanced
 - commit_granule_bytes: 65536.
 - commit_granule_words: 8192.
 - virtual_space_node_default_size: 8388608.
 - enlarge_chunks_in_place: 1.
 - new_chunks_are_fully_committed: 0.
 - uncommit_free_chunks: 1.
 - use_allocation_guard: 0.
 - handle_deallocations: 1.


Internal statistics:

num_allocs_failed_limit: 0.
num_arena_births: 90.
num_arena_deaths: 0.
num_vsnodes_births: 2.
num_vsnodes_deaths: 0.
num_space_committed: 148.
num_space_uncommitted: 0.
num_chunks_returned_to_freelist: 0.
num_chunks_taken_from_freelist: 326.
num_chunk_merges: 0.
num_chunk_splits: 216.
num_chunks_enlarged: 179.
num_inconsistent_stats: 0.

CodeHeap 'non-profiled nmethods': size=120000Kb used=611Kb max_used=611Kb free=119388Kb
 bounds [0x00000228f6ad0000, 0x00000228f6d40000, 0x00000228fe000000]
CodeHeap 'profiled nmethods': size=120000Kb used=2876Kb max_used=2876Kb free=117123Kb
 bounds [0x00000228ef000000, 0x00000228ef2d0000, 0x00000228f6530000]
CodeHeap 'non-nmethods': size=5760Kb used=1181Kb max_used=1195Kb free=4578Kb
 bounds [0x00000228f6530000, 0x00000228f67a0000, 0x00000228f6ad0000]
 total_blobs=2012 nmethods=1532 adapters=393
 compilation: enabled
              stopped_count=0, restarted_count=0
 full_count=0

Compilation events (20 events):
Event: 18.839 Thread 0x000002288a602090 nmethod 1513 0x00000228ef2c7a90 code [0x00000228ef2c7c20, 0x00000228ef2c7d18]
Event: 18.839 Thread 0x000002288a602090 1514       3       org.gradle.internal.logging.text.AbstractLineChoppingStyledTextOutput$StateContext::next (11 bytes)
Event: 18.839 Thread 0x000002288a602090 nmethod 1514 0x00000228ef2c7d90 code [0x00000228ef2c7f20, 0x00000228ef2c8038]
Event: 18.843 Thread 0x000002288a602090 1516       3       java.nio.CharBuffer::arrayOffset (35 bytes)
Event: 18.843 Thread 0x000002288a602090 nmethod 1516 0x00000228ef2c8110 code [0x00000228ef2c82e0, 0x00000228ef2c85b8]
Event: 18.844 Thread 0x000002288a4de470 1517       4       org.gradle.internal.logging.text.AbstractLineChoppingStyledTextOutput$StateContext::isCurrentCharEquals (70 bytes)
Event: 18.845 Thread 0x000002288a602090 1518       3       java.nio.ByteBuffer::arrayOffset (35 bytes)
Event: 18.845 Thread 0x000002288a602090 nmethod 1518 0x00000228ef2c8710 code [0x00000228ef2c88e0, 0x00000228ef2c8bb8]
Event: 18.845 Thread 0x000002288a4de470 nmethod 1517 0x00000228f6b68310 code [0x00000228f6b684a0, 0x00000228f6b685e8]
Event: 18.845 Thread 0x000002288a4de470 1519       4       org.gradle.internal.logging.text.AbstractLineChoppingStyledTextOutput$StateContext::hasChar (25 bytes)
Event: 18.846 Thread 0x000002288a602090 1521       3       java.nio.charset.CoderResult::isUnderflow (13 bytes)
Event: 18.846 Thread 0x000002288a602090 nmethod 1521 0x00000228ef2c8d10 code [0x00000228ef2c8ea0, 0x00000228ef2c9018]
Event: 18.846 Thread 0x000002288a602090 1522       3       java.nio.CharBuffer::position (8 bytes)
Event: 18.846 Thread 0x000002288a602090 nmethod 1522 0x00000228ef2c9090 code [0x00000228ef2c9220, 0x00000228ef2c9368]
Event: 18.846 Thread 0x000002288a602090 1523       3       java.nio.CharBuffer::position (6 bytes)
Event: 18.846 Thread 0x000002288a4de470 nmethod 1519 0x00000228f6b68790 code [0x00000228f6b68900, 0x00000228f6b689b8]
Event: 18.846 Thread 0x000002288a4de470 1520       4       org.gradle.internal.logging.text.AbstractLineChoppingStyledTextOutput$1::execute (9 bytes)
Event: 18.846 Thread 0x000002288a602090 nmethod 1523 0x00000228ef2c9410 code [0x00000228ef2c95c0, 0x00000228ef2c9768]
Event: 18.846 Thread 0x000002288a602090 1524       3       java.nio.Buffer::remaining (20 bytes)
Event: 18.846 Thread 0x000002288a602090 nmethod 1524 0x00000228ef2c9810 code [0x00000228ef2c99a0, 0x00000228ef2c9b38]

GC Heap History (2 events):
Event: 0.511 GC heap before
{Heap before GC invocations=0 (full 0):
 garbage-first heap   total 260096K, used 24576K [0x0000000702e00000, 0x0000000800000000)
  region size 2048K, 11 young (22528K), 0 survivors (0K)
 Metaspace       used 3650K, committed 3840K, reserved 1114112K
  class space    used 454K, committed 512K, reserved 1048576K
}
Event: 0.514 GC heap after
{Heap after GC invocations=1 (full 0):
 garbage-first heap   total 260096K, used 10500K [0x0000000702e00000, 0x0000000800000000)
  region size 2048K, 2 young (4096K), 2 survivors (4096K)
 Metaspace       used 3650K, committed 3840K, reserved 1114112K
  class space    used 454K, committed 512K, reserved 1048576K
}

Deoptimization events (20 events):
Event: 3.165 Thread 0x00000228e77428a0 Uncommon trap: trap_request=0xffffff45 fr.pc=0x00000228f6b3df44 relative=0x0000000000000184
Event: 3.165 Thread 0x00000228e77428a0 Uncommon trap: reason=unstable_if action=reinterpret pc=0x00000228f6b3df44 method=java.lang.invoke.VarHandle.checkExactAccessMode(Ljava/lang/invoke/VarHandle$AccessDescriptor;)V @ 4 c2
Event: 3.165 Thread 0x00000228e77428a0 DEOPT PACKING pc=0x00000228f6b3df44 sp=0x0000005a575fca20
Event: 3.165 Thread 0x00000228e77428a0 DEOPT UNPACKING pc=0x00000228f65823a3 sp=0x0000005a575fc960 mode 2
Event: 18.826 Thread 0x00000228e77428a0 Uncommon trap: trap_request=0xffffff45 fr.pc=0x00000228f6af64c8 relative=0x0000000000000048
Event: 18.826 Thread 0x00000228e77428a0 Uncommon trap: reason=unstable_if action=reinterpret pc=0x00000228f6af64c8 method=java.net.URI.match(CJJ)Z @ 19 c2
Event: 18.826 Thread 0x00000228e77428a0 DEOPT PACKING pc=0x00000228f6af64c8 sp=0x0000005a575fc830
Event: 18.826 Thread 0x00000228e77428a0 DEOPT UNPACKING pc=0x00000228f65823a3 sp=0x0000005a575fc7b8 mode 2
Event: 18.826 Thread 0x00000228e77428a0 Uncommon trap: trap_request=0xffffff45 fr.pc=0x00000228f6b4cd18 relative=0x00000000000001f8
Event: 18.826 Thread 0x00000228e77428a0 Uncommon trap: reason=unstable_if action=reinterpret pc=0x00000228f6b4cd18 method=java.net.URI.match(CJJ)Z @ 19 c2
Event: 18.826 Thread 0x00000228e77428a0 DEOPT PACKING pc=0x00000228f6b4cd18 sp=0x0000005a575fc790
Event: 18.826 Thread 0x00000228e77428a0 DEOPT UNPACKING pc=0x00000228f65823a3 sp=0x0000005a575fc690 mode 2
Event: 18.826 Thread 0x00000228e77428a0 Uncommon trap: trap_request=0xffffff45 fr.pc=0x00000228f6b53ef8 relative=0x00000000000001d8
Event: 18.826 Thread 0x00000228e77428a0 Uncommon trap: reason=unstable_if action=reinterpret pc=0x00000228f6b53ef8 method=java.net.URI$Parser.scan(IILjava/lang/String;)I @ 26 c2
Event: 18.826 Thread 0x00000228e77428a0 DEOPT PACKING pc=0x00000228f6b53ef8 sp=0x0000005a575fc970
Event: 18.826 Thread 0x00000228e77428a0 DEOPT UNPACKING pc=0x00000228f65823a3 sp=0x0000005a575fc900 mode 2
Event: 18.846 Thread 0x00000228e77428a0 Uncommon trap: trap_request=0xffffff45 fr.pc=0x00000228f6b68968 relative=0x0000000000000068
Event: 18.846 Thread 0x00000228e77428a0 Uncommon trap: reason=unstable_if action=reinterpret pc=0x00000228f6b68968 method=org.gradle.internal.logging.text.AbstractLineChoppingStyledTextOutput$StateContext.hasChar()Z @ 16 c2
Event: 18.846 Thread 0x00000228e77428a0 DEOPT PACKING pc=0x00000228f6b68968 sp=0x0000005a575fc8b0
Event: 18.846 Thread 0x00000228e77428a0 DEOPT UNPACKING pc=0x00000228f65823a3 sp=0x0000005a575fc848 mode 2

Classes unloaded (0 events):
No events

Classes redefined (0 events):
No events

Internal exceptions (20 events):
Event: 18.845 Thread 0x00000228e77428a0 Exception <a 'java/io/IOException'{0x000000071105bad8}> (0x000000071105bad8) 
thrown [s\open\src\hotspot\share\prims\jni.cpp, line 516]
Event: 18.845 Thread 0x00000228e77428a0 Exception <a 'java/io/IOException'{0x000000071105c338}> (0x000000071105c338) 
thrown [s\open\src\hotspot\share\prims\jni.cpp, line 516]
Event: 18.845 Thread 0x00000228e77428a0 Exception <a 'java/io/IOException'{0x000000071105cda0}> (0x000000071105cda0) 
thrown [s\open\src\hotspot\share\prims\jni.cpp, line 516]
Event: 18.845 Thread 0x00000228e77428a0 Exception <a 'java/io/IOException'{0x000000071105d600}> (0x000000071105d600) 
thrown [s\open\src\hotspot\share\prims\jni.cpp, line 516]
Event: 18.845 Thread 0x00000228e77428a0 Exception <a 'java/io/IOException'{0x000000071105deb0}> (0x000000071105deb0) 
thrown [s\open\src\hotspot\share\prims\jni.cpp, line 516]
Event: 18.845 Thread 0x00000228e77428a0 Exception <a 'java/io/IOException'{0x000000071105e710}> (0x000000071105e710) 
thrown [s\open\src\hotspot\share\prims\jni.cpp, line 516]
Event: 18.846 Thread 0x00000228e77428a0 Exception <a 'java/io/IOException'{0x000000071105f8f8}> (0x000000071105f8f8) 
thrown [s\open\src\hotspot\share\prims\jni.cpp, line 516]
Event: 18.846 Thread 0x00000228e77428a0 Exception <a 'java/io/IOException'{0x0000000711060158}> (0x0000000711060158) 
thrown [s\open\src\hotspot\share\prims\jni.cpp, line 516]
Event: 18.846 Thread 0x00000228e77428a0 Exception <a 'java/io/IOException'{0x0000000711060a08}> (0x0000000711060a08) 
thrown [s\open\src\hotspot\share\prims\jni.cpp, line 516]
Event: 18.846 Thread 0x00000228e77428a0 Exception <a 'java/io/IOException'{0x0000000711061268}> (0x0000000711061268) 
thrown [s\open\src\hotspot\share\prims\jni.cpp, line 516]
Event: 18.846 Thread 0x00000228e77428a0 Exception <a 'java/io/IOException'{0x0000000711061ba8}> (0x0000000711061ba8) 
thrown [s\open\src\hotspot\share\prims\jni.cpp, line 516]
Event: 18.846 Thread 0x00000228e77428a0 Exception <a 'java/io/IOException'{0x0000000711062408}> (0x0000000711062408) 
thrown [s\open\src\hotspot\share\prims\jni.cpp, line 516]
Event: 18.846 Thread 0x00000228e77428a0 Exception <a 'java/io/IOException'{0x0000000711062cb8}> (0x0000000711062cb8) 
thrown [s\open\src\hotspot\share\prims\jni.cpp, line 516]
Event: 18.846 Thread 0x00000228e77428a0 Exception <a 'java/io/IOException'{0x0000000711063518}> (0x0000000711063518) 
thrown [s\open\src\hotspot\share\prims\jni.cpp, line 516]
Event: 18.846 Thread 0x00000228e77428a0 Exception <a 'java/io/IOException'{0x0000000711063e28}> (0x0000000711063e28) 
thrown [s\open\src\hotspot\share\prims\jni.cpp, line 516]
Event: 18.846 Thread 0x00000228e77428a0 Exception <a 'java/io/IOException'{0x0000000711064688}> (0x0000000711064688) 
thrown [s\open\src\hotspot\share\prims\jni.cpp, line 516]
Event: 18.846 Thread 0x00000228e77428a0 Exception <a 'java/io/IOException'{0x0000000711065080}> (0x0000000711065080) 
thrown [s\open\src\hotspot\share\prims\jni.cpp, line 516]
Event: 18.846 Thread 0x00000228e77428a0 Exception <a 'java/io/IOException'{0x00000007110658e0}> (0x00000007110658e0) 
thrown [s\open\src\hotspot\share\prims\jni.cpp, line 516]
Event: 18.846 Thread 0x00000228e77428a0 Exception <a 'java/io/IOException'{0x00000007110661f0}> (0x00000007110661f0) 
thrown [s\open\src\hotspot\share\prims\jni.cpp, line 516]
Event: 18.846 Thread 0x00000228e77428a0 Exception <a 'java/io/IOException'{0x0000000711066a50}> (0x0000000711066a50) 
thrown [s\open\src\hotspot\share\prims\jni.cpp, line 516]

VM Operations (20 events):
Event: 0.732 Executing VM operation: HandshakeAllThreads
Event: 0.732 Executing VM operation: HandshakeAllThreads done
Event: 0.807 Executing VM operation: HandshakeAllThreads
Event: 0.808 Executing VM operation: HandshakeAllThreads done
Event: 0.954 Executing VM operation: HandshakeAllThreads
Event: 0.954 Executing VM operation: HandshakeAllThreads done
Event: 1.958 Executing VM operation: Cleanup
Event: 1.958 Executing VM operation: Cleanup done
Event: 3.133 Executing VM operation: HandshakeAllThreads
Event: 3.133 Executing VM operation: HandshakeAllThreads done
Event: 3.133 Executing VM operation: Cleanup
Event: 3.133 Executing VM operation: Cleanup done
Event: 4.143 Executing VM operation: Cleanup
Event: 4.143 Executing VM operation: Cleanup done
Event: 5.156 Executing VM operation: Cleanup
Event: 5.156 Executing VM operation: Cleanup done
Event: 18.847 Executing VM operation: HandshakeAllThreads
Event: 18.847 Executing VM operation: HandshakeAllThreads done
Event: 18.847 Executing VM operation: Cleanup
Event: 18.847 Executing VM operation: Cleanup done

Events (20 events):
Event: 7.439 loading class jdk/internal/reflect/ByteVectorImpl done
Event: 7.439 loading class jdk/internal/reflect/ClassFileAssembler
Event: 7.439 loading class jdk/internal/reflect/ClassFileAssembler done
Event: 7.439 loading class jdk/internal/reflect/UTF8
Event: 7.439 loading class jdk/internal/reflect/UTF8 done
Event: 7.439 loading class jdk/internal/reflect/Label
Event: 7.439 loading class jdk/internal/reflect/Label done
Event: 7.439 loading class jdk/internal/reflect/Label$PatchInfo
Event: 7.439 loading class jdk/internal/reflect/Label$PatchInfo done
Event: 7.440 loading class jdk/internal/reflect/MethodAccessorGenerator$1
Event: 7.440 loading class jdk/internal/reflect/MethodAccessorGenerator$1 done
Event: 7.440 loading class jdk/internal/reflect/ClassDefiner
Event: 7.440 loading class jdk/internal/reflect/ClassDefiner done
Event: 7.440 loading class jdk/internal/reflect/ClassDefiner$1
Event: 7.440 loading class jdk/internal/reflect/ClassDefiner$1 done
Event: 18.812 loading class sun/net/ConnectionResetException
Event: 18.813 loading class sun/net/ConnectionResetException done
Event: 18.826 Thread 0x00000228d0a856a0 Thread exited: 0x00000228d0a856a0
Event: 18.829 loading class java/util/concurrent/ConcurrentLinkedQueue$Itr
Event: 18.829 loading class java/util/concurrent/ConcurrentLinkedQueue$Itr done


Dynamic libraries:
0x00007ff7a5770000 - 0x00007ff7a5780000 	C:\Program Files\Java\jdk-17\bin\java.exe
0x00007ffff4160000 - 0x00007ffff43c7000 	C:\WINDOWS\SYSTEM32\ntdll.dll
0x00007ffff25b0000 - 0x00007ffff2679000 	C:\WINDOWS\System32\KERNEL32.DLL
0x00007ffff0c20000 - 0x00007ffff1014000 	C:\WINDOWS\System32\KERNELBASE.dll
0x00007ffff1b70000 - 0x00007ffff1cbb000 	C:\WINDOWS\System32\ucrtbase.dll
0x00007fffdf000000 - 0x00007fffdf01b000 	C:\Program Files\Java\jdk-17\bin\VCRUNTIME140.dll
0x00007fffe2730000 - 0x00007fffe2749000 	C:\Program Files\Java\jdk-17\bin\jli.dll
0x00007ffff2b20000 - 0x00007ffff2bd6000 	C:\WINDOWS\System32\ADVAPI32.dll
0x00007ffff21a0000 - 0x00007ffff2249000 	C:\WINDOWS\System32\msvcrt.dll
0x00007ffff3350000 - 0x00007ffff33f7000 	C:\WINDOWS\System32\sechost.dll
0x00007ffff2490000 - 0x00007ffff25a8000 	C:\WINDOWS\System32\RPCRT4.dll
0x00007ffff3f50000 - 0x00007ffff4115000 	C:\WINDOWS\System32\USER32.dll
0x00007fffe1e60000 - 0x00007fffe20f3000 	C:\WINDOWS\WinSxS\amd64_microsoft.windows.common-controls_6595b64144ccf1df_6.0.26100.8115_none_3e075c82e3354f9c\COMCTL32.dll
0x00007ffff1020000 - 0x00007ffff1047000 	C:\WINDOWS\System32\win32u.dll
0x00007ffff2090000 - 0x00007ffff20bb000 	C:\WINDOWS\System32\GDI32.dll
0x00007ffff0af0000 - 0x00007ffff0c1b000 	C:\WINDOWS\System32\gdi32full.dll
0x00007ffff1e40000 - 0x00007ffff1ee3000 	C:\WINDOWS\System32\msvcp_win.dll
0x00007fffeaa10000 - 0x00007fffeaa1b000 	C:\WINDOWS\SYSTEM32\VERSION.dll
0x00007ffff2050000 - 0x00007ffff2082000 	C:\WINDOWS\System32\IMM32.DLL
0x00007fffec210000 - 0x00007fffec21c000 	C:\Program Files\Java\jdk-17\bin\vcruntime140_1.dll
0x00007fff9e440000 - 0x00007fff9e4ce000 	C:\Program Files\Java\jdk-17\bin\msvcp140.dll
0x00007fff363d0000 - 0x00007fff36fb0000 	C:\Program Files\Java\jdk-17\bin\server\jvm.dll
0x00007ffff3400000 - 0x00007ffff3408000 	C:\WINDOWS\System32\PSAPI.DLL
0x00007fffd4bc0000 - 0x00007fffd4bca000 	C:\WINDOWS\SYSTEM32\WSOCK32.dll
0x00007fffea830000 - 0x00007fffea866000 	C:\WINDOWS\SYSTEM32\WINMM.dll
0x00007ffff1f00000 - 0x00007ffff1f80000 	C:\WINDOWS\System32\WS2_32.dll
0x00007fffef780000 - 0x00007fffef79b000 	C:\WINDOWS\SYSTEM32\kernel.appcore.dll
0x00007fffe2770000 - 0x00007fffe277a000 	C:\Program Files\Java\jdk-17\bin\jimage.dll
0x00007fffe28f0000 - 0x00007fffe2b32000 	C:\WINDOWS\SYSTEM32\DBGHELP.DLL
0x00007ffff2680000 - 0x00007ffff2a02000 	C:\WINDOWS\System32\combase.dll
0x00007ffff20c0000 - 0x00007ffff2198000 	C:\WINDOWS\System32\OLEAUT32.dll
0x00007fffe2630000 - 0x00007fffe266b000 	C:\WINDOWS\SYSTEM32\dbgcore.DLL
0x00007ffff1ac0000 - 0x00007ffff1b65000 	C:\WINDOWS\System32\bcryptPrimitives.dll
0x00007fffc3a00000 - 0x00007fffc3a25000 	C:\Program Files\Java\jdk-17\bin\java.dll
0x00007fff9bff0000 - 0x00007fff9c0c7000 	C:\Program Files\Java\jdk-17\bin\jsvml.dll
0x00007ffff2be0000 - 0x00007ffff3347000 	C:\WINDOWS\System32\SHELL32.dll
0x00007ffff1050000 - 0x00007ffff11ba000 	C:\WINDOWS\System32\wintypes.dll
0x00007ffff1250000 - 0x00007ffff1ab8000 	C:\WINDOWS\System32\windows.storage.dll
0x00007ffff3e50000 - 0x00007ffff3f48000 	C:\WINDOWS\System32\SHCORE.dll
0x00007ffff1fb0000 - 0x00007ffff2016000 	C:\WINDOWS\System32\shlwapi.dll
0x00007ffff0950000 - 0x00007ffff0979000 	C:\WINDOWS\SYSTEM32\profapi.dll
0x00007fffd8a30000 - 0x00007fffd8a49000 	C:\Program Files\Java\jdk-17\bin\net.dll
0x00007fffeab30000 - 0x00007fffeac5d000 	C:\WINDOWS\SYSTEM32\WINHTTP.dll
0x00007fffefcd0000 - 0x00007fffefd3c000 	C:\WINDOWS\system32\mswsock.dll
0x00007fffd6020000 - 0x00007fffd6036000 	C:\Program Files\Java\jdk-17\bin\nio.dll
0x00007fffcefc0000 - 0x00007fffcefd8000 	C:\Program Files\Java\jdk-17\bin\zip.dll
0x00007fffe0920000 - 0x00007fffe0930000 	C:\Program Files\Java\jdk-17\bin\verify.dll
0x00007fff9d060000 - 0x00007fff9d087000 	C:\Users\Inurum_Four\.gradle\native\68d5fa5c4cc2d200863cafc0d521ce42e7d3e7ee720ec0a83991735586a16f82\windows-amd64\native-platform.dll
0x00007fffdf760000 - 0x00007fffdf76a000 	C:\Program Files\Java\jdk-17\bin\management.dll
0x00007fffdaf70000 - 0x00007fffdaf7b000 	C:\Program Files\Java\jdk-17\bin\management_ext.dll
0x00007ffff00d0000 - 0x00007ffff00eb000 	C:\WINDOWS\SYSTEM32\CRYPTSP.dll
0x00007fffef6e0000 - 0x00007fffef719000 	C:\WINDOWS\system32\rsaenh.dll
0x00007fffefd80000 - 0x00007fffefdb3000 	C:\WINDOWS\SYSTEM32\USERENV.dll
0x00007ffff0920000 - 0x00007ffff094a000 	C:\WINDOWS\SYSTEM32\bcrypt.dll
0x00007fffeff30000 - 0x00007fffeff3c000 	C:\WINDOWS\SYSTEM32\CRYPTBASE.dll
0x00007fffef120000 - 0x00007fffef152000 	C:\WINDOWS\SYSTEM32\IPHLPAPI.DLL
0x00007ffff2310000 - 0x00007ffff231a000 	C:\WINDOWS\System32\NSI.dll
0x00007fffeae20000 - 0x00007fffeae3d000 	C:\WINDOWS\SYSTEM32\dhcpcsvc6.DLL
0x00007fffea9e0000 - 0x00007fffeaa05000 	C:\WINDOWS\SYSTEM32\dhcpcsvc.DLL
0x00007fffef160000 - 0x00007fffef292000 	C:\WINDOWS\SYSTEM32\DNSAPI.dll
0x00007fffdaa40000 - 0x00007fffdaa4e000 	C:\Program Files\Java\jdk-17\bin\sunmscapi.dll
0x00007ffff1cc0000 - 0x00007ffff1e37000 	C:\WINDOWS\System32\CRYPT32.dll
0x00007ffff0230000 - 0x00007ffff0260000 	C:\WINDOWS\SYSTEM32\ncrypt.dll
0x00007ffff01e0000 - 0x00007ffff021f000 	C:\WINDOWS\SYSTEM32\NTASN1.dll
0x00007fffdf320000 - 0x00007fffdf328000 	C:\WINDOWS\system32\wshunix.dll

dbghelp: loaded successfully - version: 4.0.5 - missing functions: none
symbol engine: initialized successfully - sym options: 0x614 - pdb path: .;C:\Program Files\Java\jdk-17\bin;C:\WINDOWS\SYSTEM32;C:\WINDOWS\WinSxS\amd64_microsoft.windows.common-controls_6595b64144ccf1df_6.0.26100.8115_none_3e075c82e3354f9c;C:\Program Files\Java\jdk-17\bin\server;C:\Users\Inurum_Four\.gradle\native\68d5fa5c4cc2d200863cafc0d521ce42e7d3e7ee720ec0a83991735586a16f82\windows-amd64

VM Arguments:
jvm_args: -Dorg.gradle.appname=gradlew 
java_command: org.gradle.wrapper.GradleWrapperMain -q -Ptarget-platform=android-arm,android-arm64,android-x64 -Ptarget=lib\main.dart -Pbase-application-name=android.app.Application -Pdart-obfuscation=false -Ptrack-widget-creation=true -Ptree-shake-icons=true assembleRelease
java_class_path (initial): D:\InurumFlutter\mg\driver and customer\mahilasaarthi\driver\android\\gradle\wrapper\gradle-wrapper.jar
Launcher Type: SUN_STANDARD

[Global flags]
     intx CICompilerCount                          = 4                                         {product} {ergonomic}
     uint ConcGCThreads                            = 2                                         {product} {ergonomic}
     uint G1ConcRefinementThreads                  = 8                                         {product} {ergonomic}
   size_t G1HeapRegionSize                         = 2097152                                   {product} {ergonomic}
    uintx GCDrainStackTargetSize                   = 64                                        {product} {ergonomic}
   size_t InitialHeapSize                          = 266338304                                 {product} {ergonomic}
   size_t MarkStackSize                            = 4194304                                   {product} {ergonomic}
   size_t MaxHeapSize                              = 4246732800                                {product} {ergonomic}
   size_t MaxNewSize                               = 2548039680                                {product} {ergonomic}
   size_t MinHeapDeltaBytes                        = 2097152                                   {product} {ergonomic}
   size_t MinHeapSize                              = 8388608                                   {product} {ergonomic}
    uintx NonNMethodCodeHeapSize                   = 5839372                                {pd product} {ergonomic}
    uintx NonProfiledCodeHeapSize                  = 122909434                              {pd product} {ergonomic}
    uintx ProfiledCodeHeapSize                     = 122909434                              {pd product} {ergonomic}
    uintx ReservedCodeCacheSize                    = 251658240                              {pd product} {ergonomic}
     bool SegmentedCodeCache                       = true                                      {product} {ergonomic}
   size_t SoftMaxHeapSize                          = 4246732800                             {manageable} {ergonomic}
     bool UseCompressedClassPointers               = true                           {product lp64_product} {ergonomic}
     bool UseCompressedOops                        = true                           {product lp64_product} {ergonomic}
     bool UseG1GC                                  = true                                      {product} {ergonomic}
     bool UseLargePagesIndividualAllocation        = false                                  {pd product} {ergonomic}

Logging:
Log output configuration:
 #0: stdout all=warning uptime,level,tags
 #1: stderr all=off uptime,level,tags

Environment Variables:
JAVA_HOME=C:\Program Files\Java\jdk-17
CLASSPATH=D:\InurumFlutter\mg\driver and customer\mahilasaarthi\driver\android\\gradle\wrapper\gradle-wrapper.jar
PATH=C:\Users\Inurum_Four\fvm_new\versions\3.10.6\bin\;C:\Program Files\Common Files\Oracle\Java\javapath;C:\WINDOWS\system32;C:\WINDOWS;C:\WINDOWS\System32\Wbem;C:\WINDOWS\System32\WindowsPowerShell\v1.0\;C:\WINDOWS\System32\OpenSSH\;C:\src\flutter\bin;C:\Program Files\Git\cmd;C:\Users\Inurum_Four\AppData\Roaming\npm;C:\Program Files\nodejs\;C:\Users\Inurum_Four\AppData\Local\Programs\Python\Python311\Scripts\;C:\Users\Inurum_Four\AppData\Local\Programs\Python\Python311\;C:\Users\Inurum_Four\AppData\Local\Programs\Python\Python314\Scripts\;C:\Users\Inurum_Four\AppData\Local\Programs\Python\Python314\;C:\Users\Inurum_Four\AppData\Local\Microsoft\WindowsApps;C:\src\flutter\bin;C:\Users\Inurum_Four\AppData\Local\Programs\Microsoft VS Code\bin;C:\Program Files\nodejs\;C:\Users\Inurum_Four\AppData\Local\Pub\Cache\bin;C:\Users\Inurum_Four\AppData\Roaming\npm;C:\Users\Inurum_Four\AppData\Local\Programs\Antigravity\bin;c:\Users\Inurum_Four\.antigravity\extensions\vscjava.vscode-java-debug-0.59.0-universal\bundled\scripts\noConfigScripts
USERNAME=Inurum_Four
LANG=en_US.UTF-8
OS=Windows_NT
PROCESSOR_IDENTIFIER=Intel64 Family 6 Model 151 Stepping 5, GenuineIntel



---------------  S Y S T E M  ---------------

OS:
 Windows 11 , 64 bit Build 26100 (10.0.26100.8246)
OS uptime: 0 days 2:38 hours
Hyper-V role detected

CPU: total 8 (initial active 8) (4 cores per cpu, 2 threads per core) family 6 model 151 stepping 5 microcode 0x18, cx8, cmov, fxsr, ht, mmx, 3dnowpref, sse, sse2, sse3, ssse3, sse4.1, sse4.2, popcnt, lzcnt, tsc, tscinvbit, avx, avx2, aes, erms, clmul, bmi1, bmi2, adx, sha, fma, vzeroupper, clflush, clflushopt, clwb, hv

Memory: 4k page, system-wide physical 16197M (1355M free)
TotalPageFile size 30301M (AvailPageFile size 420M)
current process WorkingSet (physical memory assigned to process): 95M, peak: 96M
current process commit charge ("private bytes"): 364M, peak: 366M

vm_info: Java HotSpot(TM) 64-Bit Server VM (17.0.12+8-LTS-286) for windows-amd64 JRE (17.0.12+8-LTS-286), built on Jun  5 2024 06:46:59 by "mach5one" with MS VC++ 17.6 (VS2022)

END.
