#
# There is insufficient memory for the Java Runtime Environment to continue.
# Native memory allocation (mmap) failed to map 46137344 bytes for G1 virtual space
# Possible reasons:
#   The system is out of physical RAM or swap space
#   The process is running with CompressedOops enabled, and the Java Heap may be blocking the growth of the native heap
# Possible solutions:
#   Reduce memory load on the system
#   Increase physical memory or swap space
#   Check if swap backing store is full
#   Decrease Java heap size (-Xmx/-Xms)
#   Decrease number of Java threads
#   Decrease Java thread stack sizes (-Xss)
#   Set larger code cache with -XX:ReservedCodeCacheSize=
#   JVM is running with Unscaled Compressed Oops mode in which the Java heap is
#     placed in the first 4GB address space. The Java Heap base address is the
#     maximum limit for the native heap growth. Please use -XX:HeapBaseMinAddress
#     to set the Java Heap base and to place the Java Heap above 4GB virtual address.
# This output file may be truncated or incomplete.
#
#  Out of Memory Error (os_windows.cpp:3548), pid=39432, tid=22972
#
# JRE version: Java(TM) SE Runtime Environment (17.0.12+8) (build 17.0.12+8-LTS-286)
# Java VM: Java HotSpot(TM) 64-Bit Server VM (17.0.12+8-LTS-286, mixed mode, sharing, tiered, compressed oops, compressed class ptrs, g1 gc, windows-amd64)
# No core dump will be written. Minidumps are not enabled by default on client versions of Windows
#

---------------  S U M M A R Y ------------

Command Line: --add-opens=java.base/java.lang=ALL-UNNAMED --add-opens=java.base/java.lang.invoke=ALL-UNNAMED --add-opens=java.base/java.util=ALL-UNNAMED --add-opens=java.prefs/java.util.prefs=ALL-UNNAMED --add-exports=jdk.compiler/com.sun.tools.javac.api=ALL-UNNAMED --add-exports=jdk.compiler/com.sun.tools.javac.util=ALL-UNNAMED --add-opens=java.base/java.util=ALL-UNNAMED --add-opens=java.prefs/java.util.prefs=ALL-UNNAMED --add-opens=java.base/java.nio.charset=ALL-UNNAMED --add-opens=java.base/java.net=ALL-UNNAMED --add-opens=java.base/java.util.concurrent.atomic=ALL-UNNAMED --add-opens=java.xml/javax.xml.namespace=ALL-UNNAMED -Xmx1536M -Dfile.encoding=windows-1252 -Duser.country=IN -Duser.language=en -Duser.variant -javaagent:C:\Users\Inurum_Four\.gradle\wrapper\dists\gradle-8.14-all\c2qonpi39x1mddn7hk5gh9iqj\gradle-8.14\lib\agents\gradle-instrumentation-agent-8.14.jar org.gradle.launcher.daemon.bootstrap.GradleDaemon 8.14

Host: 12th Gen Intel(R) Core(TM) i3-12100F, 8 cores, 15G,  Windows 11 , 64 bit Build 26100 (10.0.26100.8246)
Time: Fri Jun 26 16:11:41 2026 India Standard Time elapsed time: 13.303773 seconds (0d 0h 0m 13s)

---------------  T H R E A D  ---------------

Current thread (0x0000022564970ce0):  VMThread "VM Thread" [stack: 0x000000a1b6b00000,0x000000a1b6c00000] [id=22972]

Stack: [0x000000a1b6b00000,0x000000a1b6c00000]
Native frames: (J=compiled Java code, j=interpreted, Vv=VM code, C=native code)
V  [jvm.dll+0x67a04a]
V  [jvm.dll+0x7da4ed]
V  [jvm.dll+0x7dbe33]
V  [jvm.dll+0x7dc4a3]
V  [jvm.dll+0x24508f]
V  [jvm.dll+0x677089]
V  [jvm.dll+0x66bd32]
V  [jvm.dll+0x301fa6]
V  [jvm.dll+0x309546]
V  [jvm.dll+0x359d2e]
V  [jvm.dll+0x359f5f]
V  [jvm.dll+0x2d9078]
V  [jvm.dll+0x2d74ad]
V  [jvm.dll+0x2d6afc]
V  [jvm.dll+0x31a65b]
V  [jvm.dll+0x7e0d9b]
V  [jvm.dll+0x7e1ad4]
V  [jvm.dll+0x7e1fed]
V  [jvm.dll+0x7e23c4]
V  [jvm.dll+0x7e2490]
V  [jvm.dll+0x78abea]
V  [jvm.dll+0x678f35]
C  [ucrtbase.dll+0x37b0]
C  [KERNEL32.DLL+0x2e8d7]
C  [ntdll.dll+0x8c3fc]

VM_Operation (0x000000a1b85f0e60): G1CollectForAllocation, mode: safepoint, requested by thread 0x000002256a8c9580


---------------  P R O C E S S  ---------------

Threads class SMR info:
_java_thread_list=0x000002256b37f220, length=59, elements={
0x0000022547a368a0, 0x0000022564972e90, 0x00000225649750f0, 0x000002256498dbe0,
0x000002256498e0c0, 0x000002256498e5a0, 0x000002256498ea80, 0x000002256498f290,
0x0000022564993ac0, 0x000002256499cb80, 0x000002256495bff0, 0x0000022564d34000,
0x0000022569e1dee0, 0x000002256a944520, 0x000002256a9fc040, 0x000002256aa3a050,
0x000002256aa3bed0, 0x000002256a8c9070, 0x000002256a8c9580, 0x000002256a8c8140,
0x000002256a8c9a90, 0x000002256a8c7c30, 0x000002256a8c9fa0, 0x000002256a8c8650,
0x000002256a8ca4b0, 0x000002256a8ca9c0, 0x000002256a8caed0, 0x000002256a8c7720,
0x000002256e5bdb40, 0x000002256e5bd630, 0x000002256e5bf490, 0x000002256e5be050,
0x000002256e5bea70, 0x000002256e5bbce0, 0x000002256e5bc1f0, 0x000002256e5bf9a0,
0x000002256e5bef80, 0x000002256e5bfeb0, 0x000002256e5c03c0, 0x000002256e5bcc10,
0x000002256e5c08d0, 0x000002256e5bd120, 0x000002256e5c1d10, 0x000002256e5c2220,
0x000002256e5c0de0, 0x000002256e5c12f0, 0x000002256e5c2730, 0x000002256e5c2c40,
0x000002256e5c1800, 0x000002256e5c3150, 0x000002256e5c3660, 0x000002256da85c00,
0x000002256da86110, 0x000002256da86620, 0x000002256da851e0, 0x000002256da856f0,
0x000002256da847c0, 0x000002256da86b30, 0x000002256d4f3070
}

Java Threads: ( => current thread )
  0x0000022547a368a0 JavaThread "main" [_thread_blocked, id=45004, stack(0x000000a1b6500000,0x000000a1b6600000)]
  0x0000022564972e90 JavaThread "Reference Handler" daemon [_thread_blocked, id=35388, stack(0x000000a1b6c00000,0x000000a1b6d00000)]
  0x00000225649750f0 JavaThread "Finalizer" daemon [_thread_blocked, id=18476, stack(0x000000a1b6d00000,0x000000a1b6e00000)]
  0x000002256498dbe0 JavaThread "Signal Dispatcher" daemon [_thread_blocked, id=31956, stack(0x000000a1b6e00000,0x000000a1b6f00000)]
  0x000002256498e0c0 JavaThread "Attach Listener" daemon [_thread_blocked, id=5872, stack(0x000000a1b6f00000,0x000000a1b7000000)]
  0x000002256498e5a0 JavaThread "Service Thread" daemon [_thread_blocked, id=22172, stack(0x000000a1b7000000,0x000000a1b7100000)]
  0x000002256498ea80 JavaThread "Monitor Deflation Thread" daemon [_thread_blocked, id=16312, stack(0x000000a1b7100000,0x000000a1b7200000)]
  0x000002256498f290 JavaThread "C2 CompilerThread0" daemon [_thread_blocked, id=43648, stack(0x000000a1b7200000,0x000000a1b7300000)]
  0x0000022564993ac0 JavaThread "C1 CompilerThread0" daemon [_thread_blocked, id=4772, stack(0x000000a1b7300000,0x000000a1b7400000)]
  0x000002256499cb80 JavaThread "Sweeper thread" daemon [_thread_blocked, id=23272, stack(0x000000a1b7400000,0x000000a1b7500000)]
  0x000002256495bff0 JavaThread "Common-Cleaner" daemon [_thread_blocked, id=29472, stack(0x000000a1b7500000,0x000000a1b7600000)]
  0x0000022564d34000 JavaThread "Notification Thread" daemon [_thread_blocked, id=4248, stack(0x000000a1b7800000,0x000000a1b7900000)]
  0x0000022569e1dee0 JavaThread "Daemon health stats" [_thread_blocked, id=6324, stack(0x000000a1b8000000,0x000000a1b8100000)]
  0x000002256a944520 JavaThread "Incoming local TCP Connector on port 58103" [_thread_in_native, id=26088, stack(0x000000a1b7600000,0x000000a1b7700000)]
  0x000002256a9fc040 JavaThread "Daemon periodic checks" [_thread_blocked, id=22220, stack(0x000000a1b8100000,0x000000a1b8200000)]
  0x000002256aa3a050 JavaThread "Daemon" [_thread_blocked, id=17420, stack(0x000000a1b8200000,0x000000a1b8300000)]
  0x000002256aa3bed0 JavaThread "Handler for socket connection from /127.0.0.1:58103 to /127.0.0.1:58104" [_thread_in_native, id=48564, stack(0x000000a1b8300000,0x000000a1b8400000)]
  0x000002256a8c9070 JavaThread "Cancel handler" [_thread_blocked, id=35488, stack(0x000000a1b8400000,0x000000a1b8500000)]
  0x000002256a8c9580 JavaThread "Daemon worker" [_thread_blocked, id=1032, stack(0x000000a1b8500000,0x000000a1b8600000)]
  0x000002256a8c8140 JavaThread "Asynchronous log dispatcher for DefaultDaemonConnection: socket connection from /127.0.0.1:58103 to /127.0.0.1:58104" [_thread_blocked, id=33924, stack(0x000000a1b8600000,0x000000a1b8700000)]
  0x000002256a8c9a90 JavaThread "Stdin handler" [_thread_blocked, id=4084, stack(0x000000a1b8700000,0x000000a1b8800000)]
  0x000002256a8c7c30 JavaThread "Daemon client event forwarder" [_thread_blocked, id=33476, stack(0x000000a1b8800000,0x000000a1b8900000)]
  0x000002256a8c9fa0 JavaThread "Cache worker for journal cache (C:\Users\Inurum_Four\.gradle\caches\journal-1)" [_thread_blocked, id=5712, stack(0x000000a1b8900000,0x000000a1b8a00000)]
  0x000002256a8c8650 JavaThread "File lock request listener" [_thread_in_native, id=18924, stack(0x000000a1b8a00000,0x000000a1b8b00000)]
  0x000002256a8ca4b0 JavaThread "Cache worker for file hash cache (C:\Users\Inurum_Four\.gradle\caches\8.14\fileHashes)" [_thread_blocked, id=27420, stack(0x000000a1b8c00000,0x000000a1b8d00000)]
  0x000002256a8ca9c0 JavaThread "Cache worker for file hash cache (D:\InurumFlutter\mg\driver and customer\mahilasaarthi\driver\android\.gradle\8.14\fileHashes)" [_thread_blocked, id=18960, stack(0x000000a1b8e00000,0x000000a1b8f00000)]
  0x000002256a8caed0 JavaThread "Cache worker for Build Output Cleanup Cache (D:\InurumFlutter\mg\driver and customer\mahilasaarthi\driver\android\.gradle\buildOutputCleanup)" [_thread_blocked, id=45916, stack(0x000000a1b8f00000,0x000000a1b9000000)]
  0x000002256a8c7720 JavaThread "File watcher server" daemon [_thread_in_native, id=27488, stack(0x000000a1b9300000,0x000000a1b9400000)]
  0x000002256e5bdb40 JavaThread "File watcher consumer" daemon [_thread_blocked, id=33920, stack(0x000000a1b9400000,0x000000a1b9500000)]
  0x000002256e5bd630 JavaThread "jar transforms" [_thread_blocked, id=39524, stack(0x000000a1b9500000,0x000000a1b9600000)]
  0x000002256e5bf490 JavaThread "Cache worker for checksums cache (D:\InurumFlutter\mg\driver and customer\mahilasaarthi\driver\android\.gradle\8.14\checksums)" [_thread_blocked, id=11888, stack(0x000000a1b9600000,0x000000a1b9700000)]
  0x000002256e5be050 JavaThread "Cache worker for file content cache (C:\Users\Inurum_Four\.gradle\caches\8.14\fileContent)" [_thread_blocked, id=39408, stack(0x000000a1b9700000,0x000000a1b9800000)]
  0x000002256e5bea70 JavaThread "Cache worker for cache directory md-supplier (C:\Users\Inurum_Four\.gradle\caches\8.14\md-supplier)" [_thread_blocked, id=44292, stack(0x000000a1b8d00000,0x000000a1b8e00000)]
  0x000002256e5bbce0 JavaThread "Cache worker for cache directory md-rule (C:\Users\Inurum_Four\.gradle\caches\8.14\md-rule)" [_thread_blocked, id=22644, stack(0x000000a1b9800000,0x000000a1b9900000)]
  0x000002256e5bc1f0 JavaThread "Cache worker for Build Output Cleanup Cache (C:\src\flutter\packages\flutter_tools\gradle\.gradle\buildOutputCleanup)" [_thread_blocked, id=1544, stack(0x000000a1b9900000,0x000000a1b9a00000)]
  0x000002256e5bf9a0 JavaThread "Unconstrained build operations" [_thread_blocked, id=22016, stack(0x000000a1b9b00000,0x000000a1b9c00000)]
  0x000002256e5bef80 JavaThread "Unconstrained build operations Thread 2" [_thread_blocked, id=34516, stack(0x000000a1b9c00000,0x000000a1b9d00000)]
  0x000002256e5bfeb0 JavaThread "Unconstrained build operations Thread 3" [_thread_blocked, id=26820, stack(0x000000a1b9d00000,0x000000a1b9e00000)]
  0x000002256e5c03c0 JavaThread "Unconstrained build operations Thread 4" [_thread_blocked, id=26568, stack(0x000000a1b9e00000,0x000000a1b9f00000)]
  0x000002256e5bcc10 JavaThread "Unconstrained build operations Thread 5" [_thread_blocked, id=17976, stack(0x000000a1b9f00000,0x000000a1ba000000)]
  0x000002256e5c08d0 JavaThread "Unconstrained build operations Thread 6" [_thread_blocked, id=12196, stack(0x000000a1ba000000,0x000000a1ba100000)]
  0x000002256e5bd120 JavaThread "Unconstrained build operations Thread 7" [_thread_blocked, id=35944, stack(0x000000a1ba100000,0x000000a1ba200000)]
  0x000002256e5c1d10 JavaThread "Unconstrained build operations Thread 8" [_thread_blocked, id=30284, stack(0x000000a1ba200000,0x000000a1ba300000)]
  0x000002256e5c2220 JavaThread "Unconstrained build operations Thread 9" [_thread_blocked, id=38732, stack(0x000000a1ba300000,0x000000a1ba400000)]
  0x000002256e5c0de0 JavaThread "Unconstrained build operations Thread 10" [_thread_blocked, id=12428, stack(0x000000a1ba400000,0x000000a1ba500000)]
  0x000002256e5c12f0 JavaThread "Unconstrained build operations Thread 11" [_thread_blocked, id=18892, stack(0x000000a1ba500000,0x000000a1ba600000)]
  0x000002256e5c2730 JavaThread "Unconstrained build operations Thread 12" [_thread_blocked, id=46408, stack(0x000000a1ba600000,0x000000a1ba700000)]
  0x000002256e5c2c40 JavaThread "Unconstrained build operations Thread 13" [_thread_blocked, id=17540, stack(0x000000a1ba700000,0x000000a1ba800000)]
  0x000002256e5c1800 JavaThread "Unconstrained build operations Thread 14" [_thread_blocked, id=21256, stack(0x000000a1ba800000,0x000000a1ba900000)]
  0x000002256e5c3150 JavaThread "Unconstrained build operations Thread 15" [_thread_blocked, id=15528, stack(0x000000a1ba900000,0x000000a1baa00000)]
  0x000002256e5c3660 JavaThread "Unconstrained build operations Thread 16" [_thread_blocked, id=34208, stack(0x000000a1baa00000,0x000000a1bab00000)]
  0x000002256da85c00 JavaThread "Unconstrained build operations Thread 17" [_thread_blocked, id=7460, stack(0x000000a1bab00000,0x000000a1bac00000)]
  0x000002256da86110 JavaThread "Unconstrained build operations Thread 18" [_thread_blocked, id=41868, stack(0x000000a1bac00000,0x000000a1bad00000)]
  0x000002256da86620 JavaThread "Unconstrained build operations Thread 19" [_thread_blocked, id=4184, stack(0x000000a1bad00000,0x000000a1bae00000)]
  0x000002256da851e0 JavaThread "Unconstrained build operations Thread 20" [_thread_blocked, id=28352, stack(0x000000a1bae00000,0x000000a1baf00000)]
  0x000002256da856f0 JavaThread "Unconstrained build operations Thread 21" [_thread_blocked, id=40108, stack(0x000000a1baf00000,0x000000a1bb000000)]
  0x000002256da847c0 JavaThread "Memory manager" [_thread_blocked, id=23984, stack(0x000000a1bb000000,0x000000a1bb100000)]
  0x000002256da86b30 JavaThread "build event listener" [_thread_blocked, id=48252, stack(0x000000a1b8b00000,0x000000a1b8c00000)]
  0x000002256d4f3070 JavaThread "C2 CompilerThread1" daemon [_thread_blocked, id=34592, stack(0x000000a1b9a00000,0x000000a1b9b00000)]

Other Threads:
=>0x0000022564970ce0 VMThread "VM Thread" [stack: 0x000000a1b6b00000,0x000000a1b6c00000] [id=22972]
  0x0000022547a9a700 WatcherThread [stack: 0x000000a1b7900000,0x000000a1b7a00000] [id=7708]
  0x0000022547a83db0 GCTaskThread "GC Thread#0" [stack: 0x000000a1b6600000,0x000000a1b6700000] [id=24744]
  0x00000225692e0110 GCTaskThread "GC Thread#1" [stack: 0x000000a1b7b00000,0x000000a1b7c00000] [id=25236]
  0x00000225692ac7e0 GCTaskThread "GC Thread#2" [stack: 0x000000a1b7c00000,0x000000a1b7d00000] [id=25264]
  0x00000225692acaa0 GCTaskThread "GC Thread#3" [stack: 0x000000a1b7d00000,0x000000a1b7e00000] [id=47348]
  0x0000022569225860 GCTaskThread "GC Thread#4" [stack: 0x000000a1b7e00000,0x000000a1b7f00000] [id=23604]
  0x0000022564e32330 GCTaskThread "GC Thread#5" [stack: 0x000000a1b7f00000,0x000000a1b8000000] [id=42756]
  0x0000022564e31db0 GCTaskThread "GC Thread#6" [stack: 0x000000a1b9000000,0x000000a1b9100000] [id=13548]
  0x0000022564e328b0 GCTaskThread "GC Thread#7" [stack: 0x000000a1b9100000,0x000000a1b9200000] [id=28092]
  0x0000022547a91ac0 ConcurrentGCThread "G1 Main Marker" [stack: 0x000000a1b6700000,0x000000a1b6800000] [id=36144]
  0x0000022547a92280 ConcurrentGCThread "G1 Conc#0" [stack: 0x000000a1b6800000,0x000000a1b6900000] [id=45252]
  0x0000022564e32070 ConcurrentGCThread "G1 Conc#1" [stack: 0x000000a1b9200000,0x000000a1b9300000] [id=35692]
  0x0000022547afe290 ConcurrentGCThread "G1 Refine#0" [stack: 0x000000a1b6900000,0x000000a1b6a00000] [id=20756]
  0x0000022569beaaa0 ConcurrentGCThread "G1 Refine#1" [stack: 0x000000a1b7a00000,0x000000a1b7b00000] [id=43724]
  0x0000022547afea70 ConcurrentGCThread "G1 Service" [stack: 0x000000a1b6a00000,0x000000a1b6b00000] [id=27500]

Threads with active compile tasks:

VM state: at safepoint (normal execution)

VM Mutex/Monitor currently owned by a thread:  ([mutex/lock_event])
[0x0000022547a333f0] Threads_lock - owner thread: 0x0000022564970ce0
[0x0000022547a31aa0] Heap_lock - owner thread: 0x000002256a8c9580

Heap address: 0x00000000a0000000, size: 1536 MB, Compressed Oops mode: 32-bit

CDS archive(s) mapped at: [0x0000022500000000-0x0000022500bd0000-0x0000022500bd0000), size 12386304, SharedBaseAddress: 0x0000022500000000, ArchiveRelocationMode: 1.
Compressed class space mapped at: 0x0000022501000000-0x0000022541000000, reserved size: 1073741824
Narrow klass base: 0x0000022500000000, Narrow klass shift: 0, Narrow klass range: 0x100000000

GC Precious Log:
 CPUs: 8 total, 8 available
 Memory: 16197M
 Large Page Support: Disabled
 NUMA Support: Disabled
 Compressed Oops: Enabled (32-bit)
 Heap Region Size: 1M
 Heap Min Capacity: 8M
 Heap Initial Capacity: 254M
 Heap Max Capacity: 1536M
 Pre-touch: Disabled
 Parallel Workers: 8
 Concurrent Workers: 2
 Concurrent Refinement Workers: 8
 Periodic GC: Disabled

Heap:
 garbage-first heap   total 99328K, used 57400K [0x00000000a0000000, 0x0000000100000000)
  region size 1024K, 1 young (1024K), 1 survivors (1024K)
 Metaspace       used 59619K, committed 60224K, reserved 1114112K
  class space    used 8434K, committed 8704K, reserved 1048576K

Heap Regions: E=young(eden), S=young(survivor), O=old, HS=humongous(starts), HC=humongous(continues), CS=collection set, F=free, OA=open archive, CA=closed archive, TAMS=top-at-mark-start (previous, next)
|   0|0x00000000a0000000, 0x00000000a0100000, 0x00000000a0100000|100%|HS|  |TAMS 0x00000000a0100000, 0x00000000a0100000| Complete 
|   1|0x00000000a0100000, 0x00000000a0200000, 0x00000000a0200000|100%|HC|  |TAMS 0x00000000a0200000, 0x00000000a0200000| Complete 
|   2|0x00000000a0200000, 0x00000000a0300000, 0x00000000a0300000|100%|HC|  |TAMS 0x00000000a0300000, 0x00000000a0300000| Complete 
|   3|0x00000000a0300000, 0x00000000a0400000, 0x00000000a0400000|100%| O|  |TAMS 0x00000000a0400000, 0x00000000a0400000| Untracked 
|   4|0x00000000a0400000, 0x00000000a0500000, 0x00000000a0500000|100%| O|  |TAMS 0x00000000a0500000, 0x00000000a0500000| Untracked 
|   5|0x00000000a0500000, 0x00000000a0600000, 0x00000000a0600000|100%| O|  |TAMS 0x00000000a0600000, 0x00000000a0600000| Untracked 
|   6|0x00000000a0600000, 0x00000000a0700000, 0x00000000a0700000|100%|HS|  |TAMS 0x00000000a0700000, 0x00000000a0700000| Complete 
|   7|0x00000000a0700000, 0x00000000a0800000, 0x00000000a0800000|100%| O|  |TAMS 0x00000000a0800000, 0x00000000a0800000| Untracked 
|   8|0x00000000a0800000, 0x00000000a0900000, 0x00000000a0900000|100%| O|  |TAMS 0x00000000a0900000, 0x00000000a0900000| Untracked 
|   9|0x00000000a0900000, 0x00000000a0a00000, 0x00000000a0a00000|100%| O|  |TAMS 0x00000000a0a00000, 0x00000000a0a00000| Untracked 
|  10|0x00000000a0a00000, 0x00000000a0b00000, 0x00000000a0b00000|100%| O|  |TAMS 0x00000000a0b00000, 0x00000000a0b00000| Untracked 
|  11|0x00000000a0b00000, 0x00000000a0c00000, 0x00000000a0c00000|100%| O|  |TAMS 0x00000000a0c00000, 0x00000000a0c00000| Untracked 
|  12|0x00000000a0c00000, 0x00000000a0d00000, 0x00000000a0d00000|100%| O|  |TAMS 0x00000000a0d00000, 0x00000000a0d00000| Untracked 
|  13|0x00000000a0d00000, 0x00000000a0e00000, 0x00000000a0e00000|100%| O|  |TAMS 0x00000000a0e00000, 0x00000000a0e00000| Untracked 
|  14|0x00000000a0e00000, 0x00000000a0f00000, 0x00000000a0f00000|100%| O|  |TAMS 0x00000000a0f00000, 0x00000000a0f00000| Untracked 
|  15|0x00000000a0f00000, 0x00000000a1000000, 0x00000000a1000000|100%| O|  |TAMS 0x00000000a1000000, 0x00000000a1000000| Untracked 
|  16|0x00000000a1000000, 0x00000000a1100000, 0x00000000a1100000|100%| O|  |TAMS 0x00000000a1100000, 0x00000000a1100000| Untracked 
|  17|0x00000000a1100000, 0x00000000a1200000, 0x00000000a1200000|100%| O|  |TAMS 0x00000000a1200000, 0x00000000a1200000| Untracked 
|  18|0x00000000a1200000, 0x00000000a1300000, 0x00000000a1300000|100%| O|  |TAMS 0x00000000a1300000, 0x00000000a1300000| Untracked 
|  19|0x00000000a1300000, 0x00000000a1400000, 0x00000000a1400000|100%| O|  |TAMS 0x00000000a1400000, 0x00000000a1400000| Untracked 
|  20|0x00000000a1400000, 0x00000000a1500000, 0x00000000a1500000|100%| O|  |TAMS 0x00000000a1500000, 0x00000000a1500000| Untracked 
|  21|0x00000000a1500000, 0x00000000a1600000, 0x00000000a1600000|100%| O|  |TAMS 0x00000000a1600000, 0x00000000a1600000| Untracked 
|  22|0x00000000a1600000, 0x00000000a1700000, 0x00000000a1700000|100%| O|  |TAMS 0x00000000a1700000, 0x00000000a1700000| Untracked 
|  23|0x00000000a1700000, 0x00000000a1800000, 0x00000000a1800000|100%| O|  |TAMS 0x00000000a1800000, 0x00000000a1800000| Untracked 
|  24|0x00000000a1800000, 0x00000000a1900000, 0x00000000a1900000|100%| O|  |TAMS 0x00000000a1900000, 0x00000000a1900000| Untracked 
|  25|0x00000000a1900000, 0x00000000a1a00000, 0x00000000a1a00000|100%| O|  |TAMS 0x00000000a1a00000, 0x00000000a1a00000| Untracked 
|  26|0x00000000a1a00000, 0x00000000a1b00000, 0x00000000a1b00000|100%| O|  |TAMS 0x00000000a1b00000, 0x00000000a1b00000| Untracked 
|  27|0x00000000a1b00000, 0x00000000a1c00000, 0x00000000a1c00000|100%| O|  |TAMS 0x00000000a1c00000, 0x00000000a1c00000| Untracked 
|  28|0x00000000a1c00000, 0x00000000a1d00000, 0x00000000a1d00000|100%| O|  |TAMS 0x00000000a1d00000, 0x00000000a1d00000| Untracked 
|  29|0x00000000a1d00000, 0x00000000a1e00000, 0x00000000a1e00000|100%| O|  |TAMS 0x00000000a1e00000, 0x00000000a1e00000| Untracked 
|  30|0x00000000a1e00000, 0x00000000a1f00000, 0x00000000a1f00000|100%| O|  |TAMS 0x00000000a1f00000, 0x00000000a1f00000| Untracked 
|  31|0x00000000a1f00000, 0x00000000a2000000, 0x00000000a2000000|100%| O|  |TAMS 0x00000000a2000000, 0x00000000a2000000| Untracked 
|  32|0x00000000a2000000, 0x00000000a2100000, 0x00000000a2100000|100%| O|  |TAMS 0x00000000a2100000, 0x00000000a2100000| Untracked 
|  33|0x00000000a2100000, 0x00000000a2200000, 0x00000000a2200000|100%| O|  |TAMS 0x00000000a2200000, 0x00000000a2200000| Untracked 
|  34|0x00000000a2200000, 0x00000000a2300000, 0x00000000a2300000|100%| O|  |TAMS 0x00000000a2300000, 0x00000000a2300000| Untracked 
|  35|0x00000000a2300000, 0x00000000a2400000, 0x00000000a2400000|100%| O|  |TAMS 0x00000000a2400000, 0x00000000a2400000| Untracked 
|  36|0x00000000a2400000, 0x00000000a2400000, 0x00000000a2500000|  0%| F|  |TAMS 0x00000000a2400000, 0x00000000a2400000| Untracked 
|  37|0x00000000a2500000, 0x00000000a2600000, 0x00000000a2600000|100%| O|  |TAMS 0x00000000a2600000, 0x00000000a2600000| Untracked 
|  38|0x00000000a2600000, 0x00000000a2700000, 0x00000000a2700000|100%| O|  |TAMS 0x00000000a2700000, 0x00000000a2700000| Untracked 
|  39|0x00000000a2700000, 0x00000000a2800000, 0x00000000a2800000|100%| O|  |TAMS 0x00000000a2700000, 0x00000000a2800000| Untracked 
|  40|0x00000000a2800000, 0x00000000a2900000, 0x00000000a2900000|100%| O|  |TAMS 0x00000000a2900000, 0x00000000a2900000| Untracked 
|  41|0x00000000a2900000, 0x00000000a2a00000, 0x00000000a2a00000|100%| O|  |TAMS 0x00000000a2a00000, 0x00000000a2a00000| Untracked 
|  42|0x00000000a2a00000, 0x00000000a2b00000, 0x00000000a2b00000|100%| O|  |TAMS 0x00000000a2b00000, 0x00000000a2b00000| Untracked 
|  43|0x00000000a2b00000, 0x00000000a2c00000, 0x00000000a2c00000|100%| O|  |TAMS 0x00000000a2c00000, 0x00000000a2c00000| Untracked 
|  44|0x00000000a2c00000, 0x00000000a2c64600, 0x00000000a2d00000| 39%| O|  |TAMS 0x00000000a2c00000, 0x00000000a2c64600| Untracked 
|  45|0x00000000a2d00000, 0x00000000a2e00000, 0x00000000a2e00000|100%| O|  |TAMS 0x00000000a2e00000, 0x00000000a2e00000| Untracked 
|  46|0x00000000a2e00000, 0x00000000a2f00000, 0x00000000a2f00000|100%| O|  |TAMS 0x00000000a2f00000, 0x00000000a2f00000| Untracked 
|  47|0x00000000a2f00000, 0x00000000a3000000, 0x00000000a3000000|100%| O|  |TAMS 0x00000000a3000000, 0x00000000a3000000| Untracked 
|  48|0x00000000a3000000, 0x00000000a3100000, 0x00000000a3100000|100%| O|  |TAMS 0x00000000a3100000, 0x00000000a3100000| Untracked 
|  49|0x00000000a3100000, 0x00000000a3200000, 0x00000000a3200000|100%| O|  |TAMS 0x00000000a3200000, 0x00000000a3200000| Untracked 
|  50|0x00000000a3200000, 0x00000000a3300000, 0x00000000a3300000|100%| O|  |TAMS 0x00000000a3300000, 0x00000000a3300000| Untracked 
|  51|0x00000000a3300000, 0x00000000a3400000, 0x00000000a3400000|100%|HS|  |TAMS 0x00000000a3400000, 0x00000000a3400000| Complete 
|  52|0x00000000a3400000, 0x00000000a3500000, 0x00000000a3500000|100%|HC|  |TAMS 0x00000000a3500000, 0x00000000a3500000| Complete 
|  53|0x00000000a3500000, 0x00000000a3600000, 0x00000000a3600000|100%|HS|  |TAMS 0x00000000a3600000, 0x00000000a3600000| Complete 
|  54|0x00000000a3600000, 0x00000000a3700000, 0x00000000a3700000|100%|HC|  |TAMS 0x00000000a3700000, 0x00000000a3700000| Complete 
|  55|0x00000000a3700000, 0x00000000a3800000, 0x00000000a3800000|100%| O|  |TAMS 0x00000000a3800000, 0x00000000a3800000| Untracked 
|  56|0x00000000a3800000, 0x00000000a3900000, 0x00000000a3900000|100%| O|  |TAMS 0x00000000a3840800, 0x00000000a3900000| Untracked 
|  57|0x00000000a3900000, 0x00000000a3900000, 0x00000000a3a00000|  0%| F|  |TAMS 0x00000000a3900000, 0x00000000a3900000| Untracked 
|  58|0x00000000a3a00000, 0x00000000a3a00000, 0x00000000a3b00000|  0%| F|  |TAMS 0x00000000a3a00000, 0x00000000a3a00000| Untracked 
|  59|0x00000000a3b00000, 0x00000000a3b00000, 0x00000000a3c00000|  0%| F|  |TAMS 0x00000000a3b00000, 0x00000000a3b00000| Untracked 
|  60|0x00000000a3c00000, 0x00000000a3c00000, 0x00000000a3d00000|  0%| F|  |TAMS 0x00000000a3c00000, 0x00000000a3c00000| Untracked 
|  61|0x00000000a3d00000, 0x00000000a3d00000, 0x00000000a3e00000|  0%| F|  |TAMS 0x00000000a3d00000, 0x00000000a3d00000| Untracked 
|  62|0x00000000a3e00000, 0x00000000a3e00000, 0x00000000a3f00000|  0%| F|  |TAMS 0x00000000a3e00000, 0x00000000a3e00000| Untracked 
|  63|0x00000000a3f00000, 0x00000000a3f00000, 0x00000000a4000000|  0%| F|  |TAMS 0x00000000a3f00000, 0x00000000a3f00000| Untracked 
|  64|0x00000000a4000000, 0x00000000a4000000, 0x00000000a4100000|  0%| F|  |TAMS 0x00000000a4000000, 0x00000000a4000000| Untracked 
|  65|0x00000000a4100000, 0x00000000a4100000, 0x00000000a4200000|  0%| F|  |TAMS 0x00000000a4100000, 0x00000000a4100000| Untracked 
|  66|0x00000000a4200000, 0x00000000a4200000, 0x00000000a4300000|  0%| F|  |TAMS 0x00000000a4200000, 0x00000000a4200000| Untracked 
|  67|0x00000000a4300000, 0x00000000a4300000, 0x00000000a4400000|  0%| F|  |TAMS 0x00000000a4300000, 0x00000000a4300000| Untracked 
|  68|0x00000000a4400000, 0x00000000a4400000, 0x00000000a4500000|  0%| F|  |TAMS 0x00000000a4400000, 0x00000000a4400000| Untracked 
|  69|0x00000000a4500000, 0x00000000a4500000, 0x00000000a4600000|  0%| F|  |TAMS 0x00000000a4500000, 0x00000000a4500000| Untracked 
|  70|0x00000000a4600000, 0x00000000a4600000, 0x00000000a4700000|  0%| F|  |TAMS 0x00000000a4600000, 0x00000000a4600000| Untracked 
|  71|0x00000000a4700000, 0x00000000a4700000, 0x00000000a4800000|  0%| F|  |TAMS 0x00000000a4700000, 0x00000000a4700000| Untracked 
|  72|0x00000000a4800000, 0x00000000a48a9b68, 0x00000000a4900000| 66%| S|CS|TAMS 0x00000000a4800000, 0x00000000a4800000| Complete 
|  73|0x00000000a4900000, 0x00000000a4900000, 0x00000000a4a00000|  0%| F|  |TAMS 0x00000000a4900000, 0x00000000a4900000| Untracked 
|  74|0x00000000a4a00000, 0x00000000a4a00000, 0x00000000a4b00000|  0%| F|  |TAMS 0x00000000a4a00000, 0x00000000a4a00000| Untracked 
|  75|0x00000000a4b00000, 0x00000000a4b00000, 0x00000000a4c00000|  0%| F|  |TAMS 0x00000000a4b00000, 0x00000000a4b00000| Untracked 
|  76|0x00000000a4c00000, 0x00000000a4c00000, 0x00000000a4d00000|  0%| F|  |TAMS 0x00000000a4c00000, 0x00000000a4c00000| Untracked 
|  77|0x00000000a4d00000, 0x00000000a4d00000, 0x00000000a4e00000|  0%| F|  |TAMS 0x00000000a4d00000, 0x00000000a4d00000| Untracked 
|  78|0x00000000a4e00000, 0x00000000a4e00000, 0x00000000a4f00000|  0%| F|  |TAMS 0x00000000a4e00000, 0x00000000a4e00000| Untracked 
|  79|0x00000000a4f00000, 0x00000000a4f00000, 0x00000000a5000000|  0%| F|  |TAMS 0x00000000a4f00000, 0x00000000a4f00000| Untracked 
|  80|0x00000000a5000000, 0x00000000a5000000, 0x00000000a5100000|  0%| F|  |TAMS 0x00000000a5000000, 0x00000000a5000000| Untracked 
|  81|0x00000000a5100000, 0x00000000a5100000, 0x00000000a5200000|  0%| F|  |TAMS 0x00000000a5100000, 0x00000000a5100000| Untracked 
|  82|0x00000000a5200000, 0x00000000a5200000, 0x00000000a5300000|  0%| F|  |TAMS 0x00000000a5200000, 0x00000000a5200000| Untracked 
|  83|0x00000000a5300000, 0x00000000a5300000, 0x00000000a5400000|  0%| F|  |TAMS 0x00000000a5300000, 0x00000000a5300000| Untracked 
| 128|0x00000000a8000000, 0x00000000a8000000, 0x00000000a8100000|  0%| F|  |TAMS 0x00000000a8000000, 0x00000000a8000000| Untracked 
| 129|0x00000000a8100000, 0x00000000a8100000, 0x00000000a8200000|  0%| F|  |TAMS 0x00000000a8100000, 0x00000000a8100000| Untracked 
| 130|0x00000000a8200000, 0x00000000a8200000, 0x00000000a8300000|  0%| F|  |TAMS 0x00000000a8200000, 0x00000000a8200000| Untracked 
| 131|0x00000000a8300000, 0x00000000a8300000, 0x00000000a8400000|  0%| F|  |TAMS 0x00000000a8300000, 0x00000000a8300000| Untracked 
| 132|0x00000000a8400000, 0x00000000a8400000, 0x00000000a8500000|  0%| F|  |TAMS 0x00000000a8400000, 0x00000000a8400000| Untracked 
| 133|0x00000000a8500000, 0x00000000a8500000, 0x00000000a8600000|  0%| F|  |TAMS 0x00000000a8500000, 0x00000000a8500000| Untracked 
| 134|0x00000000a8600000, 0x00000000a8600000, 0x00000000a8700000|  0%| F|  |TAMS 0x00000000a8600000, 0x00000000a8600000| Untracked 
| 135|0x00000000a8700000, 0x00000000a8700000, 0x00000000a8800000|  0%| F|  |TAMS 0x00000000a8700000, 0x00000000a8700000| Untracked 
| 136|0x00000000a8800000, 0x00000000a8800000, 0x00000000a8900000|  0%| F|  |TAMS 0x00000000a8800000, 0x00000000a8800000| Untracked 
| 137|0x00000000a8900000, 0x00000000a8900000, 0x00000000a8a00000|  0%| F|  |TAMS 0x00000000a8900000, 0x00000000a8900000| Untracked 
| 138|0x00000000a8a00000, 0x00000000a8a00000, 0x00000000a8b00000|  0%| F|  |TAMS 0x00000000a8a00000, 0x00000000a8a00000| Untracked 
| 139|0x00000000a8b00000, 0x00000000a8b00000, 0x00000000a8c00000|  0%| F|  |TAMS 0x00000000a8b00000, 0x00000000a8b00000| Untracked 
| 253|0x00000000afd00000, 0x00000000afd00000, 0x00000000afe00000|  0%| F|  |TAMS 0x00000000afd00000, 0x00000000afd00000| Untracked 

Card table byte_map: [0x000002255e920000,0x000002255ec20000] _byte_map_base: 0x000002255e420000

Marking Bits (Prev, Next): (CMBitMap*) 0x0000022547a851d0, (CMBitMap*) 0x0000022547a85190
 Prev Bits: [0x0000022560720000, 0x0000022561f20000)
 Next Bits: [0x000002255ef20000, 0x0000022560720000)

Polling page: 0x0000022545920000

Metaspace:

Usage:
  Non-class:     49.99 MB used.
      Class:      8.24 MB used.
       Both:     58.22 MB used.

Virtual space:
  Non-class space:       64.00 MB reserved,      50.31 MB ( 79%) committed,  1 nodes.
      Class space:        1.00 GB reserved,       8.50 MB ( <1%) committed,  1 nodes.
             Both:        1.06 GB reserved,      58.81 MB (  5%) committed. 

Chunk freelists:
   Non-Class:  12.84 MB
       Class:  7.52 MB
        Both:  20.36 MB

MaxMetaspaceSize: unlimited
CompressedClassSpaceSize: 1.00 GB
Initial GC threshold: 21.00 MB
Current GC threshold: 91.06 MB
CDS: on
MetaspaceReclaimPolicy: balanced
 - commit_granule_bytes: 65536.
 - commit_granule_words: 8192.
 - virtual_space_node_default_size: 8388608.
 - enlarge_chunks_in_place: 1.
 - new_chunks_are_fully_committed: 0.
 - uncommit_free_chunks: 1.
 - use_allocation_guard: 0.
 - handle_deallocations: 1.


Internal statistics:

num_allocs_failed_limit: 6.
num_arena_births: 782.
num_arena_deaths: 0.
num_vsnodes_births: 2.
num_vsnodes_deaths: 0.
num_space_committed: 941.
num_space_uncommitted: 0.
num_chunks_returned_to_freelist: 6.
num_chunks_taken_from_freelist: 3210.
num_chunk_merges: 6.
num_chunk_splits: 2124.
num_chunks_enlarged: 1429.
num_inconsistent_stats: 0.

CodeHeap 'non-profiled nmethods': size=120000Kb used=4005Kb max_used=4005Kb free=115994Kb
 bounds [0x0000022556dc0000, 0x00000225571b0000, 0x000002255e2f0000]
CodeHeap 'profiled nmethods': size=120000Kb used=12270Kb max_used=12270Kb free=107729Kb
 bounds [0x000002254f2f0000, 0x000002254fef0000, 0x0000022556820000]
CodeHeap 'non-nmethods': size=5760Kb used=2363Kb max_used=2401Kb free=3396Kb
 bounds [0x0000022556820000, 0x0000022556a90000, 0x0000022556dc0000]
 total_blobs=7174 nmethods=6281 adapters=805
 compilation: enabled
              stopped_count=0, restarted_count=0
 full_count=0

Compilation events (20 events):
Event: 13.213 Thread 0x0000022564993ac0 nmethod 7008 0x000002254fee8190 code [0x000002254fee83a0, 0x000002254fee8c18]
Event: 13.213 Thread 0x0000022564993ac0 7009       3       org.gradle.api.internal.plugins.DefaultPluginRegistry::access$200 (7 bytes)
Event: 13.213 Thread 0x0000022564993ac0 nmethod 7009 0x000002254fee8f10 code [0x000002254fee90a0, 0x000002254fee91c8]
Event: 13.214 Thread 0x0000022564993ac0 7010       3       java.lang.ClassLoader::getResource (41 bytes)
Event: 13.214 Thread 0x0000022564993ac0 nmethod 7010 0x000002254fee9290 code [0x000002254fee9480, 0x000002254fee9a98]
Event: 13.215 Thread 0x0000022564993ac0 7011       3       org.gradle.api.internal.plugins.DefaultPluginRegistry$PluginIdLookupCacheKey::equals (63 bytes)
Event: 13.215 Thread 0x0000022564993ac0 nmethod 7011 0x000002254fee9c90 code [0x000002254fee9e80, 0x000002254feea438]
Event: 13.215 Thread 0x0000022564993ac0 7012       3       org.gradle.internal.classloader.CachingClassLoader::equals (33 bytes)
Event: 13.215 Thread 0x0000022564993ac0 nmethod 7012 0x000002254feea590 code [0x000002254feea760, 0x000002254feeac08]
Event: 13.217 Thread 0x000002256d4f3070 nmethod 7003 0x00000225571a6910 code [0x00000225571a6b40, 0x00000225571a77e8]
Event: 13.240 Thread 0x000002256d4f3070 7013       4       java.lang.StringBuilder::append (8 bytes)
Event: 13.240 Thread 0x0000022564993ac0 7014       3       com.google.common.cache.LocalCache$LocalManualCache::getIfPresent (9 bytes)
Event: 13.240 Thread 0x0000022564993ac0 nmethod 7014 0x000002254feead10 code [0x000002254feeaec0, 0x000002254feeb008]
Event: 13.240 Thread 0x0000022564993ac0 7015       1       org.gradle.internal.dispatch.ProxyDispatchAdapter::getSource (5 bytes)
Event: 13.240 Thread 0x0000022564993ac0 nmethod 7015 0x00000225571a8190 code [0x00000225571a8320, 0x00000225571a83f8]
Event: 13.246 Thread 0x000002256d4f3070 nmethod 7013 0x00000225571a8490 code [0x00000225571a8640, 0x00000225571a8fd8]
Event: 13.271 Thread 0x0000022564993ac0 7016       3       com.google.common.collect.MapMakerInternalMap$StrongKeyWeakValueEntry::getValue (10 bytes)
Event: 13.271 Thread 0x0000022564993ac0 nmethod 7016 0x000002254feeb110 code [0x000002254feeb2c0, 0x000002254feeb488]
Event: 13.277 Thread 0x0000022564993ac0 7017       3       java.lang.Class::getCanonicalName (37 bytes)
Event: 13.277 Thread 0x0000022564993ac0 nmethod 7017 0x000002254feeb590 code [0x000002254feeb740, 0x000002254feeb9b8]

GC Heap History (20 events):
Event: 11.101 GC heap after
{Heap after GC invocations=15 (full 0):
 garbage-first heap   total 89088K, used 46108K [0x00000000a0000000, 0x0000000100000000)
  region size 1024K, 5 young (5120K), 5 survivors (5120K)
 Metaspace       used 47752K, committed 48320K, reserved 1114112K
  class space    used 6730K, committed 7040K, reserved 1048576K
}
Event: 11.292 GC heap before
{Heap before GC invocations=15 (full 0):
 garbage-first heap   total 89088K, used 68636K [0x00000000a0000000, 0x0000000100000000)
  region size 1024K, 28 young (28672K), 5 survivors (5120K)
 Metaspace       used 48311K, committed 48896K, reserved 1114112K
  class space    used 6791K, committed 7104K, reserved 1048576K
}
Event: 11.296 GC heap after
{Heap after GC invocations=16 (full 0):
 garbage-first heap   total 89088K, used 49477K [0x00000000a0000000, 0x0000000100000000)
  region size 1024K, 4 young (4096K), 4 survivors (4096K)
 Metaspace       used 48311K, committed 48896K, reserved 1114112K
  class space    used 6791K, committed 7104K, reserved 1048576K
}
Event: 11.737 GC heap before
{Heap before GC invocations=17 (full 0):
 garbage-first heap   total 89088K, used 68933K [0x00000000a0000000, 0x0000000100000000)
  region size 1024K, 23 young (23552K), 4 survivors (4096K)
 Metaspace       used 50142K, committed 50688K, reserved 1114112K
  class space    used 7115K, committed 7360K, reserved 1048576K
}
Event: 11.740 GC heap after
{Heap after GC invocations=18 (full 0):
 garbage-first heap   total 89088K, used 51022K [0x00000000a0000000, 0x0000000100000000)
  region size 1024K, 2 young (2048K), 2 survivors (2048K)
 Metaspace       used 50142K, committed 50688K, reserved 1114112K
  class space    used 7115K, committed 7360K, reserved 1048576K
}
Event: 11.772 GC heap before
{Heap before GC invocations=18 (full 0):
 garbage-first heap   total 89088K, used 53070K [0x00000000a0000000, 0x0000000100000000)
  region size 1024K, 4 young (4096K), 2 survivors (2048K)
 Metaspace       used 50304K, committed 50880K, reserved 1114112K
  class space    used 7146K, committed 7424K, reserved 1048576K
}
Event: 11.774 GC heap after
{Heap after GC invocations=19 (full 0):
 garbage-first heap   total 89088K, used 50918K [0x00000000a0000000, 0x0000000100000000)
  region size 1024K, 1 young (1024K), 1 survivors (1024K)
 Metaspace       used 50304K, committed 50880K, reserved 1114112K
  class space    used 7146K, committed 7424K, reserved 1048576K
}
Event: 11.950 GC heap before
{Heap before GC invocations=19 (full 0):
 garbage-first heap   total 89088K, used 58086K [0x00000000a0000000, 0x0000000100000000)
  region size 1024K, 10 young (10240K), 1 survivors (1024K)
 Metaspace       used 51053K, committed 51648K, reserved 1114112K
  class space    used 7259K, committed 7552K, reserved 1048576K
}
Event: 11.952 GC heap after
{Heap after GC invocations=20 (full 0):
 garbage-first heap   total 89088K, used 51518K [0x00000000a0000000, 0x0000000100000000)
  region size 1024K, 1 young (1024K), 1 survivors (1024K)
 Metaspace       used 51053K, committed 51648K, reserved 1114112K
  class space    used 7259K, committed 7552K, reserved 1048576K
}
Event: 12.189 GC heap before
{Heap before GC invocations=21 (full 0):
 garbage-first heap   total 97280K, used 75070K [0x00000000a0000000, 0x0000000100000000)
  region size 1024K, 21 young (21504K), 1 survivors (1024K)
 Metaspace       used 52944K, committed 53504K, reserved 1114112K
  class space    used 7518K, committed 7808K, reserved 1048576K
}
Event: 12.191 GC heap after
{Heap after GC invocations=22 (full 0):
 garbage-first heap   total 97280K, used 56937K [0x00000000a0000000, 0x0000000100000000)
  region size 1024K, 3 young (3072K), 3 survivors (3072K)
 Metaspace       used 52944K, committed 53504K, reserved 1114112K
  class space    used 7518K, committed 7808K, reserved 1048576K
}
Event: 12.201 GC heap before
{Heap before GC invocations=22 (full 0):
 garbage-first heap   total 97280K, used 57961K [0x00000000a0000000, 0x0000000100000000)
  region size 1024K, 4 young (4096K), 3 survivors (3072K)
 Metaspace       used 53037K, committed 53568K, reserved 1114112K
  class space    used 7534K, committed 7808K, reserved 1048576K
}
Event: 12.203 GC heap after
{Heap after GC invocations=23 (full 0):
 garbage-first heap   total 97280K, used 55733K [0x00000000a0000000, 0x0000000100000000)
  region size 1024K, 1 young (1024K), 1 survivors (1024K)
 Metaspace       used 53037K, committed 53568K, reserved 1114112K
  class space    used 7534K, committed 7808K, reserved 1048576K
}
Event: 12.518 GC heap before
{Heap before GC invocations=23 (full 0):
 garbage-first heap   total 97280K, used 77237K [0x00000000a0000000, 0x0000000100000000)
  region size 1024K, 22 young (22528K), 1 survivors (1024K)
 Metaspace       used 55155K, committed 55808K, reserved 1114112K
  class space    used 7805K, committed 8128K, reserved 1048576K
}
Event: 12.520 GC heap after
{Heap after GC invocations=24 (full 0):
 garbage-first heap   total 97280K, used 56222K [0x00000000a0000000, 0x0000000100000000)
  region size 1024K, 1 young (1024K), 1 survivors (1024K)
 Metaspace       used 55155K, committed 55808K, reserved 1114112K
  class space    used 7805K, committed 8128K, reserved 1048576K
}
Event: 12.948 GC heap before
{Heap before GC invocations=25 (full 0):
 garbage-first heap   total 99328K, used 78750K [0x00000000a0000000, 0x0000000100000000)
  region size 1024K, 23 young (23552K), 1 survivors (1024K)
 Metaspace       used 57941K, committed 58624K, reserved 1114112K
  class space    used 8192K, committed 8512K, reserved 1048576K
}
Event: 12.950 GC heap after
{Heap after GC invocations=26 (full 0):
 garbage-first heap   total 99328K, used 57298K [0x00000000a0000000, 0x0000000100000000)
  region size 1024K, 2 young (2048K), 2 survivors (2048K)
 Metaspace       used 57941K, committed 58624K, reserved 1114112K
  class space    used 8192K, committed 8512K, reserved 1048576K
}
Event: 12.985 GC heap before
{Heap before GC invocations=26 (full 0):
 garbage-first heap   total 99328K, used 59346K [0x00000000a0000000, 0x0000000100000000)
  region size 1024K, 4 young (4096K), 2 survivors (2048K)
 Metaspace       used 58078K, committed 58752K, reserved 1114112K
  class space    used 8208K, committed 8512K, reserved 1048576K
}
Event: 12.987 GC heap after
{Heap after GC invocations=27 (full 0):
 garbage-first heap   total 99328K, used 56903K [0x00000000a0000000, 0x0000000100000000)
  region size 1024K, 1 young (1024K), 1 survivors (1024K)
 Metaspace       used 58078K, committed 58752K, reserved 1114112K
  class space    used 8208K, committed 8512K, reserved 1048576K
}
Event: 13.300 GC heap before
{Heap before GC invocations=27 (full 0):
 garbage-first heap   total 99328K, used 80455K [0x00000000a0000000, 0x0000000100000000)
  region size 1024K, 24 young (24576K), 1 survivors (1024K)
 Metaspace       used 59619K, committed 60224K, reserved 1114112K
  class space    used 8434K, committed 8704K, reserved 1048576K
}

Deoptimization events (20 events):
Event: 12.688 Thread 0x000002256a8c9580 Uncommon trap: trap_request=0xffffffde fr.pc=0x0000022556f1c054 relative=0x0000000000000154
Event: 12.688 Thread 0x000002256a8c9580 Uncommon trap: reason=class_check action=maybe_recompile pc=0x0000022556f1c054 method=java.lang.reflect.Array.newInstance(Ljava/lang/Class;I)Ljava/lang/Object; @ 2 c2
Event: 12.688 Thread 0x000002256a8c9580 DEOPT PACKING pc=0x0000022556f1c054 sp=0x000000a1b85f16d0
Event: 12.688 Thread 0x000002256a8c9580 DEOPT UNPACKING pc=0x00000225568723a3 sp=0x000000a1b85f1668 mode 2
Event: 12.728 Thread 0x000002256a8c9580 Uncommon trap: trap_request=0xffffff45 fr.pc=0x0000022556feba1c relative=0x000000000000007c
Event: 12.728 Thread 0x000002256a8c9580 Uncommon trap: reason=unstable_if action=reinterpret pc=0x0000022556feba1c method=java.util.Spliterator.getExactSizeIfKnown()J @ 9 c2
Event: 12.728 Thread 0x000002256a8c9580 DEOPT PACKING pc=0x0000022556feba1c sp=0x000000a1b85f2070
Event: 12.728 Thread 0x000002256a8c9580 DEOPT UNPACKING pc=0x00000225568723a3 sp=0x000000a1b85f2008 mode 2
Event: 12.927 Thread 0x000002256a8c9580 Uncommon trap: trap_request=0xfffffff4 fr.pc=0x000002255700a194 relative=0x00000000000006b4
Event: 12.927 Thread 0x000002256a8c9580 Uncommon trap: reason=null_check action=make_not_entrant pc=0x000002255700a194 method=org.gradle.util.internal.SimpleMapInterner.intern(Ljava/lang/Object;)Ljava/lang/Object; @ 2 c2
Event: 12.927 Thread 0x000002256a8c9580 DEOPT PACKING pc=0x000002255700a194 sp=0x000000a1b85f36c0
Event: 12.927 Thread 0x000002256a8c9580 DEOPT UNPACKING pc=0x00000225568723a3 sp=0x000000a1b85f3688 mode 2
Event: 12.927 Thread 0x000002256a8c9580 Uncommon trap: trap_request=0xffffff45 fr.pc=0x000002255700b018 relative=0x00000000000006b8
Event: 12.927 Thread 0x000002256a8c9580 Uncommon trap: reason=unstable_if action=reinterpret pc=0x000002255700b018 method=org.gradle.util.internal.SimpleMapInterner.intern(Ljava/lang/String;)Ljava/lang/String; @ 1 c2
Event: 12.927 Thread 0x000002256a8c9580 DEOPT PACKING pc=0x000002255700b018 sp=0x000000a1b85f3650
Event: 12.927 Thread 0x000002256a8c9580 DEOPT UNPACKING pc=0x00000225568723a3 sp=0x000000a1b85f3618 mode 2
Event: 13.106 Thread 0x000002256a8c9580 Uncommon trap: trap_request=0xffffffdc fr.pc=0x00000225571977c0 relative=0x00000000000002a0
Event: 13.106 Thread 0x000002256a8c9580 Uncommon trap: reason=class_check action=make_not_entrant pc=0x00000225571977c0 method=java.util.ArrayList.toArray([Ljava/lang/Object;)[Ljava/lang/Object; @ 21 c2
Event: 13.106 Thread 0x000002256a8c9580 DEOPT PACKING pc=0x00000225571977c0 sp=0x000000a1b85f3420
Event: 13.106 Thread 0x000002256a8c9580 DEOPT UNPACKING pc=0x00000225568723a3 sp=0x000000a1b85f33f0 mode 2

Classes unloaded (0 events):
No events

Classes redefined (0 events):
No events

Internal exceptions (20 events):
Event: 10.777 Thread 0x000002256a8c9580 Implicit null exception at 0x000002255700672c to 0x00000225570067d4
Event: 10.789 Thread 0x000002256e5bef80 Exception <a 'java/lang/NoSuchMethodError'{0x00000000a84ab690}: 'void java.lang.invoke.DirectMethodHandle$Holder.invokeVirtual(java.lang.Object, java.lang.Object)'> (0x00000000a84ab690) 
thrown [s\open\src\hotspot\share\interpreter\linkResolver.cpp, line 759]
Event: 10.838 Thread 0x000002256a8c9580 Exception <a 'java/lang/NoSuchMethodError'{0x00000000a803a0d0}: 'java.lang.Object java.lang.invoke.DirectMethodHandle$Holder.newInvokeSpecial(java.lang.Object, java.lang.Object, java.lang.Object, java.lang.Object, int, java.lang.Object)'> (0x00000000a803a0d0) 
thrown [s\open\src\hotspot\share\interpreter\linkResolver.cpp, line 759]
Event: 10.839 Thread 0x000002256a8c9580 Exception <a 'java/lang/NoSuchMethodError'{0x00000000a8043420}: 'java.lang.Object java.lang.invoke.Invokers$Holder.linkToTargetMethod(java.lang.Object, java.lang.Object, java.lang.Object, int, java.lang.Object, java.lang.Object)'> (0x00000000a8043420) 
thrown [s\open\src\hotspot\share\interpreter\linkResolver.cpp, line 759]
Event: 11.025 Thread 0x000002256a8c9580 Exception <a 'java/lang/NoSuchMethodError'{0x00000000a3eb8ad8}: 'java.lang.Object java.lang.invoke.DirectMethodHandle$Holder.invokeSpecialIFC(java.lang.Object, java.lang.Object, java.lang.Object)'> (0x00000000a3eb8ad8) 
thrown [s\open\src\hotspot\share\interpreter\linkResolver.cpp, line 759]
Event: 11.826 Thread 0x000002256a8c9580 Exception <a 'java/lang/NoSuchMethodError'{0x00000000a89a9118}: 'int java.lang.invoke.DirectMethodHandle$Holder.invokeStatic(java.lang.Object, java.lang.Object, int)'> (0x00000000a89a9118) 
thrown [s\open\src\hotspot\share\interpreter\linkResolver.cpp, line 759]
Event: 12.422 Thread 0x000002256a8c9580 Exception <a 'java/lang/ClassNotFoundException'{0x00000000a4c805f8}: sun/misc/SharedSecrets> (0x00000000a4c805f8) 
thrown [s\open\src\hotspot\share\classfile\systemDictionary.cpp, line 256]
Event: 12.422 Thread 0x000002256a8c9580 Exception <a 'java/lang/NoClassDefFoundError'{0x00000000a4c82398}: com/android/Version> (0x00000000a4c82398) 
thrown [s\open\src\hotspot\share\classfile\systemDictionary.cpp, line 245]
Event: 12.606 Thread 0x000002256a8c9580 Exception <a 'java/lang/NoSuchMethodError'{0x00000000a8995f48}: static Lorg/jetbrains/kotlin/gradle/plugin/internal/DefaultProjectIsolationStartParameterAccessor$Factory;.<clinit>()V> (0x00000000a8995f48) 
thrown [s\open\src\hotspot\share\prims\jni.cpp, line 1112]
Event: 12.612 Thread 0x000002256a8c9580 Exception <a 'java/lang/NoSuchMethodError'{0x00000000a89de0a0}: static Lorg/jetbrains/kotlin/gradle/plugin/internal/DefaultJavaExecTaskParametersCompatibility$Factory;.<clinit>()V> (0x00000000a89de0a0) 
thrown [s\open\src\hotspot\share\prims\jni.cpp, line 1112]
Event: 12.615 Thread 0x000002256a8c9580 Exception <a 'java/lang/NoSuchMethodError'{0x00000000a8811de8}: static Lorg/jetbrains/kotlin/gradle/plugin/internal/DefaultMavenPublicationComponentAccessorFactory;.<clinit>()V> (0x00000000a8811de8) 
thrown [s\open\src\hotspot\share\prims\jni.cpp, line 1112]
Event: 12.617 Thread 0x000002256a8c9580 Exception <a 'java/lang/NoSuchMethodError'{0x00000000a8838dc0}: static Lorg/jetbrains/kotlin/gradle/plugin/diagnostics/DefaultProblemsReporter$Factory;.<clinit>()V> (0x00000000a8838dc0) 
thrown [s\open\src\hotspot\share\prims\jni.cpp, line 1112]
Event: 12.619 Thread 0x000002256a8c9580 Exception <a 'java/lang/NoSuchMethodError'{0x00000000a8868040}: static Lorg/jetbrains/kotlin/gradle/plugin/internal/DefaultCompatibilityConventionRegistrar$Factory;.<clinit>()V> (0x00000000a8868040) 
thrown [s\open\src\hotspot\share\prims\jni.cpp, line 1112]
Event: 12.621 Thread 0x000002256a8c9580 Exception <a 'java/lang/NoSuchMethodError'{0x00000000a888c730}: static Lorg/jetbrains/kotlin/gradle/plugin/internal/DefaultConfigurationCacheStartParameterAccessorVariantFactory;.<clinit>()V> (0x00000000a888c730) 
thrown [s\open\src\hotspot\share\prims\jni.cpp, line 1112]
Event: 12.622 Thread 0x000002256a8c9580 Exception <a 'java/lang/NoSuchMethodError'{0x00000000a88974a8}: 'void java.lang.invoke.DirectMethodHandle$Holder.invokeSpecial(java.lang.Object, java.lang.Object, java.lang.Object, int)'> (0x00000000a88974a8) 
thrown [s\open\src\hotspot\share\interpreter\linkResolver.cpp, line 759]
Event: 12.675 Thread 0x000002256a8c9580 Exception <a 'java/lang/IncompatibleClassChangeError'{0x00000000a865c7e8}: Found class java.lang.Object, but interface was expected> (0x00000000a865c7e8) 
thrown [s\open\src\hotspot\share\interpreter\linkResolver.cpp, line 826]
Event: 12.836 Thread 0x000002256a8c9580 Exception <a 'java/lang/NoSuchMethodError'{0x00000000a5384538}: static Ljava/lang/Object;.<clinit>()V> (0x00000000a5384538) 
thrown [s\open\src\hotspot\share\prims\jni.cpp, line 1112]
Event: 12.857 Thread 0x000002256a8c9580 Exception <a 'java/lang/NoSuchMethodError'{0x00000000a5289ce8}: static Lorg/jetbrains/kotlin/gradle/plugin/statistics/MetricContainer;.<clinit>()V> (0x00000000a5289ce8) 
thrown [s\open\src\hotspot\share\prims\jni.cpp, line 1112]
Event: 12.927 Thread 0x000002256a8c9580 Implicit null exception at 0x0000022557009b0f to 0x000002255700a184
Event: 12.927 Thread 0x000002256a8c9580 Implicit null exception at 0x000002255700a994 to 0x000002255700b000

VM Operations (20 events):
Event: 12.191 Executing VM operation: G1CollectForAllocation done
Event: 12.201 Executing VM operation: G1CollectForAllocation
Event: 12.203 Executing VM operation: G1CollectForAllocation done
Event: 12.367 Executing VM operation: HandshakeAllThreads
Event: 12.367 Executing VM operation: HandshakeAllThreads done
Event: 12.518 Executing VM operation: G1CollectForAllocation
Event: 12.520 Executing VM operation: G1CollectForAllocation done
Event: 12.555 Executing VM operation: G1Concurrent
Event: 12.558 Executing VM operation: G1Concurrent done
Event: 12.574 Executing VM operation: G1Concurrent
Event: 12.574 Executing VM operation: G1Concurrent done
Event: 12.947 Executing VM operation: G1CollectForAllocation
Event: 12.950 Executing VM operation: G1CollectForAllocation done
Event: 12.985 Executing VM operation: G1CollectForAllocation
Event: 12.987 Executing VM operation: G1CollectForAllocation done
Event: 12.996 Executing VM operation: HandshakeAllThreads
Event: 12.996 Executing VM operation: HandshakeAllThreads done
Event: 13.189 Executing VM operation: HandshakeAllThreads
Event: 13.189 Executing VM operation: HandshakeAllThreads done
Event: 13.300 Executing VM operation: G1CollectForAllocation

Events (20 events):
Event: 12.774 loading class com/sun/jmx/mbeanserver/StandardMBeanSupport done
Event: 12.774 loading class com/sun/jmx/mbeanserver/StandardMBeanIntrospector
Event: 12.774 loading class com/sun/jmx/mbeanserver/StandardMBeanIntrospector done
Event: 12.836 loading class jdk/internal/reflect/UnsafeQualifiedStaticLongFieldAccessorImpl
Event: 12.837 loading class jdk/internal/reflect/UnsafeQualifiedStaticLongFieldAccessorImpl done
Event: 12.839 loading class java/io/SerialCallbackContext
Event: 12.839 loading class java/io/SerialCallbackContext done
Event: 12.858 loading class java/io/ObjectStreamClass$ExceptionInfo
Event: 12.858 loading class java/io/ObjectStreamClass$ExceptionInfo done
Event: 12.860 loading class java/util/HashMap$UnsafeHolder
Event: 12.860 loading class java/util/HashMap$UnsafeHolder done
Event: 12.879 loading class java/util/ArrayList$SubList$2
Event: 12.879 loading class java/util/ArrayList$SubList$2 done
Event: 12.894 Thread 0x000002256da86b30 Thread added: 0x000002256da86b30
Event: 12.927 Thread 0x000002256d4f3070 Thread added: 0x000002256d4f3070
Event: 13.000 Thread 0x000002256499cb80 flushing nmethod 0x000002254f74e810
Event: 13.179 loading class java/util/concurrent/LinkedBlockingDeque$Itr
Event: 13.180 loading class java/util/concurrent/LinkedBlockingDeque$AbstractItr
Event: 13.180 loading class java/util/concurrent/LinkedBlockingDeque$AbstractItr done
Event: 13.180 loading class java/util/concurrent/LinkedBlockingDeque$Itr done


Dynamic libraries:
0x00007ff7d5560000 - 0x00007ff7d5570000 	C:\Program Files\Java\jdk-17\bin\java.exe
0x00007ff891480000 - 0x00007ff8916e7000 	C:\WINDOWS\SYSTEM32\ntdll.dll
0x00007ff890450000 - 0x00007ff890519000 	C:\WINDOWS\System32\KERNEL32.DLL
0x00007ff88e9b0000 - 0x00007ff88eda4000 	C:\WINDOWS\System32\KERNELBASE.dll
0x00007ff88de80000 - 0x00007ff88dfcb000 	C:\WINDOWS\System32\ucrtbase.dll
0x00007ff86d800000 - 0x00007ff86d819000 	C:\Program Files\Java\jdk-17\bin\jli.dll
0x00007ff891140000 - 0x00007ff8911f6000 	C:\WINDOWS\System32\ADVAPI32.dll
0x00007ff8912f0000 - 0x00007ff891399000 	C:\WINDOWS\System32\msvcrt.dll
0x00007ff8903a0000 - 0x00007ff890447000 	C:\WINDOWS\System32\sechost.dll
0x00007ff88f320000 - 0x00007ff88f438000 	C:\WINDOWS\System32\RPCRT4.dll
0x00007ff88f720000 - 0x00007ff88f8e5000 	C:\WINDOWS\System32\USER32.dll
0x00007ff88f1e0000 - 0x00007ff88f207000 	C:\WINDOWS\System32\win32u.dll
0x00007ff8913b0000 - 0x00007ff8913db000 	C:\WINDOWS\System32\GDI32.dll
0x00007ff88dd50000 - 0x00007ff88de7b000 	C:\WINDOWS\System32\gdi32full.dll
0x00007ff88dfd0000 - 0x00007ff88e073000 	C:\WINDOWS\System32\msvcp_win.dll
0x00007ff86d7e0000 - 0x00007ff86d7fb000 	C:\Program Files\Java\jdk-17\bin\VCRUNTIME140.dll
0x00007ff87b060000 - 0x00007ff87b2f3000 	C:\WINDOWS\WinSxS\amd64_microsoft.windows.common-controls_6595b64144ccf1df_6.0.26100.8115_none_3e075c82e3354f9c\COMCTL32.dll
0x00007ff888c30000 - 0x00007ff888c3b000 	C:\WINDOWS\SYSTEM32\VERSION.dll
0x00007ff88fa50000 - 0x00007ff88fa82000 	C:\WINDOWS\System32\IMM32.DLL
0x00007ff881c70000 - 0x00007ff881c7c000 	C:\Program Files\Java\jdk-17\bin\vcruntime140_1.dll
0x00007ff83e910000 - 0x00007ff83e99e000 	C:\Program Files\Java\jdk-17\bin\msvcp140.dll
0x00007ff83c960000 - 0x00007ff83d540000 	C:\Program Files\Java\jdk-17\bin\server\jvm.dll
0x00007ff890d40000 - 0x00007ff890d48000 	C:\WINDOWS\System32\PSAPI.DLL
0x00007ff813570000 - 0x00007ff81357a000 	C:\WINDOWS\SYSTEM32\WSOCK32.dll
0x00007ff890bb0000 - 0x00007ff890c30000 	C:\WINDOWS\System32\WS2_32.dll
0x00007ff887a80000 - 0x00007ff887ab6000 	C:\WINDOWS\SYSTEM32\WINMM.dll
0x00007ff88caa0000 - 0x00007ff88cabb000 	C:\WINDOWS\SYSTEM32\kernel.appcore.dll
0x00007ff871660000 - 0x00007ff87166a000 	C:\Program Files\Java\jdk-17\bin\jimage.dll
0x00007ff8807b0000 - 0x00007ff8809f2000 	C:\WINDOWS\SYSTEM32\DBGHELP.DLL
0x00007ff890d50000 - 0x00007ff8910d2000 	C:\WINDOWS\System32\combase.dll
0x00007ff88fb50000 - 0x00007ff88fc28000 	C:\WINDOWS\System32\OLEAUT32.dll
0x00007ff880440000 - 0x00007ff88047b000 	C:\WINDOWS\SYSTEM32\dbgcore.DLL
0x00007ff88f130000 - 0x00007ff88f1d5000 	C:\WINDOWS\System32\bcryptPrimitives.dll
0x00007ff86d7d0000 - 0x00007ff86d7de000 	C:\Program Files\Java\jdk-17\bin\instrument.dll
0x00007ff854ac0000 - 0x00007ff854ae5000 	C:\Program Files\Java\jdk-17\bin\java.dll
0x00007ff83c880000 - 0x00007ff83c957000 	C:\Program Files\Java\jdk-17\bin\jsvml.dll
0x00007ff88fc30000 - 0x00007ff890397000 	C:\WINDOWS\System32\SHELL32.dll
0x00007ff88ef30000 - 0x00007ff88f09a000 	C:\WINDOWS\System32\wintypes.dll
0x00007ff88e140000 - 0x00007ff88e9a8000 	C:\WINDOWS\System32\windows.storage.dll
0x00007ff890c40000 - 0x00007ff890d38000 	C:\WINDOWS\System32\SHCORE.dll
0x00007ff891280000 - 0x00007ff8912e6000 	C:\WINDOWS\System32\shlwapi.dll
0x00007ff88dc40000 - 0x00007ff88dc69000 	C:\WINDOWS\SYSTEM32\profapi.dll
0x00007ff86d7b0000 - 0x00007ff86d7c8000 	C:\Program Files\Java\jdk-17\bin\zip.dll
0x00007ff854aa0000 - 0x00007ff854ab9000 	C:\Program Files\Java\jdk-17\bin\net.dll
0x00007ff887dd0000 - 0x00007ff887efd000 	C:\WINDOWS\SYSTEM32\WINHTTP.dll
0x00007ff88cff0000 - 0x00007ff88d05c000 	C:\WINDOWS\system32\mswsock.dll
0x00007ff83e8f0000 - 0x00007ff83e906000 	C:\Program Files\Java\jdk-17\bin\nio.dll
0x00007ff83e8e0000 - 0x00007ff83e8f0000 	C:\Program Files\Java\jdk-17\bin\verify.dll
0x00007ff88b470000 - 0x00007ff88b497000 	C:\Users\Inurum_Four\.gradle\native\1def1411415f61bf3af743bc5b6707747c0891f09f0c88961ee8f79bc544acac\windows-amd64\native-platform.dll
0x00007ff8716c0000 - 0x00007ff871738000 	C:\Users\Inurum_Four\.gradle\native\0.2.7\x86_64-windows-gnu\gradle-fileevents.dll
0x00007ff83e8d0000 - 0x00007ff83e8da000 	C:\Program Files\Java\jdk-17\bin\management.dll
0x00007ff83e8c0000 - 0x00007ff83e8cb000 	C:\Program Files\Java\jdk-17\bin\management_ext.dll
0x00007ff88c480000 - 0x00007ff88c4b2000 	C:\WINDOWS\SYSTEM32\IPHLPAPI.DLL
0x00007ff890ba0000 - 0x00007ff890baa000 	C:\WINDOWS\System32\NSI.dll
0x00007ff887f70000 - 0x00007ff887f8d000 	C:\WINDOWS\SYSTEM32\dhcpcsvc6.DLL
0x00007ff887c90000 - 0x00007ff887cb5000 	C:\WINDOWS\SYSTEM32\dhcpcsvc.DLL
0x00007ff88c510000 - 0x00007ff88c642000 	C:\WINDOWS\SYSTEM32\DNSAPI.dll
0x00007ff88d3f0000 - 0x00007ff88d40b000 	C:\WINDOWS\SYSTEM32\CRYPTSP.dll
0x00007ff88ca00000 - 0x00007ff88ca39000 	C:\WINDOWS\system32\rsaenh.dll
0x00007ff88d0a0000 - 0x00007ff88d0d3000 	C:\WINDOWS\SYSTEM32\USERENV.dll
0x00007ff88dc70000 - 0x00007ff88dc9a000 	C:\WINDOWS\SYSTEM32\bcrypt.dll
0x00007ff88d250000 - 0x00007ff88d25c000 	C:\WINDOWS\SYSTEM32\CRYPTBASE.dll
0x00007ff83c720000 - 0x00007ff83c72e000 	C:\Program Files\Java\jdk-17\bin\sunmscapi.dll
0x00007ff88edb0000 - 0x00007ff88ef27000 	C:\WINDOWS\System32\CRYPT32.dll
0x00007ff88d530000 - 0x00007ff88d560000 	C:\WINDOWS\SYSTEM32\ncrypt.dll
0x00007ff88d490000 - 0x00007ff88d4cf000 	C:\WINDOWS\SYSTEM32\NTASN1.dll
0x00007ff880180000 - 0x00007ff880188000 	C:\WINDOWS\system32\wshunix.dll

dbghelp: loaded successfully - version: 4.0.5 - missing functions: none
symbol engine: initialized successfully - sym options: 0x614 - pdb path: .;C:\Program Files\Java\jdk-17\bin;C:\WINDOWS\SYSTEM32;C:\WINDOWS\WinSxS\amd64_microsoft.windows.common-controls_6595b64144ccf1df_6.0.26100.8115_none_3e075c82e3354f9c;C:\Program Files\Java\jdk-17\bin\server;C:\Users\Inurum_Four\.gradle\native\1def1411415f61bf3af743bc5b6707747c0891f09f0c88961ee8f79bc544acac\windows-amd64;C:\Users\Inurum_Four\.gradle\native\0.2.7\x86_64-windows-gnu

VM Arguments:
jvm_args: --add-opens=java.base/java.lang=ALL-UNNAMED --add-opens=java.base/java.lang.invoke=ALL-UNNAMED --add-opens=java.base/java.util=ALL-UNNAMED --add-opens=java.prefs/java.util.prefs=ALL-UNNAMED --add-exports=jdk.compiler/com.sun.tools.javac.api=ALL-UNNAMED --add-exports=jdk.compiler/com.sun.tools.javac.util=ALL-UNNAMED --add-opens=java.base/java.util=ALL-UNNAMED --add-opens=java.prefs/java.util.prefs=ALL-UNNAMED --add-opens=java.base/java.nio.charset=ALL-UNNAMED --add-opens=java.base/java.net=ALL-UNNAMED --add-opens=java.base/java.util.concurrent.atomic=ALL-UNNAMED --add-opens=java.xml/javax.xml.namespace=ALL-UNNAMED -Xmx1536M -Dfile.encoding=windows-1252 -Duser.country=IN -Duser.language=en -Duser.variant -javaagent:C:\Users\Inurum_Four\.gradle\wrapper\dists\gradle-8.14-all\c2qonpi39x1mddn7hk5gh9iqj\gradle-8.14\lib\agents\gradle-instrumentation-agent-8.14.jar 
java_command: org.gradle.launcher.daemon.bootstrap.GradleDaemon 8.14
java_class_path (initial): C:\Users\Inurum_Four\.gradle\wrapper\dists\gradle-8.14-all\c2qonpi39x1mddn7hk5gh9iqj\gradle-8.14\lib\gradle-daemon-main-8.14.jar
Launcher Type: SUN_STANDARD

[Global flags]
     intx CICompilerCount                          = 4                                         {product} {ergonomic}
     uint ConcGCThreads                            = 2                                         {product} {ergonomic}
     uint G1ConcRefinementThreads                  = 8                                         {product} {ergonomic}
   size_t G1HeapRegionSize                         = 1048576                                   {product} {ergonomic}
    uintx GCDrainStackTargetSize                   = 64                                        {product} {ergonomic}
   size_t InitialHeapSize                          = 266338304                                 {product} {ergonomic}
   size_t MarkStackSize                            = 4194304                                   {product} {ergonomic}
   size_t MaxHeapSize                              = 1610612736                                {product} {command line}
   size_t MaxNewSize                               = 965738496                                 {product} {ergonomic}
   size_t MinHeapDeltaBytes                        = 1048576                                   {product} {ergonomic}
   size_t MinHeapSize                              = 8388608                                   {product} {ergonomic}
    uintx NonNMethodCodeHeapSize                   = 5839372                                {pd product} {ergonomic}
    uintx NonProfiledCodeHeapSize                  = 122909434                              {pd product} {ergonomic}
    uintx ProfiledCodeHeapSize                     = 122909434                              {pd product} {ergonomic}
    uintx ReservedCodeCacheSize                    = 251658240                              {pd product} {ergonomic}
     bool SegmentedCodeCache                       = true                                      {product} {ergonomic}
   size_t SoftMaxHeapSize                          = 1610612736                             {manageable} {ergonomic}
     bool UseCompressedClassPointers               = true                           {product lp64_product} {ergonomic}
     bool UseCompressedOops                        = true                           {product lp64_product} {ergonomic}
     bool UseG1GC                                  = true                                      {product} {ergonomic}
     bool UseLargePagesIndividualAllocation        = false                                  {pd product} {ergonomic}

Logging:
Log output configuration:
 #0: stdout all=warning uptime,level,tags
 #1: stderr all=off uptime,level,tags

Environment Variables:
JAVA_HOME=C:\Program Files\Java\jdk-17
CLASSPATH=D:\InurumFlutter\mg\driver and customer\mahilasaarthi\driver\android\\gradle\wrapper\gradle-wrapper.jar
PATH=C:\Program Files\Java\jdk-17\bin;C:\src\flutter\bin\;C:\Program Files\Common Files\Oracle\Java\javapath;C:\WINDOWS\system32;C:\WINDOWS;C:\WINDOWS\System32\Wbem;C:\WINDOWS\System32\WindowsPowerShell\v1.0\;C:\WINDOWS\System32\OpenSSH\;C:\src\flutter\bin;C:\Program Files\Git\cmd;C:\Users\Inurum_Four\AppData\Roaming\npm;C:\Program Files\nodejs\;C:\Users\Inurum_Four\AppData\Local\Programs\Python\Python311\Scripts\;C:\Users\Inurum_Four\AppData\Local\Programs\Python\Python311\;C:\Users\Inurum_Four\AppData\Local\Programs\Python\Python314\Scripts\;C:\Users\Inurum_Four\AppData\Local\Programs\Python\Python314\;C:\Users\Inurum_Four\AppData\Local\Microsoft\WindowsApps;C:\src\flutter\bin;C:\Users\Inurum_Four\AppData\Local\Programs\Microsoft VS Code\bin;C:\Program Files\nodejs\;C:\Users\Inurum_Four\AppData\Local\Pub\Cache\bin;C:\Users\Inurum_Four\AppData\Roaming\npm;C:\Users\Inurum_Four\AppData\Local\Programs\Antigravity\bin;c:\Users\Inurum_Four\.antigravity\extensions\vscjava.vscode-java-debug-0.59.0-universal\bundled\scripts\noConfigScripts;C:\src\flutter\bin\mingit\cmd
USERNAME=Inurum_Four
LANG=en_US.UTF-8
OS=Windows_NT
PROCESSOR_IDENTIFIER=Intel64 Family 6 Model 151 Stepping 5, GenuineIntel



---------------  S Y S T E M  ---------------

OS:
 Windows 11 , 64 bit Build 26100 (10.0.26100.8246)
OS uptime: 0 days 4:42 hours
Hyper-V role detected

CPU: total 8 (initial active 8) (4 cores per cpu, 2 threads per core) family 6 model 151 stepping 5 microcode 0x18, cx8, cmov, fxsr, ht, mmx, 3dnowpref, sse, sse2, sse3, ssse3, sse4.1, sse4.2, popcnt, lzcnt, tsc, tscinvbit, avx, avx2, aes, erms, clmul, bmi1, bmi2, adx, sha, fma, vzeroupper, clflush, clflushopt, clwb, hv

Memory: 4k page, system-wide physical 16197M (1296M free)
TotalPageFile size 33405M (AvailPageFile size 13M)
current process WorkingSet (physical memory assigned to process): 288M, peak: 295M
current process commit charge ("private bytes"): 328M, peak: 448M

vm_info: Java HotSpot(TM) 64-Bit Server VM (17.0.12+8-LTS-286) for windows-amd64 JRE (17.0.12+8-LTS-286), built on Jun  5 2024 06:46:59 by "mach5one" with MS VC++ 17.6 (VS2022)

END.
