#
# There is insufficient memory for the Java Runtime Environment to continue.
# Native memory allocation (mmap) failed to map 2097152 bytes for G1 virtual space
# Possible reasons:
#   The system is out of physical RAM or swap space
#   The process is running with CompressedOops enabled, and the Java Heap may be blocking the growth of the native heap
# Possible solutions:
#   Reduce memory load on the system
#   Increase physical memory or swap space
#   Check if swap backing store is full
#   Decrease Java heap size (-Xmx/-Xms)
#   Decrease number of Java threads
#   Decrease Java thread stack sizes (-Xss)
#   Set larger code cache with -XX:ReservedCodeCacheSize=
#   JVM is running with Unscaled Compressed Oops mode in which the Java heap is
#     placed in the first 4GB address space. The Java Heap base address is the
#     maximum limit for the native heap growth. Please use -XX:HeapBaseMinAddress
#     to set the Java Heap base and to place the Java Heap above 4GB virtual address.
# This output file may be truncated or incomplete.
#
#  Out of Memory Error (os_windows.cpp:3548), pid=3472, tid=11792
#
# JRE version: Java(TM) SE Runtime Environment (17.0.12+8) (build 17.0.12+8-LTS-286)
# Java VM: Java HotSpot(TM) 64-Bit Server VM (17.0.12+8-LTS-286, mixed mode, sharing, tiered, compressed oops, compressed class ptrs, g1 gc, windows-amd64)
# No core dump will be written. Minidumps are not enabled by default on client versions of Windows
#

---------------  S U M M A R Y ------------

Command Line: --add-opens=java.base/java.util=ALL-UNNAMED --add-opens=java.base/java.lang=ALL-UNNAMED --add-opens=java.base/java.lang.invoke=ALL-UNNAMED --add-opens=java.prefs/java.util.prefs=ALL-UNNAMED --add-opens=java.base/java.nio.charset=ALL-UNNAMED --add-opens=java.base/java.net=ALL-UNNAMED --add-opens=java.base/java.util.concurrent.atomic=ALL-UNNAMED -Xmx1536M -Dfile.encoding=windows-1252 -Duser.country=IN -Duser.language=en -Duser.variant org.gradle.launcher.daemon.bootstrap.GradleDaemon 7.6

Host: 12th Gen Intel(R) Core(TM) i3-12100F, 8 cores, 15G,  Windows 11 , 64 bit Build 26100 (10.0.26100.8246)
Time: Mon Jun  8 17:56:45 2026 India Standard Time elapsed time: 17.780816 seconds (0d 0h 0m 17s)

---------------  T H R E A D  ---------------

Current thread (0x00000196e186b160):  VMThread "VM Thread" [stack: 0x0000007cf7d00000,0x0000007cf7e00000] [id=11792]

Stack: [0x0000007cf7d00000,0x0000007cf7e00000]
Native frames: (J=compiled Java code, j=interpreted, Vv=VM code, C=native code)
V  [jvm.dll+0x67a04a]
V  [jvm.dll+0x7da4ed]
V  [jvm.dll+0x7dbe33]
V  [jvm.dll+0x7dc4a3]
V  [jvm.dll+0x24508f]
V  [jvm.dll+0x677089]
V  [jvm.dll+0x66bd32]
V  [jvm.dll+0x301fa6]
V  [jvm.dll+0x309546]
V  [jvm.dll+0x359d2e]
V  [jvm.dll+0x359f5f]
V  [jvm.dll+0x2d9078]
V  [jvm.dll+0x2dc0e6]
V  [jvm.dll+0x2e67eb]
V  [jvm.dll+0x31a870]
V  [jvm.dll+0x7e0d9b]
V  [jvm.dll+0x7e1ad4]
V  [jvm.dll+0x7e1fed]
V  [jvm.dll+0x7e23c4]
V  [jvm.dll+0x7e2490]
V  [jvm.dll+0x78abea]
V  [jvm.dll+0x678f35]
C  [ucrtbase.dll+0x37b0]
C  [KERNEL32.DLL+0x2e8d7]
C  [ntdll.dll+0x8c3fc]

VM_Operation (0x0000007cf79ff4c0): G1Concurrent, mode: safepoint, requested by thread 0x00000196c49701d0


---------------  P R O C E S S  ---------------

Threads class SMR info:
_java_thread_list=0x00000196ea53d0a0, length=125, elements={
0x00000196c4919e40, 0x00000196e186d670, 0x00000196e186ecb0, 0x00000196e1889680,
0x00000196e188bf60, 0x00000196e188e3b0, 0x00000196e188f7f0, 0x00000196e18903f0,
0x00000196e1a18bf0, 0x00000196e1a1bc90, 0x00000196e1aecfe0, 0x00000196e1afcf40,
0x00000196e799ff10, 0x00000196e89c4170, 0x00000196e8115ce0, 0x00000196e7999720,
0x00000196e78df500, 0x00000196e8ae9df0, 0x00000196e8ae89b0, 0x00000196e8ae8ec0,
0x00000196e8ae84a0, 0x00000196e8ae7570, 0x00000196e8ae98e0, 0x00000196e8ae7a80,
0x00000196e8ae7f90, 0x00000196e8aea300, 0x00000196e8ae7060, 0x00000196e8aea810,
0x00000196e8838070, 0x00000196e8836c30, 0x00000196e8836720, 0x00000196e88394b0,
0x00000196e88399c0, 0x00000196e8837650, 0x00000196e8837140, 0x00000196e8836210,
0x00000196e883b310, 0x00000196e8839ed0, 0x00000196e8838580, 0x00000196e8838fa0,
0x00000196e8837b60, 0x00000196e883c240, 0x00000196e883b820, 0x00000196e883c750,
0x00000196e883cc60, 0x00000196e883d170, 0x00000196e883d680, 0x00000196e883db90,
0x00000196e883a8f0, 0x00000196e883bd30, 0x00000196e883ae00, 0x00000196eadb28a0,
0x00000196eadb0f50, 0x00000196eadafb10, 0x00000196eadb2390, 0x00000196eadb0020,
0x00000196eadb1460, 0x00000196eadb37d0, 0x00000196eadb1970, 0x00000196eadb2db0,
0x00000196eadb32c0, 0x00000196eadb3ce0, 0x00000196eadb1e80, 0x00000196eadb0530,
0x00000196eadb41f0, 0x00000196eadb0a40, 0x00000196eadb4700, 0x00000196eadb5b40,
0x00000196eadb4c10, 0x00000196eadb5120, 0x00000196eadb6f80, 0x00000196eadb7490,
0x00000196eadb5630, 0x00000196eadb6050, 0x00000196eadb6560, 0x00000196eadb6a70,
0x00000196eb492900, 0x00000196eb491ee0, 0x00000196eb490fb0, 0x00000196eb492e10,
0x00000196eb4919d0, 0x00000196eb4923f0, 0x00000196eb493320, 0x00000196eb493830,
0x00000196eb494250, 0x00000196eb493d40, 0x00000196eb494760, 0x00000196eb4914c0,
0x00000196eb8516f0, 0x00000196eb84e960, 0x00000196eb84f890, 0x00000196eb8507c0,
0x00000196eb851c00, 0x00000196eb852110, 0x00000196eb84fda0, 0x00000196eb8502b0,
0x00000196eb850cd0, 0x00000196eb8511e0, 0x00000196eb84ee70, 0x00000196eb84f380,
0x00000196eb3fa5d0, 0x00000196eb3f9bb0, 0x00000196eb3fa0c0, 0x00000196eb3faae0,
0x00000196eb3faff0, 0x00000196eb3fb500, 0x00000196eb3f7d50, 0x00000196eb3f8260,
0x00000196eb3f8770, 0x00000196eb3f8c80, 0x00000196eb3f9190, 0x00000196eb3f96a0,
0x00000196e93e91c0, 0x00000196e93e96d0, 0x00000196e93e8cb0, 0x00000196e93ea600,
0x00000196e93e9be0, 0x00000196e93ea0f0, 0x00000196e93eab10, 0x00000196e93eb530,
0x00000196e93eb020, 0x00000196e93eba40, 0x00000196e93e87a0, 0x00000196e93e8290,
0x00000196e93eddb0
}

Java Threads: ( => current thread )
  0x00000196c4919e40 JavaThread "main" [_thread_blocked, id=17220, stack(0x0000007cf7700000,0x0000007cf7800000)]
  0x00000196e186d670 JavaThread "Reference Handler" daemon [_thread_blocked, id=288, stack(0x0000007cf7e00000,0x0000007cf7f00000)]
  0x00000196e186ecb0 JavaThread "Finalizer" daemon [_thread_blocked, id=7808, stack(0x0000007cf7f00000,0x0000007cf8000000)]
  0x00000196e1889680 JavaThread "Signal Dispatcher" daemon [_thread_blocked, id=20352, stack(0x0000007cf8000000,0x0000007cf8100000)]
  0x00000196e188bf60 JavaThread "Attach Listener" daemon [_thread_blocked, id=24028, stack(0x0000007cf8100000,0x0000007cf8200000)]
  0x00000196e188e3b0 JavaThread "Service Thread" daemon [_thread_blocked, id=18448, stack(0x0000007cf8200000,0x0000007cf8300000)]
  0x00000196e188f7f0 JavaThread "Monitor Deflation Thread" daemon [_thread_blocked, id=21952, stack(0x0000007cf8300000,0x0000007cf8400000)]
  0x00000196e18903f0 JavaThread "C2 CompilerThread0" daemon [_thread_blocked, id=18948, stack(0x0000007cf8400000,0x0000007cf8500000)]
  0x00000196e1a18bf0 JavaThread "C1 CompilerThread0" daemon [_thread_blocked, id=18108, stack(0x0000007cf8500000,0x0000007cf8600000)]
  0x00000196e1a1bc90 JavaThread "Sweeper thread" daemon [_thread_blocked, id=21232, stack(0x0000007cf8600000,0x0000007cf8700000)]
  0x00000196e1aecfe0 JavaThread "Common-Cleaner" daemon [_thread_blocked, id=22228, stack(0x0000007cf8700000,0x0000007cf8800000)]
  0x00000196e1afcf40 JavaThread "Notification Thread" daemon [_thread_blocked, id=14120, stack(0x0000007cf8800000,0x0000007cf8900000)]
  0x00000196e799ff10 JavaThread "Daemon health stats" [_thread_blocked, id=21392, stack(0x0000007cf9100000,0x0000007cf9200000)]
  0x00000196e89c4170 JavaThread "Incoming local TCP Connector on port 59003" [_thread_in_native, id=20452, stack(0x0000007cf9000000,0x0000007cf9100000)]
  0x00000196e8115ce0 JavaThread "Daemon periodic checks" [_thread_blocked, id=9180, stack(0x0000007cf9200000,0x0000007cf9300000)]
  0x00000196e7999720 JavaThread "Daemon" [_thread_blocked, id=19084, stack(0x0000007cf9300000,0x0000007cf9400000)]
  0x00000196e78df500 JavaThread "Handler for socket connection from /127.0.0.1:59003 to /127.0.0.1:59004" [_thread_in_native, id=18272, stack(0x0000007cf9400000,0x0000007cf9500000)]
  0x00000196e8ae9df0 JavaThread "Cancel handler" [_thread_blocked, id=1932, stack(0x0000007cf9500000,0x0000007cf9600000)]
  0x00000196e8ae89b0 JavaThread "Daemon worker" [_thread_blocked, id=17012, stack(0x0000007cf9600000,0x0000007cf9700000)]
  0x00000196e8ae8ec0 JavaThread "Asynchronous log dispatcher for DefaultDaemonConnection: socket connection from /127.0.0.1:59003 to /127.0.0.1:59004" [_thread_blocked, id=2072, stack(0x0000007cf9700000,0x0000007cf9800000)]
  0x00000196e8ae84a0 JavaThread "Stdin handler" [_thread_blocked, id=19304, stack(0x0000007cf9800000,0x0000007cf9900000)]
  0x00000196e8ae7570 JavaThread "Daemon client event forwarder" [_thread_blocked, id=4248, stack(0x0000007cf9900000,0x0000007cf9a00000)]
  0x00000196e8ae98e0 JavaThread "Cache worker for journal cache (C:\Users\Inurum_Four\.gradle\caches\journal-1)" [_thread_blocked, id=14124, stack(0x0000007cf9a00000,0x0000007cf9b00000)]
  0x00000196e8ae7a80 JavaThread "File lock request listener" [_thread_in_native, id=9152, stack(0x0000007cf9b00000,0x0000007cf9c00000)]
  0x00000196e8ae7f90 JavaThread "Cache worker for file hash cache (C:\Users\Inurum_Four\.gradle\caches\7.6\fileHashes)" [_thread_blocked, id=2576, stack(0x0000007cf9c00000,0x0000007cf9d00000)]
  0x00000196e8aea300 JavaThread "File watcher server" daemon [_thread_in_native, id=17328, stack(0x0000007cf9e00000,0x0000007cf9f00000)]
  0x00000196e8ae7060 JavaThread "File watcher consumer" daemon [_thread_blocked, id=15156, stack(0x0000007cf9f00000,0x0000007cfa000000)]
  0x00000196e8aea810 JavaThread "Cache worker for checksums cache (D:\InurumFlutter\mg\driver and customer\mahilasaarthi\driver\android\.gradle\7.6\checksums)" [_thread_blocked, id=16624, stack(0x0000007cfa000000,0x0000007cfa100000)]
  0x00000196e8838070 JavaThread "Cache worker for cache directory md-rule (C:\Users\Inurum_Four\.gradle\caches\7.6\md-rule)" [_thread_blocked, id=18780, stack(0x0000007cfa100000,0x0000007cfa200000)]
  0x00000196e8836c30 JavaThread "Cache worker for file content cache (C:\Users\Inurum_Four\.gradle\caches\7.6\fileContent)" [_thread_blocked, id=20880, stack(0x0000007cfa200000,0x0000007cfa300000)]
  0x00000196e8836720 JavaThread "Cache worker for file hash cache (D:\InurumFlutter\mg\driver and customer\mahilasaarthi\driver\android\.gradle\7.6\fileHashes)" [_thread_blocked, id=18200, stack(0x0000007cfa300000,0x0000007cfa400000)]
  0x00000196e88394b0 JavaThread "Cache worker for cache directory md-supplier (C:\Users\Inurum_Four\.gradle\caches\7.6\md-supplier)" [_thread_blocked, id=7200, stack(0x0000007cfa400000,0x0000007cfa500000)]
  0x00000196e88399c0 JavaThread "Cache worker for execution history cache (C:\Users\Inurum_Four\.gradle\caches\7.6\executionHistory)" [_thread_blocked, id=21572, stack(0x0000007cfa800000,0x0000007cfa900000)]
  0x00000196e8837650 JavaThread "jar transforms" [_thread_blocked, id=13780, stack(0x0000007cfa900000,0x0000007cfaa00000)]
  0x00000196e8837140 JavaThread "jar transforms Thread 2" [_thread_blocked, id=20028, stack(0x0000007cfaa00000,0x0000007cfab00000)]
  0x00000196e8836210 JavaThread "jar transforms Thread 3" [_thread_blocked, id=4364, stack(0x0000007cfab00000,0x0000007cfac00000)]
  0x00000196e883b310 JavaThread "jar transforms Thread 4" [_thread_blocked, id=12832, stack(0x0000007cfac00000,0x0000007cfad00000)]
  0x00000196e8839ed0 JavaThread "Cache worker for dependencies-accessors (D:\InurumFlutter\mg\driver and customer\mahilasaarthi\driver\android\.gradle\7.6\dependencies-accessors)" [_thread_blocked, id=11164, stack(0x0000007cfad00000,0x0000007cfae00000)]
  0x00000196e8838580 JavaThread "jar transforms Thread 5" [_thread_blocked, id=23792, stack(0x0000007cfae00000,0x0000007cfaf00000)]
  0x00000196e8838fa0 JavaThread "Cache worker for Build Output Cleanup Cache (D:\InurumFlutter\mg\driver and customer\mahilasaarthi\driver\android\.gradle\buildOutputCleanup)" [_thread_blocked, id=17544, stack(0x0000007cfaf00000,0x0000007cfb000000)]
  0x00000196e8837b60 JavaThread "Unconstrained build operations" [_thread_blocked, id=18904, stack(0x0000007cf9d00000,0x0000007cf9e00000)]
  0x00000196e883c240 JavaThread "Unconstrained build operations Thread 2" [_thread_blocked, id=21844, stack(0x0000007cfb000000,0x0000007cfb100000)]
  0x00000196e883b820 JavaThread "Unconstrained build operations Thread 3" [_thread_blocked, id=21260, stack(0x0000007cfb100000,0x0000007cfb200000)]
  0x00000196e883c750 JavaThread "Unconstrained build operations Thread 4" [_thread_blocked, id=23960, stack(0x0000007cfb200000,0x0000007cfb300000)]
  0x00000196e883cc60 JavaThread "Unconstrained build operations Thread 5" [_thread_blocked, id=22368, stack(0x0000007cfb300000,0x0000007cfb400000)]
  0x00000196e883d170 JavaThread "Unconstrained build operations Thread 6" [_thread_blocked, id=20724, stack(0x0000007cfb400000,0x0000007cfb500000)]
  0x00000196e883d680 JavaThread "Unconstrained build operations Thread 7" [_thread_blocked, id=20128, stack(0x0000007cfb500000,0x0000007cfb600000)]
  0x00000196e883db90 JavaThread "Unconstrained build operations Thread 8" [_thread_blocked, id=5520, stack(0x0000007cfb600000,0x0000007cfb700000)]
  0x00000196e883a8f0 JavaThread "Unconstrained build operations Thread 9" [_thread_blocked, id=4880, stack(0x0000007cfb700000,0x0000007cfb800000)]
  0x00000196e883bd30 JavaThread "Unconstrained build operations Thread 10" [_thread_blocked, id=14056, stack(0x0000007cfb800000,0x0000007cfb900000)]
  0x00000196e883ae00 JavaThread "Unconstrained build operations Thread 11" [_thread_blocked, id=2128, stack(0x0000007cfb900000,0x0000007cfba00000)]
  0x00000196eadb28a0 JavaThread "Unconstrained build operations Thread 12" [_thread_blocked, id=21876, stack(0x0000007cfba00000,0x0000007cfbb00000)]
  0x00000196eadb0f50 JavaThread "Unconstrained build operations Thread 13" [_thread_blocked, id=3064, stack(0x0000007cfbb00000,0x0000007cfbc00000)]
  0x00000196eadafb10 JavaThread "Unconstrained build operations Thread 14" [_thread_blocked, id=1672, stack(0x0000007cfbc00000,0x0000007cfbd00000)]
  0x00000196eadb2390 JavaThread "Unconstrained build operations Thread 15" [_thread_blocked, id=22492, stack(0x0000007cfbd00000,0x0000007cfbe00000)]
  0x00000196eadb0020 JavaThread "Unconstrained build operations Thread 16" [_thread_blocked, id=14212, stack(0x0000007cfbe00000,0x0000007cfbf00000)]
  0x00000196eadb1460 JavaThread "Unconstrained build operations Thread 17" [_thread_blocked, id=5964, stack(0x0000007cfbf00000,0x0000007cfc000000)]
  0x00000196eadb37d0 JavaThread "Unconstrained build operations Thread 18" [_thread_blocked, id=1528, stack(0x0000007cfc000000,0x0000007cfc100000)]
  0x00000196eadb1970 JavaThread "Unconstrained build operations Thread 19" [_thread_blocked, id=23088, stack(0x0000007cfc100000,0x0000007cfc200000)]
  0x00000196eadb2db0 JavaThread "Unconstrained build operations Thread 20" [_thread_blocked, id=5004, stack(0x0000007cfc200000,0x0000007cfc300000)]
  0x00000196eadb32c0 JavaThread "Unconstrained build operations Thread 21" [_thread_blocked, id=20168, stack(0x0000007cfc300000,0x0000007cfc400000)]
  0x00000196eadb3ce0 JavaThread "Unconstrained build operations Thread 22" [_thread_blocked, id=24308, stack(0x0000007cfc400000,0x0000007cfc500000)]
  0x00000196eadb1e80 JavaThread "Unconstrained build operations Thread 23" [_thread_blocked, id=10708, stack(0x0000007cfc500000,0x0000007cfc600000)]
  0x00000196eadb0530 JavaThread "Unconstrained build operations Thread 24" [_thread_blocked, id=3648, stack(0x0000007cfc600000,0x0000007cfc700000)]
  0x00000196eadb41f0 JavaThread "Unconstrained build operations Thread 25" [_thread_blocked, id=18688, stack(0x0000007cfc700000,0x0000007cfc800000)]
  0x00000196eadb0a40 JavaThread "Unconstrained build operations Thread 26" [_thread_blocked, id=7660, stack(0x0000007cfc800000,0x0000007cfc900000)]
  0x00000196eadb4700 JavaThread "Unconstrained build operations Thread 27" [_thread_blocked, id=19964, stack(0x0000007cfc900000,0x0000007cfca00000)]
  0x00000196eadb5b40 JavaThread "Unconstrained build operations Thread 28" [_thread_blocked, id=21820, stack(0x0000007cfca00000,0x0000007cfcb00000)]
  0x00000196eadb4c10 JavaThread "Unconstrained build operations Thread 29" [_thread_blocked, id=4228, stack(0x0000007cfcb00000,0x0000007cfcc00000)]
  0x00000196eadb5120 JavaThread "Unconstrained build operations Thread 30" [_thread_blocked, id=1288, stack(0x0000007cfcc00000,0x0000007cfcd00000)]
  0x00000196eadb6f80 JavaThread "Unconstrained build operations Thread 31" [_thread_blocked, id=5476, stack(0x0000007cfcd00000,0x0000007cfce00000)]
  0x00000196eadb7490 JavaThread "Unconstrained build operations Thread 32" [_thread_blocked, id=20000, stack(0x0000007cfce00000,0x0000007cfcf00000)]
  0x00000196eadb5630 JavaThread "Unconstrained build operations Thread 33" [_thread_blocked, id=24268, stack(0x0000007cfcf00000,0x0000007cfd000000)]
  0x00000196eadb6050 JavaThread "Unconstrained build operations Thread 34" [_thread_blocked, id=1480, stack(0x0000007cfd000000,0x0000007cfd100000)]
  0x00000196eadb6560 JavaThread "Unconstrained build operations Thread 35" [_thread_blocked, id=11788, stack(0x0000007cfd100000,0x0000007cfd200000)]
  0x00000196eadb6a70 JavaThread "Unconstrained build operations Thread 36" [_thread_blocked, id=22240, stack(0x0000007cfd200000,0x0000007cfd300000)]
  0x00000196eb492900 JavaThread "Unconstrained build operations Thread 37" [_thread_blocked, id=1556, stack(0x0000007cfd300000,0x0000007cfd400000)]
  0x00000196eb491ee0 JavaThread "Unconstrained build operations Thread 38" [_thread_blocked, id=18136, stack(0x0000007cfd400000,0x0000007cfd500000)]
  0x00000196eb490fb0 JavaThread "Unconstrained build operations Thread 39" [_thread_blocked, id=8124, stack(0x0000007cfd500000,0x0000007cfd600000)]
  0x00000196eb492e10 JavaThread "Unconstrained build operations Thread 40" [_thread_blocked, id=6416, stack(0x0000007cfd600000,0x0000007cfd700000)]
  0x00000196eb4919d0 JavaThread "Unconstrained build operations Thread 41" [_thread_blocked, id=8396, stack(0x0000007cfd700000,0x0000007cfd800000)]
  0x00000196eb4923f0 JavaThread "Unconstrained build operations Thread 42" [_thread_blocked, id=3988, stack(0x0000007cfd800000,0x0000007cfd900000)]
  0x00000196eb493320 JavaThread "Unconstrained build operations Thread 43" [_thread_blocked, id=20356, stack(0x0000007cfd900000,0x0000007cfda00000)]
  0x00000196eb493830 JavaThread "Unconstrained build operations Thread 44" [_thread_blocked, id=14096, stack(0x0000007cfda00000,0x0000007cfdb00000)]
  0x00000196eb494250 JavaThread "Unconstrained build operations Thread 45" [_thread_blocked, id=24568, stack(0x0000007cfdb00000,0x0000007cfdc00000)]
  0x00000196eb493d40 JavaThread "Unconstrained build operations Thread 46" [_thread_blocked, id=7388, stack(0x0000007cfdc00000,0x0000007cfdd00000)]
  0x00000196eb494760 JavaThread "Unconstrained build operations Thread 47" [_thread_blocked, id=17784, stack(0x0000007cfdd00000,0x0000007cfde00000)]
  0x00000196eb4914c0 JavaThread "Unconstrained build operations Thread 48" [_thread_blocked, id=18352, stack(0x0000007cfde00000,0x0000007cfdf00000)]
  0x00000196eb8516f0 JavaThread "Unconstrained build operations Thread 49" [_thread_blocked, id=2080, stack(0x0000007cfdf00000,0x0000007cfe000000)]
  0x00000196eb84e960 JavaThread "Unconstrained build operations Thread 50" [_thread_blocked, id=22016, stack(0x0000007cfe000000,0x0000007cfe100000)]
  0x00000196eb84f890 JavaThread "Unconstrained build operations Thread 51" [_thread_blocked, id=14344, stack(0x0000007cfe100000,0x0000007cfe200000)]
  0x00000196eb8507c0 JavaThread "Unconstrained build operations Thread 52" [_thread_blocked, id=23308, stack(0x0000007cfe200000,0x0000007cfe300000)]
  0x00000196eb851c00 JavaThread "Unconstrained build operations Thread 53" [_thread_blocked, id=3300, stack(0x0000007cfe300000,0x0000007cfe400000)]
  0x00000196eb852110 JavaThread "Unconstrained build operations Thread 54" [_thread_blocked, id=8644, stack(0x0000007cfe400000,0x0000007cfe500000)]
  0x00000196eb84fda0 JavaThread "Unconstrained build operations Thread 55" [_thread_blocked, id=24288, stack(0x0000007cfe500000,0x0000007cfe600000)]
  0x00000196eb8502b0 JavaThread "Unconstrained build operations Thread 56" [_thread_blocked, id=8024, stack(0x0000007cfe600000,0x0000007cfe700000)]
  0x00000196eb850cd0 JavaThread "Unconstrained build operations Thread 57" [_thread_blocked, id=20752, stack(0x0000007cfe700000,0x0000007cfe800000)]
  0x00000196eb8511e0 JavaThread "Unconstrained build operations Thread 58" [_thread_blocked, id=6780, stack(0x0000007cfe800000,0x0000007cfe900000)]
  0x00000196eb84ee70 JavaThread "Unconstrained build operations Thread 59" [_thread_blocked, id=19112, stack(0x0000007cfe900000,0x0000007cfea00000)]
  0x00000196eb84f380 JavaThread "Unconstrained build operations Thread 60" [_thread_blocked, id=3268, stack(0x0000007cfea00000,0x0000007cfeb00000)]
  0x00000196eb3fa5d0 JavaThread "Unconstrained build operations Thread 61" [_thread_blocked, id=22924, stack(0x0000007cfeb00000,0x0000007cfec00000)]
  0x00000196eb3f9bb0 JavaThread "Unconstrained build operations Thread 62" [_thread_blocked, id=9068, stack(0x0000007cfec00000,0x0000007cfed00000)]
  0x00000196eb3fa0c0 JavaThread "Unconstrained build operations Thread 63" [_thread_blocked, id=4792, stack(0x0000007cfed00000,0x0000007cfee00000)]
  0x00000196eb3faae0 JavaThread "Unconstrained build operations Thread 64" [_thread_blocked, id=2052, stack(0x0000007cfee00000,0x0000007cfef00000)]
  0x00000196eb3faff0 JavaThread "Unconstrained build operations Thread 65" [_thread_blocked, id=20116, stack(0x0000007cfef00000,0x0000007cff000000)]
  0x00000196eb3fb500 JavaThread "Unconstrained build operations Thread 66" [_thread_blocked, id=22360, stack(0x0000007cff000000,0x0000007cff100000)]
  0x00000196eb3f7d50 JavaThread "Unconstrained build operations Thread 67" [_thread_blocked, id=21768, stack(0x0000007cff100000,0x0000007cff200000)]
  0x00000196eb3f8260 JavaThread "Unconstrained build operations Thread 68" [_thread_blocked, id=5196, stack(0x0000007cff200000,0x0000007cff300000)]
  0x00000196eb3f8770 JavaThread "Unconstrained build operations Thread 69" [_thread_blocked, id=11472, stack(0x0000007cff300000,0x0000007cff400000)]
  0x00000196eb3f8c80 JavaThread "Unconstrained build operations Thread 70" [_thread_blocked, id=23796, stack(0x0000007cff400000,0x0000007cff500000)]
  0x00000196eb3f9190 JavaThread "Unconstrained build operations Thread 71" [_thread_blocked, id=16712, stack(0x0000007cff500000,0x0000007cff600000)]
  0x00000196eb3f96a0 JavaThread "Unconstrained build operations Thread 72" [_thread_blocked, id=5524, stack(0x0000007cff600000,0x0000007cff700000)]
  0x00000196e93e91c0 JavaThread "Unconstrained build operations Thread 73" [_thread_blocked, id=20504, stack(0x0000007cff700000,0x0000007cff800000)]
  0x00000196e93e96d0 JavaThread "Unconstrained build operations Thread 74" [_thread_blocked, id=1904, stack(0x0000007cff800000,0x0000007cff900000)]
  0x00000196e93e8cb0 JavaThread "Unconstrained build operations Thread 75" [_thread_blocked, id=22680, stack(0x0000007cff900000,0x0000007cffa00000)]
  0x00000196e93ea600 JavaThread "Unconstrained build operations Thread 76" [_thread_blocked, id=21908, stack(0x0000007cffa00000,0x0000007cffb00000)]
  0x00000196e93e9be0 JavaThread "Unconstrained build operations Thread 77" [_thread_blocked, id=24516, stack(0x0000007cffb00000,0x0000007cffc00000)]
  0x00000196e93ea0f0 JavaThread "Unconstrained build operations Thread 78" [_thread_blocked, id=22780, stack(0x0000007cffc00000,0x0000007cffd00000)]
  0x00000196e93eab10 JavaThread "Unconstrained build operations Thread 79" [_thread_blocked, id=22612, stack(0x0000007cffd00000,0x0000007cffe00000)]
  0x00000196e93eb530 JavaThread "Unconstrained build operations Thread 80" [_thread_blocked, id=7236, stack(0x0000007cffe00000,0x0000007cfff00000)]
  0x00000196e93eb020 JavaThread "jar transforms Thread 6" [_thread_blocked, id=22372, stack(0x0000007c80000000,0x0000007c80100000)]
  0x00000196e93eba40 JavaThread "jar transforms Thread 7" [_thread_blocked, id=17900, stack(0x0000007c80100000,0x0000007c80200000)]
  0x00000196e93e87a0 JavaThread "jar transforms Thread 8" [_thread_blocked, id=7860, stack(0x0000007c80200000,0x0000007c80300000)]
  0x00000196e93e8290 JavaThread "Memory manager" [_thread_blocked, id=6872, stack(0x0000007c80500000,0x0000007c80600000)]
  0x00000196e93eddb0 JavaThread "Cache worker for kotlin-dsl (C:\Users\Inurum_Four\.gradle\caches\7.6\kotlin-dsl)" [_thread_blocked, id=21168, stack(0x0000007c80600000,0x0000007c80700000)]

Other Threads:
=>0x00000196e186b160 VMThread "VM Thread" [stack: 0x0000007cf7d00000,0x0000007cf7e00000] [id=11792]
  0x00000196e1afd990 WatcherThread [stack: 0x0000007cf8900000,0x0000007cf8a00000] [id=23656]
  0x00000196c4963370 GCTaskThread "GC Thread#0" [stack: 0x0000007cf7800000,0x0000007cf7900000] [id=14252]
  0x00000196e69dd740 GCTaskThread "GC Thread#1" [stack: 0x0000007cf8b00000,0x0000007cf8c00000] [id=22656]
  0x00000196e694c850 GCTaskThread "GC Thread#2" [stack: 0x0000007cf8c00000,0x0000007cf8d00000] [id=12708]
  0x00000196e6a18430 GCTaskThread "GC Thread#3" [stack: 0x0000007cf8d00000,0x0000007cf8e00000] [id=15944]
  0x00000196e6a18b00 GCTaskThread "GC Thread#4" [stack: 0x0000007cf8e00000,0x0000007cf8f00000] [id=20016]
  0x00000196e6a18dc0 GCTaskThread "GC Thread#5" [stack: 0x0000007cf8f00000,0x0000007cf9000000] [id=18376]
  0x00000196e95d6230 GCTaskThread "GC Thread#6" [stack: 0x0000007cfa500000,0x0000007cfa600000] [id=17304]
  0x00000196e95d59f0 GCTaskThread "GC Thread#7" [stack: 0x0000007cfa600000,0x0000007cfa700000] [id=22828]
  0x00000196c49701d0 ConcurrentGCThread "G1 Main Marker" [stack: 0x0000007cf7900000,0x0000007cf7a00000] [id=8072]
  0x00000196c4970af0 ConcurrentGCThread "G1 Conc#0" [stack: 0x0000007cf7a00000,0x0000007cf7b00000] [id=2108]
  0x00000196e95d64f0 ConcurrentGCThread "G1 Conc#1" [stack: 0x0000007cfa700000,0x0000007cfa800000] [id=23732]
  0x00000196c49dd6d0 ConcurrentGCThread "G1 Refine#0" [stack: 0x0000007cf7b00000,0x0000007cf7c00000] [id=10360]
  0x00000196ed5a83b0 ConcurrentGCThread "G1 Refine#1" [stack: 0x0000007c80700000,0x0000007c80800000] [id=18156]
  0x00000196ed5a86a0 ConcurrentGCThread "G1 Refine#2" [stack: 0x0000007c80800000,0x0000007c80900000] [id=22288]
  0x00000196ed5a5d80 ConcurrentGCThread "G1 Refine#3" [stack: 0x0000007c80900000,0x0000007c80a00000] [id=17108]
  0x00000196ed5a8c80 ConcurrentGCThread "G1 Refine#4" [stack: 0x0000007c80a00000,0x0000007c80b00000] [id=19956]
  0x00000196ed5a5a90 ConcurrentGCThread "G1 Refine#5" [stack: 0x0000007c80b00000,0x0000007c80c00000] [id=8240]
  0x00000196c49de010 ConcurrentGCThread "G1 Service" [stack: 0x0000007cf7c00000,0x0000007cf7d00000] [id=21456]

Threads with active compile tasks:

VM state: at safepoint (normal execution)

VM Mutex/Monitor currently owned by a thread:  ([mutex/lock_event])
[0x00000196c27c0e70] Threads_lock - owner thread: 0x00000196e186b160
[0x00000196c4918560] Heap_lock - owner thread: 0x00000196c49701d0

Heap address: 0x00000000a0000000, size: 1536 MB, Compressed Oops mode: 32-bit

CDS archive(s) mapped at: [0x0000019680000000-0x0000019680bd0000-0x0000019680bd0000), size 12386304, SharedBaseAddress: 0x0000019680000000, ArchiveRelocationMode: 1.
Compressed class space mapped at: 0x0000019681000000-0x00000196c1000000, reserved size: 1073741824
Narrow klass base: 0x0000019680000000, Narrow klass shift: 0, Narrow klass range: 0x100000000

GC Precious Log:
 CPUs: 8 total, 8 available
 Memory: 16197M
 Large Page Support: Disabled
 NUMA Support: Disabled
 Compressed Oops: Enabled (32-bit)
 Heap Region Size: 1M
 Heap Min Capacity: 8M
 Heap Initial Capacity: 254M
 Heap Max Capacity: 1536M
 Pre-touch: Disabled
 Parallel Workers: 8
 Concurrent Workers: 2
 Concurrent Refinement Workers: 8
 Periodic GC: Disabled

Heap:
 garbage-first heap   total 284672K, used 170443K [0x00000000a0000000, 0x0000000100000000)
  region size 1024K, 6 young (6144K), 4 survivors (4096K)
 Metaspace       used 79074K, committed 80192K, reserved 1179648K
  class space    used 10923K, committed 11456K, reserved 1048576K

Heap Regions: E=young(eden), S=young(survivor), O=old, HS=humongous(starts), HC=humongous(continues), CS=collection set, F=free, OA=open archive, CA=closed archive, TAMS=top-at-mark-start (previous, next)
|   0|0x00000000a0000000, 0x00000000a0100000, 0x00000000a0100000|100%|HS|  |TAMS 0x00000000a0100000, 0x00000000a0000000| Complete 
|   1|0x00000000a0100000, 0x00000000a0200000, 0x00000000a0200000|100%|HC|  |TAMS 0x00000000a0200000, 0x00000000a0100000| Complete 
|   2|0x00000000a0200000, 0x00000000a0300000, 0x00000000a0300000|100%|HC|  |TAMS 0x00000000a0300000, 0x00000000a0200000| Complete 
|   3|0x00000000a0300000, 0x00000000a0400000, 0x00000000a0400000|100%| O|  |TAMS 0x00000000a0400000, 0x00000000a0300000| Untracked 
|   4|0x00000000a0400000, 0x00000000a0500000, 0x00000000a0500000|100%| O|  |TAMS 0x00000000a0500000, 0x00000000a0400000| Untracked 
|   5|0x00000000a0500000, 0x00000000a0600000, 0x00000000a0600000|100%| O|  |TAMS 0x00000000a0600000, 0x00000000a0500000| Untracked 
|   6|0x00000000a0600000, 0x00000000a0700000, 0x00000000a0700000|100%| O|  |TAMS 0x00000000a0700000, 0x00000000a0600000| Untracked 
|   7|0x00000000a0700000, 0x00000000a0800000, 0x00000000a0800000|100%| O|  |TAMS 0x00000000a0800000, 0x00000000a0700000| Updating 
|   8|0x00000000a0800000, 0x00000000a0900000, 0x00000000a0900000|100%| O|  |TAMS 0x00000000a0900000, 0x00000000a0800000| Untracked 
|   9|0x00000000a0900000, 0x00000000a0a00000, 0x00000000a0a00000|100%| O|  |TAMS 0x00000000a0a00000, 0x00000000a0900000| Untracked 
|  10|0x00000000a0a00000, 0x00000000a0b00000, 0x00000000a0b00000|100%| O|  |TAMS 0x00000000a0b00000, 0x00000000a0a00000| Untracked 
|  11|0x00000000a0b00000, 0x00000000a0c00000, 0x00000000a0c00000|100%| O|  |TAMS 0x00000000a0c00000, 0x00000000a0b00000| Untracked 
|  12|0x00000000a0c00000, 0x00000000a0d00000, 0x00000000a0d00000|100%| O|  |TAMS 0x00000000a0d00000, 0x00000000a0c00000| Untracked 
|  13|0x00000000a0d00000, 0x00000000a0e00000, 0x00000000a0e00000|100%| O|  |TAMS 0x00000000a0e00000, 0x00000000a0d00000| Untracked 
|  14|0x00000000a0e00000, 0x00000000a0f00000, 0x00000000a0f00000|100%| O|  |TAMS 0x00000000a0f00000, 0x00000000a0e00000| Untracked 
|  15|0x00000000a0f00000, 0x00000000a1000000, 0x00000000a1000000|100%| O|  |TAMS 0x00000000a1000000, 0x00000000a0f00000| Untracked 
|  16|0x00000000a1000000, 0x00000000a1100000, 0x00000000a1100000|100%| O|  |TAMS 0x00000000a1100000, 0x00000000a1000000| Untracked 
|  17|0x00000000a1100000, 0x00000000a1200000, 0x00000000a1200000|100%| O|  |TAMS 0x00000000a1200000, 0x00000000a1100000| Untracked 
|  18|0x00000000a1200000, 0x00000000a1300000, 0x00000000a1300000|100%| O|  |TAMS 0x00000000a1300000, 0x00000000a1200000| Untracked 
|  19|0x00000000a1300000, 0x00000000a1400000, 0x00000000a1400000|100%| O|  |TAMS 0x00000000a1400000, 0x00000000a1300000| Untracked 
|  20|0x00000000a1400000, 0x00000000a1500000, 0x00000000a1500000|100%| O|  |TAMS 0x00000000a1500000, 0x00000000a1400000| Untracked 
|  21|0x00000000a1500000, 0x00000000a1600000, 0x00000000a1600000|100%| O|  |TAMS 0x00000000a1600000, 0x00000000a1500000| Untracked 
|  22|0x00000000a1600000, 0x00000000a1700000, 0x00000000a1700000|100%| O|  |TAMS 0x00000000a1700000, 0x00000000a1600000| Untracked 
|  23|0x00000000a1700000, 0x00000000a1800000, 0x00000000a1800000|100%| O|  |TAMS 0x00000000a1800000, 0x00000000a1700000| Untracked 
|  24|0x00000000a1800000, 0x00000000a1900000, 0x00000000a1900000|100%| O|  |TAMS 0x00000000a1900000, 0x00000000a1800000| Updating 
|  25|0x00000000a1900000, 0x00000000a1a00000, 0x00000000a1a00000|100%| O|  |TAMS 0x00000000a1a00000, 0x00000000a1900000| Untracked 
|  26|0x00000000a1a00000, 0x00000000a1b00000, 0x00000000a1b00000|100%| O|  |TAMS 0x00000000a1b00000, 0x00000000a1a00000| Untracked 
|  27|0x00000000a1b00000, 0x00000000a1c00000, 0x00000000a1c00000|100%| O|  |TAMS 0x00000000a1c00000, 0x00000000a1b00000| Untracked 
|  28|0x00000000a1c00000, 0x00000000a1d00000, 0x00000000a1d00000|100%| O|  |TAMS 0x00000000a1d00000, 0x00000000a1c00000| Untracked 
|  29|0x00000000a1d00000, 0x00000000a1e00000, 0x00000000a1e00000|100%| O|  |TAMS 0x00000000a1e00000, 0x00000000a1d00000| Updating 
|  30|0x00000000a1e00000, 0x00000000a1f00000, 0x00000000a1f00000|100%| O|  |TAMS 0x00000000a1f00000, 0x00000000a1e00000| Untracked 
|  31|0x00000000a1f00000, 0x00000000a2000000, 0x00000000a2000000|100%| O|  |TAMS 0x00000000a2000000, 0x00000000a1f00000| Updating 
|  32|0x00000000a2000000, 0x00000000a2100000, 0x00000000a2100000|100%| O|  |TAMS 0x00000000a2100000, 0x00000000a2000000| Updating 
|  33|0x00000000a2100000, 0x00000000a2200000, 0x00000000a2200000|100%| O|  |TAMS 0x00000000a2200000, 0x00000000a2100000| Untracked 
|  34|0x00000000a2200000, 0x00000000a2300000, 0x00000000a2300000|100%| O|  |TAMS 0x00000000a2300000, 0x00000000a2200000| Untracked 
|  35|0x00000000a2300000, 0x00000000a2400000, 0x00000000a2400000|100%| O|  |TAMS 0x00000000a2400000, 0x00000000a2300000| Untracked 
|  36|0x00000000a2400000, 0x00000000a2500000, 0x00000000a2500000|100%| O|  |TAMS 0x00000000a2500000, 0x00000000a2400000| Updating 
|  37|0x00000000a2500000, 0x00000000a2600000, 0x00000000a2600000|100%| O|  |TAMS 0x00000000a2600000, 0x00000000a2500000| Updating 
|  38|0x00000000a2600000, 0x00000000a2700000, 0x00000000a2700000|100%| O|  |TAMS 0x00000000a2700000, 0x00000000a2600000| Updating 
|  39|0x00000000a2700000, 0x00000000a2800000, 0x00000000a2800000|100%| O|  |TAMS 0x00000000a2800000, 0x00000000a2700000| Untracked 
|  40|0x00000000a2800000, 0x00000000a2900000, 0x00000000a2900000|100%| O|  |TAMS 0x00000000a2900000, 0x00000000a2800000| Updating 
|  41|0x00000000a2900000, 0x00000000a2a00000, 0x00000000a2a00000|100%|HS|  |TAMS 0x00000000a2a00000, 0x00000000a2900000| Complete 
|  42|0x00000000a2a00000, 0x00000000a2b00000, 0x00000000a2b00000|100%|HS|  |TAMS 0x00000000a2b00000, 0x00000000a2a00000| Complete 
|  43|0x00000000a2b00000, 0x00000000a2c00000, 0x00000000a2c00000|100%|HC|  |TAMS 0x00000000a2c00000, 0x00000000a2b00000| Complete 
|  44|0x00000000a2c00000, 0x00000000a2d00000, 0x00000000a2d00000|100%|HS|  |TAMS 0x00000000a2d00000, 0x00000000a2c00000| Complete 
|  45|0x00000000a2d00000, 0x00000000a2e00000, 0x00000000a2e00000|100%|HS|  |TAMS 0x00000000a2e00000, 0x00000000a2d00000| Complete 
|  46|0x00000000a2e00000, 0x00000000a2f00000, 0x00000000a2f00000|100%|HS|  |TAMS 0x00000000a2f00000, 0x00000000a2e00000| Complete 
|  47|0x00000000a2f00000, 0x00000000a3000000, 0x00000000a3000000|100%|HC|  |TAMS 0x00000000a3000000, 0x00000000a2f00000| Complete 
|  48|0x00000000a3000000, 0x00000000a3100000, 0x00000000a3100000|100%|HC|  |TAMS 0x00000000a3100000, 0x00000000a3000000| Complete 
|  49|0x00000000a3100000, 0x00000000a3200000, 0x00000000a3200000|100%|HC|  |TAMS 0x00000000a3200000, 0x00000000a3100000| Complete 
|  50|0x00000000a3200000, 0x00000000a3300000, 0x00000000a3300000|100%| O|  |TAMS 0x00000000a3300000, 0x00000000a3200000| Untracked 
|  51|0x00000000a3300000, 0x00000000a3400000, 0x00000000a3400000|100%| O|  |TAMS 0x00000000a3400000, 0x00000000a3300000| Untracked 
|  52|0x00000000a3400000, 0x00000000a3500000, 0x00000000a3500000|100%| O|  |TAMS 0x00000000a3500000, 0x00000000a3400000| Updating 
|  53|0x00000000a3500000, 0x00000000a3600000, 0x00000000a3600000|100%|HS|  |TAMS 0x00000000a3600000, 0x00000000a3500000| Complete 
|  54|0x00000000a3600000, 0x00000000a3700000, 0x00000000a3700000|100%|HC|  |TAMS 0x00000000a3700000, 0x00000000a3600000| Complete 
|  55|0x00000000a3700000, 0x00000000a3800000, 0x00000000a3800000|100%| O|  |TAMS 0x00000000a3800000, 0x00000000a3700000| Untracked 
|  56|0x00000000a3800000, 0x00000000a3900000, 0x00000000a3900000|100%| O|  |TAMS 0x00000000a3900000, 0x00000000a3800000| Untracked 
|  57|0x00000000a3900000, 0x00000000a3a00000, 0x00000000a3a00000|100%| O|  |TAMS 0x00000000a3a00000, 0x00000000a3900000| Untracked 
|  58|0x00000000a3a00000, 0x00000000a3b00000, 0x00000000a3b00000|100%| O|  |TAMS 0x00000000a3b00000, 0x00000000a3a00000| Untracked 
|  59|0x00000000a3b00000, 0x00000000a3c00000, 0x00000000a3c00000|100%| O|  |TAMS 0x00000000a3c00000, 0x00000000a3b00000| Untracked 
|  60|0x00000000a3c00000, 0x00000000a3d00000, 0x00000000a3d00000|100%| O|  |TAMS 0x00000000a3d00000, 0x00000000a3c00000| Untracked 
|  61|0x00000000a3d00000, 0x00000000a3e00000, 0x00000000a3e00000|100%| O|  |TAMS 0x00000000a3e00000, 0x00000000a3d00000| Untracked 
|  62|0x00000000a3e00000, 0x00000000a3f00000, 0x00000000a3f00000|100%| O|  |TAMS 0x00000000a3f00000, 0x00000000a3e00000| Untracked 
|  63|0x00000000a3f00000, 0x00000000a4000000, 0x00000000a4000000|100%| O|  |TAMS 0x00000000a4000000, 0x00000000a3f00000| Untracked 
|  64|0x00000000a4000000, 0x00000000a4100000, 0x00000000a4100000|100%| O|  |TAMS 0x00000000a4100000, 0x00000000a4000000| Updating 
|  65|0x00000000a4100000, 0x00000000a4200000, 0x00000000a4200000|100%|HS|  |TAMS 0x00000000a4200000, 0x00000000a4100000| Complete 
|  66|0x00000000a4200000, 0x00000000a4300000, 0x00000000a4300000|100%|HS|  |TAMS 0x00000000a4300000, 0x00000000a4200000| Complete 
|  67|0x00000000a4300000, 0x00000000a4400000, 0x00000000a4400000|100%| O|  |TAMS 0x00000000a4400000, 0x00000000a4300000| Untracked 
|  68|0x00000000a4400000, 0x00000000a4500000, 0x00000000a4500000|100%| O|  |TAMS 0x00000000a4500000, 0x00000000a4400000| Untracked 
|  69|0x00000000a4500000, 0x00000000a4600000, 0x00000000a4600000|100%| O|  |TAMS 0x00000000a4600000, 0x00000000a4500000| Updating 
|  70|0x00000000a4600000, 0x00000000a4700000, 0x00000000a4700000|100%| O|  |TAMS 0x00000000a4700000, 0x00000000a4600000| Updating 
|  71|0x00000000a4700000, 0x00000000a4800000, 0x00000000a4800000|100%| O|  |TAMS 0x00000000a4800000, 0x00000000a4700000| Updating 
|  72|0x00000000a4800000, 0x00000000a4900000, 0x00000000a4900000|100%| O|  |TAMS 0x00000000a4900000, 0x00000000a4800000| Untracked 
|  73|0x00000000a4900000, 0x00000000a4a00000, 0x00000000a4a00000|100%| O|  |TAMS 0x00000000a4a00000, 0x00000000a4900000| Untracked 
|  74|0x00000000a4a00000, 0x00000000a4b00000, 0x00000000a4b00000|100%| O|  |TAMS 0x00000000a4b00000, 0x00000000a4a00000| Updating 
|  75|0x00000000a4b00000, 0x00000000a4c00000, 0x00000000a4c00000|100%| O|  |TAMS 0x00000000a4c00000, 0x00000000a4b00000| Updating 
|  76|0x00000000a4c00000, 0x00000000a4d00000, 0x00000000a4d00000|100%| O|  |TAMS 0x00000000a4d00000, 0x00000000a4c00000| Updating 
|  77|0x00000000a4d00000, 0x00000000a4e00000, 0x00000000a4e00000|100%| O|  |TAMS 0x00000000a4e00000, 0x00000000a4d00000| Untracked 
|  78|0x00000000a4e00000, 0x00000000a4f00000, 0x00000000a4f00000|100%| O|  |TAMS 0x00000000a4f00000, 0x00000000a4e00000| Updating 
|  79|0x00000000a4f00000, 0x00000000a5000000, 0x00000000a5000000|100%|HS|  |TAMS 0x00000000a5000000, 0x00000000a4f00000| Complete 
|  80|0x00000000a5000000, 0x00000000a5100000, 0x00000000a5100000|100%| O|  |TAMS 0x00000000a5100000, 0x00000000a5000000| Untracked 
|  81|0x00000000a5100000, 0x00000000a5200000, 0x00000000a5200000|100%| O|  |TAMS 0x00000000a5200000, 0x00000000a5100000| Untracked 
|  82|0x00000000a5200000, 0x00000000a5300000, 0x00000000a5300000|100%| O|  |TAMS 0x00000000a5300000, 0x00000000a5200000| Untracked 
|  83|0x00000000a5300000, 0x00000000a5400000, 0x00000000a5400000|100%| O|  |TAMS 0x00000000a5400000, 0x00000000a5300000| Untracked 
|  84|0x00000000a5400000, 0x00000000a5500000, 0x00000000a5500000|100%| O|  |TAMS 0x00000000a5500000, 0x00000000a5400000| Untracked 
|  85|0x00000000a5500000, 0x00000000a5600000, 0x00000000a5600000|100%| O|  |TAMS 0x00000000a5600000, 0x00000000a5500000| Untracked 
|  86|0x00000000a5600000, 0x00000000a5700000, 0x00000000a5700000|100%| O|  |TAMS 0x00000000a5700000, 0x00000000a5600000| Untracked 
|  87|0x00000000a5700000, 0x00000000a5800000, 0x00000000a5800000|100%| O|  |TAMS 0x00000000a5800000, 0x00000000a5700000| Untracked 
|  88|0x00000000a5800000, 0x00000000a5900000, 0x00000000a5900000|100%| O|  |TAMS 0x00000000a5900000, 0x00000000a5800000| Untracked 
|  89|0x00000000a5900000, 0x00000000a5a00000, 0x00000000a5a00000|100%|HS|  |TAMS 0x00000000a5a00000, 0x00000000a5900000| Complete 
|  90|0x00000000a5a00000, 0x00000000a5b00000, 0x00000000a5b00000|100%|HS|  |TAMS 0x00000000a5b00000, 0x00000000a5a00000| Complete 
|  91|0x00000000a5b00000, 0x00000000a5c00000, 0x00000000a5c00000|100%|HC|  |TAMS 0x00000000a5c00000, 0x00000000a5b00000| Complete 
|  92|0x00000000a5c00000, 0x00000000a5d00000, 0x00000000a5d00000|100%|HC|  |TAMS 0x00000000a5d00000, 0x00000000a5c00000| Complete 
|  93|0x00000000a5d00000, 0x00000000a5e00000, 0x00000000a5e00000|100%|HC|  |TAMS 0x00000000a5e00000, 0x00000000a5d00000| Complete 
|  94|0x00000000a5e00000, 0x00000000a5f00000, 0x00000000a5f00000|100%|HS|  |TAMS 0x00000000a5f00000, 0x00000000a5e00000| Complete 
|  95|0x00000000a5f00000, 0x00000000a6000000, 0x00000000a6000000|100%|HS|  |TAMS 0x00000000a6000000, 0x00000000a5f00000| Complete 
|  96|0x00000000a6000000, 0x00000000a6100000, 0x00000000a6100000|100%| O|  |TAMS 0x00000000a6100000, 0x00000000a6000000| Untracked 
|  97|0x00000000a6100000, 0x00000000a6200000, 0x00000000a6200000|100%| O|  |TAMS 0x00000000a6200000, 0x00000000a6100000| Untracked 
|  98|0x00000000a6200000, 0x00000000a6300000, 0x00000000a6300000|100%| O|  |TAMS 0x00000000a6300000, 0x00000000a6200000| Untracked 
|  99|0x00000000a6300000, 0x00000000a6400000, 0x00000000a6400000|100%| O|  |TAMS 0x00000000a6400000, 0x00000000a6300000| Untracked 
| 100|0x00000000a6400000, 0x00000000a6500000, 0x00000000a6500000|100%| O|  |TAMS 0x00000000a6500000, 0x00000000a6400000| Untracked 
| 101|0x00000000a6500000, 0x00000000a6600000, 0x00000000a6600000|100%| O|  |TAMS 0x00000000a6600000, 0x00000000a6500000| Untracked 
| 102|0x00000000a6600000, 0x00000000a6700000, 0x00000000a6700000|100%| O|  |TAMS 0x00000000a6700000, 0x00000000a6600000| Untracked 
| 103|0x00000000a6700000, 0x00000000a6800000, 0x00000000a6800000|100%| O|  |TAMS 0x00000000a6800000, 0x00000000a6700000| Untracked 
| 104|0x00000000a6800000, 0x00000000a6900000, 0x00000000a6900000|100%| O|  |TAMS 0x00000000a6900000, 0x00000000a6800000| Untracked 
| 105|0x00000000a6900000, 0x00000000a6a00000, 0x00000000a6a00000|100%| O|  |TAMS 0x00000000a6a00000, 0x00000000a6900000| Untracked 
| 106|0x00000000a6a00000, 0x00000000a6b00000, 0x00000000a6b00000|100%| O|  |TAMS 0x00000000a6b00000, 0x00000000a6a00000| Untracked 
| 107|0x00000000a6b00000, 0x00000000a6c00000, 0x00000000a6c00000|100%| O|  |TAMS 0x00000000a6c00000, 0x00000000a6b00000| Untracked 
| 108|0x00000000a6c00000, 0x00000000a6d00000, 0x00000000a6d00000|100%| O|  |TAMS 0x00000000a6d00000, 0x00000000a6c00000| Untracked 
| 109|0x00000000a6d00000, 0x00000000a6e00000, 0x00000000a6e00000|100%| O|  |TAMS 0x00000000a6e00000, 0x00000000a6d00000| Untracked 
| 110|0x00000000a6e00000, 0x00000000a6f00000, 0x00000000a6f00000|100%| O|  |TAMS 0x00000000a6f00000, 0x00000000a6e00000| Untracked 
| 111|0x00000000a6f00000, 0x00000000a7000000, 0x00000000a7000000|100%| O|  |TAMS 0x00000000a7000000, 0x00000000a6f00000| Untracked 
| 112|0x00000000a7000000, 0x00000000a7100000, 0x00000000a7100000|100%| O|  |TAMS 0x00000000a7000000, 0x00000000a7000000| Untracked 
| 113|0x00000000a7100000, 0x00000000a7200000, 0x00000000a7200000|100%|HS|  |TAMS 0x00000000a7200000, 0x00000000a7100000| Complete 
| 114|0x00000000a7200000, 0x00000000a7300000, 0x00000000a7300000|100%|HS|  |TAMS 0x00000000a7300000, 0x00000000a7200000| Complete 
| 115|0x00000000a7300000, 0x00000000a7400000, 0x00000000a7400000|100%|HC|  |TAMS 0x00000000a7400000, 0x00000000a7300000| Complete 
| 116|0x00000000a7400000, 0x00000000a7500000, 0x00000000a7500000|100%|HS|  |TAMS 0x00000000a7500000, 0x00000000a7400000| Complete 
| 117|0x00000000a7500000, 0x00000000a7600000, 0x00000000a7600000|100%|HS|  |TAMS 0x00000000a7600000, 0x00000000a7500000| Complete 
| 118|0x00000000a7600000, 0x00000000a7700000, 0x00000000a7700000|100%|HS|  |TAMS 0x00000000a7700000, 0x00000000a7600000| Complete 
| 119|0x00000000a7700000, 0x00000000a7800000, 0x00000000a7800000|100%|HC|  |TAMS 0x00000000a7800000, 0x00000000a7700000| Complete 
| 120|0x00000000a7800000, 0x00000000a7900000, 0x00000000a7900000|100%|HC|  |TAMS 0x00000000a7900000, 0x00000000a7800000| Complete 
| 121|0x00000000a7900000, 0x00000000a7a00000, 0x00000000a7a00000|100%|HC|  |TAMS 0x00000000a7a00000, 0x00000000a7900000| Complete 
| 122|0x00000000a7a00000, 0x00000000a7b00000, 0x00000000a7b00000|100%| O|  |TAMS 0x00000000a7a00000, 0x00000000a7a00000| Untracked 
| 123|0x00000000a7b00000, 0x00000000a7c00000, 0x00000000a7c00000|100%| O|  |TAMS 0x00000000a7c00000, 0x00000000a7b00000| Untracked 
| 124|0x00000000a7c00000, 0x00000000a7d00000, 0x00000000a7d00000|100%| O|  |TAMS 0x00000000a7d00000, 0x00000000a7c00000| Updating 
| 125|0x00000000a7d00000, 0x00000000a7e00000, 0x00000000a7e00000|100%| O|  |TAMS 0x00000000a7e00000, 0x00000000a7d00000| Untracked 
| 126|0x00000000a7e00000, 0x00000000a7f00000, 0x00000000a7f00000|100%| O|  |TAMS 0x00000000a7f00000, 0x00000000a7e00000| Untracked 
| 127|0x00000000a7f00000, 0x00000000a8000000, 0x00000000a8000000|100%| O|  |TAMS 0x00000000a8000000, 0x00000000a7f00000| Untracked 
| 128|0x00000000a8000000, 0x00000000a8100000, 0x00000000a8100000|100%| O|  |TAMS 0x00000000a8100000, 0x00000000a8000000| Untracked 
| 129|0x00000000a8100000, 0x00000000a8200000, 0x00000000a8200000|100%| O|  |TAMS 0x00000000a8200000, 0x00000000a8100000| Untracked 
| 130|0x00000000a8200000, 0x00000000a8300000, 0x00000000a8300000|100%| O|  |TAMS 0x00000000a8300000, 0x00000000a8200000| Untracked 
| 131|0x00000000a8300000, 0x00000000a8400000, 0x00000000a8400000|100%| O|  |TAMS 0x00000000a8400000, 0x00000000a8300000| Untracked 
| 132|0x00000000a8400000, 0x00000000a8500000, 0x00000000a8500000|100%| O|  |TAMS 0x00000000a8500000, 0x00000000a8400000| Untracked 
| 133|0x00000000a8500000, 0x00000000a8600000, 0x00000000a8600000|100%| O|  |TAMS 0x00000000a8500000, 0x00000000a8500000| Untracked 
| 134|0x00000000a8600000, 0x00000000a8700000, 0x00000000a8700000|100%| O|  |TAMS 0x00000000a8600000, 0x00000000a8600000| Untracked 
| 135|0x00000000a8700000, 0x00000000a8800000, 0x00000000a8800000|100%| O|  |TAMS 0x00000000a8700000, 0x00000000a8700000| Untracked 
| 136|0x00000000a8800000, 0x00000000a8900000, 0x00000000a8900000|100%| O|  |TAMS 0x00000000a8800000, 0x00000000a8800000| Untracked 
| 137|0x00000000a8900000, 0x00000000a8a00000, 0x00000000a8a00000|100%| O|  |TAMS 0x00000000a8900000, 0x00000000a8900000| Untracked 
| 138|0x00000000a8a00000, 0x00000000a8b00000, 0x00000000a8b00000|100%| O|  |TAMS 0x00000000a8a00000, 0x00000000a8a00000| Untracked 
| 139|0x00000000a8b00000, 0x00000000a8c00000, 0x00000000a8c00000|100%| O|  |TAMS 0x00000000a8b00000, 0x00000000a8b00000| Untracked 
| 140|0x00000000a8c00000, 0x00000000a8d00000, 0x00000000a8d00000|100%| O|  |TAMS 0x00000000a8c00000, 0x00000000a8c00000| Untracked 
| 141|0x00000000a8d00000, 0x00000000a8e00000, 0x00000000a8e00000|100%| O|  |TAMS 0x00000000a8d00000, 0x00000000a8d00000| Untracked 
| 142|0x00000000a8e00000, 0x00000000a8f00000, 0x00000000a8f00000|100%| O|  |TAMS 0x00000000a8f00000, 0x00000000a8e00000| Untracked 
| 143|0x00000000a8f00000, 0x00000000a9000000, 0x00000000a9000000|100%| O|  |TAMS 0x00000000a9000000, 0x00000000a8f00000| Untracked 
| 144|0x00000000a9000000, 0x00000000a9100000, 0x00000000a9100000|100%| O|  |TAMS 0x00000000a9100000, 0x00000000a9000000| Untracked 
| 145|0x00000000a9100000, 0x00000000a9200000, 0x00000000a9200000|100%| O|  |TAMS 0x00000000a9200000, 0x00000000a9100000| Untracked 
| 146|0x00000000a9200000, 0x00000000a9300000, 0x00000000a9300000|100%| O|  |TAMS 0x00000000a9300000, 0x00000000a9200000| Untracked 
| 147|0x00000000a9300000, 0x00000000a9400000, 0x00000000a9400000|100%| O|  |TAMS 0x00000000a9400000, 0x00000000a9300000| Untracked 
| 148|0x00000000a9400000, 0x00000000a9500000, 0x00000000a9500000|100%| O|  |TAMS 0x00000000a9500000, 0x00000000a9400000| Untracked 
| 149|0x00000000a9500000, 0x00000000a9600000, 0x00000000a9600000|100%| O|  |TAMS 0x00000000a9600000, 0x00000000a9500000| Untracked 
| 150|0x00000000a9600000, 0x00000000a9700000, 0x00000000a9700000|100%| O|  |TAMS 0x00000000a9700000, 0x00000000a9600000| Untracked 
| 151|0x00000000a9700000, 0x00000000a9800000, 0x00000000a9800000|100%| O|  |TAMS 0x00000000a9800000, 0x00000000a9700000| Untracked 
| 152|0x00000000a9800000, 0x00000000a9900000, 0x00000000a9900000|100%| O|  |TAMS 0x00000000a9800000, 0x00000000a9800000| Untracked 
| 153|0x00000000a9900000, 0x00000000a9a00000, 0x00000000a9a00000|100%| O|  |TAMS 0x00000000a9900000, 0x00000000a9900000| Untracked 
| 154|0x00000000a9a00000, 0x00000000a9b00000, 0x00000000a9b00000|100%| O|  |TAMS 0x00000000a9a00000, 0x00000000a9a00000| Untracked 
| 155|0x00000000a9b00000, 0x00000000a9c00000, 0x00000000a9c00000|100%| O|  |TAMS 0x00000000a9b00000, 0x00000000a9b00000| Untracked 
| 156|0x00000000a9c00000, 0x00000000a9c72c00, 0x00000000a9d00000| 44%| O|  |TAMS 0x00000000a9c00000, 0x00000000a9c00000| Updating 
| 157|0x00000000a9d00000, 0x00000000a9e00000, 0x00000000a9e00000|100%|HS|  |TAMS 0x00000000a9d00000, 0x00000000a9d00000| Complete 
| 158|0x00000000a9e00000, 0x00000000a9f00000, 0x00000000a9f00000|100%|HC|  |TAMS 0x00000000a9e00000, 0x00000000a9e00000| Complete 
| 159|0x00000000a9f00000, 0x00000000aa000000, 0x00000000aa000000|100%| O|  |TAMS 0x00000000aa000000, 0x00000000a9f00000| Updating 
| 160|0x00000000aa000000, 0x00000000aa100000, 0x00000000aa100000|100%| O|  |TAMS 0x00000000aa100000, 0x00000000aa000000| Updating 
| 161|0x00000000aa100000, 0x00000000aa200000, 0x00000000aa200000|100%| O|  |TAMS 0x00000000aa1dc400, 0x00000000aa100000| Updating 
| 162|0x00000000aa200000, 0x00000000aa200000, 0x00000000aa300000|  0%| F|  |TAMS 0x00000000aa200000, 0x00000000aa200000| Untracked 
| 163|0x00000000aa300000, 0x00000000aa300000, 0x00000000aa400000|  0%| F|  |TAMS 0x00000000aa300000, 0x00000000aa300000| Untracked 
| 164|0x00000000aa400000, 0x00000000aa400000, 0x00000000aa500000|  0%| F|  |TAMS 0x00000000aa400000, 0x00000000aa400000| Untracked 
| 165|0x00000000aa500000, 0x00000000aa500000, 0x00000000aa600000|  0%| F|  |TAMS 0x00000000aa500000, 0x00000000aa500000| Untracked 
| 166|0x00000000aa600000, 0x00000000aa600000, 0x00000000aa700000|  0%| F|  |TAMS 0x00000000aa600000, 0x00000000aa600000| Untracked 
| 167|0x00000000aa700000, 0x00000000aa700000, 0x00000000aa800000|  0%| F|  |TAMS 0x00000000aa700000, 0x00000000aa700000| Untracked 
| 168|0x00000000aa800000, 0x00000000aa800000, 0x00000000aa900000|  0%| F|  |TAMS 0x00000000aa800000, 0x00000000aa800000| Untracked 
| 169|0x00000000aa900000, 0x00000000aa900000, 0x00000000aaa00000|  0%| F|  |TAMS 0x00000000aa900000, 0x00000000aa900000| Untracked 
| 170|0x00000000aaa00000, 0x00000000aaa00000, 0x00000000aab00000|  0%| F|  |TAMS 0x00000000aaa00000, 0x00000000aaa00000| Untracked 
| 171|0x00000000aab00000, 0x00000000aab00000, 0x00000000aac00000|  0%| F|  |TAMS 0x00000000aab00000, 0x00000000aab00000| Untracked 
| 172|0x00000000aac00000, 0x00000000aac00000, 0x00000000aad00000|  0%| F|  |TAMS 0x00000000aac00000, 0x00000000aac00000| Untracked 
| 173|0x00000000aad00000, 0x00000000aad00000, 0x00000000aae00000|  0%| F|  |TAMS 0x00000000aad00000, 0x00000000aad00000| Untracked 
| 174|0x00000000aae00000, 0x00000000aae00000, 0x00000000aaf00000|  0%| F|  |TAMS 0x00000000aae00000, 0x00000000aae00000| Untracked 
| 175|0x00000000aaf00000, 0x00000000aaf00000, 0x00000000ab000000|  0%| F|  |TAMS 0x00000000aaf00000, 0x00000000aaf00000| Untracked 
| 176|0x00000000ab000000, 0x00000000ab000000, 0x00000000ab100000|  0%| F|  |TAMS 0x00000000ab000000, 0x00000000ab000000| Untracked 
| 177|0x00000000ab100000, 0x00000000ab100000, 0x00000000ab200000|  0%| F|  |TAMS 0x00000000ab100000, 0x00000000ab100000| Untracked 
| 178|0x00000000ab200000, 0x00000000ab200000, 0x00000000ab300000|  0%| F|  |TAMS 0x00000000ab200000, 0x00000000ab200000| Untracked 
| 179|0x00000000ab300000, 0x00000000ab300000, 0x00000000ab400000|  0%| F|  |TAMS 0x00000000ab300000, 0x00000000ab300000| Untracked 
| 180|0x00000000ab400000, 0x00000000ab400000, 0x00000000ab500000|  0%| F|  |TAMS 0x00000000ab400000, 0x00000000ab400000| Untracked 
| 181|0x00000000ab500000, 0x00000000ab500000, 0x00000000ab600000|  0%| F|  |TAMS 0x00000000ab500000, 0x00000000ab500000| Untracked 
| 182|0x00000000ab600000, 0x00000000ab600000, 0x00000000ab700000|  0%| F|  |TAMS 0x00000000ab600000, 0x00000000ab600000| Untracked 
| 183|0x00000000ab700000, 0x00000000ab700000, 0x00000000ab800000|  0%| F|  |TAMS 0x00000000ab700000, 0x00000000ab700000| Untracked 
| 184|0x00000000ab800000, 0x00000000ab800000, 0x00000000ab900000|  0%| F|  |TAMS 0x00000000ab800000, 0x00000000ab800000| Untracked 
| 185|0x00000000ab900000, 0x00000000ab900000, 0x00000000aba00000|  0%| F|  |TAMS 0x00000000ab900000, 0x00000000ab900000| Untracked 
| 186|0x00000000aba00000, 0x00000000aba00000, 0x00000000abb00000|  0%| F|  |TAMS 0x00000000aba00000, 0x00000000aba00000| Untracked 
| 187|0x00000000abb00000, 0x00000000abb00000, 0x00000000abc00000|  0%| F|  |TAMS 0x00000000abb00000, 0x00000000abb00000| Untracked 
| 188|0x00000000abc00000, 0x00000000abc00000, 0x00000000abd00000|  0%| F|  |TAMS 0x00000000abc00000, 0x00000000abc00000| Untracked 
| 189|0x00000000abd00000, 0x00000000abd00000, 0x00000000abe00000|  0%| F|  |TAMS 0x00000000abd00000, 0x00000000abd00000| Untracked 
| 190|0x00000000abe00000, 0x00000000abe00000, 0x00000000abf00000|  0%| F|  |TAMS 0x00000000abe00000, 0x00000000abe00000| Untracked 
| 191|0x00000000abf00000, 0x00000000abf00000, 0x00000000ac000000|  0%| F|  |TAMS 0x00000000abf00000, 0x00000000abf00000| Untracked 
| 192|0x00000000ac000000, 0x00000000ac000000, 0x00000000ac100000|  0%| F|  |TAMS 0x00000000ac000000, 0x00000000ac000000| Untracked 
| 193|0x00000000ac100000, 0x00000000ac100000, 0x00000000ac200000|  0%| F|  |TAMS 0x00000000ac100000, 0x00000000ac100000| Untracked 
| 194|0x00000000ac200000, 0x00000000ac200000, 0x00000000ac300000|  0%| F|  |TAMS 0x00000000ac200000, 0x00000000ac200000| Untracked 
| 195|0x00000000ac300000, 0x00000000ac300000, 0x00000000ac400000|  0%| F|  |TAMS 0x00000000ac300000, 0x00000000ac300000| Untracked 
| 196|0x00000000ac400000, 0x00000000ac400000, 0x00000000ac500000|  0%| F|  |TAMS 0x00000000ac400000, 0x00000000ac400000| Untracked 
| 197|0x00000000ac500000, 0x00000000ac500000, 0x00000000ac600000|  0%| F|  |TAMS 0x00000000ac500000, 0x00000000ac500000| Untracked 
| 198|0x00000000ac600000, 0x00000000ac600000, 0x00000000ac700000|  0%| F|  |TAMS 0x00000000ac600000, 0x00000000ac600000| Untracked 
| 199|0x00000000ac700000, 0x00000000ac700000, 0x00000000ac800000|  0%| F|  |TAMS 0x00000000ac700000, 0x00000000ac700000| Untracked 
| 200|0x00000000ac800000, 0x00000000ac800000, 0x00000000ac900000|  0%| F|  |TAMS 0x00000000ac800000, 0x00000000ac800000| Untracked 
| 201|0x00000000ac900000, 0x00000000ac900000, 0x00000000aca00000|  0%| F|  |TAMS 0x00000000ac900000, 0x00000000ac900000| Untracked 
| 202|0x00000000aca00000, 0x00000000aca00000, 0x00000000acb00000|  0%| F|  |TAMS 0x00000000aca00000, 0x00000000aca00000| Untracked 
| 203|0x00000000acb00000, 0x00000000acb00000, 0x00000000acc00000|  0%| F|  |TAMS 0x00000000acb00000, 0x00000000acb00000| Untracked 
| 204|0x00000000acc00000, 0x00000000acc00000, 0x00000000acd00000|  0%| F|  |TAMS 0x00000000acc00000, 0x00000000acc00000| Untracked 
| 205|0x00000000acd00000, 0x00000000acd00000, 0x00000000ace00000|  0%| F|  |TAMS 0x00000000acd00000, 0x00000000acd00000| Untracked 
| 206|0x00000000ace00000, 0x00000000ace00000, 0x00000000acf00000|  0%| F|  |TAMS 0x00000000ace00000, 0x00000000ace00000| Untracked 
| 207|0x00000000acf00000, 0x00000000acf00000, 0x00000000ad000000|  0%| F|  |TAMS 0x00000000acf00000, 0x00000000acf00000| Untracked 
| 208|0x00000000ad000000, 0x00000000ad000000, 0x00000000ad100000|  0%| F|  |TAMS 0x00000000ad000000, 0x00000000ad000000| Untracked 
| 209|0x00000000ad100000, 0x00000000ad100000, 0x00000000ad200000|  0%| F|  |TAMS 0x00000000ad100000, 0x00000000ad100000| Untracked 
| 210|0x00000000ad200000, 0x00000000ad200000, 0x00000000ad300000|  0%| F|  |TAMS 0x00000000ad200000, 0x00000000ad200000| Untracked 
| 211|0x00000000ad300000, 0x00000000ad300000, 0x00000000ad400000|  0%| F|  |TAMS 0x00000000ad300000, 0x00000000ad300000| Untracked 
| 212|0x00000000ad400000, 0x00000000ad400000, 0x00000000ad500000|  0%| F|  |TAMS 0x00000000ad400000, 0x00000000ad400000| Untracked 
| 213|0x00000000ad500000, 0x00000000ad500000, 0x00000000ad600000|  0%| F|  |TAMS 0x00000000ad500000, 0x00000000ad500000| Untracked 
| 214|0x00000000ad600000, 0x00000000ad600000, 0x00000000ad700000|  0%| F|  |TAMS 0x00000000ad600000, 0x00000000ad600000| Untracked 
| 215|0x00000000ad700000, 0x00000000ad700000, 0x00000000ad800000|  0%| F|  |TAMS 0x00000000ad700000, 0x00000000ad700000| Untracked 
| 216|0x00000000ad800000, 0x00000000ad800000, 0x00000000ad900000|  0%| F|  |TAMS 0x00000000ad800000, 0x00000000ad800000| Untracked 
| 217|0x00000000ad900000, 0x00000000ad900000, 0x00000000ada00000|  0%| F|  |TAMS 0x00000000ad900000, 0x00000000ad900000| Untracked 
| 218|0x00000000ada00000, 0x00000000ada00000, 0x00000000adb00000|  0%| F|  |TAMS 0x00000000ada00000, 0x00000000ada00000| Untracked 
| 219|0x00000000adb00000, 0x00000000adb00000, 0x00000000adc00000|  0%| F|  |TAMS 0x00000000adb00000, 0x00000000adb00000| Untracked 
| 220|0x00000000adc00000, 0x00000000adc00000, 0x00000000add00000|  0%| F|  |TAMS 0x00000000adc00000, 0x00000000adc00000| Untracked 
| 221|0x00000000add00000, 0x00000000add00000, 0x00000000ade00000|  0%| F|  |TAMS 0x00000000add00000, 0x00000000add00000| Untracked 
| 222|0x00000000ade00000, 0x00000000ade00000, 0x00000000adf00000|  0%| F|  |TAMS 0x00000000ade00000, 0x00000000ade00000| Untracked 
| 223|0x00000000adf00000, 0x00000000adf00000, 0x00000000ae000000|  0%| F|  |TAMS 0x00000000adf00000, 0x00000000adf00000| Untracked 
| 224|0x00000000ae000000, 0x00000000ae000000, 0x00000000ae100000|  0%| F|  |TAMS 0x00000000ae000000, 0x00000000ae000000| Untracked 
| 225|0x00000000ae100000, 0x00000000ae100000, 0x00000000ae200000|  0%| F|  |TAMS 0x00000000ae100000, 0x00000000ae100000| Untracked 
| 226|0x00000000ae200000, 0x00000000ae200000, 0x00000000ae300000|  0%| F|  |TAMS 0x00000000ae200000, 0x00000000ae200000| Untracked 
| 227|0x00000000ae300000, 0x00000000ae300000, 0x00000000ae400000|  0%| F|  |TAMS 0x00000000ae300000, 0x00000000ae300000| Untracked 
| 228|0x00000000ae400000, 0x00000000ae400000, 0x00000000ae500000|  0%| F|  |TAMS 0x00000000ae400000, 0x00000000ae400000| Untracked 
| 229|0x00000000ae500000, 0x00000000ae500000, 0x00000000ae600000|  0%| F|  |TAMS 0x00000000ae500000, 0x00000000ae500000| Untracked 
| 230|0x00000000ae600000, 0x00000000ae600000, 0x00000000ae700000|  0%| F|  |TAMS 0x00000000ae600000, 0x00000000ae600000| Untracked 
| 231|0x00000000ae700000, 0x00000000ae700000, 0x00000000ae800000|  0%| F|  |TAMS 0x00000000ae700000, 0x00000000ae700000| Untracked 
| 232|0x00000000ae800000, 0x00000000ae800000, 0x00000000ae900000|  0%| F|  |TAMS 0x00000000ae800000, 0x00000000ae800000| Untracked 
| 233|0x00000000ae900000, 0x00000000ae900000, 0x00000000aea00000|  0%| F|  |TAMS 0x00000000ae900000, 0x00000000ae900000| Untracked 
| 234|0x00000000aea00000, 0x00000000aea00000, 0x00000000aeb00000|  0%| F|  |TAMS 0x00000000aea00000, 0x00000000aea00000| Untracked 
| 235|0x00000000aeb00000, 0x00000000aeb00000, 0x00000000aec00000|  0%| F|  |TAMS 0x00000000aeb00000, 0x00000000aeb00000| Untracked 
| 236|0x00000000aec00000, 0x00000000aec00000, 0x00000000aed00000|  0%| F|  |TAMS 0x00000000aec00000, 0x00000000aec00000| Untracked 
| 237|0x00000000aed00000, 0x00000000aed00000, 0x00000000aee00000|  0%| F|  |TAMS 0x00000000aed00000, 0x00000000aed00000| Untracked 
| 238|0x00000000aee00000, 0x00000000aee00000, 0x00000000aef00000|  0%| F|  |TAMS 0x00000000aee00000, 0x00000000aee00000| Untracked 
| 239|0x00000000aef00000, 0x00000000aef00000, 0x00000000af000000|  0%| F|  |TAMS 0x00000000aef00000, 0x00000000aef00000| Untracked 
| 240|0x00000000af000000, 0x00000000af000000, 0x00000000af100000|  0%| F|  |TAMS 0x00000000af000000, 0x00000000af000000| Untracked 
| 241|0x00000000af100000, 0x00000000af100000, 0x00000000af200000|  0%| F|  |TAMS 0x00000000af100000, 0x00000000af100000| Untracked 
| 242|0x00000000af200000, 0x00000000af200000, 0x00000000af300000|  0%| F|  |TAMS 0x00000000af200000, 0x00000000af200000| Untracked 
| 243|0x00000000af300000, 0x00000000af300000, 0x00000000af400000|  0%| F|  |TAMS 0x00000000af300000, 0x00000000af300000| Untracked 
| 244|0x00000000af400000, 0x00000000af400000, 0x00000000af500000|  0%| F|  |TAMS 0x00000000af400000, 0x00000000af400000| Untracked 
| 245|0x00000000af500000, 0x00000000af500000, 0x00000000af600000|  0%| F|  |TAMS 0x00000000af500000, 0x00000000af500000| Untracked 
| 246|0x00000000af600000, 0x00000000af600000, 0x00000000af700000|  0%| F|  |TAMS 0x00000000af600000, 0x00000000af600000| Untracked 
| 247|0x00000000af700000, 0x00000000af700000, 0x00000000af800000|  0%| F|  |TAMS 0x00000000af700000, 0x00000000af700000| Untracked 
| 248|0x00000000af800000, 0x00000000af800000, 0x00000000af900000|  0%| F|  |TAMS 0x00000000af800000, 0x00000000af800000| Untracked 
| 249|0x00000000af900000, 0x00000000af900000, 0x00000000afa00000|  0%| F|  |TAMS 0x00000000af900000, 0x00000000af900000| Untracked 
| 250|0x00000000afa00000, 0x00000000afa00000, 0x00000000afb00000|  0%| F|  |TAMS 0x00000000afa00000, 0x00000000afa00000| Untracked 
| 251|0x00000000afb00000, 0x00000000afb00000, 0x00000000afc00000|  0%| F|  |TAMS 0x00000000afb00000, 0x00000000afb00000| Untracked 
| 252|0x00000000afc00000, 0x00000000afc00000, 0x00000000afd00000|  0%| F|  |TAMS 0x00000000afc00000, 0x00000000afc00000| Untracked 
| 253|0x00000000afd00000, 0x00000000afd00000, 0x00000000afe00000|  0%| F|  |TAMS 0x00000000afd00000, 0x00000000afd00000| Untracked 
| 254|0x00000000afe00000, 0x00000000afe00000, 0x00000000aff00000|  0%| F|  |TAMS 0x00000000afe00000, 0x00000000afe00000| Untracked 
| 255|0x00000000aff00000, 0x00000000aff00000, 0x00000000b0000000|  0%| F|  |TAMS 0x00000000aff00000, 0x00000000aff00000| Untracked 
| 256|0x00000000b0000000, 0x00000000b0000000, 0x00000000b0100000|  0%| F|  |TAMS 0x00000000b0000000, 0x00000000b0000000| Untracked 
| 257|0x00000000b0100000, 0x00000000b0100000, 0x00000000b0200000|  0%| F|  |TAMS 0x00000000b0100000, 0x00000000b0100000| Untracked 
| 258|0x00000000b0200000, 0x00000000b0200000, 0x00000000b0300000|  0%| F|  |TAMS 0x00000000b0200000, 0x00000000b0200000| Untracked 
| 259|0x00000000b0300000, 0x00000000b0300000, 0x00000000b0400000|  0%| F|  |TAMS 0x00000000b0300000, 0x00000000b0300000| Untracked 
| 260|0x00000000b0400000, 0x00000000b0400000, 0x00000000b0500000|  0%| F|  |TAMS 0x00000000b0400000, 0x00000000b0400000| Untracked 
| 261|0x00000000b0500000, 0x00000000b0500000, 0x00000000b0600000|  0%| F|  |TAMS 0x00000000b0500000, 0x00000000b0500000| Untracked 
| 262|0x00000000b0600000, 0x00000000b0600000, 0x00000000b0700000|  0%| F|  |TAMS 0x00000000b0600000, 0x00000000b0600000| Untracked 
| 263|0x00000000b0700000, 0x00000000b0700000, 0x00000000b0800000|  0%| F|  |TAMS 0x00000000b0700000, 0x00000000b0700000| Untracked 
| 264|0x00000000b0800000, 0x00000000b0800000, 0x00000000b0900000|  0%| F|  |TAMS 0x00000000b0800000, 0x00000000b0800000| Untracked 
| 265|0x00000000b0900000, 0x00000000b0900000, 0x00000000b0a00000|  0%| F|  |TAMS 0x00000000b0900000, 0x00000000b0900000| Untracked 
| 266|0x00000000b0a00000, 0x00000000b0a00000, 0x00000000b0b00000|  0%| F|  |TAMS 0x00000000b0a00000, 0x00000000b0a00000| Untracked 
| 267|0x00000000b0b00000, 0x00000000b0b00000, 0x00000000b0c00000|  0%| F|  |TAMS 0x00000000b0b00000, 0x00000000b0b00000| Untracked 
| 268|0x00000000b0c00000, 0x00000000b0c00000, 0x00000000b0d00000|  0%| F|  |TAMS 0x00000000b0c00000, 0x00000000b0c00000| Untracked 
| 269|0x00000000b0d00000, 0x00000000b0e00000, 0x00000000b0e00000|100%| S|CS|TAMS 0x00000000b0d00000, 0x00000000b0d00000| Complete 
| 270|0x00000000b0e00000, 0x00000000b0f00000, 0x00000000b0f00000|100%| S|CS|TAMS 0x00000000b0e00000, 0x00000000b0e00000| Complete 
| 271|0x00000000b0f00000, 0x00000000b1000000, 0x00000000b1000000|100%| S|CS|TAMS 0x00000000b0f00000, 0x00000000b0f00000| Complete 
| 272|0x00000000b1000000, 0x00000000b1100000, 0x00000000b1100000|100%| S|CS|TAMS 0x00000000b1000000, 0x00000000b1000000| Complete 
| 273|0x00000000b1100000, 0x00000000b1100000, 0x00000000b1200000|  0%| F|  |TAMS 0x00000000b1100000, 0x00000000b1100000| Untracked 
| 274|0x00000000b1200000, 0x00000000b1200000, 0x00000000b1300000|  0%| F|  |TAMS 0x00000000b1200000, 0x00000000b1200000| Untracked 
| 275|0x00000000b1300000, 0x00000000b1300000, 0x00000000b1400000|  0%| F|  |TAMS 0x00000000b1300000, 0x00000000b1300000| Untracked 
| 276|0x00000000b1400000, 0x00000000b14b2c30, 0x00000000b1500000| 69%| E|  |TAMS 0x00000000b1400000, 0x00000000b1400000| Complete 
| 277|0x00000000b1500000, 0x00000000b1600000, 0x00000000b1600000|100%| E|CS|TAMS 0x00000000b1500000, 0x00000000b1500000| Complete 

Card table byte_map: [0x00000196db810000,0x00000196dbb10000] _byte_map_base: 0x00000196db310000

Marking Bits (Prev, Next): (CMBitMap*) 0x00000196c49638e0, (CMBitMap*) 0x00000196c49638a0
 Prev Bits: [0x00000196dd610000, 0x00000196dee10000)
 Next Bits: [0x00000196dbe10000, 0x00000196dd610000)

Polling page: 0x00000196c2ad0000

Metaspace:

Usage:
  Non-class:     66.55 MB used.
      Class:     10.67 MB used.
       Both:     77.22 MB used.

Virtual space:
  Non-class space:      128.00 MB reserved,      67.12 MB ( 52%) committed,  2 nodes.
      Class space:        1.00 GB reserved,      11.19 MB (  1%) committed,  1 nodes.
             Both:        1.12 GB reserved,      78.31 MB (  7%) committed. 

Chunk freelists:
   Non-Class:  12.90 MB
       Class:  4.79 MB
        Both:  17.69 MB

MaxMetaspaceSize: unlimited
CompressedClassSpaceSize: 1.00 GB
Initial GC threshold: 21.00 MB
Current GC threshold: 98.69 MB
CDS: on
MetaspaceReclaimPolicy: balanced
 - commit_granule_bytes: 65536.
 - commit_granule_words: 8192.
 - virtual_space_node_default_size: 8388608.
 - enlarge_chunks_in_place: 1.
 - new_chunks_are_fully_committed: 0.
 - uncommit_free_chunks: 1.
 - use_allocation_guard: 0.
 - handle_deallocations: 1.


Internal statistics:

num_allocs_failed_limit: 6.
num_arena_births: 1230.
num_arena_deaths: 0.
num_vsnodes_births: 3.
num_vsnodes_deaths: 0.
num_space_committed: 1253.
num_space_uncommitted: 0.
num_chunks_returned_to_freelist: 6.
num_chunks_taken_from_freelist: 4613.
num_chunk_merges: 6.
num_chunk_splits: 2968.
num_chunks_enlarged: 1855.
num_inconsistent_stats: 0.

CodeHeap 'non-profiled nmethods': size=120000Kb used=7649Kb max_used=7649Kb free=112350Kb
 bounds [0x00000196d3ca0000, 0x00000196d4420000, 0x00000196db1d0000]
CodeHeap 'profiled nmethods': size=120000Kb used=20979Kb max_used=20979Kb free=99020Kb
 bounds [0x00000196cc1d0000, 0x00000196cd650000, 0x00000196d3700000]
CodeHeap 'non-nmethods': size=5760Kb used=2390Kb max_used=2469Kb free=3369Kb
 bounds [0x00000196d3700000, 0x00000196d3980000, 0x00000196d3ca0000]
 total_blobs=11589 nmethods=10667 adapters=834
 compilation: enabled
              stopped_count=0, restarted_count=0
 full_count=0

Compilation events (20 events):
Event: 17.590 Thread 0x00000196e1a18bf0 nmethod 12133 0x00000196d4417d90 code [0x00000196d4417f20, 0x00000196d4417ff8]
Event: 17.591 Thread 0x00000196e18903f0 nmethod 12130 0x00000196d4418090 code [0x00000196d4418220, 0x00000196d44184d8]
Event: 17.609 Thread 0x00000196e1a18bf0 12134       3       org.gradle.internal.snapshot.DirectorySnapshot$$Lambda$405/0x0000019681426780::apply (8 bytes)
Event: 17.609 Thread 0x00000196e1a18bf0 nmethod 12134 0x00000196cd64be10 code [0x00000196cd64bfe0, 0x00000196cd64c518]
Event: 17.609 Thread 0x00000196e1a18bf0 12135       3       org.gradle.internal.snapshot.DirectorySnapshot::lambda$new$0 (15 bytes)
Event: 17.609 Thread 0x00000196e1a18bf0 nmethod 12135 0x00000196cd64c690 code [0x00000196cd64c840, 0x00000196cd64cbd8]
Event: 17.652 Thread 0x00000196e1a18bf0 12136       3       java.util.StringTokenizer::<init> (52 bytes)
Event: 17.652 Thread 0x00000196e1a18bf0 nmethod 12136 0x00000196cd64cd10 code [0x00000196cd64cee0, 0x00000196cd64d248]
Event: 17.658 Thread 0x00000196e1a18bf0 12137       3       java.security.PrivilegedActionException::getException (8 bytes)
Event: 17.659 Thread 0x00000196e1a18bf0 nmethod 12137 0x00000196cd64d410 code [0x00000196cd64d5c0, 0x00000196cd64d958]
Event: 17.659 Thread 0x00000196e1a18bf0 12138  s    3       java.lang.Throwable::getCause (17 bytes)
Event: 17.659 Thread 0x00000196e1a18bf0 nmethod 12138 0x00000196cd64da10 code [0x00000196cd64dba0, 0x00000196cd64ddb8]
Event: 17.754 Thread 0x00000196e1a18bf0 12139       3       java.util.Spliterators$EmptySpliterator::forEachRemaining (6 bytes)
Event: 17.754 Thread 0x00000196e1a18bf0 nmethod 12139 0x00000196cd64de90 code [0x00000196cd64e040, 0x00000196cd64e2a8]
Event: 17.754 Thread 0x00000196e1a18bf0 12140       3       java.util.Collections$EmptyList::spliterator (4 bytes)
Event: 17.754 Thread 0x00000196e1a18bf0 nmethod 12140 0x00000196cd64e390 code [0x00000196cd64e520, 0x00000196cd64e698]
Event: 17.754 Thread 0x00000196e1a18bf0 12141       3       java.util.Spliterators$EmptySpliterator$OfRef::forEachRemaining (6 bytes)
Event: 17.754 Thread 0x00000196e1a18bf0 nmethod 12141 0x00000196cd64e790 code [0x00000196cd64e940, 0x00000196cd64ec08]
Event: 17.754 Thread 0x00000196e1a18bf0 12142       3       sun.management.MemoryPoolImpl::getType (15 bytes)
Event: 17.754 Thread 0x00000196e1a18bf0 nmethod 12142 0x00000196cd64ed10 code [0x00000196cd64eea0, 0x00000196cd64f038]

GC Heap History (20 events):
Event: 9.314 GC heap before
{Heap before GC invocations=28 (full 0):
 garbage-first heap   total 126976K, used 97162K [0x00000000a0000000, 0x0000000100000000)
  region size 1024K, 33 young (33792K), 3 survivors (3072K)
 Metaspace       used 58854K, committed 59392K, reserved 1114112K
  class space    used 7846K, committed 8128K, reserved 1048576K
}
Event: 9.319 GC heap after
{Heap after GC invocations=29 (full 0):
 garbage-first heap   total 126976K, used 70805K [0x00000000a0000000, 0x0000000100000000)
  region size 1024K, 5 young (5120K), 5 survivors (5120K)
 Metaspace       used 58854K, committed 59392K, reserved 1114112K
  class space    used 7846K, committed 8128K, reserved 1048576K
}
Event: 9.633 GC heap before
{Heap before GC invocations=30 (full 0):
 garbage-first heap   total 126976K, used 102549K [0x00000000a0000000, 0x0000000100000000)
  region size 1024K, 34 young (34816K), 5 survivors (5120K)
 Metaspace       used 59308K, committed 59904K, reserved 1114112K
  class space    used 7920K, committed 8192K, reserved 1048576K
}
Event: 9.640 GC heap after
{Heap after GC invocations=31 (full 0):
 garbage-first heap   total 126976K, used 79520K [0x00000000a0000000, 0x0000000100000000)
  region size 1024K, 5 young (5120K), 5 survivors (5120K)
 Metaspace       used 59308K, committed 59904K, reserved 1114112K
  class space    used 7920K, committed 8192K, reserved 1048576K
}
Event: 9.642 GC heap before
{Heap before GC invocations=31 (full 0):
 garbage-first heap   total 126976K, used 80544K [0x00000000a0000000, 0x0000000100000000)
  region size 1024K, 6 young (6144K), 5 survivors (5120K)
 Metaspace       used 59308K, committed 59904K, reserved 1114112K
  class space    used 7920K, committed 8192K, reserved 1048576K
}
Event: 9.645 GC heap after
{Heap after GC invocations=32 (full 0):
 garbage-first heap   total 126976K, used 80431K [0x00000000a0000000, 0x0000000100000000)
  region size 1024K, 1 young (1024K), 1 survivors (1024K)
 Metaspace       used 59308K, committed 59904K, reserved 1114112K
  class space    used 7920K, committed 8192K, reserved 1048576K
}
Event: 9.822 GC heap before
{Heap before GC invocations=32 (full 0):
 garbage-first heap   total 126976K, used 101935K [0x00000000a0000000, 0x0000000100000000)
  region size 1024K, 22 young (22528K), 1 survivors (1024K)
 Metaspace       used 59934K, committed 60544K, reserved 1114112K
  class space    used 8019K, committed 8320K, reserved 1048576K
}
Event: 9.825 GC heap after
{Heap after GC invocations=33 (full 0):
 garbage-first heap   total 284672K, used 80809K [0x00000000a0000000, 0x0000000100000000)
  region size 1024K, 1 young (1024K), 1 survivors (1024K)
 Metaspace       used 59934K, committed 60544K, reserved 1114112K
  class space    used 8019K, committed 8320K, reserved 1048576K
}
Event: 11.399 GC heap before
{Heap before GC invocations=34 (full 0):
 garbage-first heap   total 283648K, used 212905K [0x00000000a0000000, 0x0000000100000000)
  region size 1024K, 130 young (133120K), 1 survivors (1024K)
 Metaspace       used 67968K, committed 68736K, reserved 1114112K
  class space    used 9367K, committed 9728K, reserved 1048576K
}
Event: 11.405 GC heap after
{Heap after GC invocations=35 (full 0):
 garbage-first heap   total 283648K, used 90362K [0x00000000a0000000, 0x0000000100000000)
  region size 1024K, 10 young (10240K), 10 survivors (10240K)
 Metaspace       used 67968K, committed 68736K, reserved 1114112K
  class space    used 9367K, committed 9728K, reserved 1048576K
}
Event: 11.439 GC heap before
{Heap before GC invocations=35 (full 0):
 garbage-first heap   total 283648K, used 93434K [0x00000000a0000000, 0x0000000100000000)
  region size 1024K, 13 young (13312K), 10 survivors (10240K)
 Metaspace       used 68310K, committed 68992K, reserved 1114112K
  class space    used 9414K, committed 9728K, reserved 1048576K
}
Event: 11.444 GC heap after
{Heap after GC invocations=36 (full 0):
 garbage-first heap   total 283648K, used 91317K [0x00000000a0000000, 0x0000000100000000)
  region size 1024K, 2 young (2048K), 2 survivors (2048K)
 Metaspace       used 68310K, committed 68992K, reserved 1114112K
  class space    used 9414K, committed 9728K, reserved 1048576K
}
Event: 12.985 GC heap before
{Heap before GC invocations=36 (full 0):
 garbage-first heap   total 283648K, used 217269K [0x00000000a0000000, 0x0000000100000000)
  region size 1024K, 125 young (128000K), 2 survivors (2048K)
 Metaspace       used 74667K, committed 75648K, reserved 1179648K
  class space    used 10360K, committed 10816K, reserved 1048576K
}
Event: 12.993 GC heap after
{Heap after GC invocations=37 (full 0):
 garbage-first heap   total 283648K, used 100100K [0x00000000a0000000, 0x0000000100000000)
  region size 1024K, 10 young (10240K), 10 survivors (10240K)
 Metaspace       used 74667K, committed 75648K, reserved 1179648K
  class space    used 10360K, committed 10816K, reserved 1048576K
}
Event: 15.235 GC heap before
{Heap before GC invocations=37 (full 0):
 garbage-first heap   total 283648K, used 228100K [0x00000000a0000000, 0x0000000100000000)
  region size 1024K, 128 young (131072K), 10 survivors (10240K)
 Metaspace       used 78170K, committed 79168K, reserved 1179648K
  class space    used 10798K, committed 11264K, reserved 1048576K
}
Event: 15.250 GC heap after
{Heap after GC invocations=38 (full 0):
 garbage-first heap   total 283648K, used 129117K [0x00000000a0000000, 0x0000000100000000)
  region size 1024K, 16 young (16384K), 16 survivors (16384K)
 Metaspace       used 78170K, committed 79168K, reserved 1179648K
  class space    used 10798K, committed 11264K, reserved 1048576K
}
Event: 17.548 GC heap before
{Heap before GC invocations=38 (full 0):
 garbage-first heap   total 283648K, used 232541K [0x00000000a0000000, 0x0000000100000000)
  region size 1024K, 105 young (107520K), 16 survivors (16384K)
 Metaspace       used 79038K, committed 80192K, reserved 1179648K
  class space    used 10916K, committed 11456K, reserved 1048576K
}
Event: 17.565 GC heap after
{Heap after GC invocations=39 (full 0):
 garbage-first heap   total 283648K, used 161649K [0x00000000a0000000, 0x0000000100000000)
  region size 1024K, 14 young (14336K), 14 survivors (14336K)
 Metaspace       used 79038K, committed 80192K, reserved 1179648K
  class space    used 10916K, committed 11456K, reserved 1048576K
}
Event: 17.676 GC heap before
{Heap before GC invocations=39 (full 0):
 garbage-first heap   total 283648K, used 164721K [0x00000000a0000000, 0x0000000100000000)
  region size 1024K, 18 young (18432K), 14 survivors (14336K)
 Metaspace       used 79072K, committed 80192K, reserved 1179648K
  class space    used 10923K, committed 11456K, reserved 1048576K
}
Event: 17.682 GC heap after
{Heap after GC invocations=40 (full 0):
 garbage-first heap   total 283648K, used 167371K [0x00000000a0000000, 0x0000000100000000)
  region size 1024K, 4 young (4096K), 4 survivors (4096K)
 Metaspace       used 79072K, committed 80192K, reserved 1179648K
  class space    used 10923K, committed 11456K, reserved 1048576K
}

Deoptimization events (20 events):
Event: 15.411 Thread 0x00000196e8ae89b0 DEOPT PACKING pc=0x00000196d421fc38 sp=0x0000007cf96f8b90
Event: 15.411 Thread 0x00000196e8ae89b0 DEOPT UNPACKING pc=0x00000196d37523a3 sp=0x0000007cf96f8b90 mode 2
Event: 15.906 Thread 0x00000196e8ae89b0 Uncommon trap: trap_request=0xffffffcc fr.pc=0x00000196d4374a30 relative=0x0000000000000390
Event: 15.906 Thread 0x00000196e8ae89b0 Uncommon trap: reason=intrinsic_or_type_checked_inlining action=make_not_entrant pc=0x00000196d4374a30 method=java.util.Arrays.copyOfRange([Ljava/lang/Object;IILjava/lang/Class;)[Ljava/lang/Object; @ 84 c2
Event: 15.907 Thread 0x00000196e8ae89b0 DEOPT PACKING pc=0x00000196d4374a30 sp=0x0000007cf96f6140
Event: 15.907 Thread 0x00000196e8ae89b0 DEOPT UNPACKING pc=0x00000196d37523a3 sp=0x0000007cf96f60c0 mode 2
Event: 16.325 Thread 0x00000196e8ae89b0 DEOPT PACKING pc=0x00000196cd07077b sp=0x0000007cf96f8bc0
Event: 16.325 Thread 0x00000196e8ae89b0 DEOPT UNPACKING pc=0x00000196d3752b43 sp=0x0000007cf96f8110 mode 0
Event: 17.535 Thread 0x00000196e8ae89b0 Uncommon trap: trap_request=0xffffffdc fr.pc=0x00000196d4416028 relative=0x0000000000000368
Event: 17.535 Thread 0x00000196e8ae89b0 Uncommon trap: reason=class_check action=make_not_entrant pc=0x00000196d4416028 method=com.google.common.collect.Platform.copy([Ljava/lang/Object;II[Ljava/lang/Object;)[Ljava/lang/Object; @ 7 c2
Event: 17.535 Thread 0x00000196e8ae89b0 DEOPT PACKING pc=0x00000196d4416028 sp=0x0000007cf96f6220
Event: 17.535 Thread 0x00000196e8ae89b0 DEOPT UNPACKING pc=0x00000196d37523a3 sp=0x0000007cf96f6140 mode 2
Event: 17.590 Thread 0x00000196e8ae89b0 Uncommon trap: trap_request=0xfffffff4 fr.pc=0x00000196d41e6b50 relative=0x0000000000000530
Event: 17.590 Thread 0x00000196e8ae89b0 Uncommon trap: reason=null_check action=make_not_entrant pc=0x00000196d41e6b50 method=java.lang.ThreadLocal$ThreadLocalMap.expungeStaleEntry(I)I @ 51 c2
Event: 17.590 Thread 0x00000196e8ae89b0 DEOPT PACKING pc=0x00000196d41e6b50 sp=0x0000007cf96f7170
Event: 17.590 Thread 0x00000196e8ae89b0 DEOPT UNPACKING pc=0x00000196d37523a3 sp=0x0000007cf96f7110 mode 2
Event: 17.761 Thread 0x00000196e8ae89b0 Uncommon trap: trap_request=0xffffff45 fr.pc=0x00000196d3d24230 relative=0x0000000000000cb0
Event: 17.761 Thread 0x00000196e8ae89b0 Uncommon trap: reason=unstable_if action=reinterpret pc=0x00000196d3d24230 method=java.util.jar.JarFile.match([B[B[B[B)I @ 52 c2
Event: 17.761 Thread 0x00000196e8ae89b0 DEOPT PACKING pc=0x00000196d3d24230 sp=0x0000007cf96f6c00
Event: 17.761 Thread 0x00000196e8ae89b0 DEOPT UNPACKING pc=0x00000196d37523a3 sp=0x0000007cf96f6af8 mode 2

Classes unloaded (0 events):
No events

Classes redefined (0 events):
No events

Internal exceptions (20 events):
Event: 16.788 Thread 0x00000196e8ae89b0 Exception <a 'java/lang/ClassNotFoundException'{0x00000000adccecc0}: build_2xeynbj6z4i0jo6dzivplghxxCustomizer> (0x00000000adccecc0) 
thrown [s\open\src\hotspot\share\classfile\systemDictionary.cpp, line 256]
Event: 16.929 Thread 0x00000196e8ae89b0 Exception <a 'java/lang/ClassNotFoundException'{0x00000000ad66f7b8}: build_2xeynbj6z4i0jo6dzivplghxxBeanInfo> (0x00000000ad66f7b8) 
thrown [s\open\src\hotspot\share\classfile\systemDictionary.cpp, line 256]
Event: 16.929 Thread 0x00000196e8ae89b0 Exception <a 'java/lang/ClassNotFoundException'{0x00000000ad675f90}: build_2xeynbj6z4i0jo6dzivplghxxCustomizer> (0x00000000ad675f90) 
thrown [s\open\src\hotspot\share\classfile\systemDictionary.cpp, line 256]
Event: 16.972 Thread 0x00000196e8ae89b0 Exception <a 'java/lang/ClassNotFoundException'{0x00000000ad5a5c88}: build_2xeynbj6z4i0jo6dzivplghxx$_run_closure2BeanInfo> (0x00000000ad5a5c88) 
thrown [s\open\src\hotspot\share\classfile\systemDictionary.cpp, line 256]
Event: 16.972 Thread 0x00000196e8ae89b0 Exception <a 'java/lang/ClassNotFoundException'{0x00000000ad5b0bc0}: build_2xeynbj6z4i0jo6dzivplghxx$_run_closure2Customizer> (0x00000000ad5b0bc0) 
thrown [s\open\src\hotspot\share\classfile\systemDictionary.cpp, line 256]
Event: 17.002 Thread 0x00000196e8ae89b0 Exception <a 'java/lang/ClassNotFoundException'{0x00000000ad440898}: user_agent_ayvhjnag84fppszvemq42hsvpBeanInfo> (0x00000000ad440898) 
thrown [s\open\src\hotspot\share\classfile\systemDictionary.cpp, line 256]
Event: 17.002 Thread 0x00000196e8ae89b0 Exception <a 'java/lang/ClassNotFoundException'{0x00000000ad44aeb0}: user_agent_ayvhjnag84fppszvemq42hsvpCustomizer> (0x00000000ad44aeb0) 
thrown [s\open\src\hotspot\share\classfile\systemDictionary.cpp, line 256]
Event: 17.092 Thread 0x00000196e8ae89b0 Exception <a 'java/lang/ClassNotFoundException'{0x00000000ad161788}: build_6ctkpdeguosacruzzvxzai9fsBeanInfo> (0x00000000ad161788) 
thrown [s\open\src\hotspot\share\classfile\systemDictionary.cpp, line 256]
Event: 17.093 Thread 0x00000196e8ae89b0 Exception <a 'java/lang/ClassNotFoundException'{0x00000000ad167fc0}: build_6ctkpdeguosacruzzvxzai9fsCustomizer> (0x00000000ad167fc0) 
thrown [s\open\src\hotspot\share\classfile\systemDictionary.cpp, line 256]
Event: 17.137 Thread 0x00000196e8ae89b0 Exception <a 'java/lang/ClassNotFoundException'{0x00000000acca5180}: build_6ctkpdeguosacruzzvxzai9fsBeanInfo> (0x00000000acca5180) 
thrown [s\open\src\hotspot\share\classfile\systemDictionary.cpp, line 256]
Event: 17.137 Thread 0x00000196e8ae89b0 Exception <a 'java/lang/ClassNotFoundException'{0x00000000accab958}: build_6ctkpdeguosacruzzvxzai9fsCustomizer> (0x00000000accab958) 
thrown [s\open\src\hotspot\share\classfile\systemDictionary.cpp, line 256]
Event: 17.163 Thread 0x00000196e8ae89b0 Exception <a 'java/lang/ClassNotFoundException'{0x00000000acbca770}: build_6ctkpdeguosacruzzvxzai9fs$_run_closure1BeanInfo> (0x00000000acbca770) 
thrown [s\open\src\hotspot\share\classfile\systemDictionary.cpp, line 256]
Event: 17.164 Thread 0x00000196e8ae89b0 Exception <a 'java/lang/ClassNotFoundException'{0x00000000acbd56a8}: build_6ctkpdeguosacruzzvxzai9fs$_run_closure1Customizer> (0x00000000acbd56a8) 
thrown [s\open\src\hotspot\share\classfile\systemDictionary.cpp, line 256]
Event: 17.192 Thread 0x00000196e8ae89b0 Exception <a 'java/lang/ClassNotFoundException'{0x00000000aca75e18}: user_agent_ck9wab2qifawure94z897ec9lBeanInfo> (0x00000000aca75e18) 
thrown [s\open\src\hotspot\share\classfile\systemDictionary.cpp, line 256]
Event: 17.193 Thread 0x00000196e8ae89b0 Exception <a 'java/lang/ClassNotFoundException'{0x00000000aca80430}: user_agent_ck9wab2qifawure94z897ec9lCustomizer> (0x00000000aca80430) 
thrown [s\open\src\hotspot\share\classfile\systemDictionary.cpp, line 256]
Event: 17.264 Thread 0x00000196e8ae89b0 Exception <a 'java/lang/ClassNotFoundException'{0x00000000ac7cf188}: build_621o3x1z2phvzyyl1nfxn9av9BeanInfo> (0x00000000ac7cf188) 
thrown [s\open\src\hotspot\share\classfile\systemDictionary.cpp, line 256]
Event: 17.266 Thread 0x00000196e8ae89b0 Exception <a 'java/lang/ClassNotFoundException'{0x00000000ac7d59c0}: build_621o3x1z2phvzyyl1nfxn9av9Customizer> (0x00000000ac7d59c0) 
thrown [s\open\src\hotspot\share\classfile\systemDictionary.cpp, line 256]
Event: 17.499 Thread 0x00000196e8ae89b0 Exception <a 'java/lang/ClassNotFoundException'{0x00000000abdaf120}: build_621o3x1z2phvzyyl1nfxn9av9BeanInfo> (0x00000000abdaf120) 
thrown [s\open\src\hotspot\share\classfile\systemDictionary.cpp, line 256]
Event: 17.500 Thread 0x00000196e8ae89b0 Exception <a 'java/lang/ClassNotFoundException'{0x00000000abdb58f8}: build_621o3x1z2phvzyyl1nfxn9av9Customizer> (0x00000000abdb58f8) 
thrown [s\open\src\hotspot\share\classfile\systemDictionary.cpp, line 256]
Event: 17.590 Thread 0x00000196e8ae89b0 Implicit null exception at 0x00000196d41e66dd to 0x00000196d41e6b2c

VM Operations (20 events):
Event: 13.919 Executing VM operation: ICBufferFull done
Event: 14.567 Executing VM operation: ICBufferFull
Event: 14.567 Executing VM operation: ICBufferFull done
Event: 14.848 Executing VM operation: ICBufferFull
Event: 14.848 Executing VM operation: ICBufferFull done
Event: 15.235 Executing VM operation: G1CollectForAllocation
Event: 15.251 Executing VM operation: G1CollectForAllocation done
Event: 15.924 Executing VM operation: ICBufferFull
Event: 15.924 Executing VM operation: ICBufferFull done
Event: 16.265 Executing VM operation: HandshakeAllThreads
Event: 16.265 Executing VM operation: HandshakeAllThreads done
Event: 16.497 Executing VM operation: ICBufferFull
Event: 16.497 Executing VM operation: ICBufferFull done
Event: 17.424 Executing VM operation: ICBufferFull
Event: 17.425 Executing VM operation: ICBufferFull done
Event: 17.548 Executing VM operation: G1CollectForAllocation
Event: 17.565 Executing VM operation: G1CollectForAllocation done
Event: 17.676 Executing VM operation: G1TryInitiateConcMark
Event: 17.682 Executing VM operation: G1TryInitiateConcMark done
Event: 17.773 Executing VM operation: G1Concurrent

Events (20 events):
Event: 15.385 loading class java/util/regex/PatternBeanInfo
Event: 15.385 loading class java/util/regex/PatternBeanInfo done
Event: 15.385 loading class java/util/regex/PatternCustomizer
Event: 15.385 loading class java/util/regex/PatternCustomizer done
Event: 15.385 loading class java/util/regex/PatternCustomizer
Event: 15.385 loading class java/util/regex/PatternCustomizer done
Event: 15.391 loading class java/util/regex/MatcherBeanInfo
Event: 15.391 loading class java/util/regex/MatcherBeanInfo done
Event: 15.391 loading class java/util/regex/MatcherBeanInfo
Event: 15.391 loading class java/util/regex/MatcherBeanInfo done
Event: 15.391 loading class java/util/regex/MatcherCustomizer
Event: 15.391 loading class java/util/regex/MatcherCustomizer done
Event: 15.391 loading class java/util/regex/MatcherCustomizer
Event: 15.391 loading class java/util/regex/MatcherCustomizer done
Event: 16.271 Thread 0x00000196e1a1bc90 flushing nmethod 0x00000196cc49d410
Event: 16.271 Thread 0x00000196e1a1bc90 flushing nmethod 0x00000196cc49e110
Event: 16.272 Thread 0x00000196e1a1bc90 flushing nmethod 0x00000196cc704a10
Event: 17.170 loading class java/util/regex/Pattern$Pos
Event: 17.170 loading class java/util/regex/Pattern$Pos done
Event: 17.754 Thread 0x00000196e611d8a0 Thread exited: 0x00000196e611d8a0


Dynamic libraries:
0x00007ff7a5770000 - 0x00007ff7a5780000 	C:\Program Files\Java\jdk-17\bin\java.exe
0x00007ffff4160000 - 0x00007ffff43c7000 	C:\WINDOWS\SYSTEM32\ntdll.dll
0x00007ffff25b0000 - 0x00007ffff2679000 	C:\WINDOWS\System32\KERNEL32.DLL
0x00007ffff0c20000 - 0x00007ffff1014000 	C:\WINDOWS\System32\KERNELBASE.dll
0x00007ffff1b70000 - 0x00007ffff1cbb000 	C:\WINDOWS\System32\ucrtbase.dll
0x00007fffe2730000 - 0x00007fffe2749000 	C:\Program Files\Java\jdk-17\bin\jli.dll
0x00007fffdf000000 - 0x00007fffdf01b000 	C:\Program Files\Java\jdk-17\bin\VCRUNTIME140.dll
0x00007ffff2b20000 - 0x00007ffff2bd6000 	C:\WINDOWS\System32\ADVAPI32.dll
0x00007ffff21a0000 - 0x00007ffff2249000 	C:\WINDOWS\System32\msvcrt.dll
0x00007ffff3350000 - 0x00007ffff33f7000 	C:\WINDOWS\System32\sechost.dll
0x00007ffff2490000 - 0x00007ffff25a8000 	C:\WINDOWS\System32\RPCRT4.dll
0x00007ffff3f50000 - 0x00007ffff4115000 	C:\WINDOWS\System32\USER32.dll
0x00007fffe1e60000 - 0x00007fffe20f3000 	C:\WINDOWS\WinSxS\amd64_microsoft.windows.common-controls_6595b64144ccf1df_6.0.26100.8115_none_3e075c82e3354f9c\COMCTL32.dll
0x00007ffff1020000 - 0x00007ffff1047000 	C:\WINDOWS\System32\win32u.dll
0x00007ffff2090000 - 0x00007ffff20bb000 	C:\WINDOWS\System32\GDI32.dll
0x00007ffff0af0000 - 0x00007ffff0c1b000 	C:\WINDOWS\System32\gdi32full.dll
0x00007ffff1e40000 - 0x00007ffff1ee3000 	C:\WINDOWS\System32\msvcp_win.dll
0x00007fffeaa10000 - 0x00007fffeaa1b000 	C:\WINDOWS\SYSTEM32\VERSION.dll
0x00007ffff2050000 - 0x00007ffff2082000 	C:\WINDOWS\System32\IMM32.DLL
0x00007fffec210000 - 0x00007fffec21c000 	C:\Program Files\Java\jdk-17\bin\vcruntime140_1.dll
0x00007fff9e440000 - 0x00007fff9e4ce000 	C:\Program Files\Java\jdk-17\bin\msvcp140.dll
0x00007fff363d0000 - 0x00007fff36fb0000 	C:\Program Files\Java\jdk-17\bin\server\jvm.dll
0x00007ffff3400000 - 0x00007ffff3408000 	C:\WINDOWS\System32\PSAPI.DLL
0x00007fffd4bc0000 - 0x00007fffd4bca000 	C:\WINDOWS\SYSTEM32\WSOCK32.dll
0x00007ffff1f00000 - 0x00007ffff1f80000 	C:\WINDOWS\System32\WS2_32.dll
0x00007fffea830000 - 0x00007fffea866000 	C:\WINDOWS\SYSTEM32\WINMM.dll
0x00007fffef780000 - 0x00007fffef79b000 	C:\WINDOWS\SYSTEM32\kernel.appcore.dll
0x00007fffe2770000 - 0x00007fffe277a000 	C:\Program Files\Java\jdk-17\bin\jimage.dll
0x00007fffe28f0000 - 0x00007fffe2b32000 	C:\WINDOWS\SYSTEM32\DBGHELP.DLL
0x00007ffff2680000 - 0x00007ffff2a02000 	C:\WINDOWS\System32\combase.dll
0x00007ffff20c0000 - 0x00007ffff2198000 	C:\WINDOWS\System32\OLEAUT32.dll
0x00007fffe2630000 - 0x00007fffe266b000 	C:\WINDOWS\SYSTEM32\dbgcore.DLL
0x00007ffff1ac0000 - 0x00007ffff1b65000 	C:\WINDOWS\System32\bcryptPrimitives.dll
0x00007fffc3a00000 - 0x00007fffc3a25000 	C:\Program Files\Java\jdk-17\bin\java.dll
0x00007fff9bff0000 - 0x00007fff9c0c7000 	C:\Program Files\Java\jdk-17\bin\jsvml.dll
0x00007ffff2be0000 - 0x00007ffff3347000 	C:\WINDOWS\System32\SHELL32.dll
0x00007ffff1050000 - 0x00007ffff11ba000 	C:\WINDOWS\System32\wintypes.dll
0x00007ffff1250000 - 0x00007ffff1ab8000 	C:\WINDOWS\System32\windows.storage.dll
0x00007ffff3e50000 - 0x00007ffff3f48000 	C:\WINDOWS\System32\SHCORE.dll
0x00007ffff1fb0000 - 0x00007ffff2016000 	C:\WINDOWS\System32\shlwapi.dll
0x00007ffff0950000 - 0x00007ffff0979000 	C:\WINDOWS\SYSTEM32\profapi.dll
0x00007fffd8a30000 - 0x00007fffd8a49000 	C:\Program Files\Java\jdk-17\bin\net.dll
0x00007fffeab30000 - 0x00007fffeac5d000 	C:\WINDOWS\SYSTEM32\WINHTTP.dll
0x00007fffefcd0000 - 0x00007fffefd3c000 	C:\WINDOWS\system32\mswsock.dll
0x00007fffd6020000 - 0x00007fffd6036000 	C:\Program Files\Java\jdk-17\bin\nio.dll
0x00007fffcefc0000 - 0x00007fffcefd8000 	C:\Program Files\Java\jdk-17\bin\zip.dll
0x00007fffe0920000 - 0x00007fffe0930000 	C:\Program Files\Java\jdk-17\bin\verify.dll
0x00007fff9d060000 - 0x00007fff9d087000 	C:\Users\Inurum_Four\.gradle\native\68d5fa5c4cc2d200863cafc0d521ce42e7d3e7ee720ec0a83991735586a16f82\windows-amd64\native-platform.dll
0x00007fffd8c00000 - 0x00007fffd8d44000 	C:\Users\Inurum_Four\.gradle\native\e376f236ea51e6404a007f0833ffe2c6e607c4080706a723a18a27aeea778392\windows-amd64\native-platform-file-events.dll
0x00007fffdf760000 - 0x00007fffdf76a000 	C:\Program Files\Java\jdk-17\bin\management.dll
0x00007fffdaf70000 - 0x00007fffdaf7b000 	C:\Program Files\Java\jdk-17\bin\management_ext.dll
0x00007ffff00d0000 - 0x00007ffff00eb000 	C:\WINDOWS\SYSTEM32\CRYPTSP.dll
0x00007fffef6e0000 - 0x00007fffef719000 	C:\WINDOWS\system32\rsaenh.dll
0x00007fffefd80000 - 0x00007fffefdb3000 	C:\WINDOWS\SYSTEM32\USERENV.dll
0x00007ffff0920000 - 0x00007ffff094a000 	C:\WINDOWS\SYSTEM32\bcrypt.dll
0x00007fffeff30000 - 0x00007fffeff3c000 	C:\WINDOWS\SYSTEM32\CRYPTBASE.dll
0x00007fffef120000 - 0x00007fffef152000 	C:\WINDOWS\SYSTEM32\IPHLPAPI.DLL
0x00007ffff2310000 - 0x00007ffff231a000 	C:\WINDOWS\System32\NSI.dll
0x00007fffeae20000 - 0x00007fffeae3d000 	C:\WINDOWS\SYSTEM32\dhcpcsvc6.DLL
0x00007fffea9e0000 - 0x00007fffeaa05000 	C:\WINDOWS\SYSTEM32\dhcpcsvc.DLL
0x00007fffef160000 - 0x00007fffef292000 	C:\WINDOWS\SYSTEM32\DNSAPI.dll
0x00007fffdaa40000 - 0x00007fffdaa4e000 	C:\Program Files\Java\jdk-17\bin\sunmscapi.dll
0x00007ffff1cc0000 - 0x00007ffff1e37000 	C:\WINDOWS\System32\CRYPT32.dll
0x00007ffff0230000 - 0x00007ffff0260000 	C:\WINDOWS\SYSTEM32\ncrypt.dll
0x00007ffff01e0000 - 0x00007ffff021f000 	C:\WINDOWS\SYSTEM32\NTASN1.dll
0x00007fffdf320000 - 0x00007fffdf328000 	C:\WINDOWS\system32\wshunix.dll

dbghelp: loaded successfully - version: 4.0.5 - missing functions: none
symbol engine: initialized successfully - sym options: 0x614 - pdb path: .;C:\Program Files\Java\jdk-17\bin;C:\WINDOWS\SYSTEM32;C:\WINDOWS\WinSxS\amd64_microsoft.windows.common-controls_6595b64144ccf1df_6.0.26100.8115_none_3e075c82e3354f9c;C:\Program Files\Java\jdk-17\bin\server;C:\Users\Inurum_Four\.gradle\native\68d5fa5c4cc2d200863cafc0d521ce42e7d3e7ee720ec0a83991735586a16f82\windows-amd64;C:\Users\Inurum_Four\.gradle\native\e376f236ea51e6404a007f0833ffe2c6e607c4080706a723a18a27aeea778392\windows-amd64

VM Arguments:
jvm_args: --add-opens=java.base/java.util=ALL-UNNAMED --add-opens=java.base/java.lang=ALL-UNNAMED --add-opens=java.base/java.lang.invoke=ALL-UNNAMED --add-opens=java.prefs/java.util.prefs=ALL-UNNAMED --add-opens=java.base/java.nio.charset=ALL-UNNAMED --add-opens=java.base/java.net=ALL-UNNAMED --add-opens=java.base/java.util.concurrent.atomic=ALL-UNNAMED -Xmx1536M -Dfile.encoding=windows-1252 -Duser.country=IN -Duser.language=en -Duser.variant 
java_command: org.gradle.launcher.daemon.bootstrap.GradleDaemon 7.6
java_class_path (initial): C:\Users\Inurum_Four\.gradle\wrapper\dists\gradle-7.6-all\9f832ih6bniajn45pbmqhk2cw\gradle-7.6\lib\gradle-launcher-7.6.jar
Launcher Type: SUN_STANDARD

[Global flags]
     intx CICompilerCount                          = 4                                         {product} {ergonomic}
     uint ConcGCThreads                            = 2                                         {product} {ergonomic}
     uint G1ConcRefinementThreads                  = 8                                         {product} {ergonomic}
   size_t G1HeapRegionSize                         = 1048576                                   {product} {ergonomic}
    uintx GCDrainStackTargetSize                   = 64                                        {product} {ergonomic}
   size_t InitialHeapSize                          = 266338304                                 {product} {ergonomic}
   size_t MarkStackSize                            = 4194304                                   {product} {ergonomic}
   size_t MaxHeapSize                              = 1610612736                                {product} {command line}
   size_t MaxNewSize                               = 965738496                                 {product} {ergonomic}
   size_t MinHeapDeltaBytes                        = 1048576                                   {product} {ergonomic}
   size_t MinHeapSize                              = 8388608                                   {product} {ergonomic}
    uintx NonNMethodCodeHeapSize                   = 5839372                                {pd product} {ergonomic}
    uintx NonProfiledCodeHeapSize                  = 122909434                              {pd product} {ergonomic}
    uintx ProfiledCodeHeapSize                     = 122909434                              {pd product} {ergonomic}
    uintx ReservedCodeCacheSize                    = 251658240                              {pd product} {ergonomic}
     bool SegmentedCodeCache                       = true                                      {product} {ergonomic}
   size_t SoftMaxHeapSize                          = 1610612736                             {manageable} {ergonomic}
     bool UseCompressedClassPointers               = true                           {product lp64_product} {ergonomic}
     bool UseCompressedOops                        = true                           {product lp64_product} {ergonomic}
     bool UseG1GC                                  = true                                      {product} {ergonomic}
     bool UseLargePagesIndividualAllocation        = false                                  {pd product} {ergonomic}

Logging:
Log output configuration:
 #0: stdout all=warning uptime,level,tags
 #1: stderr all=off uptime,level,tags

Environment Variables:
JAVA_HOME=C:\Program Files\Java\jdk-17
CLASSPATH=D:\InurumFlutter\mg\driver and customer\mahilasaarthi\driver\android\\gradle\wrapper\gradle-wrapper.jar
PATH=C:\Users\Inurum_Four\fvm_new\versions\3.10.6\bin\;C:\Program Files\Common Files\Oracle\Java\javapath;C:\WINDOWS\system32;C:\WINDOWS;C:\WINDOWS\System32\Wbem;C:\WINDOWS\System32\WindowsPowerShell\v1.0\;C:\WINDOWS\System32\OpenSSH\;C:\src\flutter\bin;C:\Program Files\Git\cmd;C:\Users\Inurum_Four\AppData\Roaming\npm;C:\Program Files\nodejs\;C:\Users\Inurum_Four\AppData\Local\Programs\Python\Python311\Scripts\;C:\Users\Inurum_Four\AppData\Local\Programs\Python\Python311\;C:\Users\Inurum_Four\AppData\Local\Programs\Python\Python314\Scripts\;C:\Users\Inurum_Four\AppData\Local\Programs\Python\Python314\;C:\Users\Inurum_Four\AppData\Local\Microsoft\WindowsApps;C:\src\flutter\bin;C:\Users\Inurum_Four\AppData\Local\Programs\Microsoft VS Code\bin;C:\Program Files\nodejs\;C:\Users\Inurum_Four\AppData\Local\Pub\Cache\bin;C:\Users\Inurum_Four\AppData\Roaming\npm;C:\Users\Inurum_Four\AppData\Local\Programs\Antigravity\bin;c:\Users\Inurum_Four\.antigravity\extensions\vscjava.vscode-java-debug-0.59.0-universal\bundled\scripts\noConfigScripts
USERNAME=Inurum_Four
LANG=en_US.UTF-8
OS=Windows_NT
PROCESSOR_IDENTIFIER=Intel64 Family 6 Model 151 Stepping 5, GenuineIntel



---------------  S Y S T E M  ---------------

OS:
 Windows 11 , 64 bit Build 26100 (10.0.26100.8246)
OS uptime: 0 days 2:38 hours
Hyper-V role detected

CPU: total 8 (initial active 8) (4 cores per cpu, 2 threads per core) family 6 model 151 stepping 5 microcode 0x18, cx8, cmov, fxsr, ht, mmx, 3dnowpref, sse, sse2, sse3, ssse3, sse4.1, sse4.2, popcnt, lzcnt, tsc, tscinvbit, avx, avx2, aes, erms, clmul, bmi1, bmi2, adx, sha, fma, vzeroupper, clflush, clflushopt, clwb, hv

Memory: 4k page, system-wide physical 16197M (975M free)
TotalPageFile size 30301M (AvailPageFile size 2M)
current process WorkingSet (physical memory assigned to process): 533M, peak: 533M
current process commit charge ("private bytes"): 584M, peak: 593M

vm_info: Java HotSpot(TM) 64-Bit Server VM (17.0.12+8-LTS-286) for windows-amd64 JRE (17.0.12+8-LTS-286), built on Jun  5 2024 06:46:59 by "mach5one" with MS VC++ 17.6 (VS2022)

END.
